  ◆  swag        unittest • sources
  Test-ABI_AddressedNarrowIntegerHomeUsesNarrowLoad  ok (1 ms)
  Test-ABI_SwagSimdArgsUseExtendedRegistersThenWideStackSlots  ok (13 us)
  Test-FFI_CallNativeNoArgBool  ok (2 ms)
  Test-FFI_CallNativeU8       ok (1 ms)
  Test-FFI_CallNativeI32      ok (311 us)
  Test-FFI_CallNativeF32      ok (284 us)
  Test-FFI_CallNativeF64      ok (262 us)
  Test-FFI_CallNativeF64StackArg  ok (330 us)
  Test-FFI_CallNativeMixedArgs  ok (289 us)
  Test-FFI_CallNativeStackArgs  ok (948 us)
  Test-FFI_CallNativePointerArg  ok (256 us)
  Test-ABI_SwagStructArgPassingMatchesNative  ok (1 us)
  Test-FFI_CallSwagStructByValueInteropDevMode  ok (857 ms)
  Test-FFI_CallSwagStructByValueInteropRelease  ok (648 ms)
  Test-FFI_CallNativeStructByValueRegister  ok (353 us)
  Test-FFI_CallNativeStructByValueStack  ok (177 us)
  Test-FFI_CallNativeStructByReferenceCopy  ok (137 us)
  Test-FFI_CallNativeStructReturnByValueRegister  ok (132 us)
  Test-FFI_CallNativeStructReturnByReference  ok (121 us)
  Test-ConstantManager_CopiesBorrowedStructPayloadOutsideDataSegment  ok (75 us)
  Test-ConstantManager_StoresNullableCStringFromBlockPointer  ok (18 us)
  Test-ConstantValue_MakesNullableCStringFromRuntimePointer  ok (3 us)
  Test-ConstantManager_CopiesBorrowedArrayPayloadOutsideDataSegment  ok (18 us)
  Test-ConstantManager_DeduplicatesBorrowedArrayPayloadsByValue  ok (3 us)
  Test-ConstantManager_CachesZeroPayloadConstantsByType  ok (31 us)
  Test-ConstantManager_CopiesBorrowedSlicePayloadOutsideDataSegment  ok (7 us)
  Test-ConstantManager_AcceptsEmptyBorrowedSlicePayloads  ok (13 us)
  Test-ConstantManager_DistinguishesPresentEmptySlicePayloads  ok (24 us)
  Test-ConstantManager_DeduplicatesMaterializedArrayPayloadConstants  ok (6 us)
  Test-ConstantManager_DoesNotDeduplicateMaterializedArrayPayloadsWithDifferentRelocations  ok (10 us)
  Test-ConstantManager_OwnsAggregateElementsAfterInputsAreDestroyed  ok (533 us)
  Test-ConstantManager_ReleasesOwnedAggregatePayloads  ok (10 ms)
  Test-ConstantManager_PreservesStringNormalizationOnRepeatedInputs  ok (262 us)
  Test-ConstantManager_PublishesCanonicalReferencesAcrossGrowth  ok (14 ms)
  Test-ConstantManager_EnrichesStorageReferencesWithoutMutatingInputs  ok (265 us)
  Test-ConstantManager_ConcurrentInterningKeepsCanonicalStorage  ok (9 ms)
  Test-Compiler_FormatCommandHonorsExplicitDotPaths  ok (36 ms)
  Test-Compiler_NewScriptCommandParsesDefaultPath  ok (165 us)
  Test-Compiler_CommandLineHelpStopsBeforeCompilation  ok (325 us)
  Test-Compiler_NewModuleCommandParsesWorkspace  ok (139 us)
  Test-Compiler_NewCommandCreatesRunnableScript  ok (10 ms)
  Test-Compiler_NewCommandCreatesAndExtendsWorkspace  ok (27 ms)
  Test-Compiler_DocSearchPreservesLiteralCode  ok (12 us)
  Test-Compiler_DocCommandParsesOptions  ok (912 us)
  Test-Compiler_DocMarkdownRendersSupportedBlocks  ok (240 us)
  Test-Compiler_DocBlockCommentsPreserveCodeIndentation  ok (27 us)
  Test-Compiler_DocMarkdownRendersCompleteLists  ok (190 us)
  Test-Compiler_DocMarkdownRendersHeaderlessTableAndNestedInline  ok (46 us)
  Test-Compiler_DocExamplesNestTableOfContentsLists  ok (1 s 140 ms)
  Test-Compiler_DocRuntimeExcludesPrivateDeclarations  ok (632 ms)
  Test-Compiler_DocGeneratesPublicApiAndHonorsNoDoc  ok (1 s 23 ms)
  Test-Compiler_GeneratedAstMaterializesPerThreadFiles  ok (671 ms)
  Test-Compiler_RuntimeLocationPicksGeneratedSourceViewMatchingLineOffset  ok (9 ms)
  Test-Compiler_LifecycleInitWrapperStaysOutOfGeneratedThreadFiles  ok (1 s 491 ms)
  Test-Compiler_LifecycleInitWrapperDoesNotCreateSyntheticSourceFilesUnderStress  ok (40 s 491 ms)
  Test-Compiler_GeneratedSpecOpsStayOutOfGeneratedThreadFiles  ok (942 ms)
  Test-Compiler_GeneratedSpecOpsDoNotCreateSyntheticSourceFilesUnderStress  ok (51 s 45 ms)
  Test-Compiler_GeneratedAstDiagnosticsUseMaterializedSourceFile  ok (1 s 790 ms)
  Test-Compiler_LegacyStaticControlDirectivesAreNotKeywords  ok (46 us)
  Test-Compiler_AutoInlineCostPricesCallsAndRewardsOneModuleCallSite  ok (1 ms)
  Test-Compiler_ExplicitInlineExpandsCrossFileBody  ok (1 s 333 ms)
  Test-Compiler_InMemorySourceRunsSemaWithoutDiskIO  ok (437 us)
  Test-Compiler_InMemorySourceKeepsFormatCommandGlobalIfDuringFormat  ok (350 us)
  Test-Compiler_InMemorySourceSkipsFalseGlobalIf  ok (171 us)
  Test-Compiler_InMemorySourceSkipsTestCommandGlobalIfOutsideTests  ok (158 us)
  Test-Compiler_InMemorySourceKeepsTestCommandGlobalIfDuringTests  ok (242 us)
  Test-Compiler_GenericUnionDeductionRemainsStableForHistoricalRandomSeed1002  ok (1 s 651 ms)
  Test-Compiler_GenericUnionDeductionRemainsStableForHistoricalRandomSeed1009  ok (1 s 516 ms)
  Test-Compiler_GenericUnionDeductionRemainsStableForHistoricalRandomSeed1032  ok (1 s 556 ms)
  Test-Compiler_GenericUnionDeductionRemainsStableForHistoricalRandomSeed1143  ok (1 s 812 ms)
  Test-Compiler_AstVisitPreservesSiblingsAcrossPauseSkipAndRestart  ok (583 us)
  Test-Compiler_AstVisitResolvesChildrenWithoutFollowingActiveAncestors  ok (288 us)
  Test-Compiler_SymbolLocationSortKeepsStableTokenOrderWithinOneFile  ok (437 us)
  Test-Compiler_SymbolLocationSortKeepsCompositeKeysAcrossFiles  ok (401 us)
  Test-Compiler_AstVisitKeepsDepthFirstOrderWithPendingSiblings  ok (270 us)
  Test-Compiler_AutoInlineBlockedCallsUseDirectEdgesAndOriginalNameScopes  ok (3 ms)
  Test-Compiler_MessagePassSkipsWithoutListeners  ok (2 ms)
  Test-Compiler_MessagePassQueuesOnlyOncePerListener  ok (1 ms)
  Test-Compiler_MessageAliasPayloadUsesUnderlyingType  ok (15 us)
  Test-Compiler_DiagnosticWarningSeverityColorIsMagenta  ok (0 us)
  Test-Compiler_DiagnosticCatalogFollowsSwagMessageStyle  ok (2 ms)
  Test-Compiler_AssertDiagnosticPreservesLiteralSuffixQuotes  ok (90 us)
  Test-Compiler_DiagnosticEscapesQuotedArgumentTicks  ok (62 us)
  Test-Compiler_DiagnosticArgumentCountDoesNotRepeatUnit  ok (355 us)
  Test-Compiler_DiagnosticRemovesUnexpandedWordPlaceholders  ok (58 us)
  Test-Compiler_NativeExitCodeDiagnosticShowsDecimalAndHex  ok (49 us)
  Test-Compiler_DiagnosticEscapesQuotedArgumentWithoutBreakingHelpSplit  ok (58 us)
  Test-NodePayload_ConcurrentUpdatesPreserveDisjointState  ok (47 ms)
  Test-NodePayload_MutableAndConstSymbolListsPreserveFlagsAndOrder  ok (202 us)
  Test-Compiler_CommandLineTagsReachSema  ok (913 ms)
  Test-Compiler_InternalTagPrecedesUserOverride  ok (905 ms)
  Test-Compiler_TestCommandEnablesSourceDrivenModeWhenParsed  ok (311 us)
  Test-Compiler_DebugOptionEnablesDebugInformation  ok (188 us)
  Test-Compiler_ReleaseBuildDoesNotEnableDebugInformation  ok (157 us)
  Test-Compiler_TestCommandRegistersSwagTestCompilerTag  ok (777 ms)
  Test-Compiler_UnittestCommandKeepsSourceDrivenModeDisabledWhenParsed  ok (218 us)
  Test-Compiler_RunCommandParsesRunArgs  ok (151 us)
  Test-Compiler_TestCommandForcesSwagTestRunArg  ok (159 us)
  Test-Compiler_TestCommandDoesNotDuplicateSwagTestRunArg  ok (7 us)
  Test-Compiler_TestCommandKeepsExplicitSandboxRoot  ok (8 us)
  Test-Compiler_TestCommandGrantsTheModuleAsCorpus  ok (32 us)
  Test-Compiler_TestCommandGrantsTheWorkspaceWithoutAModule  ok (12 us)
  Test-Compiler_SmokeCommandGrantsNoCorpus  ok (9 us)
  Test-DebugInfo_EmitsWindowsSymbolAndTypeRecords  ok (360 us)
  Test-DebugInfo_PdbInfoEmitsWindowsBuildInfo  ok (109 us)
  Test-DebugInfo_EmitsWindowsVariableAndConstantRecords  ok (177 us)
  Test-DebugInfo_UsesPerVariableBaseRegistersForRegRelativeSymbols  ok (96 us)
  Test-DebugInfo_CollapsesConsecutiveSameLineEntries  ok (257 us)
  Test-DebugInfo_SkipsNoStepLineEntries  ok (192 us)
  Test-DebugInfo_FirstLineCoversEntry  ok (165 us)
  Test-DebugInfo_ResolvesNoStepBackendSourceInfo  ok (48 us)
  Test-DebugInfo_UsesOwnerSourceFileForGeneratedViews  ok (231 us)
  Test-DebugInfo_UsesDebugSourceCodeRefForGeneratedViewLines  ok (746 us)
  Test-DebugInfo_CompilerTestFunctionsPreserveStackDebugMetadata  ok (1 s 167 ms)
  Test-DebugInfo_RuntimeStorageLocalsStayOutOfCodeView  ok (966 ms)
  Test-DebugInfo_CompilerPrivateGlobalsReachCodeViewDataSymbols  ok (1 s 131 ms)
  Test-DebugInfo_EmitsWindowsSourceChecksums  ok (354 us)
  Test-EncodeX64_Flow         ok (16 ms)
  Test-EncodeX64_Load         ok (9 ms)
  Test-EncodeX64_CmpAndCond   ok (4 ms)
  Test-EncodeX64_VecPackedOps  ok (18 ms)
  Test-EncodeX64_LegalizeLargeCmpRegImmPreservesLhs  ok (416 us)
  Test-EncodeX64_UnaryOps     ok (1 ms)
  Test-EncodeX64_BinaryRegRegOps  ok (7 ms)
  Test-EncodeX64_BinaryRegMemOps  ok (553 us)
  Test-EncodeX64_BinaryMemRegOps  ok (1 ms)
  Test-EncodeX64_BinaryImmOps  ok (4 ms)
  Test-EncodeX64_TernaryAndConvert  ok (1 ms)
  Test-EncodeX64_UnwindFromMicro  ok (201 us)
  Test-EncodeX64_UnwindFramePointerSetupAfterStackShape  ok (169 us)
  Test-EncodeX64_UnwindStopsBeforeStackStoreBody  ok (164 us)
  Test-EncodeX64_UnwindUpdatesFramePointerWhenAssignedTwice  ok (231 us)
  Test-EncodeX64_UnwindLocalStackBaseIsNotAFrameRegister  ok (159 us)
  Test-EncodeX64_UnwindStopsAfterBodyStart  ok (131 us)
  Test-FormatAlign_ConsecutiveAssignments  ok (1 ms)
  Test-FormatAlign_ConsecutiveAliases  ok (570 us)
  Test-FormatAlign_AliasesAcrossAttributesAndBlankLines  ok (634 us)
  Test-FormatAlign_AssignmentsBreakOnIndentation  ok (947 us)
  Test-FormatAlign_AssignmentsBreakOnBlankLine  ok (593 us)
  Test-FormatAlign_AssignmentsAcrossBlanks  ok (615 us)
  Test-FormatAlign_ConsecutiveDeclarations  ok (667 us)
  Test-FormatAlign_ControlDeclarationsBreakDeclarationGroups  ok (715 us)
  Test-FormatAlign_ConsecutiveConstants  ok (495 us)
  Test-FormatAlign_StructFields  ok (574 us)
  Test-FormatAlign_EnumValues  ok (514 us)
  Test-FormatAlign_NoneRemovesAlignment  ok (464 us)
  Test-FormatAlign_TrailingComments  ok (619 us)
  Test-FormatAlign_TrailingCommentsBreakOnIndentation  ok (718 us)
  Test-FormatAlign_TrailingCommentsNormalized  ok (679 us)
  Test-FormatAlign_FatArrowsConsecutive  ok (707 us)
  Test-FormatAlign_FatArrowsBreakOnPlainFunction  ok (676 us)
  Test-FormatAlign_SingletonTightensStalePadding  ok (527 us)
  Test-FormatAlign_StructFieldsWithTypeQualifiers  ok (729 us)
  Test-FormatAlign_StructFieldGridMixed  ok (795 us)
  Test-FormatAlign_StructFieldGridOffKeepsSingleColumn  ok (520 us)
  Test-FormatAlign_DeclarationGridInitializers  ok (13 ms)
  Test-FormatAlign_ConstantGridTypes  ok (565 us)
  Test-FormatAlign_QualifiedConstantGridTypes  ok (406 us)
  Test-FormatAlign_QualifiedDeclarationPrefixes  ok (808 us)
  Test-FormatAlign_CaseBodiesConsecutive  ok (509 us)
  Test-FormatAlign_ArrayColumns  ok (371 us)
  Test-FormatAlign_ArrayColumnsSkipsRaggedRows  ok (301 us)
  Test-FormatAlign_HangingLineFollowsAlignedAnchor  ok (512 us)
  Test-FormatAlign_AfterOpenBracketUsesLiteralBrace  ok (458 us)
  Test-FormatAlign_AfterOpenBracketKeepsDataTableRows  ok (313 us)
  Test-FormatAlign_OperandsInsideBracketAnchorOnBracket  ok (361 us)
  Test-FormatAlign_OperandsOutsideBracketAnchorOnStatement  ok (339 us)
  Test-FormatAlign_OutlierGapLeavesLongLineAlone  ok (346 us)
  Test-FormatAlign_OutlierGapKeepsGradedTable  ok (371 us)
  Test-FormatAlign_OutlierGapDropsBothEnds  ok (356 us)
  Test-FormatAlign_AcrossBlanksReadsTheCappedBlankCount  ok (275 us)
  Test-FormatAlign_AccessModifierLineDoesNotBreakTheGroup  ok (352 us)
  Test-FormatAlign_WrappedArgumentsFollowTheAlignedHead  ok (524 us)
  Test-FormatAttributes_OwnLine  ok (357 us)
  Test-FormatAttributes_Inline  ok (278 us)
  Test-FormatAttributes_BreakAfterAttribute  ok (269 us)
  Test-FormatAttributes_Grouped  ok (611 us)
  Test-FormatAttributes_SortArguments  ok (435 us)
  Test-FormatAttributes_SortArgumentsWithDifferentPieceCounts  ok (367 us)
  Test-FormatAttributes_SpaceAfterAttributeComma  ok (301 us)
  Test-FormatBlanks_MaxConsecutiveEmptyLinesUnlimited  ok (344 us)
  Test-FormatBlanks_MaxConsecutiveEmptyLinesCollapses  ok (297 us)
  Test-FormatBlanks_MaxConsecutiveEmptyLinesOne  ok (292 us)
  Test-FormatBlanks_AfterOpeningBraceNever  ok (282 us)
  Test-FormatBlanks_AfterOpeningBracePreserve  ok (297 us)
  Test-FormatBlanks_AfterOpeningBraceAlways  ok (268 us)
  Test-FormatBlanks_BeforeClosingBraceNever  ok (267 us)
  Test-FormatBlanks_BeforeClosingBracePreserve  ok (266 us)
  Test-FormatBlanks_BeforeClosingBraceAlways  ok (267 us)
  Test-FormatBlanks_AroundAccessBlocksAlways  ok (494 us)
  Test-FormatBlanks_AroundAccessBlocksNever  ok (943 us)
  Test-FormatBlanks_AroundAccessBlocksPreserve  ok (408 us)
  Test-FormatBlanks_TrimTrailingNewlinesCollapsesToOne  ok (865 us)
  Test-FormatBlanks_TrimTrailingNewlinesDisabled  ok (638 us)
  Test-FormatBlanks_CombinedBlockEdges  ok (553 us)
  Test-FormatBlanks_BeforeFunctionAlways  ok (921 us)
  Test-FormatBlanks_BeforeFunctionKeepsDocCommentAttached  ok (704 us)
  Test-FormatBlanks_BeforeFunctionKeepsShortFormsStacked  ok (784 us)
  Test-FormatBlanks_BeforeTypeAlways  ok (542 us)
  Test-FormatBlanks_BeforeCommentBlockAlways  ok (545 us)
  Test-FormatBlanks_BeforeCommentBlockKeepsBlockStartAndRuns  ok (542 us)
  Test-FormatBlanks_BeforeCommentBlockKeepsInlineBodyStart  ok (578 us)
  Test-FormatBlanks_AfterGlobalBlockInsertsBlank  ok (455 us)
  Test-FormatBlanks_AfterGlobalThenUsingBlocks  ok (527 us)
  Test-FormatBlanks_BetweenCasesMultiLine  ok (1 ms)
  Test-FormatBlanks_BetweenCasesNeverRemovesBlanks  ok (680 us)
  Test-FormatBlanks_AfterStandaloneClosingBraceAlways  ok (701 us)
  Test-FormatBlanks_AfterStandaloneClosingBraceNever  ok (643 us)
  Test-FormatBlanks_AfterStandaloneClosingBracePreserve  ok (592 us)
  Test-FormatBlanks_AfterStandaloneClosingBraceKeepsElseAttached  ok (672 us)
  Test-FormatBraces_AllmanMovesBraceToOwnLine  ok (547 us)
  Test-FormatStatements_OneStatementPerLine  ok (637 us)
  Test-FormatStatements_UsingFieldPrefixStaysTogether  ok (622 us)
  Test-FormatStatements_OneEnumValuePerLine  ok (514 us)
  Test-FormatBraces_ShortInlineDoBodiesSplit  ok (641 us)
  Test-FormatBraces_DestructuringPatternsStayInlineAndIndentAsStatements  ok (1 ms)
  Test-FormatBraces_AttachJoinsBrace  ok (474 us)
  Test-FormatBraces_AllmanOnControlBlocks  ok (557 us)
  Test-FormatBraces_BreakBeforeElse  ok (635 us)
  Test-FormatBraces_JoinElseToBrace  ok (574 us)
  Test-FormatBraces_CompactEmptyBraces  ok (447 us)
  Test-FormatBraces_ShortFunctionsNeverSplits  ok (541 us)
  Test-FormatBraces_ShortFunctionsNeverKeepsEmpty  ok (453 us)
  Test-FormatBraces_SourceSelectsDefinitionLayout  ok (1 ms)
  Test-FormatBraces_ShortBlocksInlineJoins  ok (662 us)
  Test-FormatBraces_ShortIfNeverSplits  ok (567 us)
  Test-FormatBraces_ShortLoopsJoin  ok (568 us)
  Test-FormatBraces_ShortEnumsSplit  ok (460 us)
  Test-FormatBraces_ShortCaseSplits  ok (692 us)
  Test-FormatBraces_ShortCaseJoins  ok (609 us)
  Test-FormatBraces_CaseUniformJoinsJumpTable  ok (712 us)
  Test-FormatBraces_CaseUniformExpandsMixedSwitch  ok (762 us)
  Test-FormatBraces_StaticIfChainAlignsAndBreaks  ok (751 us)
  Test-FormatBraces_StaticControl  ok (1 ms)
  Test-FormatBraces_StaticIfSingleLineChainStaysInline  ok (628 us)
  Test-FormatBraces_MultiLineBlockContentLeavesBraceLines  ok (845 us)
  Test-FormatBraces_AllmanOnStaticIfBlocks  ok (550 us)
  Test-FormatBraces_ShortStructsKeepTupleTypes  ok (667 us)
  Test-FormatBraces_ShortStructsStillSplitDeclarations  ok (9 ms)
  Test-FormatBraces_ShortFunctionsKeepClosureArguments  ok (909 us)
  Test-FormatBraces_ShortBlocksKeepInitializerLiterals  ok (952 us)
  Test-FormatBraces_ShortFunctionsInlineKeepsClosureBodies  ok (753 us)
  Test-FormatStatements_RemoveRedundantSemicolons  ok (688 us)
  Test-FormatStatements_RemoveConditionParentheses  ok (691 us)
  Test-FormatBraces_BreakBeforeWhere  ok (539 us)
  Test-FormatBraces_ShortClosuresNeverSplits  ok (627 us)
  Test-FormatBraces_UniformKeepsArmsWhoseCallIsWrapped  ok (916 us)
  Test-FormatBraces_UniformExpandsWhenAnArmCarriesABlock  ok (928 us)
  Test-FormatBraces_SemicolonPushedToEndOfLineByWrappingIsRemoved  ok (627 us)
  Test-FormatBraces_AnonymousStructTypeKeepsItsShape  ok (636 us)
  Test-FormatComments_SpaceAfterLineCommentPrefix  ok (453 us)
  Test-FormatComments_NormalizeSectionSeparators  ok (357 us)
  Test-FormatComments_ReflowParagraph  ok (473 us)
  Test-FormatComments_ReflowJoinsShortLines  ok (417 us)
  Test-FormatComments_NormalizeMode  ok (379 us)
  Test-FormatComments_LastInBlockKeepsBlockIndent  ok (558 us)
  Test-FormatComments_LastInNestedBlockKeepsBlockIndent  ok (723 us)
  Test-FormatComments_LastInSwitchKeepsArmIndent  ok (714 us)
  Test-FormatComments_BeforeCaseLabelKeepsLabelIndent  ok (728 us)
  Test-FormatComments_InsideABracketSettleInOnePass  ok (1 ms)
  Test-FormatFile_InlineBodyOwnsNestedBraceIndent  ok (1 ms)
  Test-FormatFile_InlineIfBranchStopsBeforeElse  ok (1 ms)
  Test-FormatFile_CatchHandlerAlignsAndIndents  ok (1 ms)
  Test-FormatFile_InlineDestructuringIsNotABlock  ok (1 ms)
  Test-FormatFile_InsertFinalNewline  ok (541 us)
  Test-FormatFile_TrimLeadingBlankLines  ok (470 us)
  Test-FormatFile_TrimLeadingBlankLinesDisabled  ok (468 us)
  Test-FormatFile_ReservedIdentifiersAreFormattable  ok (590 us)
  Test-FormatFile_IndentInsideParensEnforcesContinuation  ok (742 us)
  Test-FormatFile_AlignOperandsOnWrappedCondition  ok (704 us)
  Test-FormatFile_WhereClauseIndent  ok (754 us)
  Test-FormatFile_WhereBlockIndent  ok (749 us)
  Test-FormatFile_EndOfLineStyleLf  ok (494 us)
  Test-FormatFile_EndOfLineStyleCrLf  ok (511 us)
  Test-FormatFile_TrimTrailingWhitespace  ok (472 us)
  Test-FormatFile_BlankLineAfterUsingBlock  ok (486 us)
  Test-FormatFile_BlankLineBeforeFunctionDefinition  ok (694 us)
  Test-FormatFile_IndentStyleSpacesNormalizesTabs  ok (502 us)
  Test-FormatFile_IndentStyleTabs  ok (469 us)
  Test-FormatFile_ReindentFixesBadIndent  ok (597 us)
  Test-FormatFile_ElseBeforeNestedIfAligns  ok (964 us)
  Test-FormatFile_IndentNamespaceBodyOff  ok (786 us)
  Test-FormatFile_IndentCaseLabels  ok (1 ms)
  Test-FormatLiteral_PreserveLeavesNumericLiteralsUntouched  ok (749 us)
  Test-FormatLiteral_PreserveCharacterTypeSuffix  ok (599 us)
  Test-FormatLiteral_HexDigitCaseUpperAndLower  ok (989 us)
  Test-FormatLiteral_HexPrefixCaseUpperAndLower  ok (915 us)
  Test-FormatLiteral_FloatExponentCaseUpperAndLower  ok (865 us)
  Test-FormatLiteral_NormalizeHexDigitSeparators  ok (443 us)
  Test-FormatLiteral_NormalizeBinaryDigitSeparators  ok (479 us)
  Test-FormatLiteral_NormalizeDecimalDigitSeparators  ok (426 us)
  Test-FormatLiteral_NormalizeFloatDigitSeparators  ok (433 us)
  Test-FormatLiteral_CombinedHexCaseAndNormalization  ok (420 us)
  Test-FormatOff_LineCommentDisablesNumberFormatting  ok (607 us)
  Test-FormatOff_NoOnComment_RestOfFileRaw  ok (459 us)
  Test-FormatOff_MultipleRegions  ok (511 us)
  Test-FormatOff_BlockComment  ok (510 us)
  Test-FormatOff_CustomMarkers  ok (488 us)
  Test-FormatOff_EolNotRewrittenInDisabledRegion  ok (455 us)
  Test-FormatSpacing_SpaceAfterComma  ok (687 us)
  Test-FormatSpacing_NormalizeHorizontalWhitespace  ok (657 us)
  Test-FormatSpacing_NamedArgumentColons  ok (629 us)
  Test-FormatSpacing_TrueOptionsKeepManualAlignment  ok (495 us)
  Test-FormatSpacing_NoSpaceAfterComma  ok (494 us)
  Test-FormatSpacing_SpaceAroundAssignment  ok (851 us)
  Test-FormatSpacing_NoSpaceAroundAssignment  ok (776 us)
  Test-FormatSpacing_SpaceAroundBinaryOperators  ok (1 ms)
  Test-FormatSpacing_NoSpaceAroundBinaryOperators  ok (688 us)
  Test-FormatSpacing_SpaceAroundArrow  ok (1 ms)
  Test-FormatSpacing_FatArrow  ok (977 us)
  Test-FormatSpacing_ColonInDeclarations  ok (635 us)
  Test-FormatSpacing_ColonInBaseClause  ok (481 us)
  Test-FormatSpacing_InsideParentheses  ok (1 ms)
  Test-FormatSpacing_InEmptyParentheses  ok (830 us)
  Test-FormatSpacing_InsideBrackets  ok (1 ms)
  Test-FormatSpacing_AfterCast  ok (957 us)
  Test-FormatSpacing_AfterKeyword  ok (1 ms)
  Test-FormatSpacing_AfterUnaryOperator  ok (561 us)
  Test-FormatSpacing_PostfixDereference  ok (582 us)
  Test-FormatSpacing_BeforeParenthesesControl  ok (976 us)
  Test-FormatSpacing_InsideBracesOfLiterals  ok (609 us)
  Test-FormatSpacing_FailClosesAFunctionTypeNotAnOperand  ok (519 us)
  Test-FormatStyle_PreserveNormalizesNothing  ok (762 us)
  Test-FormatStyle_DefaultOptionsArePreserve  ok (2 ms)
  Test-FormatStyle_SwagIsTheCanonicalLayout  ok (910 us)
  Test-FormatStyle_SwagIntrinsicCallsStayStable  ok (1 ms)
  Test-FormatStyle_SwagKeepsAccessModifiersWithTheirDeclarations  ok (937 us)
  Test-FormatStyle_SwagKeepsStorageAndAccessModifierOrders  ok (54 ms)
  Test-FormatStyle_SwagSeparatesAccessBlocks  ok (3 ms)
  Test-FormatStyle_SwagLeavesLineEndingsAndColumnsAlone  ok (620 us)
  Test-FormatStyle_DescribeRendersEveryOption  ok (814 us)
  Test-FormatUsing_SortAscending  ok (866 us)
  Test-FormatUsing_SortCaseInsensitive  ok (499 us)
  Test-FormatUsing_BlankLineSplitsRuns  ok (534 us)
  Test-FormatUsing_Merge      ok (501 us)
  Test-FormatUsing_SortAndMerge  ok (455 us)
  Test-FormatWrap_BreaksAfterComma  ok (782 us)
  Test-FormatWrap_ForceSingleLineLists  ok (808 us)
  Test-FormatWrap_FormatterSelectsListLineMode  ok (1 ms)
  Test-FormatWrap_SourceSelectsSingleLineLists  ok (727 us)
  Test-FormatWrap_SourceSelectsNestedSingleLineLists  ok (783 us)
  Test-FormatWrap_HangingIndentLists  ok (628 us)
  Test-FormatWrap_HangingAlignLists  ok (716 us)
  Test-FormatWrap_VerticalLists  ok (641 us)
  Test-FormatWrap_BlockLists  ok (624 us)
  Test-FormatWrap_ForceSingleLineLogicalExpressions  ok (695 us)
  Test-FormatWrap_SourceSelectsSingleLineLogicalExpressions  ok (621 us)
  Test-FormatWrap_LogicalOperatorsAfter  ok (634 us)
  Test-FormatWrap_LogicalOperatorsBefore  ok (654 us)
  Test-FormatWrap_LogicalOperandsOnePerLine  ok (607 us)
  Test-FormatWrap_LogicalHangingIndent  ok (648 us)
  Test-FormatWrap_LogicalOperandsPack  ok (655 us)
  Test-FormatWrap_FormatterSelectsLogicalExpressionLineMode  ok (723 us)
  Test-FormatWrap_NestedLogicalExpressions  ok (753 us)
  Test-FormatWrap_NormalizesAdversarialLists  ok (1 ms)
  Test-FormatWrap_NormalizesAdversarialLogicalExpression  ok (771 us)
  Test-FormatWrap_AlignsMultilineArgumentContents  ok (871 us)
  Test-FormatWrap_ClosureCapturesStayInsideArgument  ok (1 ms)
  Test-FormatWrap_NoWrapWhenDisabled  ok (693 us)
  Test-FormatWrap_BreakBeforeBinaryOperators  ok (509 us)
  Test-FormatWrap_BinPackLists  ok (683 us)
  Test-FormatWrap_BinPackParametersOnePerLine  ok (542 us)
  Test-FormatWrap_BinPackArgumentsOnePerLine  ok (613 us)
  Test-FormatWrap_NoColumnLimitNeverMovesAStatementBreak  ok (1 ms)
  Test-FormatWrap_ColumnLimitBreaksHighestInTheExpression  ok (776 us)
  Test-FormatWrap_ColumnLimitAlignsNewOperandLinesInOnePass  ok (22 ms)
  Test-FormatWrap_ColumnLimitBreaksAtTheLoosestOperator  ok (1 ms)
  Test-FormatWrap_ColumnLimitKeepsOneIndentPerStatement  ok (847 us)
  Test-FormatWrap_ContinuationOutsideBracketsTakesCanonicalIndent  ok (592 us)
  Test-FormatWrap_ContinuationInsideBracketsKeepsRelativeIndent  ok (623 us)
  Test-FormatWrap_WrappedCaseValuesAlignUnderTheFirstValue  ok (843 us)
  Test-FormatWrap_SourceSelectsLiteralLayout  ok (930 us)
  Test-FormatWrap_HugTrailingTableArgument  ok (906 us)
  Test-FormatWrap_HugTrailingClosureArgument  ok (739 us)
  Test-FormatWrap_HugTrailingBlockLiteralItem  ok (836 us)
  Test-FormatWrap_HugSkipsEarlierMultilineArgument  ok (781 us)
  Test-JIT_Return42           ok (365 us)
  Test-JIT_RegAllocAvoidsFutureConcreteClobber  ok (363 us)
  Test-JIT_128BitStackCopy    ok (1 ms)
  Test-JIT_PointerSpillRoundTrip  ok (790 us)
  Test-JIT_B32LoadAndZeroExtendKeepsUpperBitsClear  ok (606 us)
  Test-JIT_PackedIntegerOps   ok (339 us)
  Test-JIT_VecCodecOps        ok (985 us)
  Test-JIT_VecFloatOps        ok (435 us)
  Test-JIT_SlpVectorizedLanes  ok (6 ms)
  Test-JIT_ConstantDivisionBaseline  ok (28 ms)
  Test-JIT_ConstantDivisionStrengthReduced  ok (100 ms)
  Test-JIT_PersistentRegPreservedAcrossCall  ok (615 us)
  Test-BranchSimplify_ErasesJumpToImmediateLabel  ok (235 us)
  Test-BranchSimplify_ThreadsJumpThroughEmptyBlock  ok (313 us)
  Test-BranchSimplify_FoldsKnownTrueBranch  ok (215 us)
  Test-BranchSimplify_FoldsKnownFalseBranch  ok (191 us)
  Test-BranchSimplify_FoldsKnownSignedLessBranch  ok (191 us)
  Test-BranchSimplify_FoldsKnownUnsignedBelowBranch  ok (246 us)
  Test-BranchSimplify_ErasesDeadTailAfterRet  ok (130 us)
  Test-BranchSimplify_ConvertsMinPatternToCmov  ok (205 us)
  Test-BranchSimplify_ConvertsConditionalConstantToCmov  ok (148 us)
  Test-BranchSimplify_KeepsMultiInstructionBranchBody  ok (148 us)
  Test-BranchSimplify_ThreadsShortCircuitExit  ok (227 us)
  Test-BranchSimplify_KeepsReferencedLabel  ok (139 us)
  Test-BranchSimplify_KeepsByteSelectBranch  ok (168 us)
  Test-BranchSimplify_ConvertsDiamondSelectToCmov  ok (192 us)
  Test-BranchSimplify_ConvertsDiamondConstantsToCmov  ok (362 us)
  Test-BranchSimplify_SinksCompareBelowFlagWritingArm  ok (329 us)
  Test-BranchSimplify_KeepsDiamondWithGuardedLoad  ok (196 us)
  Test-BranchSimplify_KeepsDiamondWithSharedArmLabel  ok (211 us)
  Test-BranchSimplify_KeepsDiamondWhenArmReadsResultFirst  ok (187 us)
  Test-BranchSimplify_KeepsDiamondWhenArmClobbersCompareInput  ok (199 us)
  Test-BranchSimplify_KeepsByteDiamond  ok (177 us)
  Test-BranchSimplify_ConvertsEarlyReturnToCmov  ok (154 us)
  Test-BranchSimplify_ConvertsEarlyReturnChainToCmovs  ok (327 us)
  Test-BranchSimplify_KeepsEarlyReturnWithGuardedLoad  ok (172 us)
  Test-BranchSimplify_SinksCompareBelowFlagWritingEarlyReturn  ok (182 us)
  Test-BranchSimplify_EarlyReturnChecksBothCompareInputs  ok (478 us)
  Test-BranchSimplify_InvertsJumpPairAfterImmediateJumpErasure  ok (168 us)
  Test-BranchSimplify_TriangleScratchPreservesAcceptedPlanOrder  ok (459 us)
  Test-ConstantFolding_FoldBinaryRegImm  ok (174 us)
  Test-ConstantFolding_FoldCopyFromKnown  ok (115 us)
  Test-ConstantFolding_ChainedFold  ok (144 us)
  Test-ConstantFolding_FoldFromClearReg  ok (80 us)
  Test-ConstantFolding_FoldAcrossJoinSameConstant  ok (127 us)
  Test-ConstantFolding_BinaryRequiresKnownInputsAndDeadFlags  ok (619 us)
  Test-ConstantFolding_RegImmResultsKeepWidthsFailuresAndFlags  ok (738 us)
  Test-ConstantFolding_RegRegResultsKeepAliasesWidthsAndUnknownInputs  ok (1 ms)
  Test-ConstantFolding_ExtendResultsKeepSignWidthAndAliases  ok (2 ms)
  Test-ConstantFolding_PropagatesInDominatorOrderWithoutPhis  ok (148 us)
  Test-ConstantFolding_LazyAddressesKeepFilteredRelocationOrder  ok (245 us)
  Test-CopyElim_SelfCopy_Erased  ok (86 us)
  Test-CopyElim_ChainedCopies_CanonicalizesSource  ok (101 us)
  Test-CopyElim_RewritesPureUseAcrossJoin  ok (154 us)
  Test-CopyElim_DoesNotPropagatePastSourceRedefinition  ok (81 us)
  Test-CopyElim_TransfersForbiddenPhysRegsToCanonicalSource  ok (141 us)
  Test-CopyElim_DoesNotRewriteUseDefOperand  ok (78 us)
  Test-CopyElim_PropagatesInDominatorOrderWithoutPhis  ok (139 us)
  Test-DeadCodeElimination_RemovesEntireDeadChain  ok (1 ms)
  Test-DeadCodeElimination_JoinTracksSurvivingConsumers  ok (348 us)
  Test-DeadCodeElimination_PhiCyclesNeedAnInstructionConsumer  ok (290 us)
  Test-DeadCodeElimination_DeadFlagConsumerExposesArithmetic  ok (166 us)
  Test-DeadCodeElimination_PreservesStreamsWithoutVirtualDefinitions  ok (61 us)
  Test-DeadCodeElimination_FanOutSkipsRemovedReadersAfterItsWitness  ok (246 us)
  Test-DeadCodeElimination_DeferredFlagConsumerKeepsSweepsRunning  ok (184 us)
  Test-InductionVariable_CountsDefinitionsAndUsesForCarriedSums  ok (470 us)
  Test-InductionVariable_ProductsKeepPriorityWhenCarrierIsRejected  ok (330 us)
  Test-InductionVariable_CopyThenOpUsesLiveLayoutAdjacency  ok (138 us)
  Test-InstCombine_Identity_AddZero_Erased  ok (149 us)
  Test-InstCombine_ConstantAddressLoad_FoldsToRip  ok (146 us)
  Test-InstCombine_RelocatedLoad_UsesExactTargetAndLiveMemory  ok (2 ms)
  Test-InstCombine_ForwardingCacheKeepsClaimedLoadsOut  ok (116 us)
  Test-InstCombine_ForwardingCacheKeepsSurvivingProducers  ok (382 us)
  Test-InstCombine_RipForwardingInitializesBeforeFirstMatchedRelocation  ok (143 us)
  Test-InstCombine_Absorbing_AndZero_BecomesClear  ok (81 us)
  Test-InstCombine_Absorbing_OrAllOnes_BecomesLoadImm  ok (73 us)
  Test-InstCombine_Reassociate_AddAdd  ok (182 us)
  Test-InstCombine_Reassociate_AddSub_PicksAdd  ok (87 us)
  Test-InstCombine_Reassociate_ShiftLeftChain  ok (86 us)
  Test-InstCombine_Reassociate_ShiftOverflow_NotFolded  ok (78 us)
  Test-InstCombine_RegReg_XorSelf_BecomesClear  ok (78 us)
  Test-InstCombine_RegReg_SubSelf_BecomesClear  ok (75 us)
  Test-InstCombine_RegReg_AndSelf_DeadErased  ok (75 us)
  Test-InstCombine_Reassociate_MulMulSigned  ok (96 us)
  Test-InstCombine_Reassociate_OrOr  ok (82 us)
  Test-InstCombine_MemFold_Imm_Consecutive  ok (128 us)
  Test-InstCombine_MemFold_Reg_Consecutive  ok (126 us)
  Test-InstCombine_MemFold_NonConsecutive  ok (99 us)
  Test-InstCombine_MemFold_VtReadAfterStore_NotFolded  ok (241 us)
  Test-InstCombine_MaskBeforeLeftShift_DroppedDirect  ok (107 us)
  Test-InstCombine_MaskBeforeLeftShift_DroppedThroughCopies  ok (201 us)
  Test-InstCombine_MaskBeforeLeftShift_KeptWhenMaskTooNarrow  ok (85 us)
  Test-InstCombine_MaskBeforeRightShift_Kept  ok (82 us)
  Test-InstCombine_ZeroExtendOfDwordLoad_BecomesCopy  ok (163 us)
  Test-InstCombine_ZeroExtendOfQwordLoad_Kept  ok (88 us)
  Test-InstCombine_MaskedAddOfZeroExtendedWords_NarrowsToDword  ok (143 us)
  Test-InstCombine_MaskedAddWithQwordReader_Kept  ok (118 us)
  Test-InstCombine_MaskedShift_Kept  ok (102 us)
  Test-InstCombine_MemoryFoldTriple_InsideLoop  ok (184 us)
  Test-InstCombine_MemoryFoldTriple_LeavesLoopFrameSlot  ok (184 us)
  Test-InstCombine_MemoryFoldTriple_FrameWithoutBackEdgesKeepsCfgGuards  ok (350 us)
  Test-InstCombine_ZeroExtendOfDwordPhi_BecomesCopy  ok (193 us)
  Test-InstCombine_MultiplyAdd_BecomesTwoAddresses  ok (6 ms)
  Test-InstCombine_MultiplyAdd_PreservesObservedValuesAndFlags  ok (767 us)
  Test-InstCombine_AddressCopy_DefinesAccumulatorDirectly  ok (193 us)
  Test-InstCombine_FloatResultCopy_DefinesAccumulatorDirectly  ok (795 us)
  Test-InstCombine_SqrtResultCopy_PreservesPackedDestination  ok (240 us)
  Test-InstCombine_SqrtResultCopy_ReusesGlobalReadCheckByWidth  ok (990 us)
  Test-InstCombine_SqrtResultCopy_KeepsOtherUses  ok (186 us)
  Test-InstCombine_SharedAndInputs_PreservesValuesAndFlags  ok (2 ms)
  Test-InstructionCombine_FoldsBooleanSelect  ok (360 us)
  Test-InstructionCombine_KeepsUnsafeBooleanSelect  ok (413 us)
  Test-InstCombine_RangeProvedCompare_ClampErased  ok (135 us)
  Test-InstCombine_RangeProvedCompare_WideMaskKept  ok (120 us)
  Test-InstCombine_RangeProvedCompare_NarrowWriteKept  ok (111 us)
  Test-InstCombine_CompareRereadsKeepOriginalAddressValues  ok (191 us)
  Test-InstCombine_LoadFoldWindowStartsAfterAnchor  ok (330 us)
  Test-InstCombine_InPlaceWindowIncludesAnchor  ok (373 us)
  Test-InstCombine_VectorPlans_KeepFreshRegistersAcrossRollback  ok (468 us)
  Test-MicroDominators_MatchReachabilityWithANodeRemoved  ok (144 us)
  Test-LICM_RetargetsDuplicateRelocationsAndKeepsUnhoistedOnes  ok (304 us)
  Test-LICM_FramePrivacyResolvesBackwardLayoutChainsBeforeEscapeChecks  ok (559 us)
  Test-LICM_HoistsInvariantLoad  ok (234 us)
  Test-LICM_HoistsSingleUseLaneBroadcast  ok (234 us)
  Test-LICM_KeepsVolatileLoadInLoop  ok (127 us)
  Test-LICM_HoistsFloatConversionAcrossCallWithLiveIntegerFlags  ok (532 us)
  Test-LICM_KeepsIntegerClearWhenFlagsAreLiveAtEitherSite  ok (295 us)
  Test-LICM_HoistsScalarLiteralLoadsButKeepsZeroLocal  ok (625 us)
  Test-MicroDomTree_MatchesPathsThroughDiamondAndLoop  ok (517 us)
  Test-NaturalLoop_CollectBody_CountsMembersOnceAcrossTailsAndRebuilds  ok (24 us)
  Test-LoopUnroll_MultipleLoops_RebuildsIncomingJumpRanges  ok (227 us)
  Test-LoopUnroll_OutsideReadsAndCarriedValuesKeepTheirNames  ok (320 us)
  Test-LoopUnroll_FreshRegisterFilesRespectRenamingEligibility  ok (386 us)
  Test-LoopUnroll_MultipleIncomingJumps_PreservesLoop  ok (74 us)
  Test-LoopUnroll_ExternalJumpToBody_PreservesLoop  ok (83 us)
  Test-LoopUnroll_RejectedCandidateKeepsRelocationsForFollowingLoop  ok (140 us)
  Test-MemToReg_PlainSlot_Promotes  ok (126 us)
  Test-MemToReg_MixedSlotsKeepDistinctFreshRegisters  ok (125 us)
  Test-MemToReg_RedefinedAddressRegister_BailsFunction  ok (90 us)
  Test-MemToReg_UnwrittenWideAccess_BlocksOverlapButNotAdjacentSlot  ok (89 us)
  Test-MemToReg_WrappingWideAccess_KeepsNarrowOverlap  ok (72 us)
  Test-MemToReg_WidestAccessRespectsEscapedVariableExtents  ok (201 us)
  Test-MicroPassManager_PostRa_RechecksSuffixAfterEachMutation  ok (114 us)
  Test-MicroPassManager_PostRa_RechecksSuffixWhenFirstSweepPolicyChanges  ok (71 us)
  Test-MicroBuilder_PruneRelocationsBeforeRecyclingSlots  ok (56 us)
  Test-MicroControlFlowGraph_KeepsEdgeOrderAcrossRebuilds  ok (82 us)
  Test-PostRADeadCodeElim_PreservesAbiLiveOut  ok (88 us)
  Test-PostRADeadCodeElim_UnusedReturnRegistersAreDead  ok (61 us)
  Test-PostRADeadCodeElim_LoopBackEdgeKeepsCarriedDefinition  ok (164 us)
  Test-PostRALoopHoist_InvariantReload_MovesToPreheader  ok (242 us)
  Test-PostRALoopHoist_SlotWrittenInBody_Blocks  ok (120 us)
  Test-PostRALoopHoist_OpaqueStoreInBody_Blocks  ok (112 us)
  Test-PostRALoopHoist_OpaqueStoreOverPrivateFrame_Hoists  ok (141 us)
  Test-PostRALoopHoist_SecondReload_BecomesCopy  ok (141 us)
  Test-PostRALoopHoist_DestinationLiveAtPreheader_Blocks  ok (99 us)
  Test-PostRALoopHoist_CarriedSlot_LeavesTheLoop  ok (172 us)
  Test-PostRALoopHoist_CarriedRegisterReusedElsewhere_Blocks  ok (241 us)
  Test-PostRALoopHoist_SecondDefinitionOfDestinationBlocks  ok (101 us)
  Test-PostRALoopRotate_IndependentHeadersRotate  ok (107 us)
  Test-PostRALoopRotate_SecondIncomingJumpBlocks  ok (69 us)
  Test-PostRALoopRotate_ConditionalBackEdgeBlocks  ok (65 us)
  Test-PostRAPeephole_Nop_Erased  ok (165 us)
  Test-PostRAPeephole_DoesNotForwardFromStoreClaimedByImmediateFold  ok (105 us)
  Test-PostRAPeephole_CopyForward_DoesNotCrossClaimedStoreReload  ok (92 us)
  Test-PostRAPeephole_ErasesStoreOverwrittenBeforeMemoryAccess  ok (58 us)
  Test-PostRAPeephole_DoesNotEraseOverwrittenNonFrameStore  ok (56 us)
  Test-PostRAPeephole_ErasesOwnStoreReloadOnConditionalFallthrough  ok (69 us)
  Test-PostRAPeephole_ForwardsStoredValueToReload  ok (60 us)
  Test-PostRAPeephole_CopyForward_StopsAtEncoderImplicitDef  ok (88 us)
  Test-MicroPassHelpers_PhysicalLivenessReuseReplacesInstructionEffectsAndExitRoots  ok (239 us)
  Test-MicroPassHelpers_CombinedFreshIndicesMatchSingleClassBounds  ok (37 us)
  Test-Legalize_LateMixedIssuesPreserveScratchNames  ok (402 us)
  Test-Legalize_ScratchExcludesFirstReadsInAbiOrder  ok (97 us)
  Test-Legalize_ScratchExclusionsStopBeforeBarrierUses  ok (214 us)
  Test-Legalize_DoesNotPreserveDeadShiftRegisterAcrossJump  ok (91 us)
  Test-Legalize_RewritesB8SignedMultiplyRegMemToRax  ok (77 us)
  Test-Legalize_ClearsPositiveFloatZero  ok (203 us)
  Test-Legalize_KeepsNonzeroFloatBitsAndAddresses  ok (301 us)
  Test-Legalize_KeepsMemoryDestinationAdd  ok (48 us)
  Test-Legalize_KeepsMemoryExchange  ok (45 us)
  Test-PostRAPeephole_DoesNotForwardB8SignedMultiplyImmediate  ok (52 us)
  Test-PostRAPeephole_FoldsIntegerReloadIntoBinary  ok (70 us)
  Test-PostRAPeephole_KeepsIntegerReloadReadAfterConsumer  ok (57 us)
  Test-PostRAPeephole_FoldsIntegerReloadIntoCompare  ok (68 us)
  Test-PostRAPeephole_KeepsByteMultiplyReload  ok (54 us)
  Test-PostRAPeephole_SelfCopy_B64_Erased  ok (47 us)
  Test-PostRAPeephole_SelfCopy_IntB32_Preserved  ok (45 us)
  Test-PostRAPeephole_FallthroughJumpSkipsTrivialGap  ok (61 us)
  Test-PostRAPeephole_DeadCompareBeforeRet_Erased  ok (45 us)
  Test-PostRAPeephole_DeadCompareAfterRedundantJump_Erased  ok (59 us)
  Test-PostRAPeephole_LiveCompareForBranch_Preserved  ok (54 us)
  Test-PostRAPeephole_LoadCondRegRegKeepsCopyBecauseDestinationIsUseDef  ok (109 us)
  Test-PostRAPeephole_FlagReuse_SubThenCompareZero_CompareErased  ok (62 us)
  Test-PostRAPeephole_FlagReuse_UnsafeCondition_ComparePreserved  ok (56 us)
  Test-PostRAPeephole_FlagReuse_NonFlagProducer_ComparePreserved  ok (56 us)
  Test-PostRAPeephole_ZeroToClear_LiveFlagsDead_Converted  ok (54 us)
  Test-PostRAPeephole_ZeroToClear_DeadReg_NotConverted  ok (50 us)
  Test-PostRAPeephole_ZeroToClear_FlagsLive_NotConverted  ok (55 us)
  Test-PostRAPeephole_SelfOperand_FoldsWhenDestinationHoldsTheSlot  ok (56 us)
  Test-PostRAPeephole_SelfOperand_KeepsMemoryOperandWhenWindowExhausted  ok (91 us)
  Test-PreRAPeephole_FloatBinary_DefinesIndependentResult  ok (497 us)
  Test-PreRAPeephole_FloatBinary_PreservesCopiedSecondOperand  ok (110 us)
  Test-PreRAPeephole_ForwardsLoadImmIntoStore  ok (86 us)
  Test-PreRAPeephole_ForwardsLoadImmIntoCmpMem  ok (56 us)
  Test-PreRAPeephole_ForwardsLoadImmIntoMemBinary  ok (56 us)
  Test-PreRAPeephole_ForwardsCopyIntoNextUseOnlySlots  ok (60 us)
  Test-PreRAPeephole_TransfersForbiddenPhysRegsAcrossCopyForward  ok (70 us)
  Test-PreRAPeephole_DoesNotRewriteExchangeUseDefConsumer  ok (58 us)
  Test-PreRAPeephole_ForwardsLoadImmIntoAmcStore  ok (64 us)
  Test-PreRAPeephole_ForwardsClearRegIntoImmediateCompare  ok (104 us)
  Test-PreRAPeephole_FoldsExtendOfImmediate  ok (54 us)
  Test-PreRAPeephole_FoldsPointerImmediateIntoAddress  ok (52 us)
  Test-PreRAPeephole_CombinesAdjacentRegImmAdd  ok (72 us)
  Test-PreRAPeephole_KeepsAdjacentRegImmAddWhenFlagsAreLive  ok (58 us)
  Test-PreRAPeephole_FoldsCopyAddIntoLoadAddress  ok (59 us)
  Test-PreRAPeephole_FoldsCopyAddIntoLoadAddressDespiteMismatchedForbiddenRegs  ok (64 us)
  Test-PreRAPeephole_KeepsCopyAddWhenFlagsAreLive  ok (57 us)
  Test-PreRAPeephole_FoldsAmcIndexImmediateIntoSimpleLoad  ok (60 us)
  Test-PreRAPeephole_FoldsAddressBaseIntoAmcStore  ok (60 us)
  Test-PreRAPeephole_FoldsAmcAddressIntoStore  ok (68 us)
  Test-MicroPrologEpilog_FirstDefinitionsPreserveSaveOrderAcrossRegisterClasses  ok (201 us)
  Test-MicroPrologEpilog_RestoresEveryReturnFromOriginalAnchors  ok (81 us)
  Test-MicroPrologEpilogSanitize_MergesAdjacentStackAdjustments  ok (85 us)
  Test-MicroPrologEpilogSanitize_DoesNotMergeOutsideEntryExitRegions  ok (69 us)
  Test-MicroPrologEpilogSanitize_ExpandsLargeWindowsStackAdjustIntoPageProbes  ok (57 us)
  Test-MicroPrologEpilogSanitize_KeepsOnlyLastFramePointerSetupInEntryProlog  ok (62 us)
  Test-MicroPrologEpilogSanitize_ReinsertsForcedFramePointerSetupWhenMissing  ok (51 us)
  Test-MicroPrologEpilogSanitize_DoesNotTouchFramePointerSetupAfterBodyStarts  ok (53 us)
  Test-MicroPrologEpilogSanitize_MergesMultipleReturnSuffixesAfterRejectedPairs  ok (81 us)
  Test-MicroReg_SameClassMatchesVirtualAndPhysicalRegisters  ok (43 us)
  Test-RegAlloc_UsesDedicatedLocalStackBaseRegister  ok (625 us)
  Test-RegAlloc_PersistentAcross  ok (1 ms)
  Test-RegAlloc_NoCalls       ok (831 us)
  Test-RegAlloc_MixedIntFloat  ok (1 ms)
  Test-RegAlloc_LotsOfVirtualRegs  ok (19 ms)
  Test-RegAlloc_PreservePersistentRegs_Enabled  ok (578 us)
  Test-RegAlloc_PreservePersistentRegs_Disabled  ok (480 us)
  Test-RegAlloc_PreservePersistentRegs_NoNeed  ok (403 us)
  Test-RegAlloc_LeafRemapPreservesFramePriorityAndDistinctReplacements  ok (222 us)
  Test-RegAlloc_LeafRemapUsesFirstInstructionReadBeforeWrite  ok (95 us)
  Test-RegAlloc_PrologRetainsEntryBoundaryAfterLongStackRelease  ok (352 us)
  Test-RegAlloc_BorrowRestoresKeepOrderAfterMiddleRequestExpires  ok (184 us)
  Test-RegAlloc_ReusedPassRebuildsConcreteClaimsForChangedLiveRanges  ok (397 us)
  Test-RegAlloc_ReusedPassBorrowsCurrentCfgAcrossDifferentControlFlow  ok (22 ms)
  Test-RegAlloc_Spill_IntPressureAcrossCall  ok (1 ms)
  Test-RegAlloc_Spill_FloatAcrossCall_NoPersistent  ok (1 ms)
  Test-RegAlloc_VirtualRegForbiddenPhysRegs  ok (563 us)
  Test-RegAlloc_Spill_BalancedControlFlow  ok (2 ms)
  Test-RegAlloc_KnownComputedJumpKeepsIntervalAllocation  ok (2 ms)
  Test-RegAlloc_LoadBaseAddressAcrossCall  ok (850 us)
  Test-RegAlloc_ConcreteLoadDestAcrossCall  ok (662 us)
  Test-RegAlloc_VirtualDefAvoidsLiveConcreteReg  ok (506 us)
  Test-RegAlloc_UsesPersistentFallbackWhenTransientPoolExhausted  ok (422 us)
  Test-RegAlloc_CoalescesLinearVirtualCopies  ok (451 us)
  Test-RegAlloc_TransfersDeadCopySourcesAcrossBarriers  ok (527 us)
  Test-RegAlloc_RematerializesImmediateReloads  ok (440 us)
  Test-MicroInstr_FloatToIntReplacesItsDestination  ok (57 us)
  Test-MicroInstr_SqrtReplacesItsDestination  ok (38 us)
  Test-MicroInstr_SqrtDropsOnlyOverwrittenInitialization  ok (316 us)
  Test-MicroInstr_FloatToIntKeepsOnlyLiveFlagInitialization  ok (209 us)
  Test-RegAlloc_LiveIntervalAccessSearchBoundaries  ok (11 us)
  Test-RegAlloc_LiveIntervalEmptyAndSingleAccess  ok (2 us)
  Test-RegAlloc_LiveIntervalRangeStartSearchBoundaries  ok (2 us)
  Test-MicroSanity_RejectsStackAddressReturnedAsPointer  ok (139 us)
  Test-MicroSanity_AllowsKnownNonStackPointer  ok (110 us)
  Test-MicroSanity_IgnoresStackAddressReturnedAsInteger  ok (102 us)
  Test-SinkToUse_MovesDefinitionToItsConsumer  ok (105 us)
  Test-SinkToUse_LoadCannotCrossBaseRedefinition  ok (60 us)
  Test-SinkToUse_LoadCannotCrossMemoryWrite  ok (60 us)
  Test-SinkToUse_ChainKeepsProducerOrderAcrossRounds  ok (159 us)
  Test-SinkToUse_OperandClusterKeepsStableOrder  ok (283 us)
  Test-SlpVectorize_UnpackableStores_DoesNotBuildSsa  ok (178 us)
  Test-SlpVectorize_KeepsSeedOrderAcrossRejectedMiddleGroup  ok (374 us)
  Test-SlpVectorize_PermutationsKeepTheFirstMaterializedTuple  ok (385 us)
  Test-SlpVectorize_PermutedLeafLoadsKeepCanonicalLaneOrder  ok (439 us)
  Test-SlpVectorize_StackAndOneParameterAreTheRootLimit  ok (335 us)
  Test-SlpVectorize_SurvivingStoresRespectPackedLoadInsertion  ok (467 us)
  Test-SlpVectorize_RejectedBlockKeepsFollowingBlockVectorizable  ok (790 us)
  Test-SlpVectorize_MultipleBlocks_PreservesSnapshotAndFreshRegisters  ok (295 us)
  Test-MicroSsa_PhiAtJoin     ok (116 us)
  Test-MicroSsa_Dominators_HandleEntryAndDescendantJoin  ok (59 us)
  Test-MicroSsa_ForkWithoutJoinKeepsSiblingAndRootScopes  ok (107 us)
  Test-MicroSsa_ReachingDef_BeforeWritesAndAtNonUses  ok (66 us)
  Test-MicroSsa_ReachingDef_DominatorSiblings  ok (65 us)
  Test-MicroSsa_ReachingDef_LoopAndUnreachableRoot  ok (59 us)
  Test-MicroSsa_PhiAtJoinWithSharedPredecessorDominator  ok (68 us)
  Test-MicroSsa_PhiInputsFollowManyPredecessors  ok (535 us)
  Test-MicroSsa_RebuildAddsFrontierAfterLinearBlocks  ok (160 us)
  Test-MicroSsa_RebuildForgetsErasedAndRecycledSlots  ok (63 us)
  Test-MicroSsa_PhiPropagationThroughNestedJoins  ok (86 us)
  Test-MicroSsa_RepeatedDefinitionsRestoreBlockEntryValues  ok (122 us)
  Test-MicroSsa_FinalBlockKeepsRepeatedDefinitionsAndBackedgeInputs  ok (398 us)
  Test-MicroSsa_RebuildWithOnlyPhysicalDefinitions  ok (83 us)
  Test-MicroSsa_DirectUseCountsAfterPhiRebuild  ok (77 us)
  Test-MicroSsa_IndirectTargetsKeepDistinctAdjacentBlocks  ok (75 us)
  Test-MicroSsa_ForwardOnlyRootsKeepComponentDominatorsSeparate  ok (74 us)
  Test-MicroStackAdjustNormalize_RemovesBodyAdjustsAndRebasesOffsets  ok (147 us)
  Test-MicroStackAdjustNormalize_HandlesBranchingDepths  ok (110 us)
  Test-MicroStorage_InsertedInstructionsUseExplicitDebugInsertionKinds  ok (4 us)
  Test-MicroStorage_InsertBeforePreservesExplicitNoStepWhenSourceIsInherited  ok (2 us)
  Test-MicroStackAdjustNormalize_SkipsCallsBelowMaxDepth  ok (79 us)
  Test-MicroStackAdjustNormalize_RebasesAdjacentCopiesWithRecycledRefs  ok (126 us)
  Test-MicroStackAdjustNormalize_HandlesMaximumDepthWithAndWithoutCalls  ok (128 us)
  Test-MicroStackAdjustNormalize_RestoresEveryReturnInOriginalOrder  ok (81 us)
  Test-StrengthReduction_MultiplyPowerOfTwo  ok (105 us)
  Test-StrengthReduction_MultiplyPowerOfTwoKeepsLiveFlags  ok (60 us)
  Test-StrengthReduction_MultiplyByZero  ok (48 us)
  Test-StrengthReduction_MultiplyByOne  ok (47 us)
  Test-StrengthReduction_MultiplyNonPowerOfTwoUnchanged  ok (48 us)
  Test-StrengthReduction_UnsignedDivideMagicNoFixup  ok (68 us)
  Test-StrengthReduction_UnsignedDivideMagicFixup  ok (76 us)
  Test-StrengthReduction_SignedDividePow2  ok (66 us)
  Test-StrengthReduction_SignedDivideMagic  ok (65 us)
  Test-StrengthReduction_UnsignedModuloMagic  ok (70 us)
  Test-StrengthReduction_SignedDivideNegativeConstantUnchanged  ok (46 us)
  Test-StrengthReduction_DivideByZeroUnchanged  ok (45 us)
  Test-StrengthReduction_NarrowDivideUnchanged  ok (47 us)
  Test-StrengthReduction_RemoveAddZeroDeadAcrossJoin  ok (119 us)
  Test-StrengthReduction_UnsignedMultiplyRequiresLocalFlagRedefinition  ok (419 us)
  Test-StrengthReduction_UnsignedPowerOfTwoKeepsBothFlagPolicies  ok (193 us)
  Test-StrengthReduction_AddSubZeroPreservesLiveResultsAndFlags  ok (486 us)
  Test-ValueNumbering_DedupIdenticalCompute  ok (147 us)
  Test-ValueNumbering_KeepsDifferentInputs  ok (169 us)
  Test-ValueNumbering_KeepsComputeWithLiveFlags  ok (133 us)
  Test-ValueNumbering_DedupLoadAddress  ok (97 us)
  Test-ValueNumbering_KeepsComputeWhenSourceClobbered  ok (96 us)
  Test-ValueNumbering_DedupRepeatedLoad  ok (121 us)
  Test-ValueNumbering_DedupRepeatedFieldLoad  ok (102 us)
  Test-ValueNumbering_KeepsLoadAcrossStore  ok (112 us)
  Test-ValueNumbering_KeepsLoadAcrossLabel  ok (138 us)
  Test-ValueNumbering_DedupLoadAcrossFallthroughBranch  ok (142 us)
  Test-ValueNumbering_DedupPlainLoadAfterExtendingLoad  ok (227 us)
  Test-ValueNumbering_ExtendsEarlierPlainLoad  ok (201 us)
  Test-ValueNumbering_KeepsFrameLoadsForMemToReg  ok (112 us)
  Test-ValueNumbering_PhysicalBasesStayOpaqueBeforeVirtualLoads  ok (159 us)
  Test-ValueNumbering_AddressWidthsStayDistinctBeforeAcceptedLoads  ok (135 us)
  Test-ValueNumbering_FrameClassificationIncludesLaterDefinitions  ok (236 us)
  Test-ValueNumbering_SharesScalarFloatLiteralBits  ok (593 us)
  Test-ValueNumbering_KeepsCheapOrDistinctLiterals  ok (396 us)
  Test-ValueNumbering_KeepsSiblingComputesAndReusesJoinDefinition  ok (194 us)
  Test-ValueNumbering_LazyRelocationsPreserveBothLookupsAndLastTarget  ok (215 us)
  Test-VecLoopPromote_LoadStorePair_HoistsAndSinks  ok (206 us)
  Test-VecLoopPromote_BackwardJumpWithoutCycleLeavesPackedAccesses  ok (90 us)
  Test-VecLoopPromote_StackAndOneParameterAreTheRootLimit  ok (245 us)
  Test-VecLoopPromote_OverlappingScalarStore_Blocks  ok (100 us)
  Test-VecLoopPromote_LoadOnlyChunk_HoistsWithoutStore  ok (104 us)
  Test-VecLoopPromote_StackPointerDefinitionInBody_Blocks  ok (92 us)
  Test-NativeArtifact_RuntimeDependencyOrderPreservesPriorityAndCycleFallback  ok (2 ms)
  Test-NativeArtifact_DefaultsToLocalOutputTree  ok (518 us)
  Test-NativeArtifact_ImportedApiKeepsLocalOutputTree  ok (373 us)
  Test-NativeArtifact_ModuleNamespaceDefaultsFromModulePath  ok (183 us)
  Test-NativeArtifact_ModuleNamespaceOverrideWins  ok (11 us)
  Test-NativeArtifact_ExplicitArtifactKindOverridesBuildCfgMutation  ok (7 us)
  Test-NativeArtifact_RDataKeepsOnlyReferencedConstants  ok (9 ms)
  Test-NativeArtifact_LargeSparseStructDefaultsStayComposable  ok (4 s 7 ms)
  Test-NativeArtifact_RDataAllowsInteriorConstantAddresses  ok (12 ms)
  Test-NativeArtifact_RDataKeepsGrowingCyclicDependencies  ok (2 ms)
  Test-NativeArtifact_CoffStringTablePreservesNamesAndSharedOffsets  ok (1 ms)
  Test-NativeArtifact_CoffWriterUsesExtendedRelocations  ok (254 ms)
  Test-NativeArtifact_RDataKeepsReferencedDependencies  ok (10 ms)
  Test-NativeArtifact_RDataEmitsFunctionRelocations  ok (14 ms)
  Test-NativeArtifact_DataEmitsFunctionRelocations  ok (14 ms)
  Test-NativeArtifact_StartupCallsRuntimeSetupAndCloseWrappers  ok (3 ms)
  Test-NativeArtifact_CompilerRunExprInsideTestKeepsJitRunnable  ok (1 s 474 ms)
  Test-NativeArtifact_CompilerInstanceNativeRegistrationKeepsBucketsConsistent  ok (1 s 24 ms)
  Test-NativeArtifact_ExecutablePrunesUnreachableGeneratedFunctions  ok (2 s 443 ms)
  Test-NativeArtifact_ExecutableClosesAlternatingDependencies  ok (1 s 506 ms)
  Test-NativeArtifact_SilentSpecOpProbeDoesNotDropStructCopyTests  ok (1 s 29 ms)
  Test-NativeArtifact_TestFileFilterKeepsReusableArtifactAndSelectsAtRunTime  ok (1 s 18 ms)
  Test-NativeArtifact_TestTagFilterKeepsReusableArtifactAndSelectsAtRunTime  ok (664 ms)
  Test-NativeArtifact_TestProgressProtocolIsStrict  ok (6 us)
  Test-NativeArtifact_ConcurrentCompilerInputsKeepEveryDependency  ok (17 s 273 ms)
  Test-Linker_NativeTestsDiscardRejectedCallees  ok (2 s 460 ms)
  Test-Linker_MissingResourceDrainsParallelReaders  ok (1 s 489 ms)
  Test-PeWriter_CompressesEmbeddedDebugTable  ok (52 ms)
  Test-PeWriter_MinimalExecutableCallsExitProcess  ok (373 ms)
  Test-PeWriter_FoldsIdenticalUnwindInfo  ok (211 us)
  Test-Linker_NonDebugImageRemovesStalePdb  ok (30 ms)
  Test-PeWriter_Win32ApplicationResourcesUseConfig  ok (318 us)
  Test-Pdb_DbgHelpResolvesNamesAndLines  ok (154 ms)
  Test-Sema_OverloadRankingUsesOrderedConversionCriteria  ok (132 us)
  Test-Sema_MatchCandidateCollectionPreservesUniqueDiscoveryOrder  ok (502 us)
  Test-Sema_GenericInstanceStoragePreservesIdentityAcrossGrowth  ok (24 ms)
  Test-Sema_AggregateTypeInterningUsesOrderedContents  ok (11 ms)
  Test-Sema_TypeManagerConcurrentInterningKeepsCanonicalStorage  ok (184 ms)
  Test-Sema_TypeManagerReleasesOwnedPayloads  ok (6 ms)
  Test-Sema_CastLegalityCoversScalarConversionKinds  ok (298 us)
  Test-Sema_GenericDeductionBindingHandlesConflictsAndDefaults  ok (233 us)
  Test-Sema_CompletedFreesSummariesKeepDirectForwardingTransitive  ok (68 us)
  Test-Sema_CompletedFreesSummariesResolveGuardedAliasRoutes  ok (149 us)
  Test-Sema_NarrowRootKillsPreserveSurvivorOrder  ok (74 us)
  Test-Sema_SanityOverrideSummaryPreservesOrderAndFrameInheritance  ok (150 us)
  Test-SemaPurity_GlobalVariableReadIsNotConstFolded  ok (1 s 458 ms)
  Test-SemaPurity_NamespaceQualifiedGlobalFieldReadIsNotConstFolded  ok (1 s 682 ms)
  Test-JobManager_DebugStateReportsSleepingJobs  ok (50 us)
  Test-JobManager_ProgressiveWorkersDrainQueuedJobs  ok (5 ms)
  Test-JobManager_TargetedWakeBySymbol  ok (48 us)
  Test-AppendOnlyLookupTable_GrowsAcrossChunks  ok (566 us)
  Test-AppendOnlyLookupTable_ConcurrentReaderSeesPublishedEntries  ok (32 ms)
  Test-PagedStore_CopyToPreserveOffsetsKeepsSparseLayout  ok (82 us)
  Test-DataSegment_RelocationIndexHandlesInterleavedMonotonicAdds  ok (66 us)
  Test-DataSegment_RelocationIndexRebuildsAfterOutOfOrderAdd  ok (27 us)
  Test-DataSegment_RelocationRangesPreserveIndexedAndTailEntries  ok (140 us)
  Test-DataSegment_FindAllocationUsesPublishedAllocations  ok (21 us)
  Test-DataSegment_LargeBlockPointersPreservePagedPrefixAndAlignedAllocations  ok (393 us)
  Test-PagedStore_ReserveSpanReturnsWritableContiguousStorage  ok (15 us)
  Test-PagedStore_EmptyCopySpanDoesNotAllocateStorage  ok (8 us)
  Test-PagedStore_ReserveRangeSupportsOversizedZeroedBlocks  ok (18 us)
  Test-DataSegment_StringPoolOwnsInputsAndPreservesViewsAcrossGrowth  ok (4 ms)
  Test-DataSegment_StringPoolRelocationsRetainIndependentKeysAcrossRestore  ok (55 us)
  Test-Logger_TestTalliesNameSuccessfulWork  ok (216 us)
  Test-Logger_NestedStagesDetailedChoiceDoesNotLeak  ok (0 us)
  Test-Logger_ProgressCanBeDisabledFromCommandLine  ok (258 us)
  Test-Logger_BatchRedirectionKeepsPlainOutputAndExitCode  ok (628 ms)
  Test-Os_FatalHostExceptionClassificationExcludesCppExceptions  ok (65 us)
  Test-Os_FileLockOwnersNameTheProcessMappingAnImage  ok (610 ms)
  Test-FileSystem_AppendFileUsersNamesThisCompilerProcess  ok (468 ms)
  Test-FileSystem_AppendFileUsersLeavesAnUnheldFileAlone  ok (33 ms)
  Test-Os_RunProcessChildTreeDoesNotSurviveTheCall  ok (306 ms)
  Test-Utf8_MoveOperationsTransferStorage  ok (6 us)
  Test-Utf8_FixedDecimalFormatting  ok (1 ms)
  Test-WarningPolicy_ReadsWarningIdentifiers  ok (83 us)
  Test-WarningPolicy_ParsesLists  ok (31 us)
  Test-WarningPolicy_ResolvesLayerPrecedence  ok (2 us)
  Tests                       800 tests (2 min 36 s)
  Slow-01                     Compiler_GeneratedSpecOpsDoNotCreateSyntheticSourceFilesUnderStress (51 s 45 ms)
  Slow-02                     Compiler_LifecycleInitWrapperDoesNotCreateSyntheticSourceFilesUnderStress (40 s 491 ms)
  Slow-03                     NativeArtifact_ConcurrentCompilerInputsKeepEveryDependency (17 s 273 ms)
  Slow-04                     NativeArtifact_LargeSparseStructDefaultsStayComposable (4 s 7 ms)
  Slow-05                     Linker_NativeTestsDiscardRejectedCallees (2 s 460 ms)
  Slow-06                     NativeArtifact_ExecutablePrunesUnreachableGeneratedFunctions (2 s 443 ms)
  Slow-07                     Compiler_GenericUnionDeductionRemainsStableForHistoricalRandomSeed1143 (1 s 812 ms)
  Slow-08                     Compiler_GeneratedAstDiagnosticsUseMaterializedSourceFile (1 s 790 ms)
  Slow-09                     SemaPurity_NamespaceQualifiedGlobalFieldReadIsNotConstFolded (1 s 682 ms)
  Slow-10                     Compiler_GenericUnionDeductionRemainsStableForHistoricalRandomSeed1002 (1 s 651 ms)
  ✓  tested      800 passed • 2 min 36 s
  ✓  clean       2 min 36 s
