  ◆  swag        unittest • sources
  Test-ABI_AddressedNarrowIntegerHomeUsesNarrowLoad  ok (192 us)
  Test-ABI_SwagSimdArgsUseExtendedRegistersThenWideStackSlots  ok (0 us)
  Test-FFI_CallNativeNoArgBool  ok (278 us)
  Test-FFI_CallNativeU8       ok (100 us)
  Test-FFI_CallNativeI32      ok (32 us)
  Test-FFI_CallNativeF32      ok (36 us)
  Test-FFI_CallNativeF64      ok (28 us)
  Test-FFI_CallNativeF64StackArg  ok (100 us)
  Test-FFI_CallNativeMixedArgs  ok (32 us)
  Test-FFI_CallNativeStackArgs  ok (100 us)
  Test-FFI_CallNativePointerArg  ok (35 us)
  Test-ABI_SwagStructArgPassingMatchesNative  ok (0 us)
  Test-FFI_CallSwagStructByValueInteropDevMode  ok (265 ms)
  Test-FFI_CallSwagStructByValueInteropRelease  ok (186 ms)
  Test-FFI_CallNativeStructByValueRegister  ok (106 us)
  Test-FFI_CallNativeStructByValueStack  ok (43 us)
  Test-FFI_CallNativeStructByReferenceCopy  ok (32 us)
  Test-FFI_CallNativeStructReturnByValueRegister  ok (30 us)
  Test-FFI_CallNativeStructReturnByReference  ok (32 us)
  Test-ConstantManager_CopiesBorrowedStructPayloadOutsideDataSegment  ok (16 us)
  Test-ConstantManager_StoresNullableCStringFromBlockPointer  ok (3 us)
  Test-ConstantValue_MakesNullableCStringFromRuntimePointer  ok (1 us)
  Test-ConstantManager_CopiesBorrowedArrayPayloadOutsideDataSegment  ok (6 us)
  Test-ConstantManager_DeduplicatesBorrowedArrayPayloadsByValue  ok (5 us)
  Test-ConstantManager_CachesZeroPayloadConstantsByType  ok (7 us)
  Test-ConstantManager_CopiesBorrowedSlicePayloadOutsideDataSegment  ok (3 us)
  Test-ConstantManager_AcceptsEmptyBorrowedSlicePayloads  ok (6 us)
  Test-ConstantManager_DistinguishesPresentEmptySlicePayloads  ok (15 us)
  Test-ConstantManager_DeduplicatesMaterializedArrayPayloadConstants  ok (4 us)
  Test-ConstantManager_DoesNotDeduplicateMaterializedArrayPayloadsWithDifferentRelocations  ok (5 us)
  Test-ConstantManager_OwnsAggregateElementsAfterInputsAreDestroyed  ok (123 us)
  Test-ConstantManager_ReleasesOwnedAggregatePayloads  ok (5 ms)
  Test-ConstantManager_PreservesStringNormalizationOnRepeatedInputs  ok (85 us)
  Test-ConstantManager_PublishesCanonicalReferencesAcrossGrowth  ok (5 ms)
  Test-ConstantManager_EnrichesStorageReferencesWithoutMutatingInputs  ok (99 us)
  Test-Compiler_NewScriptCommandParsesDefaultPath  ok (55 us)
  Test-Compiler_CommandLineHelpStopsBeforeCompilation  ok (85 us)
  Test-Compiler_NewModuleCommandParsesWorkspace  ok (35 us)
  Test-Compiler_DocSearchPreservesLiteralCode  ok (8 us)
  Test-Compiler_DocCommandParsesOptions  ok (342 us)
  Test-Compiler_DocMarkdownRendersSupportedBlocks  ok (73 us)
  Test-Compiler_DocBlockCommentsPreserveCodeIndentation  ok (8 us)
  Test-Compiler_DocMarkdownRendersCompleteLists  ok (46 us)
  Test-Compiler_DocMarkdownRendersHeaderlessTableAndNestedInline  ok (15 us)
  Test-Compiler_LegacyStaticControlDirectivesAreNotKeywords  ok (2 us)
  Test-Compiler_AutoInlineCostPricesCallsAndRewardsOneModuleCallSite  ok (366 us)
  Test-Compiler_ExplicitInlineExpandsCrossFileBody  ok (134 ms)
  Test-Compiler_InMemorySourceRunsSemaWithoutDiskIO  ok (167 us)
  Test-Compiler_InMemorySourceKeepsFormatCommandGlobalIfDuringFormat  ok (81 us)
  Test-Compiler_InMemorySourceSkipsFalseGlobalIf  ok (61 us)
  Test-Compiler_InMemorySourceSkipsTestCommandGlobalIfOutsideTests  ok (61 us)
  Test-Compiler_InMemorySourceKeepsTestCommandGlobalIfDuringTests  ok (60 us)
  Test-Compiler_GenericUnionDeductionRemainsStableForHistoricalRandomSeed1002  ok (128 ms)
  Test-Compiler_GenericUnionDeductionRemainsStableForHistoricalRandomSeed1009  ok (117 ms)
  Test-Compiler_GenericUnionDeductionRemainsStableForHistoricalRandomSeed1032  ok (113 ms)
  Test-Compiler_GenericUnionDeductionRemainsStableForHistoricalRandomSeed1143  ok (111 ms)
  Test-Compiler_AstVisitPreservesSiblingsAcrossPauseSkipAndRestart  ok (96 us)
  Test-Compiler_AstVisitResolvesChildrenWithoutFollowingActiveAncestors  ok (50 us)
  Test-Compiler_SymbolLocationSortKeepsStableTokenOrderWithinOneFile  ok (55 us)
  Test-Compiler_SymbolLocationSortKeepsCompositeKeysAcrossFiles  ok (40 us)
  Test-Compiler_MessagePassSkipsWithoutListeners  ok (283 us)
  Test-Compiler_MessagePassQueuesOnlyOncePerListener  ok (245 us)
  Test-Compiler_MessageAliasPayloadUsesUnderlyingType  ok (7 us)
  Test-Compiler_DiagnosticWarningSeverityColorIsMagenta  ok (0 us)
  Test-Compiler_DiagnosticCatalogFollowsSwagMessageStyle  ok (249 us)
  Test-Compiler_AssertDiagnosticPreservesLiteralSuffixQuotes  ok (44 us)
  Test-Compiler_DiagnosticEscapesQuotedArgumentTicks  ok (8 us)
  Test-Compiler_DiagnosticArgumentCountDoesNotRepeatUnit  ok (57 us)
  Test-Compiler_DiagnosticRemovesUnexpandedWordPlaceholders  ok (7 us)
  Test-Compiler_NativeExitCodeDiagnosticShowsDecimalAndHex  ok (6 us)
  Test-Compiler_DiagnosticEscapesQuotedArgumentWithoutBreakingHelpSplit  ok (7 us)
  Test-NodePayload_ConcurrentUpdatesPreserveDisjointState  ok (6 ms)
  Test-Compiler_CommandLineTagsReachSema  ok (105 ms)
  Test-Compiler_InternalTagPrecedesUserOverride  ok (108 ms)
  Test-Compiler_TestCommandEnablesSourceDrivenModeWhenParsed  ok (74 us)
  Test-Compiler_DebugOptionEnablesDebugInformation  ok (30 us)
  Test-Compiler_ReleaseBuildDoesNotEnableDebugInformation  ok (26 us)
  Test-Compiler_TestCommandRegistersSwagTestCompilerTag  ok (104 ms)
  Test-Compiler_UnittestCommandKeepsSourceDrivenModeDisabledWhenParsed  ok (52 us)
  Test-Compiler_RunCommandParsesRunArgs  ok (55 us)
  Test-Compiler_TestCommandForcesSwagTestRunArg  ok (28 us)
  Test-Compiler_TestCommandDoesNotDuplicateSwagTestRunArg  ok (1 us)
  Test-Compiler_TestCommandKeepsExplicitSandboxRoot  ok (1 us)
  Test-Compiler_TestCommandGrantsTheModuleAsCorpus  ok (8 us)
  Test-Compiler_TestCommandGrantsTheWorkspaceWithoutAModule  ok (2 us)
  Test-Compiler_SmokeCommandGrantsNoCorpus  ok (1 us)
  Test-DebugInfo_EmitsWindowsSymbolAndTypeRecords  ok (80 us)
  Test-DebugInfo_PdbInfoEmitsWindowsBuildInfo  ok (22 us)
  Test-DebugInfo_EmitsWindowsVariableAndConstantRecords  ok (37 us)
  Test-DebugInfo_UsesPerVariableBaseRegistersForRegRelativeSymbols  ok (27 us)
  Test-DebugInfo_CollapsesConsecutiveSameLineEntries  ok (53 us)
  Test-DebugInfo_SkipsNoStepLineEntries  ok (31 us)
  Test-DebugInfo_FirstLineCoversEntry  ok (26 us)
  Test-DebugInfo_ResolvesNoStepBackendSourceInfo  ok (7 us)
  Test-DebugInfo_UsesOwnerSourceFileForGeneratedViews  ok (38 us)
  Test-DebugInfo_UsesDebugSourceCodeRefForGeneratedViewLines  ok (146 us)
  Test-DebugInfo_CompilerTestFunctionsPreserveStackDebugMetadata  ok (166 ms)
  Test-DebugInfo_RuntimeStorageLocalsStayOutOfCodeView  ok (163 ms)
  Test-DebugInfo_CompilerPrivateGlobalsReachCodeViewDataSymbols  ok (166 ms)
  Test-DebugInfo_EmitsWindowsSourceChecksums  ok (70 us)
  Test-EncodeX64_Flow         ok (376 us)
  Test-EncodeX64_Load         ok (769 us)
  Test-EncodeX64_CmpAndCond   ok (218 us)
  Test-EncodeX64_VecPackedOps  ok (1 ms)
  Test-EncodeX64_LegalizeLargeCmpRegImmPreservesLhs  ok (38 us)
  Test-EncodeX64_UnaryOps     ok (119 us)
  Test-EncodeX64_BinaryRegRegOps  ok (782 us)
  Test-EncodeX64_BinaryRegMemOps  ok (60 us)
  Test-EncodeX64_BinaryMemRegOps  ok (135 us)
  Test-EncodeX64_BinaryImmOps  ok (486 us)
  Test-EncodeX64_TernaryAndConvert  ok (185 us)
  Test-EncodeX64_UnwindFromMicro  ok (32 us)
  Test-EncodeX64_UnwindFramePointerSetupAfterStackShape  ok (21 us)
  Test-EncodeX64_UnwindStopsBeforeStackStoreBody  ok (24 us)
  Test-EncodeX64_UnwindUpdatesFramePointerWhenAssignedTwice  ok (19 us)
  Test-EncodeX64_UnwindLocalStackBaseIsNotAFrameRegister  ok (18 us)
  Test-EncodeX64_UnwindStopsAfterBodyStart  ok (14 us)
  Test-FormatAlign_ConsecutiveAssignments  ok (306 us)
  Test-FormatAlign_ConsecutiveAliases  ok (96 us)
  Test-FormatAlign_AliasesAcrossAttributesAndBlankLines  ok (102 us)
  Test-FormatAlign_AssignmentsBreakOnIndentation  ok (136 us)
  Test-FormatAlign_AssignmentsBreakOnBlankLine  ok (92 us)
  Test-FormatAlign_AssignmentsAcrossBlanks  ok (87 us)
  Test-FormatAlign_ConsecutiveDeclarations  ok (90 us)
  Test-FormatAlign_ControlDeclarationsBreakDeclarationGroups  ok (111 us)
  Test-FormatAlign_ConsecutiveConstants  ok (74 us)
  Test-FormatAlign_StructFields  ok (78 us)
  Test-FormatAlign_EnumValues  ok (75 us)
  Test-FormatAlign_NoneRemovesAlignment  ok (64 us)
  Test-FormatAlign_TrailingComments  ok (114 us)
  Test-FormatAlign_TrailingCommentsBreakOnIndentation  ok (87 us)
  Test-FormatAlign_TrailingCommentsNormalized  ok (66 us)
  Test-FormatAlign_FatArrowsConsecutive  ok (78 us)
  Test-FormatAlign_FatArrowsBreakOnPlainFunction  ok (81 us)
  Test-FormatAlign_SingletonTightensStalePadding  ok (81 us)
  Test-FormatAlign_StructFieldsWithTypeQualifiers  ok (103 us)
  Test-FormatAlign_StructFieldGridMixed  ok (88 us)
  Test-FormatAlign_StructFieldGridOffKeepsSingleColumn  ok (60 us)
  Test-FormatAlign_DeclarationGridInitializers  ok (77 us)
  Test-FormatAlign_ConstantGridTypes  ok (68 us)
  Test-FormatAlign_QualifiedConstantGridTypes  ok (72 us)
  Test-FormatAlign_QualifiedDeclarationPrefixes  ok (131 us)
  Test-FormatAlign_CaseBodiesConsecutive  ok (92 us)
  Test-FormatAlign_ArrayColumns  ok (69 us)
  Test-FormatAlign_ArrayColumnsSkipsRaggedRows  ok (59 us)
  Test-FormatAlign_HangingLineFollowsAlignedAnchor  ok (106 us)
  Test-FormatAlign_AfterOpenBracketUsesLiteralBrace  ok (85 us)
  Test-FormatAlign_AfterOpenBracketKeepsDataTableRows  ok (68 us)
  Test-FormatAlign_OperandsInsideBracketAnchorOnBracket  ok (181 us)
  Test-FormatAlign_OperandsOutsideBracketAnchorOnStatement  ok (87 us)
  Test-FormatAlign_OutlierGapLeavesLongLineAlone  ok (83 us)
  Test-FormatAlign_OutlierGapKeepsGradedTable  ok (141 us)
  Test-FormatAlign_OutlierGapDropsBothEnds  ok (79 us)
  Test-FormatAlign_AcrossBlanksReadsTheCappedBlankCount  ok (62 us)
  Test-FormatAlign_AccessModifierLineDoesNotBreakTheGroup  ok (78 us)
  Test-FormatAlign_WrappedArgumentsFollowTheAlignedHead  ok (144 us)
  Test-FormatAttributes_OwnLine  ok (76 us)
  Test-FormatAttributes_Inline  ok (60 us)
  Test-FormatAttributes_BreakAfterAttribute  ok (59 us)
  Test-FormatAttributes_Grouped  ok (68 us)
  Test-FormatAttributes_SortArguments  ok (89 us)
  Test-FormatAttributes_SortArgumentsWithDifferentPieceCounts  ok (63 us)
  Test-FormatAttributes_SpaceAfterAttributeComma  ok (55 us)
  Test-FormatBlanks_MaxConsecutiveEmptyLinesUnlimited  ok (64 us)
  Test-FormatBlanks_MaxConsecutiveEmptyLinesCollapses  ok (57 us)
  Test-FormatBlanks_MaxConsecutiveEmptyLinesOne  ok (61 us)
  Test-FormatBlanks_AfterOpeningBraceNever  ok (53 us)
  Test-FormatBlanks_AfterOpeningBracePreserve  ok (51 us)
  Test-FormatBlanks_AfterOpeningBraceAlways  ok (51 us)
  Test-FormatBlanks_BeforeClosingBraceNever  ok (51 us)
  Test-FormatBlanks_BeforeClosingBracePreserve  ok (53 us)
  Test-FormatBlanks_BeforeClosingBraceAlways  ok (58 us)
  Test-FormatBlanks_AroundAccessBlocksAlways  ok (79 us)
  Test-FormatBlanks_AroundAccessBlocksNever  ok (64 us)
  Test-FormatBlanks_AroundAccessBlocksPreserve  ok (72 us)
  Test-FormatBlanks_TrimTrailingNewlinesCollapsesToOne  ok (54 us)
  Test-FormatBlanks_TrimTrailingNewlinesDisabled  ok (51 us)
  Test-FormatBlanks_CombinedBlockEdges  ok (57 us)
  Test-FormatBlanks_BeforeFunctionAlways  ok (93 us)
  Test-FormatBlanks_BeforeFunctionKeepsDocCommentAttached  ok (77 us)
  Test-FormatBlanks_BeforeFunctionKeepsShortFormsStacked  ok (89 us)
  Test-FormatBlanks_BeforeTypeAlways  ok (63 us)
  Test-FormatBlanks_BeforeCommentBlockAlways  ok (62 us)
  Test-FormatBlanks_BeforeCommentBlockKeepsBlockStartAndRuns  ok (57 us)
  Test-FormatBlanks_BeforeCommentBlockKeepsInlineBodyStart  ok (67 us)
  Test-FormatBlanks_AfterGlobalBlockInsertsBlank  ok (55 us)
  Test-FormatBlanks_AfterGlobalThenUsingBlocks  ok (58 us)
  Test-FormatBlanks_BetweenCasesMultiLine  ok (117 us)
  Test-FormatBlanks_BetweenCasesNeverRemovesBlanks  ok (82 us)
  Test-FormatBlanks_AfterStandaloneClosingBraceAlways  ok (70 us)
  Test-FormatBlanks_AfterStandaloneClosingBraceNever  ok (69 us)
  Test-FormatBlanks_AfterStandaloneClosingBracePreserve  ok (66 us)
  Test-FormatBlanks_AfterStandaloneClosingBraceKeepsElseAttached  ok (72 us)
  Test-FormatBraces_AllmanMovesBraceToOwnLine  ok (61 us)
  Test-FormatStatements_OneStatementPerLine  ok (76 us)
  Test-FormatStatements_UsingFieldPrefixStaysTogether  ok (64 us)
  Test-FormatStatements_OneEnumValuePerLine  ok (58 us)
  Test-FormatBraces_ShortInlineDoBodiesSplit  ok (110 us)
  Test-FormatBraces_DestructuringPatternsStayInlineAndIndentAsStatements  ok (143 us)
  Test-FormatBraces_AttachJoinsBrace  ok (57 us)
  Test-FormatBraces_AllmanOnControlBlocks  ok (66 us)
  Test-FormatBraces_BreakBeforeElse  ok (75 us)
  Test-FormatBraces_JoinElseToBrace  ok (63 us)
  Test-FormatBraces_CompactEmptyBraces  ok (50 us)
  Test-FormatBraces_ShortFunctionsNeverSplits  ok (64 us)
  Test-FormatBraces_ShortFunctionsNeverKeepsEmpty  ok (47 us)
  Test-FormatBraces_SourceSelectsDefinitionLayout  ok (164 us)
  Test-FormatBraces_ShortBlocksInlineJoins  ok (77 us)
  Test-FormatBraces_ShortIfNeverSplits  ok (73 us)
  Test-FormatBraces_ShortLoopsJoin  ok (75 us)
  Test-FormatBraces_ShortEnumsSplit  ok (57 us)
  Test-FormatBraces_ShortCaseSplits  ok (90 us)
  Test-FormatBraces_ShortCaseJoins  ok (76 us)
  Test-FormatBraces_CaseUniformJoinsJumpTable  ok (94 us)
  Test-FormatBraces_CaseUniformExpandsMixedSwitch  ok (93 us)
  Test-FormatBraces_StaticIfChainAlignsAndBreaks  ok (92 us)
  Test-FormatBraces_StaticControl  ok (148 us)
  Test-FormatBraces_StaticIfSingleLineChainStaysInline  ok (75 us)
  Test-FormatBraces_MultiLineBlockContentLeavesBraceLines  ok (104 us)
  Test-FormatBraces_AllmanOnStaticIfBlocks  ok (64 us)
  Test-FormatBraces_ShortStructsKeepTupleTypes  ok (84 us)
  Test-FormatBraces_ShortStructsStillSplitDeclarations  ok (57 us)
  Test-FormatBraces_ShortFunctionsKeepClosureArguments  ok (116 us)
  Test-FormatBraces_ShortBlocksKeepInitializerLiterals  ok (113 us)
  Test-FormatBraces_ShortFunctionsInlineKeepsClosureBodies  ok (91 us)
  Test-FormatStatements_RemoveRedundantSemicolons  ok (83 us)
  Test-FormatStatements_RemoveConditionParentheses  ok (75 us)
  Test-FormatBraces_BreakBeforeWhere  ok (70 us)
  Test-FormatBraces_ShortClosuresNeverSplits  ok (93 us)
  Test-FormatBraces_UniformKeepsArmsWhoseCallIsWrapped  ok (113 us)
  Test-FormatBraces_UniformExpandsWhenAnArmCarriesABlock  ok (111 us)
  Test-FormatBraces_SemicolonPushedToEndOfLineByWrappingIsRemoved  ok (72 us)
  Test-FormatBraces_AnonymousStructTypeKeepsItsShape  ok (83 us)
  Test-FormatComments_SpaceAfterLineCommentPrefix  ok (56 us)
  Test-FormatComments_NormalizeSectionSeparators  ok (49 us)
  Test-FormatComments_ReflowParagraph  ok (57 us)
  Test-FormatComments_ReflowJoinsShortLines  ok (55 us)
  Test-FormatComments_NormalizeMode  ok (47 us)
  Test-FormatComments_LastInBlockKeepsBlockIndent  ok (71 us)
  Test-FormatComments_LastInNestedBlockKeepsBlockIndent  ok (106 us)
  Test-FormatComments_LastInSwitchKeepsArmIndent  ok (92 us)
  Test-FormatComments_BeforeCaseLabelKeepsLabelIndent  ok (86 us)
  Test-FormatComments_InsideABracketSettleInOnePass  ok (129 us)
  Test-FormatFile_InlineBodyOwnsNestedBraceIndent  ok (102 us)
  Test-FormatFile_InlineIfBranchStopsBeforeElse  ok (495 us)
  Test-FormatFile_CatchHandlerAlignsAndIndents  ok (93 us)
  Test-FormatFile_InlineDestructuringIsNotABlock  ok (139 us)
  Test-FormatFile_InsertFinalNewline  ok (54 us)
  Test-FormatFile_TrimLeadingBlankLines  ok (49 us)
  Test-FormatFile_TrimLeadingBlankLinesDisabled  ok (46 us)
  Test-FormatFile_ReservedIdentifiersAreFormattable  ok (57 us)
  Test-FormatFile_IndentInsideParensEnforcesContinuation  ok (94 us)
  Test-FormatFile_AlignOperandsOnWrappedCondition  ok (80 us)
  Test-FormatFile_WhereClauseIndent  ok (78 us)
  Test-FormatFile_WhereBlockIndent  ok (78 us)
  Test-FormatFile_EndOfLineStyleLf  ok (53 us)
  Test-FormatFile_EndOfLineStyleCrLf  ok (49 us)
  Test-FormatFile_TrimTrailingWhitespace  ok (49 us)
  Test-FormatFile_BlankLineAfterUsingBlock  ok (93 us)
  Test-FormatFile_BlankLineBeforeFunctionDefinition  ok (81 us)
  Test-FormatFile_IndentStyleSpacesNormalizesTabs  ok (58 us)
  Test-FormatFile_IndentStyleTabs  ok (56 us)
  Test-FormatFile_ReindentFixesBadIndent  ok (73 us)
  Test-FormatFile_ElseBeforeNestedIfAligns  ok (98 us)
  Test-FormatFile_IndentNamespaceBodyOff  ok (64 us)
  Test-FormatFile_IndentCaseLabels  ok (152 us)
  Test-FormatLiteral_PreserveLeavesNumericLiteralsUntouched  ok (95 us)
  Test-FormatLiteral_PreserveCharacterTypeSuffix  ok (92 us)
  Test-FormatLiteral_HexDigitCaseUpperAndLower  ok (113 us)
  Test-FormatLiteral_HexPrefixCaseUpperAndLower  ok (98 us)
  Test-FormatLiteral_FloatExponentCaseUpperAndLower  ok (96 us)
  Test-FormatLiteral_NormalizeHexDigitSeparators  ok (50 us)
  Test-FormatLiteral_NormalizeBinaryDigitSeparators  ok (50 us)
  Test-FormatLiteral_NormalizeDecimalDigitSeparators  ok (49 us)
  Test-FormatLiteral_NormalizeFloatDigitSeparators  ok (50 us)
  Test-FormatLiteral_CombinedHexCaseAndNormalization  ok (49 us)
  Test-FormatOff_LineCommentDisablesNumberFormatting  ok (61 us)
  Test-FormatOff_NoOnComment_RestOfFileRaw  ok (57 us)
  Test-FormatOff_MultipleRegions  ok (66 us)
  Test-FormatOff_BlockComment  ok (59 us)
  Test-FormatOff_CustomMarkers  ok (56 us)
  Test-FormatOff_EolNotRewrittenInDisabledRegion  ok (59 us)
  Test-FormatSpacing_SpaceAfterComma  ok (94 us)
  Test-FormatSpacing_NormalizeHorizontalWhitespace  ok (84 us)
  Test-FormatSpacing_NamedArgumentColons  ok (85 us)
  Test-FormatSpacing_TrueOptionsKeepManualAlignment  ok (66 us)
  Test-FormatSpacing_NoSpaceAfterComma  ok (66 us)
  Test-FormatSpacing_SpaceAroundAssignment  ok (63 us)
  Test-FormatSpacing_NoSpaceAroundAssignment  ok (49 us)
  Test-FormatSpacing_SpaceAroundBinaryOperators  ok (63 us)
  Test-FormatSpacing_NoSpaceAroundBinaryOperators  ok (80 us)
  Test-FormatSpacing_SpaceAroundArrow  ok (116 us)
  Test-FormatSpacing_FatArrow  ok (117 us)
  Test-FormatSpacing_ColonInDeclarations  ok (67 us)
  Test-FormatSpacing_ColonInBaseClause  ok (62 us)
  Test-FormatSpacing_InsideParentheses  ok (138 us)
  Test-FormatSpacing_InEmptyParentheses  ok (99 us)
  Test-FormatSpacing_InsideBrackets  ok (139 us)
  Test-FormatSpacing_AfterCast  ok (120 us)
  Test-FormatSpacing_AfterKeyword  ok (131 us)
  Test-FormatSpacing_AfterUnaryOperator  ok (77 us)
  Test-FormatSpacing_PostfixDereference  ok (82 us)
  Test-FormatSpacing_BeforeParenthesesControl  ok (122 us)
  Test-FormatSpacing_InsideBracesOfLiterals  ok (82 us)
  Test-FormatSpacing_FailClosesAFunctionTypeNotAnOperand  ok (74 us)
  Test-FormatStyle_PreserveNormalizesNothing  ok (99 us)
  Test-FormatStyle_DefaultOptionsArePreserve  ok (341 us)
  Test-FormatStyle_SwagIsTheCanonicalLayout  ok (359 us)
  Test-FormatStyle_SwagIntrinsicCallsStayStable  ok (535 us)
  Test-FormatStyle_SwagKeepsAccessModifiersWithTheirDeclarations  ok (155 us)
  Test-FormatStyle_SwagKeepsStorageAndAccessModifierOrders  ok (3 ms)
  Test-FormatStyle_SwagSeparatesAccessBlocks  ok (134 us)
  Test-FormatStyle_SwagLeavesLineEndingsAndColumnsAlone  ok (74 us)
  Test-FormatStyle_DescribeRendersEveryOption  ok (164 us)
  Test-FormatUsing_SortAscending  ok (141 us)
  Test-FormatUsing_SortCaseInsensitive  ok (95 us)
  Test-FormatUsing_BlankLineSplitsRuns  ok (81 us)
  Test-FormatUsing_Merge      ok (57 us)
  Test-FormatUsing_SortAndMerge  ok (59 us)
  Test-FormatWrap_BreaksAfterComma  ok (103 us)
  Test-FormatWrap_ForceSingleLineLists  ok (97 us)
  Test-FormatWrap_FormatterSelectsListLineMode  ok (155 us)
  Test-FormatWrap_SourceSelectsSingleLineLists  ok (96 us)
  Test-FormatWrap_SourceSelectsNestedSingleLineLists  ok (114 us)
  Test-FormatWrap_HangingIndentLists  ok (89 us)
  Test-FormatWrap_HangingAlignLists  ok (97 us)
  Test-FormatWrap_VerticalLists  ok (87 us)
  Test-FormatWrap_BlockLists  ok (90 us)
  Test-FormatWrap_ForceSingleLineLogicalExpressions  ok (100 us)
  Test-FormatWrap_SourceSelectsSingleLineLogicalExpressions  ok (90 us)
  Test-FormatWrap_LogicalOperatorsAfter  ok (86 us)
  Test-FormatWrap_LogicalOperatorsBefore  ok (82 us)
  Test-FormatWrap_LogicalOperandsOnePerLine  ok (84 us)
  Test-FormatWrap_LogicalHangingIndent  ok (79 us)
  Test-FormatWrap_LogicalOperandsPack  ok (80 us)
  Test-FormatWrap_FormatterSelectsLogicalExpressionLineMode  ok (105 us)
  Test-FormatWrap_NestedLogicalExpressions  ok (101 us)
  Test-FormatWrap_NormalizesAdversarialLists  ok (180 us)
  Test-FormatWrap_NormalizesAdversarialLogicalExpression  ok (107 us)
  Test-FormatWrap_AlignsMultilineArgumentContents  ok (157 us)
  Test-FormatWrap_ClosureCapturesStayInsideArgument  ok (224 us)
  Test-FormatWrap_NoWrapWhenDisabled  ok (101 us)
  Test-FormatWrap_BreakBeforeBinaryOperators  ok (72 us)
  Test-FormatWrap_BinPackLists  ok (95 us)
  Test-FormatWrap_BinPackParametersOnePerLine  ok (72 us)
  Test-FormatWrap_BinPackArgumentsOnePerLine  ok (86 us)
  Test-FormatWrap_NoColumnLimitNeverMovesAStatementBreak  ok (171 us)
  Test-FormatWrap_ColumnLimitBreaksHighestInTheExpression  ok (135 us)
  Test-FormatWrap_ColumnLimitAlignsNewOperandLinesInOnePass  ok (134 us)
  Test-FormatWrap_ColumnLimitBreaksAtTheLoosestOperator  ok (132 us)
  Test-FormatWrap_ColumnLimitKeepsOneIndentPerStatement  ok (103 us)
  Test-FormatWrap_ContinuationOutsideBracketsTakesCanonicalIndent  ok (83 us)
  Test-FormatWrap_ContinuationInsideBracketsKeepsRelativeIndent  ok (86 us)
  Test-FormatWrap_WrappedCaseValuesAlignUnderTheFirstValue  ok (128 us)
  Test-FormatWrap_SourceSelectsLiteralLayout  ok (133 us)
  Test-FormatWrap_HugTrailingTableArgument  ok (105 us)
  Test-FormatWrap_HugTrailingClosureArgument  ok (100 us)
  Test-FormatWrap_HugTrailingBlockLiteralItem  ok (119 us)
  Test-FormatWrap_HugSkipsEarlierMultilineArgument  ok (109 us)
  Test-JIT_Return42           ok (85 us)
  Test-JIT_RegAllocAvoidsFutureConcreteClobber  ok (49 us)
  Test-JIT_128BitStackCopy    ok (175 us)
  Test-JIT_PointerSpillRoundTrip  ok (84 us)
  Test-JIT_B32LoadAndZeroExtendKeepsUpperBitsClear  ok (57 us)
  Test-JIT_PackedIntegerOps   ok (43 us)
  Test-JIT_VecCodecOps        ok (147 us)
  Test-JIT_VecFloatOps        ok (48 us)
  Test-JIT_SlpVectorizedLanes  ok (833 us)
  Test-JIT_ConstantDivisionBaseline  ok (2 ms)
  Test-JIT_ConstantDivisionStrengthReduced  ok (7 ms)
  Test-JIT_PersistentRegPreservedAcrossCall  ok (71 us)
  Test-BranchSimplify_ErasesJumpToImmediateLabel  ok (47 us)
  Test-BranchSimplify_ThreadsJumpThroughEmptyBlock  ok (54 us)
  Test-BranchSimplify_FoldsKnownTrueBranch  ok (38 us)
  Test-BranchSimplify_FoldsKnownFalseBranch  ok (29 us)
  Test-BranchSimplify_FoldsKnownSignedLessBranch  ok (28 us)
  Test-BranchSimplify_FoldsKnownUnsignedBelowBranch  ok (27 us)
  Test-BranchSimplify_ErasesDeadTailAfterRet  ok (19 us)
  Test-BranchSimplify_ConvertsMinPatternToCmov  ok (22 us)
  Test-BranchSimplify_ConvertsConditionalConstantToCmov  ok (21 us)
  Test-BranchSimplify_KeepsMultiInstructionBranchBody  ok (22 us)
  Test-BranchSimplify_ThreadsShortCircuitExit  ok (37 us)
  Test-BranchSimplify_KeepsReferencedLabel  ok (20 us)
  Test-BranchSimplify_KeepsByteSelectBranch  ok (18 us)
  Test-BranchSimplify_ConvertsDiamondSelectToCmov  ok (29 us)
  Test-BranchSimplify_ConvertsDiamondConstantsToCmov  ok (26 us)
  Test-BranchSimplify_SinksCompareBelowFlagWritingArm  ok (31 us)
  Test-BranchSimplify_KeepsDiamondWithGuardedLoad  ok (23 us)
  Test-BranchSimplify_KeepsDiamondWithSharedArmLabel  ok (28 us)
  Test-BranchSimplify_KeepsDiamondWhenArmReadsResultFirst  ok (24 us)
  Test-BranchSimplify_KeepsDiamondWhenArmClobbersCompareInput  ok (27 us)
  Test-BranchSimplify_KeepsByteDiamond  ok (23 us)
  Test-BranchSimplify_ConvertsEarlyReturnToCmov  ok (24 us)
  Test-BranchSimplify_ConvertsEarlyReturnChainToCmovs  ok (51 us)
  Test-BranchSimplify_KeepsEarlyReturnWithGuardedLoad  ok (18 us)
  Test-BranchSimplify_SinksCompareBelowFlagWritingEarlyReturn  ok (25 us)
  Test-BranchSimplify_InvertsJumpPairAfterImmediateJumpErasure  ok (29 us)
  Test-BranchSimplify_TriangleScratchPreservesAcceptedPlanOrder  ok (65 us)
  Test-ConstantFolding_FoldBinaryRegImm  ok (13 us)
  Test-ConstantFolding_FoldCopyFromKnown  ok (10 us)
  Test-ConstantFolding_ChainedFold  ok (12 us)
  Test-ConstantFolding_FoldFromClearReg  ok (9 us)
  Test-ConstantFolding_FoldAcrossJoinSameConstant  ok (20 us)
  Test-ConstantFolding_BinaryRequiresKnownInputsAndDeadFlags  ok (81 us)
  Test-CopyElim_SelfCopy_Erased  ok (11 us)
  Test-CopyElim_ChainedCopies_CanonicalizesSource  ok (14 us)
  Test-CopyElim_RewritesPureUseAcrossJoin  ok (21 us)
  Test-CopyElim_DoesNotPropagatePastSourceRedefinition  ok (11 us)
  Test-CopyElim_TransfersForbiddenPhysRegsToCanonicalSource  ok (12 us)
  Test-CopyElim_DoesNotRewriteUseDefOperand  ok (22 us)
  Test-DeadCodeElimination_RemovesEntireDeadChain  ok (227 us)
  Test-DeadCodeElimination_JoinTracksSurvivingConsumers  ok (34 us)
  Test-DeadCodeElimination_PhiCyclesNeedAnInstructionConsumer  ok (44 us)
  Test-DeadCodeElimination_DeadFlagConsumerExposesArithmetic  ok (23 us)
  Test-InstCombine_Identity_AddZero_Erased  ok (23 us)
  Test-InstCombine_ConstantAddressLoad_FoldsToRip  ok (28 us)
  Test-InstCombine_RelocatedLoad_UsesExactTargetAndLiveMemory  ok (305 us)
  Test-InstCombine_Absorbing_AndZero_BecomesClear  ok (10 us)
  Test-InstCombine_Absorbing_OrAllOnes_BecomesLoadImm  ok (10 us)
  Test-InstCombine_Reassociate_AddAdd  ok (17 us)
  Test-InstCombine_Reassociate_AddSub_PicksAdd  ok (12 us)
  Test-InstCombine_Reassociate_ShiftLeftChain  ok (12 us)
  Test-InstCombine_Reassociate_ShiftOverflow_NotFolded  ok (11 us)
  Test-InstCombine_RegReg_XorSelf_BecomesClear  ok (10 us)
  Test-InstCombine_RegReg_SubSelf_BecomesClear  ok (10 us)
  Test-InstCombine_RegReg_AndSelf_DeadErased  ok (10 us)
  Test-InstCombine_Reassociate_MulMulSigned  ok (13 us)
  Test-InstCombine_Reassociate_OrOr  ok (11 us)
  Test-InstCombine_MemFold_Imm_Consecutive  ok (18 us)
  Test-InstCombine_MemFold_Reg_Consecutive  ok (15 us)
  Test-InstCombine_MemFold_NonConsecutive  ok (14 us)
  Test-InstCombine_MemFold_VtReadAfterStore_NotFolded  ok (18 us)
  Test-InstCombine_MaskBeforeLeftShift_DroppedDirect  ok (12 us)
  Test-InstCombine_MaskBeforeLeftShift_DroppedThroughCopies  ok (26 us)
  Test-InstCombine_MaskBeforeLeftShift_KeptWhenMaskTooNarrow  ok (11 us)
  Test-InstCombine_MaskBeforeRightShift_Kept  ok (10 us)
  Test-InstCombine_ZeroExtendOfDwordLoad_BecomesCopy  ok (16 us)
  Test-InstCombine_ZeroExtendOfQwordLoad_Kept  ok (11 us)
  Test-InstCombine_MaskedAddOfZeroExtendedWords_NarrowsToDword  ok (20 us)
  Test-InstCombine_MaskedAddWithQwordReader_Kept  ok (16 us)
  Test-InstCombine_MaskedShift_Kept  ok (14 us)
  Test-InstCombine_MemoryFoldTriple_InsideLoop  ok (29 us)
  Test-InstCombine_MemoryFoldTriple_LeavesLoopFrameSlot  ok (27 us)
  Test-InstCombine_ZeroExtendOfDwordPhi_BecomesCopy  ok (28 us)
  Test-InstCombine_MultiplyAdd_BecomesTwoAddresses  ok (942 us)
  Test-InstCombine_MultiplyAdd_PreservesObservedValuesAndFlags  ok (106 us)
  Test-InstCombine_AddressCopy_DefinesAccumulatorDirectly  ok (25 us)
  Test-InstCombine_FloatResultCopy_DefinesAccumulatorDirectly  ok (104 us)
  Test-InstCombine_SqrtResultCopy_PreservesPackedDestination  ok (32 us)
  Test-InstCombine_SqrtResultCopy_KeepsOtherUses  ok (26 us)
  Test-InstCombine_SharedAndInputs_PreservesValuesAndFlags  ok (459 us)
  Test-InstructionCombine_FoldsBooleanSelect  ok (52 us)
  Test-InstructionCombine_KeepsUnsafeBooleanSelect  ok (60 us)
  Test-InstCombine_RangeProvedCompare_ClampErased  ok (21 us)
  Test-InstCombine_RangeProvedCompare_WideMaskKept  ok (17 us)
  Test-InstCombine_RangeProvedCompare_NarrowWriteKept  ok (16 us)
  Test-InstCombine_VectorPlans_KeepFreshRegistersAcrossRollback  ok (82 us)
  Test-MicroDominators_MatchReachabilityWithANodeRemoved  ok (24 us)
  Test-LICM_HoistsInvariantLoad  ok (54 us)
  Test-LICM_HoistsSingleUseLaneBroadcast  ok (43 us)
  Test-LICM_KeepsVolatileLoadInLoop  ok (21 us)
  Test-LICM_HoistsFloatConversionAcrossCallWithLiveIntegerFlags  ok (95 us)
  Test-LICM_KeepsIntegerClearWhenFlagsAreLiveAtEitherSite  ok (42 us)
  Test-LICM_HoistsScalarLiteralLoadsButKeepsZeroLocal  ok (119 us)
  Test-MicroDomTree_MatchesPathsThroughDiamondAndLoop  ok (74 us)
  Test-NaturalLoop_CollectBody_CountsMembersOnceAcrossTailsAndRebuilds  ok (4 us)
  Test-LoopUnroll_MultipleLoops_RebuildsIncomingJumpRanges  ok (30 us)
  Test-LoopUnroll_MultipleIncomingJumps_PreservesLoop  ok (9 us)
  Test-LoopUnroll_ExternalJumpToBody_PreservesLoop  ok (10 us)
  Test-MemToReg_PlainSlot_Promotes  ok (19 us)
  Test-MemToReg_RedefinedAddressRegister_BailsFunction  ok (13 us)
  Test-MemToReg_UnwrittenWideAccess_BlocksOverlapButNotAdjacentSlot  ok (13 us)
  Test-MemToReg_WrappingWideAccess_KeepsNarrowOverlap  ok (9 us)
  Test-MicroPassManager_PostRa_RechecksSuffixAfterEachMutation  ok (12 us)
  Test-MicroPassManager_PostRa_RechecksSuffixWhenFirstSweepPolicyChanges  ok (6 us)
  Test-PostRADeadCodeElim_PreservesAbiLiveOut  ok (14 us)
  Test-PostRADeadCodeElim_UnusedReturnRegistersAreDead  ok (9 us)
  Test-PostRADeadCodeElim_LoopBackEdgeKeepsCarriedDefinition  ok (11 us)
  Test-PostRALoopHoist_InvariantReload_MovesToPreheader  ok (40 us)
  Test-PostRALoopHoist_SlotWrittenInBody_Blocks  ok (17 us)
  Test-PostRALoopHoist_OpaqueStoreInBody_Blocks  ok (17 us)
  Test-PostRALoopHoist_OpaqueStoreOverPrivateFrame_Hoists  ok (22 us)
  Test-PostRALoopHoist_SecondReload_BecomesCopy  ok (24 us)
  Test-PostRALoopHoist_DestinationLiveAtPreheader_Blocks  ok (15 us)
  Test-PostRALoopHoist_CarriedSlot_LeavesTheLoop  ok (28 us)
  Test-PostRALoopHoist_CarriedRegisterReusedElsewhere_Blocks  ok (23 us)
  Test-PostRALoopHoist_SecondDefinitionOfDestinationBlocks  ok (15 us)
  Test-PostRALoopRotate_IndependentHeadersRotate  ok (17 us)
  Test-PostRALoopRotate_SecondIncomingJumpBlocks  ok (9 us)
  Test-PostRALoopRotate_ConditionalBackEdgeBlocks  ok (8 us)
  Test-PostRAPeephole_Nop_Erased  ok (21 us)
  Test-PostRAPeephole_DoesNotForwardFromStoreClaimedByImmediateFold  ok (14 us)
  Test-PostRAPeephole_CopyForward_DoesNotCrossClaimedStoreReload  ok (12 us)
  Test-PostRAPeephole_ErasesStoreOverwrittenBeforeMemoryAccess  ok (7 us)
  Test-PostRAPeephole_DoesNotEraseOverwrittenNonFrameStore  ok (6 us)
  Test-PostRAPeephole_ErasesOwnStoreReloadOnConditionalFallthrough  ok (9 us)
  Test-PostRAPeephole_ForwardsStoredValueToReload  ok (8 us)
  Test-PostRAPeephole_CopyForward_StopsAtEncoderImplicitDef  ok (12 us)
  Test-Legalize_ScratchExcludesFirstReadsInAbiOrder  ok (15 us)
  Test-Legalize_ScratchExclusionsStopBeforeBarrierUses  ok (28 us)
  Test-Legalize_DoesNotPreserveDeadShiftRegisterAcrossJump  ok (12 us)
  Test-Legalize_RewritesB8SignedMultiplyRegMemToRax  ok (10 us)
  Test-Legalize_ClearsPositiveFloatZero  ok (26 us)
  Test-Legalize_KeepsNonzeroFloatBitsAndAddresses  ok (38 us)
  Test-Legalize_KeepsMemoryDestinationAdd  ok (6 us)
  Test-Legalize_KeepsMemoryExchange  ok (6 us)
  Test-PostRAPeephole_DoesNotForwardB8SignedMultiplyImmediate  ok (6 us)
  Test-PostRAPeephole_FoldsIntegerReloadIntoBinary  ok (9 us)
  Test-PostRAPeephole_KeepsIntegerReloadReadAfterConsumer  ok (7 us)
  Test-PostRAPeephole_FoldsIntegerReloadIntoCompare  ok (9 us)
  Test-PostRAPeephole_KeepsByteMultiplyReload  ok (7 us)
  Test-PostRAPeephole_SelfCopy_B64_Erased  ok (6 us)
  Test-PostRAPeephole_SelfCopy_IntB32_Preserved  ok (5 us)
  Test-PostRAPeephole_FallthroughJumpSkipsTrivialGap  ok (8 us)
  Test-PostRAPeephole_DeadCompareBeforeRet_Erased  ok (5 us)
  Test-PostRAPeephole_DeadCompareAfterRedundantJump_Erased  ok (7 us)
  Test-PostRAPeephole_LiveCompareForBranch_Preserved  ok (6 us)
  Test-PostRAPeephole_LoadCondRegRegKeepsCopyBecauseDestinationIsUseDef  ok (9 us)
  Test-PostRAPeephole_FlagReuse_SubThenCompareZero_CompareErased  ok (7 us)
  Test-PostRAPeephole_FlagReuse_UnsafeCondition_ComparePreserved  ok (7 us)
  Test-PostRAPeephole_FlagReuse_NonFlagProducer_ComparePreserved  ok (7 us)
  Test-PostRAPeephole_ZeroToClear_LiveFlagsDead_Converted  ok (7 us)
  Test-PostRAPeephole_ZeroToClear_DeadReg_NotConverted  ok (6 us)
  Test-PostRAPeephole_ZeroToClear_FlagsLive_NotConverted  ok (6 us)
  Test-PostRAPeephole_SelfOperand_FoldsWhenDestinationHoldsTheSlot  ok (7 us)
  Test-PostRAPeephole_SelfOperand_KeepsMemoryOperandWhenWindowExhausted  ok (11 us)
  Test-PreRAPeephole_FloatBinary_DefinesIndependentResult  ok (68 us)
  Test-PreRAPeephole_FloatBinary_PreservesCopiedSecondOperand  ok (15 us)
  Test-PreRAPeephole_ForwardsLoadImmIntoStore  ok (11 us)
  Test-PreRAPeephole_ForwardsLoadImmIntoCmpMem  ok (7 us)
  Test-PreRAPeephole_ForwardsLoadImmIntoMemBinary  ok (7 us)
  Test-PreRAPeephole_ForwardsCopyIntoNextUseOnlySlots  ok (8 us)
  Test-PreRAPeephole_TransfersForbiddenPhysRegsAcrossCopyForward  ok (8 us)
  Test-PreRAPeephole_DoesNotRewriteExchangeUseDefConsumer  ok (7 us)
  Test-PreRAPeephole_ForwardsLoadImmIntoAmcStore  ok (8 us)
  Test-PreRAPeephole_ForwardsClearRegIntoImmediateCompare  ok (16 us)
  Test-PreRAPeephole_FoldsExtendOfImmediate  ok (7 us)
  Test-PreRAPeephole_FoldsPointerImmediateIntoAddress  ok (7 us)
  Test-PreRAPeephole_CombinesAdjacentRegImmAdd  ok (10 us)
  Test-PreRAPeephole_KeepsAdjacentRegImmAddWhenFlagsAreLive  ok (8 us)
  Test-PreRAPeephole_FoldsCopyAddIntoLoadAddress  ok (7 us)
  Test-PreRAPeephole_FoldsCopyAddIntoLoadAddressDespiteMismatchedForbiddenRegs  ok (7 us)
  Test-PreRAPeephole_KeepsCopyAddWhenFlagsAreLive  ok (7 us)
  Test-PreRAPeephole_FoldsAmcIndexImmediateIntoSimpleLoad  ok (7 us)
  Test-PreRAPeephole_FoldsAddressBaseIntoAmcStore  ok (8 us)
  Test-PreRAPeephole_FoldsAmcAddressIntoStore  ok (9 us)
  Test-MicroPrologEpilogSanitize_MergesAdjacentStackAdjustments  ok (14 us)
  Test-MicroPrologEpilogSanitize_DoesNotMergeOutsideEntryExitRegions  ok (9 us)
  Test-MicroPrologEpilogSanitize_ExpandsLargeWindowsStackAdjustIntoPageProbes  ok (8 us)
  Test-MicroPrologEpilogSanitize_KeepsOnlyLastFramePointerSetupInEntryProlog  ok (8 us)
  Test-MicroPrologEpilogSanitize_ReinsertsForcedFramePointerSetupWhenMissing  ok (7 us)
  Test-MicroPrologEpilogSanitize_DoesNotTouchFramePointerSetupAfterBodyStarts  ok (7 us)
  Test-MicroReg_SameClassMatchesVirtualAndPhysicalRegisters  ok (0 us)
  Test-RegAlloc_UsesDedicatedLocalStackBaseRegister  ok (101 us)
  Test-RegAlloc_PersistentAcross  ok (238 us)
  Test-RegAlloc_NoCalls       ok (120 us)
  Test-RegAlloc_MixedIntFloat  ok (197 us)
  Test-RegAlloc_LotsOfVirtualRegs  ok (3 ms)
  Test-RegAlloc_PreservePersistentRegs_Enabled  ok (125 us)
  Test-RegAlloc_PreservePersistentRegs_Disabled  ok (65 us)
  Test-RegAlloc_PreservePersistentRegs_NoNeed  ok (52 us)
  Test-RegAlloc_Spill_IntPressureAcrossCall  ok (297 us)
  Test-RegAlloc_Spill_FloatAcrossCall_NoPersistent  ok (208 us)
  Test-RegAlloc_VirtualRegForbiddenPhysRegs  ok (77 us)
  Test-RegAlloc_Spill_BalancedControlFlow  ok (405 us)
  Test-RegAlloc_KnownComputedJumpKeepsIntervalAllocation  ok (256 us)
  Test-RegAlloc_LoadBaseAddressAcrossCall  ok (109 us)
  Test-RegAlloc_ConcreteLoadDestAcrossCall  ok (110 us)
  Test-RegAlloc_VirtualDefAvoidsLiveConcreteReg  ok (78 us)
  Test-RegAlloc_UsesPersistentFallbackWhenTransientPoolExhausted  ok (59 us)
  Test-RegAlloc_CoalescesLinearVirtualCopies  ok (66 us)
  Test-RegAlloc_TransfersDeadCopySourcesAcrossBarriers  ok (87 us)
  Test-RegAlloc_RematerializesImmediateReloads  ok (63 us)
  Test-MicroInstr_FloatToIntReplacesItsDestination  ok (10 us)
  Test-MicroInstr_SqrtReplacesItsDestination  ok (7 us)
  Test-MicroInstr_SqrtDropsOnlyOverwrittenInitialization  ok (41 us)
  Test-MicroInstr_FloatToIntKeepsOnlyLiveFlagInitialization  ok (23 us)
  Test-RegAlloc_LiveIntervalAccessSearchBoundaries  ok (2 us)
  Test-RegAlloc_LiveIntervalEmptyAndSingleAccess  ok (0 us)
  Test-RegAlloc_LiveIntervalRangeStartSearchBoundaries  ok (0 us)
  Test-MicroSanity_RejectsStackAddressReturnedAsPointer  ok (35 us)
  Test-MicroSanity_AllowsKnownNonStackPointer  ok (14 us)
  Test-MicroSanity_IgnoresStackAddressReturnedAsInteger  ok (15 us)
  Test-SinkToUse_MovesDefinitionToItsConsumer  ok (22 us)
  Test-SinkToUse_LoadCannotCrossBaseRedefinition  ok (8 us)
  Test-SinkToUse_LoadCannotCrossMemoryWrite  ok (8 us)
  Test-SlpVectorize_UnpackableStores_DoesNotBuildSsa  ok (21 us)
  Test-SlpVectorize_MultipleBlocks_PreservesSnapshotAndFreshRegisters  ok (61 us)
  Test-MicroSsa_PhiAtJoin     ok (31 us)
  Test-MicroSsa_Dominators_HandleEntryAndDescendantJoin  ok (10 us)
  Test-MicroSsa_ReachingDef_BeforeWritesAndAtNonUses  ok (8 us)
  Test-MicroSsa_ReachingDef_DominatorSiblings  ok (12 us)
  Test-MicroSsa_ReachingDef_LoopAndUnreachableRoot  ok (10 us)
  Test-MicroSsa_PhiAtJoinWithSharedPredecessorDominator  ok (12 us)
  Test-MicroSsa_PhiInputsFollowManyPredecessors  ok (105 us)
  Test-MicroSsa_RebuildAddsFrontierAfterLinearBlocks  ok (21 us)
  Test-MicroStackAdjustNormalize_RemovesBodyAdjustsAndRebasesOffsets  ok (25 us)
  Test-MicroStackAdjustNormalize_HandlesBranchingDepths  ok (16 us)
  Test-MicroStorage_InsertedInstructionsUseExplicitDebugInsertionKinds  ok (2 us)
  Test-MicroStorage_InsertBeforePreservesExplicitNoStepWhenSourceIsInherited  ok (0 us)
  Test-MicroStackAdjustNormalize_SkipsCallsBelowMaxDepth  ok (19 us)
  Test-StrengthReduction_MultiplyPowerOfTwo  ok (84 us)
  Test-StrengthReduction_MultiplyPowerOfTwoKeepsLiveFlags  ok (13 us)
  Test-StrengthReduction_MultiplyByZero  ok (10 us)
  Test-StrengthReduction_MultiplyByOne  ok (23 us)
  Test-StrengthReduction_MultiplyNonPowerOfTwoUnchanged  ok (10 us)
  Test-StrengthReduction_UnsignedDivideMagicNoFixup  ok (16 us)
  Test-StrengthReduction_UnsignedDivideMagicFixup  ok (17 us)
  Test-StrengthReduction_SignedDividePow2  ok (13 us)
  Test-StrengthReduction_SignedDivideMagic  ok (13 us)
  Test-StrengthReduction_UnsignedModuloMagic  ok (13 us)
  Test-StrengthReduction_SignedDivideNegativeConstantUnchanged  ok (9 us)
  Test-StrengthReduction_DivideByZeroUnchanged  ok (8 us)
  Test-StrengthReduction_NarrowDivideUnchanged  ok (8 us)
  Test-StrengthReduction_RemoveAddZeroDeadAcrossJoin  ok (37 us)
  Test-StrengthReduction_UnsignedMultiplyRequiresLocalFlagRedefinition  ok (70 us)
  Test-StrengthReduction_AddSubZeroPreservesLiveResultsAndFlags  ok (95 us)
  Test-ValueNumbering_DedupIdenticalCompute  ok (46 us)
  Test-ValueNumbering_KeepsDifferentInputs  ok (30 us)
  Test-ValueNumbering_KeepsComputeWithLiveFlags  ok (27 us)
  Test-ValueNumbering_DedupLoadAddress  ok (21 us)
  Test-ValueNumbering_KeepsComputeWhenSourceClobbered  ok (22 us)
  Test-ValueNumbering_DedupRepeatedLoad  ok (26 us)
  Test-ValueNumbering_DedupRepeatedFieldLoad  ok (22 us)
  Test-ValueNumbering_KeepsLoadAcrossStore  ok (23 us)
  Test-ValueNumbering_KeepsLoadAcrossLabel  ok (34 us)
  Test-ValueNumbering_DedupLoadAcrossFallthroughBranch  ok (33 us)
  Test-ValueNumbering_DedupPlainLoadAfterExtendingLoad  ok (25 us)
  Test-ValueNumbering_ExtendsEarlierPlainLoad  ok (21 us)
  Test-ValueNumbering_KeepsFrameLoadsForMemToReg  ok (18 us)
  Test-ValueNumbering_SharesScalarFloatLiteralBits  ok (104 us)
  Test-ValueNumbering_KeepsCheapOrDistinctLiterals  ok (63 us)
  Test-ValueNumbering_KeepsSiblingComputesAndReusesJoinDefinition  ok (35 us)
  Test-VecLoopPromote_LoadStorePair_HoistsAndSinks  ok (28 us)
  Test-VecLoopPromote_OverlappingScalarStore_Blocks  ok (18 us)
  Test-VecLoopPromote_LoadOnlyChunk_HoistsWithoutStore  ok (18 us)
  Test-VecLoopPromote_StackPointerDefinitionInBody_Blocks  ok (29 us)
  Test-NativeArtifact_RuntimeDependencyOrderPreservesPriorityAndCycleFallback  ok (583 us)
  Test-NativeArtifact_DefaultsToLocalOutputTree  ok (100 us)
  Test-NativeArtifact_ImportedApiKeepsLocalOutputTree  ok (46 us)
  Test-NativeArtifact_ModuleNamespaceDefaultsFromModulePath  ok (33 us)
  Test-NativeArtifact_ModuleNamespaceOverrideWins  ok (1 us)
  Test-NativeArtifact_ExplicitArtifactKindOverridesBuildCfgMutation  ok (1 us)
  Test-NativeArtifact_RDataKeepsGrowingCyclicDependencies  ok (533 us)
  Test-NativeArtifact_CompilerRunExprInsideTestKeepsJitRunnable  ok (205 ms)
  Test-NativeArtifact_CompilerInstanceNativeRegistrationKeepsBucketsConsistent  ok (118 ms)
  Test-NativeArtifact_ExecutablePrunesUnreachableGeneratedFunctions  ok (191 ms)
  Test-NativeArtifact_ExecutableClosesAlternatingDependencies  ok (190 ms)
  Test-NativeArtifact_SilentSpecOpProbeDoesNotDropStructCopyTests  ok (210 ms)
  Test-NativeArtifact_TestFileFilterKeepsReusableArtifactAndSelectsAtRunTime  ok (170 ms)
  Test-NativeArtifact_TestTagFilterKeepsReusableArtifactAndSelectsAtRunTime  ok (213 ms)
  Test-NativeArtifact_TestProgressProtocolIsStrict  ok (57 us)
  Test-NativeArtifact_ConcurrentCompilerInputsKeepEveryDependency  ok (7 s 904 ms)
  Test-PeWriter_CompressesEmbeddedDebugTable  ok (6 ms)
  Test-PeWriter_FoldsIdenticalUnwindInfo  ok (77 us)
  Test-PeWriter_Win32ApplicationResourcesUseConfig  ok (66 us)
  Test-Sema_OverloadRankingUsesOrderedConversionCriteria  ok (14 us)
  Test-Sema_MatchCandidateCollectionPreservesUniqueDiscoveryOrder  ok (117 us)
  Test-Sema_GenericInstanceStoragePreservesIdentityAcrossGrowth  ok (2 ms)
  Test-Sema_AggregateTypeInterningUsesOrderedContents  ok (2 ms)
  Test-Sema_TypeManagerConcurrentInterningKeepsCanonicalStorage  ok (6 ms)
  Test-Sema_TypeManagerReleasesOwnedPayloads  ok (2 ms)
  Test-Sema_CastLegalityCoversScalarConversionKinds  ok (91 us)
  Test-Sema_GenericDeductionBindingHandlesConflictsAndDefaults  ok (74 us)
  Test-Sema_CompletedFreesSummariesKeepDirectForwardingTransitive  ok (37 us)
  Test-Sema_CompletedFreesSummariesResolveGuardedAliasRoutes  ok (47 us)
  Test-SemaPurity_GlobalVariableReadIsNotConstFolded  ok (269 ms)
  Test-SemaPurity_NamespaceQualifiedGlobalFieldReadIsNotConstFolded  ok (289 ms)
  Test-JobManager_DebugStateReportsSleepingJobs  ok (84 us)
  Test-JobManager_ProgressiveWorkersDrainQueuedJobs  ok (2 ms)
  Test-JobManager_TargetedWakeBySymbol  ok (32 us)
  Test-AppendOnlyLookupTable_GrowsAcrossChunks  ok (71 us)
  Test-AppendOnlyLookupTable_ConcurrentReaderSeesPublishedEntries  ok (778 us)
  Test-PagedStore_CopyToPreserveOffsetsKeepsSparseLayout  ok (62 us)
  Test-DataSegment_RelocationIndexHandlesInterleavedMonotonicAdds  ok (31 us)
  Test-DataSegment_RelocationIndexRebuildsAfterOutOfOrderAdd  ok (17 us)
  Test-DataSegment_RelocationRangesPreserveIndexedAndTailEntries  ok (85 us)
  Test-DataSegment_FindAllocationUsesPublishedAllocations  ok (16 us)
  Test-DataSegment_LargeBlockPointersPreservePagedPrefixAndAlignedAllocations  ok (290 us)
  Test-PagedStore_ReserveSpanReturnsWritableContiguousStorage  ok (10 us)
  Test-PagedStore_EmptyCopySpanDoesNotAllocateStorage  ok (5 us)
  Test-PagedStore_ReserveRangeSupportsOversizedZeroedBlocks  ok (14 us)
  Test-Logger_TestTalliesNameSuccessfulWork  ok (51 us)
  Test-Logger_NestedStagesDetailedChoiceDoesNotLeak  ok (0 us)
  Test-Logger_ProgressCanBeDisabledFromCommandLine  ok (182 us)
  Test-Os_FatalHostExceptionClassificationExcludesCppExceptions  ok (17 us)
  Test-Os_FileLockOwnersNameTheProcessMappingAnImage  ok (299 ms)
  Test-FileSystem_AppendFileUsersNamesThisCompilerProcess  ok (262 ms)
  Test-FileSystem_AppendFileUsersLeavesAnUnheldFileAlone  ok (29 ms)
  Test-Utf8_MoveOperationsTransferStorage  ok (4 us)
  Test-Utf8_FixedDecimalFormatting  ok (4 us)
  Test-WarningPolicy_ReadsWarningIdentifiers  ok (69 us)
  Test-WarningPolicy_ParsesLists  ok (21 us)
  Test-WarningPolicy_ResolvesLayerPrecedence  ok (1 us)
  Tests                       694 tests (12 s 334 ms)
  Skipped                     28 filesystem tests (run with --dev-full)
  Slow-01                     NativeArtifact_ConcurrentCompilerInputsKeepEveryDependency (7 s 904 ms)
  Slow-02                     Os_FileLockOwnersNameTheProcessMappingAnImage (299 ms)
  Slow-03                     SemaPurity_NamespaceQualifiedGlobalFieldReadIsNotConstFolded (289 ms)
  Slow-04                     SemaPurity_GlobalVariableReadIsNotConstFolded (269 ms)
  Slow-05                     FFI_CallSwagStructByValueInteropDevMode (265 ms)
  Slow-06                     FileSystem_AppendFileUsersNamesThisCompilerProcess (262 ms)
  Slow-07                     NativeArtifact_TestTagFilterKeepsReusableArtifactAndSelectsAtRunTime (213 ms)
  Slow-08                     NativeArtifact_SilentSpecOpProbeDoesNotDropStructCopyTests (210 ms)
  Slow-09                     NativeArtifact_CompilerRunExprInsideTestKeepsJitRunnable (205 ms)
  Slow-10                     NativeArtifact_ExecutablePrunesUnreachableGeneratedFunctions (191 ms)
  ✓  tested      694 passed • 12 s 349 ms
  ✓  clean       12 s 363 ms
