  ◆  swag        unittest • sources
  Test-ABI_AddressedNarrowIntegerHomeUsesNarrowLoad  ok (844 us)
  Test-ABI_SwagSimdArgsUseExtendedRegistersThenWideStackSlots  ok (8 us)
  Test-FFI_CallNativeNoArgBool  ok (1 ms)
  Test-FFI_CallNativeU8       ok (363 us)
  Test-FFI_CallNativeI32      ok (129 us)
  Test-FFI_CallNativeF32      ok (73 us)
  Test-FFI_CallNativeF64      ok (60 us)
  Test-FFI_CallNativeF64StackArg  ok (231 us)
  Test-FFI_CallNativeMixedArgs  ok (71 us)
  Test-FFI_CallNativeStackArgs  ok (207 us)
  Test-FFI_CallNativePointerArg  ok (56 us)
  Test-ABI_SwagStructArgPassingMatchesNative  ok (0 us)
  Test-FFI_CallSwagStructByValueInteropDevMode  ok (334 ms)
  Test-FFI_CallSwagStructByValueInteropRelease  ok (296 ms)
  Test-FFI_CallNativeStructByValueRegister  ok (193 us)
  Test-FFI_CallNativeStructByValueStack  ok (86 us)
  Test-FFI_CallNativeStructByReferenceCopy  ok (63 us)
  Test-FFI_CallNativeStructReturnByValueRegister  ok (59 us)
  Test-FFI_CallNativeStructReturnByReference  ok (53 us)
  Test-ConstantManager_CopiesBorrowedStructPayloadOutsideDataSegment  ok (25 us)
  Test-ConstantManager_StoresNullableCStringFromBlockPointer  ok (8 us)
  Test-ConstantValue_MakesNullableCStringFromRuntimePointer  ok (2 us)
  Test-ConstantManager_CopiesBorrowedArrayPayloadOutsideDataSegment  ok (23 us)
  Test-ConstantManager_DeduplicatesBorrowedArrayPayloadsByValue  ok (2 us)
  Test-ConstantManager_CachesZeroPayloadConstantsByType  ok (31 us)
  Test-ConstantManager_CopiesBorrowedSlicePayloadOutsideDataSegment  ok (4 us)
  Test-ConstantManager_AcceptsEmptyBorrowedSlicePayloads  ok (7 us)
  Test-ConstantManager_DistinguishesPresentEmptySlicePayloads  ok (11 us)
  Test-ConstantManager_DeduplicatesMaterializedArrayPayloadConstants  ok (8 us)
  Test-ConstantManager_DoesNotDeduplicateMaterializedArrayPayloadsWithDifferentRelocations  ok (6 us)
  Test-ConstantManager_OwnsAggregateElementsAfterInputsAreDestroyed  ok (220 us)
  Test-ConstantManager_ReleasesOwnedAggregatePayloads  ok (10 ms)
  Test-ConstantManager_PreservesStringNormalizationOnRepeatedInputs  ok (158 us)
  Test-ConstantManager_PublishesCanonicalReferencesAcrossGrowth  ok (8 ms)
  Test-ConstantManager_EnrichesStorageReferencesWithoutMutatingInputs  ok (203 us)
  Test-ConstantManager_ConcurrentInterningKeepsCanonicalStorage  ok (5 ms)
  Test-Compiler_NewScriptCommandParsesDefaultPath  ok (116 us)
  Test-Compiler_CommandLineHelpStopsBeforeCompilation  ok (240 us)
  Test-Compiler_NewModuleCommandParsesWorkspace  ok (81 us)
  Test-Compiler_DocSearchPreservesLiteralCode  ok (45 us)
  Test-Compiler_DocCommandParsesOptions  ok (1 ms)
  Test-Compiler_DocMarkdownRendersSupportedBlocks  ok (237 us)
  Test-Compiler_DocBlockCommentsPreserveCodeIndentation  ok (33 us)
  Test-Compiler_DocMarkdownRendersCompleteLists  ok (131 us)
  Test-Compiler_DocMarkdownRendersHeaderlessTableAndNestedInline  ok (36 us)
  Test-Compiler_LegacyStaticControlDirectivesAreNotKeywords  ok (5 us)
  Test-Compiler_AutoInlineCostPricesCallsAndRewardsOneModuleCallSite  ok (1 ms)
  Test-Compiler_ExplicitInlineExpandsCrossFileBody  ok (226 ms)
  Test-Compiler_InMemorySourceRunsSemaWithoutDiskIO  ok (165 us)
  Test-Compiler_InMemorySourceKeepsFormatCommandGlobalIfDuringFormat  ok (86 us)
  Test-Compiler_InMemorySourceSkipsFalseGlobalIf  ok (52 us)
  Test-Compiler_InMemorySourceSkipsTestCommandGlobalIfOutsideTests  ok (51 us)
  Test-Compiler_InMemorySourceKeepsTestCommandGlobalIfDuringTests  ok (64 us)
  Test-Compiler_GenericUnionDeductionRemainsStableForHistoricalRandomSeed1002  ok (254 ms)
  Test-Compiler_GenericUnionDeductionRemainsStableForHistoricalRandomSeed1009  ok (225 ms)
  Test-Compiler_GenericUnionDeductionRemainsStableForHistoricalRandomSeed1032  ok (218 ms)
  Test-Compiler_GenericUnionDeductionRemainsStableForHistoricalRandomSeed1143  ok (238 ms)
  Test-Compiler_AstVisitPreservesSiblingsAcrossPauseSkipAndRestart  ok (361 us)
  Test-Compiler_AstVisitResolvesChildrenWithoutFollowingActiveAncestors  ok (301 us)
  Test-Compiler_SymbolLocationSortKeepsStableTokenOrderWithinOneFile  ok (136 us)
  Test-Compiler_SymbolLocationSortKeepsCompositeKeysAcrossFiles  ok (94 us)
  Test-Compiler_MessagePassSkipsWithoutListeners  ok (1 ms)
  Test-Compiler_MessagePassQueuesOnlyOncePerListener  ok (1 ms)
  Test-Compiler_MessageAliasPayloadUsesUnderlyingType  ok (9 us)
  Test-Compiler_DiagnosticWarningSeverityColorIsMagenta  ok (0 us)
  Test-Compiler_DiagnosticCatalogFollowsSwagMessageStyle  ok (1 ms)
  Test-Compiler_AssertDiagnosticPreservesLiteralSuffixQuotes  ok (75 us)
  Test-Compiler_DiagnosticEscapesQuotedArgumentTicks  ok (20 us)
  Test-Compiler_DiagnosticArgumentCountDoesNotRepeatUnit  ok (114 us)
  Test-Compiler_DiagnosticRemovesUnexpandedWordPlaceholders  ok (17 us)
  Test-Compiler_NativeExitCodeDiagnosticShowsDecimalAndHex  ok (15 us)
  Test-Compiler_DiagnosticEscapesQuotedArgumentWithoutBreakingHelpSplit  ok (17 us)
  Test-NodePayload_ConcurrentUpdatesPreserveDisjointState  ok (15 ms)
  Test-NodePayload_MutableAndConstSymbolListsPreserveFlagsAndOrder  ok (75 us)
  Test-Compiler_CommandLineTagsReachSema  ok (207 ms)
  Test-Compiler_InternalTagPrecedesUserOverride  ok (202 ms)
  Test-Compiler_TestCommandEnablesSourceDrivenModeWhenParsed  ok (143 us)
  Test-Compiler_DebugOptionEnablesDebugInformation  ok (77 us)
  Test-Compiler_ReleaseBuildDoesNotEnableDebugInformation  ok (66 us)
  Test-Compiler_TestCommandRegistersSwagTestCompilerTag  ok (192 ms)
  Test-Compiler_UnittestCommandKeepsSourceDrivenModeDisabledWhenParsed  ok (88 us)
  Test-Compiler_RunCommandParsesRunArgs  ok (95 us)
  Test-Compiler_TestCommandForcesSwagTestRunArg  ok (72 us)
  Test-Compiler_TestCommandDoesNotDuplicateSwagTestRunArg  ok (3 us)
  Test-Compiler_TestCommandKeepsExplicitSandboxRoot  ok (3 us)
  Test-Compiler_TestCommandGrantsTheModuleAsCorpus  ok (16 us)
  Test-Compiler_TestCommandGrantsTheWorkspaceWithoutAModule  ok (5 us)
  Test-Compiler_SmokeCommandGrantsNoCorpus  ok (3 us)
  Test-DebugInfo_EmitsWindowsSymbolAndTypeRecords  ok (164 us)
  Test-DebugInfo_PdbInfoEmitsWindowsBuildInfo  ok (49 us)
  Test-DebugInfo_EmitsWindowsVariableAndConstantRecords  ok (100 us)
  Test-DebugInfo_UsesPerVariableBaseRegistersForRegRelativeSymbols  ok (44 us)
  Test-DebugInfo_CollapsesConsecutiveSameLineEntries  ok (129 us)
  Test-DebugInfo_SkipsNoStepLineEntries  ok (100 us)
  Test-DebugInfo_FirstLineCoversEntry  ok (72 us)
  Test-DebugInfo_ResolvesNoStepBackendSourceInfo  ok (19 us)
  Test-DebugInfo_UsesOwnerSourceFileForGeneratedViews  ok (126 us)
  Test-DebugInfo_UsesDebugSourceCodeRefForGeneratedViewLines  ok (440 us)
  Test-DebugInfo_CompilerTestFunctionsPreserveStackDebugMetadata  ok (297 ms)
  Test-DebugInfo_RuntimeStorageLocalsStayOutOfCodeView  ok (285 ms)
  Test-DebugInfo_CompilerPrivateGlobalsReachCodeViewDataSymbols  ok (297 ms)
  Test-DebugInfo_EmitsWindowsSourceChecksums  ok (164 us)
  Test-EncodeX64_Flow         ok (983 us)
  Test-EncodeX64_Load         ok (2 ms)
  Test-EncodeX64_CmpAndCond   ok (514 us)
  Test-EncodeX64_VecPackedOps  ok (2 ms)
  Test-EncodeX64_LegalizeLargeCmpRegImmPreservesLhs  ok (68 us)
  Test-EncodeX64_UnaryOps     ok (125 us)
  Test-EncodeX64_BinaryRegRegOps  ok (1 ms)
  Test-EncodeX64_BinaryRegMemOps  ok (93 us)
  Test-EncodeX64_BinaryMemRegOps  ok (205 us)
  Test-EncodeX64_BinaryImmOps  ok (833 us)
  Test-EncodeX64_TernaryAndConvert  ok (193 us)
  Test-EncodeX64_UnwindFromMicro  ok (43 us)
  Test-EncodeX64_UnwindFramePointerSetupAfterStackShape  ok (31 us)
  Test-EncodeX64_UnwindStopsBeforeStackStoreBody  ok (30 us)
  Test-EncodeX64_UnwindUpdatesFramePointerWhenAssignedTwice  ok (30 us)
  Test-EncodeX64_UnwindLocalStackBaseIsNotAFrameRegister  ok (27 us)
  Test-EncodeX64_UnwindStopsAfterBodyStart  ok (22 us)
  Test-FormatAlign_ConsecutiveAssignments  ok (466 us)
  Test-FormatAlign_ConsecutiveAliases  ok (156 us)
  Test-FormatAlign_AliasesAcrossAttributesAndBlankLines  ok (155 us)
  Test-FormatAlign_AssignmentsBreakOnIndentation  ok (211 us)
  Test-FormatAlign_AssignmentsBreakOnBlankLine  ok (144 us)
  Test-FormatAlign_AssignmentsAcrossBlanks  ok (133 us)
  Test-FormatAlign_ConsecutiveDeclarations  ok (140 us)
  Test-FormatAlign_ControlDeclarationsBreakDeclarationGroups  ok (186 us)
  Test-FormatAlign_ConsecutiveConstants  ok (317 us)
  Test-FormatAlign_StructFields  ok (242 us)
  Test-FormatAlign_EnumValues  ok (337 us)
  Test-FormatAlign_NoneRemovesAlignment  ok (136 us)
  Test-FormatAlign_TrailingComments  ok (183 us)
  Test-FormatAlign_TrailingCommentsBreakOnIndentation  ok (245 us)
  Test-FormatAlign_TrailingCommentsNormalized  ok (343 us)
  Test-FormatAlign_FatArrowsConsecutive  ok (218 us)
  Test-FormatAlign_FatArrowsBreakOnPlainFunction  ok (209 us)
  Test-FormatAlign_SingletonTightensStalePadding  ok (160 us)
  Test-FormatAlign_StructFieldsWithTypeQualifiers  ok (204 us)
  Test-FormatAlign_StructFieldGridMixed  ok (204 us)
  Test-FormatAlign_StructFieldGridOffKeepsSingleColumn  ok (141 us)
  Test-FormatAlign_DeclarationGridInitializers  ok (179 us)
  Test-FormatAlign_ConstantGridTypes  ok (169 us)
  Test-FormatAlign_QualifiedConstantGridTypes  ok (150 us)
  Test-FormatAlign_QualifiedDeclarationPrefixes  ok (261 us)
  Test-FormatAlign_CaseBodiesConsecutive  ok (208 us)
  Test-FormatAlign_ArrayColumns  ok (142 us)
  Test-FormatAlign_ArrayColumnsSkipsRaggedRows  ok (117 us)
  Test-FormatAlign_HangingLineFollowsAlignedAnchor  ok (194 us)
  Test-FormatAlign_AfterOpenBracketUsesLiteralBrace  ok (159 us)
  Test-FormatAlign_AfterOpenBracketKeepsDataTableRows  ok (126 us)
  Test-FormatAlign_OperandsInsideBracketAnchorOnBracket  ok (143 us)
  Test-FormatAlign_OperandsOutsideBracketAnchorOnStatement  ok (129 us)
  Test-FormatAlign_OutlierGapLeavesLongLineAlone  ok (135 us)
  Test-FormatAlign_OutlierGapKeepsGradedTable  ok (151 us)
  Test-FormatAlign_OutlierGapDropsBothEnds  ok (139 us)
  Test-FormatAlign_AcrossBlanksReadsTheCappedBlankCount  ok (107 us)
  Test-FormatAlign_AccessModifierLineDoesNotBreakTheGroup  ok (132 us)
  Test-FormatAlign_WrappedArgumentsFollowTheAlignedHead  ok (213 us)
  Test-FormatAttributes_OwnLine  ok (122 us)
  Test-FormatAttributes_Inline  ok (105 us)
  Test-FormatAttributes_BreakAfterAttribute  ok (105 us)
  Test-FormatAttributes_Grouped  ok (127 us)
  Test-FormatAttributes_SortArguments  ok (171 us)
  Test-FormatAttributes_SortArgumentsWithDifferentPieceCounts  ok (124 us)
  Test-FormatAttributes_SpaceAfterAttributeComma  ok (111 us)
  Test-FormatBlanks_MaxConsecutiveEmptyLinesUnlimited  ok (128 us)
  Test-FormatBlanks_MaxConsecutiveEmptyLinesCollapses  ok (125 us)
  Test-FormatBlanks_MaxConsecutiveEmptyLinesOne  ok (129 us)
  Test-FormatBlanks_AfterOpeningBraceNever  ok (123 us)
  Test-FormatBlanks_AfterOpeningBracePreserve  ok (101 us)
  Test-FormatBlanks_AfterOpeningBraceAlways  ok (106 us)
  Test-FormatBlanks_BeforeClosingBraceNever  ok (101 us)
  Test-FormatBlanks_BeforeClosingBracePreserve  ok (101 us)
  Test-FormatBlanks_BeforeClosingBraceAlways  ok (99 us)
  Test-FormatBlanks_AroundAccessBlocksAlways  ok (158 us)
  Test-FormatBlanks_AroundAccessBlocksNever  ok (128 us)
  Test-FormatBlanks_AroundAccessBlocksPreserve  ok (119 us)
  Test-FormatBlanks_TrimTrailingNewlinesCollapsesToOne  ok (105 us)
  Test-FormatBlanks_TrimTrailingNewlinesDisabled  ok (102 us)
  Test-FormatBlanks_CombinedBlockEdges  ok (152 us)
  Test-FormatBlanks_BeforeFunctionAlways  ok (132 us)
  Test-FormatBlanks_BeforeFunctionKeepsDocCommentAttached  ok (142 us)
  Test-FormatBlanks_BeforeFunctionKeepsShortFormsStacked  ok (202 us)
  Test-FormatBlanks_BeforeTypeAlways  ok (173 us)
  Test-FormatBlanks_BeforeCommentBlockAlways  ok (135 us)
  Test-FormatBlanks_BeforeCommentBlockKeepsBlockStartAndRuns  ok (114 us)
  Test-FormatBlanks_BeforeCommentBlockKeepsInlineBodyStart  ok (131 us)
  Test-FormatBlanks_AfterGlobalBlockInsertsBlank  ok (101 us)
  Test-FormatBlanks_AfterGlobalThenUsingBlocks  ok (216 us)
  Test-FormatBlanks_BetweenCasesMultiLine  ok (212 us)
  Test-FormatBlanks_BetweenCasesNeverRemovesBlanks  ok (161 us)
  Test-FormatBlanks_AfterStandaloneClosingBraceAlways  ok (136 us)
  Test-FormatBlanks_AfterStandaloneClosingBraceNever  ok (126 us)
  Test-FormatBlanks_AfterStandaloneClosingBracePreserve  ok (124 us)
  Test-FormatBlanks_AfterStandaloneClosingBraceKeepsElseAttached  ok (172 us)
  Test-FormatBraces_AllmanMovesBraceToOwnLine  ok (172 us)
  Test-FormatStatements_OneStatementPerLine  ok (144 us)
  Test-FormatStatements_UsingFieldPrefixStaysTogether  ok (128 us)
  Test-FormatStatements_OneEnumValuePerLine  ok (112 us)
  Test-FormatBraces_ShortInlineDoBodiesSplit  ok (150 us)
  Test-FormatBraces_DestructuringPatternsStayInlineAndIndentAsStatements  ok (242 us)
  Test-FormatBraces_AttachJoinsBrace  ok (100 us)
  Test-FormatBraces_AllmanOnControlBlocks  ok (116 us)
  Test-FormatBraces_BreakBeforeElse  ok (121 us)
  Test-FormatBraces_JoinElseToBrace  ok (117 us)
  Test-FormatBraces_CompactEmptyBraces  ok (92 us)
  Test-FormatBraces_ShortFunctionsNeverSplits  ok (154 us)
  Test-FormatBraces_ShortFunctionsNeverKeepsEmpty  ok (102 us)
  Test-FormatBraces_SourceSelectsDefinitionLayout  ok (317 us)
  Test-FormatBraces_ShortBlocksInlineJoins  ok (141 us)
  Test-FormatBraces_ShortIfNeverSplits  ok (128 us)
  Test-FormatBraces_ShortLoopsJoin  ok (133 us)
  Test-FormatBraces_ShortEnumsSplit  ok (95 us)
  Test-FormatBraces_ShortCaseSplits  ok (161 us)
  Test-FormatBraces_ShortCaseJoins  ok (160 us)
  Test-FormatBraces_CaseUniformJoinsJumpTable  ok (166 us)
  Test-FormatBraces_CaseUniformExpandsMixedSwitch  ok (170 us)
  Test-FormatBraces_StaticIfChainAlignsAndBreaks  ok (172 us)
  Test-FormatBraces_StaticControl  ok (247 us)
  Test-FormatBraces_StaticIfSingleLineChainStaysInline  ok (144 us)
  Test-FormatBraces_MultiLineBlockContentLeavesBraceLines  ok (185 us)
  Test-FormatBraces_AllmanOnStaticIfBlocks  ok (121 us)
  Test-FormatBraces_ShortStructsKeepTupleTypes  ok (159 us)
  Test-FormatBraces_ShortStructsStillSplitDeclarations  ok (108 us)
  Test-FormatBraces_ShortFunctionsKeepClosureArguments  ok (222 us)
  Test-FormatBraces_ShortBlocksKeepInitializerLiterals  ok (213 us)
  Test-FormatBraces_ShortFunctionsInlineKeepsClosureBodies  ok (186 us)
  Test-FormatStatements_RemoveRedundantSemicolons  ok (164 us)
  Test-FormatStatements_RemoveConditionParentheses  ok (144 us)
  Test-FormatBraces_BreakBeforeWhere  ok (160 us)
  Test-FormatBraces_ShortClosuresNeverSplits  ok (173 us)
  Test-FormatBraces_UniformKeepsArmsWhoseCallIsWrapped  ok (222 us)
  Test-FormatBraces_UniformExpandsWhenAnArmCarriesABlock  ok (837 us)
  Test-FormatBraces_SemicolonPushedToEndOfLineByWrappingIsRemoved  ok (159 us)
  Test-FormatBraces_AnonymousStructTypeKeepsItsShape  ok (165 us)
  Test-FormatComments_SpaceAfterLineCommentPrefix  ok (122 us)
  Test-FormatComments_NormalizeSectionSeparators  ok (92 us)
  Test-FormatComments_ReflowParagraph  ok (115 us)
  Test-FormatComments_ReflowJoinsShortLines  ok (159 us)
  Test-FormatComments_NormalizeMode  ok (91 us)
  Test-FormatComments_LastInBlockKeepsBlockIndent  ok (150 us)
  Test-FormatComments_LastInNestedBlockKeepsBlockIndent  ok (173 us)
  Test-FormatComments_LastInSwitchKeepsArmIndent  ok (193 us)
  Test-FormatComments_BeforeCaseLabelKeepsLabelIndent  ok (178 us)
  Test-FormatComments_InsideABracketSettleInOnePass  ok (255 us)
  Test-FormatFile_InlineBodyOwnsNestedBraceIndent  ok (220 us)
  Test-FormatFile_InlineIfBranchStopsBeforeElse  ok (286 us)
  Test-FormatFile_CatchHandlerAlignsAndIndents  ok (167 us)
  Test-FormatFile_InlineDestructuringIsNotABlock  ok (302 us)
  Test-FormatFile_InsertFinalNewline  ok (95 us)
  Test-FormatFile_TrimLeadingBlankLines  ok (86 us)
  Test-FormatFile_TrimLeadingBlankLinesDisabled  ok (84 us)
  Test-FormatFile_ReservedIdentifiersAreFormattable  ok (103 us)
  Test-FormatFile_IndentInsideParensEnforcesContinuation  ok (153 us)
  Test-FormatFile_AlignOperandsOnWrappedCondition  ok (164 us)
  Test-FormatFile_WhereClauseIndent  ok (144 us)
  Test-FormatFile_WhereBlockIndent  ok (148 us)
  Test-FormatFile_EndOfLineStyleLf  ok (100 us)
  Test-FormatFile_EndOfLineStyleCrLf  ok (94 us)
  Test-FormatFile_TrimTrailingWhitespace  ok (92 us)
  Test-FormatFile_BlankLineAfterUsingBlock  ok (102 us)
  Test-FormatFile_BlankLineBeforeFunctionDefinition  ok (145 us)
  Test-FormatFile_IndentStyleSpacesNormalizesTabs  ok (105 us)
  Test-FormatFile_IndentStyleTabs  ok (106 us)
  Test-FormatFile_ReindentFixesBadIndent  ok (191 us)
  Test-FormatFile_ElseBeforeNestedIfAligns  ok (179 us)
  Test-FormatFile_IndentNamespaceBodyOff  ok (113 us)
  Test-FormatFile_IndentCaseLabels  ok (283 us)
  Test-FormatLiteral_PreserveLeavesNumericLiteralsUntouched  ok (186 us)
  Test-FormatLiteral_PreserveCharacterTypeSuffix  ok (124 us)
  Test-FormatLiteral_HexDigitCaseUpperAndLower  ok (205 us)
  Test-FormatLiteral_HexPrefixCaseUpperAndLower  ok (178 us)
  Test-FormatLiteral_FloatExponentCaseUpperAndLower  ok (232 us)
  Test-FormatLiteral_NormalizeHexDigitSeparators  ok (94 us)
  Test-FormatLiteral_NormalizeBinaryDigitSeparators  ok (124 us)
  Test-FormatLiteral_NormalizeDecimalDigitSeparators  ok (107 us)
  Test-FormatLiteral_NormalizeFloatDigitSeparators  ok (92 us)
  Test-FormatLiteral_CombinedHexCaseAndNormalization  ok (89 us)
  Test-FormatOff_LineCommentDisablesNumberFormatting  ok (113 us)
  Test-FormatOff_NoOnComment_RestOfFileRaw  ok (101 us)
  Test-FormatOff_MultipleRegions  ok (121 us)
  Test-FormatOff_BlockComment  ok (104 us)
  Test-FormatOff_CustomMarkers  ok (104 us)
  Test-FormatOff_EolNotRewrittenInDisabledRegion  ok (110 us)
  Test-FormatSpacing_SpaceAfterComma  ok (177 us)
  Test-FormatSpacing_NormalizeHorizontalWhitespace  ok (151 us)
  Test-FormatSpacing_NamedArgumentColons  ok (276 us)
  Test-FormatSpacing_TrueOptionsKeepManualAlignment  ok (140 us)
  Test-FormatSpacing_NoSpaceAfterComma  ok (115 us)
  Test-FormatSpacing_SpaceAroundAssignment  ok (114 us)
  Test-FormatSpacing_NoSpaceAroundAssignment  ok (93 us)
  Test-FormatSpacing_SpaceAroundBinaryOperators  ok (115 us)
  Test-FormatSpacing_NoSpaceAroundBinaryOperators  ok (95 us)
  Test-FormatSpacing_SpaceAroundArrow  ok (202 us)
  Test-FormatSpacing_FatArrow  ok (201 us)
  Test-FormatSpacing_ColonInDeclarations  ok (120 us)
  Test-FormatSpacing_ColonInBaseClause  ok (96 us)
  Test-FormatSpacing_InsideParentheses  ok (247 us)
  Test-FormatSpacing_InEmptyParentheses  ok (178 us)
  Test-FormatSpacing_InsideBrackets  ok (264 us)
  Test-FormatSpacing_AfterCast  ok (220 us)
  Test-FormatSpacing_AfterKeyword  ok (226 us)
  Test-FormatSpacing_AfterUnaryOperator  ok (135 us)
  Test-FormatSpacing_PostfixDereference  ok (142 us)
  Test-FormatSpacing_BeforeParenthesesControl  ok (218 us)
  Test-FormatSpacing_InsideBracesOfLiterals  ok (145 us)
  Test-FormatSpacing_FailClosesAFunctionTypeNotAnOperand  ok (121 us)
  Test-FormatStyle_PreserveNormalizesNothing  ok (169 us)
  Test-FormatStyle_DefaultOptionsArePreserve  ok (586 us)
  Test-FormatStyle_SwagIsTheCanonicalLayout  ok (250 us)
  Test-FormatStyle_SwagIntrinsicCallsStayStable  ok (458 us)
  Test-FormatStyle_SwagKeepsAccessModifiersWithTheirDeclarations  ok (232 us)
  Test-FormatStyle_SwagKeepsStorageAndAccessModifierOrders  ok (6 ms)
  Test-FormatStyle_SwagSeparatesAccessBlocks  ok (254 us)
  Test-FormatStyle_SwagLeavesLineEndingsAndColumnsAlone  ok (137 us)
  Test-FormatStyle_DescribeRendersEveryOption  ok (216 us)
  Test-FormatUsing_SortAscending  ok (179 us)
  Test-FormatUsing_SortCaseInsensitive  ok (110 us)
  Test-FormatUsing_BlankLineSplitsRuns  ok (100 us)
  Test-FormatUsing_Merge      ok (103 us)
  Test-FormatUsing_SortAndMerge  ok (103 us)
  Test-FormatWrap_BreaksAfterComma  ok (190 us)
  Test-FormatWrap_ForceSingleLineLists  ok (169 us)
  Test-FormatWrap_FormatterSelectsListLineMode  ok (253 us)
  Test-FormatWrap_SourceSelectsSingleLineLists  ok (216 us)
  Test-FormatWrap_SourceSelectsNestedSingleLineLists  ok (241 us)
  Test-FormatWrap_HangingIndentLists  ok (156 us)
  Test-FormatWrap_HangingAlignLists  ok (170 us)
  Test-FormatWrap_VerticalLists  ok (153 us)
  Test-FormatWrap_BlockLists  ok (152 us)
  Test-FormatWrap_ForceSingleLineLogicalExpressions  ok (172 us)
  Test-FormatWrap_SourceSelectsSingleLineLogicalExpressions  ok (150 us)
  Test-FormatWrap_LogicalOperatorsAfter  ok (146 us)
  Test-FormatWrap_LogicalOperatorsBefore  ok (137 us)
  Test-FormatWrap_LogicalOperandsOnePerLine  ok (140 us)
  Test-FormatWrap_LogicalHangingIndent  ok (134 us)
  Test-FormatWrap_LogicalOperandsPack  ok (158 us)
  Test-FormatWrap_FormatterSelectsLogicalExpressionLineMode  ok (321 us)
  Test-FormatWrap_NestedLogicalExpressions  ok (219 us)
  Test-FormatWrap_NormalizesAdversarialLists  ok (385 us)
  Test-FormatWrap_NormalizesAdversarialLogicalExpression  ok (206 us)
  Test-FormatWrap_AlignsMultilineArgumentContents  ok (232 us)
  Test-FormatWrap_ClosureCapturesStayInsideArgument  ok (353 us)
  Test-FormatWrap_NoWrapWhenDisabled  ok (276 us)
  Test-FormatWrap_BreakBeforeBinaryOperators  ok (165 us)
  Test-FormatWrap_BinPackLists  ok (177 us)
  Test-FormatWrap_BinPackParametersOnePerLine  ok (135 us)
  Test-FormatWrap_BinPackArgumentsOnePerLine  ok (160 us)
  Test-FormatWrap_NoColumnLimitNeverMovesAStatementBreak  ok (296 us)
  Test-FormatWrap_ColumnLimitBreaksHighestInTheExpression  ok (211 us)
  Test-FormatWrap_ColumnLimitAlignsNewOperandLinesInOnePass  ok (200 us)
  Test-FormatWrap_ColumnLimitBreaksAtTheLoosestOperator  ok (242 us)
  Test-FormatWrap_ColumnLimitKeepsOneIndentPerStatement  ok (217 us)
  Test-FormatWrap_ContinuationOutsideBracketsTakesCanonicalIndent  ok (145 us)
  Test-FormatWrap_ContinuationInsideBracketsKeepsRelativeIndent  ok (719 us)
  Test-FormatWrap_WrappedCaseValuesAlignUnderTheFirstValue  ok (267 us)
  Test-FormatWrap_SourceSelectsLiteralLayout  ok (365 us)
  Test-FormatWrap_HugTrailingTableArgument  ok (430 us)
  Test-FormatWrap_HugTrailingClosureArgument  ok (320 us)
  Test-FormatWrap_HugTrailingBlockLiteralItem  ok (207 us)
  Test-FormatWrap_HugSkipsEarlierMultilineArgument  ok (201 us)
  Test-JIT_Return42           ok (111 us)
  Test-JIT_RegAllocAvoidsFutureConcreteClobber  ok (125 us)
  Test-JIT_128BitStackCopy    ok (266 us)
  Test-JIT_PointerSpillRoundTrip  ok (217 us)
  Test-JIT_B32LoadAndZeroExtendKeepsUpperBitsClear  ok (125 us)
  Test-JIT_PackedIntegerOps   ok (78 us)
  Test-JIT_VecCodecOps        ok (283 us)
  Test-JIT_VecFloatOps        ok (87 us)
  Test-JIT_SlpVectorizedLanes  ok (1 ms)
  Test-JIT_ConstantDivisionBaseline  ok (3 ms)
  Test-JIT_ConstantDivisionStrengthReduced  ok (13 ms)
  Test-JIT_PersistentRegPreservedAcrossCall  ok (125 us)
  Test-BranchSimplify_ErasesJumpToImmediateLabel  ok (87 us)
  Test-BranchSimplify_ThreadsJumpThroughEmptyBlock  ok (80 us)
  Test-BranchSimplify_FoldsKnownTrueBranch  ok (66 us)
  Test-BranchSimplify_FoldsKnownFalseBranch  ok (49 us)
  Test-BranchSimplify_FoldsKnownSignedLessBranch  ok (47 us)
  Test-BranchSimplify_FoldsKnownUnsignedBelowBranch  ok (44 us)
  Test-BranchSimplify_ErasesDeadTailAfterRet  ok (32 us)
  Test-BranchSimplify_ConvertsMinPatternToCmov  ok (37 us)
  Test-BranchSimplify_ConvertsConditionalConstantToCmov  ok (35 us)
  Test-BranchSimplify_KeepsMultiInstructionBranchBody  ok (45 us)
  Test-BranchSimplify_ThreadsShortCircuitExit  ok (59 us)
  Test-BranchSimplify_KeepsReferencedLabel  ok (32 us)
  Test-BranchSimplify_KeepsByteSelectBranch  ok (31 us)
  Test-BranchSimplify_ConvertsDiamondSelectToCmov  ok (47 us)
  Test-BranchSimplify_ConvertsDiamondConstantsToCmov  ok (43 us)
  Test-BranchSimplify_SinksCompareBelowFlagWritingArm  ok (53 us)
  Test-BranchSimplify_KeepsDiamondWithGuardedLoad  ok (37 us)
  Test-BranchSimplify_KeepsDiamondWithSharedArmLabel  ok (45 us)
  Test-BranchSimplify_KeepsDiamondWhenArmReadsResultFirst  ok (37 us)
  Test-BranchSimplify_KeepsDiamondWhenArmClobbersCompareInput  ok (43 us)
  Test-BranchSimplify_KeepsByteDiamond  ok (46 us)
  Test-BranchSimplify_ConvertsEarlyReturnToCmov  ok (63 us)
  Test-BranchSimplify_ConvertsEarlyReturnChainToCmovs  ok (84 us)
  Test-BranchSimplify_KeepsEarlyReturnWithGuardedLoad  ok (30 us)
  Test-BranchSimplify_SinksCompareBelowFlagWritingEarlyReturn  ok (40 us)
  Test-BranchSimplify_InvertsJumpPairAfterImmediateJumpErasure  ok (46 us)
  Test-BranchSimplify_TriangleScratchPreservesAcceptedPlanOrder  ok (106 us)
  Test-ConstantFolding_FoldBinaryRegImm  ok (31 us)
  Test-ConstantFolding_FoldCopyFromKnown  ok (16 us)
  Test-ConstantFolding_ChainedFold  ok (19 us)
  Test-ConstantFolding_FoldFromClearReg  ok (16 us)
  Test-ConstantFolding_FoldAcrossJoinSameConstant  ok (27 us)
  Test-ConstantFolding_BinaryRequiresKnownInputsAndDeadFlags  ok (181 us)
  Test-CopyElim_SelfCopy_Erased  ok (19 us)
  Test-CopyElim_ChainedCopies_CanonicalizesSource  ok (24 us)
  Test-CopyElim_RewritesPureUseAcrossJoin  ok (42 us)
  Test-CopyElim_DoesNotPropagatePastSourceRedefinition  ok (19 us)
  Test-CopyElim_TransfersForbiddenPhysRegsToCanonicalSource  ok (20 us)
  Test-CopyElim_DoesNotRewriteUseDefOperand  ok (18 us)
  Test-DeadCodeElimination_RemovesEntireDeadChain  ok (375 us)
  Test-DeadCodeElimination_JoinTracksSurvivingConsumers  ok (56 us)
  Test-DeadCodeElimination_PhiCyclesNeedAnInstructionConsumer  ok (73 us)
  Test-DeadCodeElimination_DeadFlagConsumerExposesArithmetic  ok (38 us)
  Test-InstCombine_Identity_AddZero_Erased  ok (32 us)
  Test-InstCombine_ConstantAddressLoad_FoldsToRip  ok (45 us)
  Test-InstCombine_RelocatedLoad_UsesExactTargetAndLiveMemory  ok (618 us)
  Test-InstCombine_Absorbing_AndZero_BecomesClear  ok (53 us)
  Test-InstCombine_Absorbing_OrAllOnes_BecomesLoadImm  ok (16 us)
  Test-InstCombine_Reassociate_AddAdd  ok (26 us)
  Test-InstCombine_Reassociate_AddSub_PicksAdd  ok (18 us)
  Test-InstCombine_Reassociate_ShiftLeftChain  ok (18 us)
  Test-InstCombine_Reassociate_ShiftOverflow_NotFolded  ok (18 us)
  Test-InstCombine_RegReg_XorSelf_BecomesClear  ok (17 us)
  Test-InstCombine_RegReg_SubSelf_BecomesClear  ok (15 us)
  Test-InstCombine_RegReg_AndSelf_DeadErased  ok (15 us)
  Test-InstCombine_Reassociate_MulMulSigned  ok (21 us)
  Test-InstCombine_Reassociate_OrOr  ok (17 us)
  Test-InstCombine_MemFold_Imm_Consecutive  ok (33 us)
  Test-InstCombine_MemFold_Reg_Consecutive  ok (25 us)
  Test-InstCombine_MemFold_NonConsecutive  ok (22 us)
  Test-InstCombine_MemFold_VtReadAfterStore_NotFolded  ok (29 us)
  Test-InstCombine_MaskBeforeLeftShift_DroppedDirect  ok (19 us)
  Test-InstCombine_MaskBeforeLeftShift_DroppedThroughCopies  ok (42 us)
  Test-InstCombine_MaskBeforeLeftShift_KeptWhenMaskTooNarrow  ok (19 us)
  Test-InstCombine_MaskBeforeRightShift_Kept  ok (17 us)
  Test-InstCombine_ZeroExtendOfDwordLoad_BecomesCopy  ok (28 us)
  Test-InstCombine_ZeroExtendOfQwordLoad_Kept  ok (18 us)
  Test-InstCombine_MaskedAddOfZeroExtendedWords_NarrowsToDword  ok (33 us)
  Test-InstCombine_MaskedAddWithQwordReader_Kept  ok (26 us)
  Test-InstCombine_MaskedShift_Kept  ok (23 us)
  Test-InstCombine_MemoryFoldTriple_InsideLoop  ok (43 us)
  Test-InstCombine_MemoryFoldTriple_LeavesLoopFrameSlot  ok (44 us)
  Test-InstCombine_ZeroExtendOfDwordPhi_BecomesCopy  ok (45 us)
  Test-InstCombine_MultiplyAdd_BecomesTwoAddresses  ok (1 ms)
  Test-InstCombine_MultiplyAdd_PreservesObservedValuesAndFlags  ok (172 us)
  Test-InstCombine_AddressCopy_DefinesAccumulatorDirectly  ok (40 us)
  Test-InstCombine_FloatResultCopy_DefinesAccumulatorDirectly  ok (194 us)
  Test-InstCombine_SqrtResultCopy_PreservesPackedDestination  ok (52 us)
  Test-InstCombine_SqrtResultCopy_KeepsOtherUses  ok (40 us)
  Test-InstCombine_SharedAndInputs_PreservesValuesAndFlags  ok (700 us)
  Test-InstructionCombine_FoldsBooleanSelect  ok (79 us)
  Test-InstructionCombine_KeepsUnsafeBooleanSelect  ok (90 us)
  Test-InstCombine_RangeProvedCompare_ClampErased  ok (33 us)
  Test-InstCombine_RangeProvedCompare_WideMaskKept  ok (26 us)
  Test-InstCombine_RangeProvedCompare_NarrowWriteKept  ok (25 us)
  Test-InstCombine_VectorPlans_KeepFreshRegistersAcrossRollback  ok (202 us)
  Test-MicroDominators_MatchReachabilityWithANodeRemoved  ok (56 us)
  Test-LICM_HoistsInvariantLoad  ok (99 us)
  Test-LICM_HoistsSingleUseLaneBroadcast  ok (72 us)
  Test-LICM_KeepsVolatileLoadInLoop  ok (34 us)
  Test-LICM_HoistsFloatConversionAcrossCallWithLiveIntegerFlags  ok (154 us)
  Test-LICM_KeepsIntegerClearWhenFlagsAreLiveAtEitherSite  ok (68 us)
  Test-LICM_HoistsScalarLiteralLoadsButKeepsZeroLocal  ok (174 us)
  Test-MicroDomTree_MatchesPathsThroughDiamondAndLoop  ok (101 us)
  Test-NaturalLoop_CollectBody_CountsMembersOnceAcrossTailsAndRebuilds  ok (7 us)
  Test-LoopUnroll_MultipleLoops_RebuildsIncomingJumpRanges  ok (53 us)
  Test-LoopUnroll_MultipleIncomingJumps_PreservesLoop  ok (17 us)
  Test-LoopUnroll_ExternalJumpToBody_PreservesLoop  ok (42 us)
  Test-MemToReg_PlainSlot_Promotes  ok (42 us)
  Test-MemToReg_RedefinedAddressRegister_BailsFunction  ok (24 us)
  Test-MemToReg_UnwrittenWideAccess_BlocksOverlapButNotAdjacentSlot  ok (23 us)
  Test-MemToReg_WrappingWideAccess_KeepsNarrowOverlap  ok (17 us)
  Test-MicroPassManager_PostRa_RechecksSuffixAfterEachMutation  ok (10 us)
  Test-MicroPassManager_PostRa_RechecksSuffixWhenFirstSweepPolicyChanges  ok (10 us)
  Test-PostRADeadCodeElim_PreservesAbiLiveOut  ok (23 us)
  Test-PostRADeadCodeElim_UnusedReturnRegistersAreDead  ok (45 us)
  Test-PostRADeadCodeElim_LoopBackEdgeKeepsCarriedDefinition  ok (19 us)
  Test-PostRALoopHoist_InvariantReload_MovesToPreheader  ok (61 us)
  Test-PostRALoopHoist_SlotWrittenInBody_Blocks  ok (28 us)
  Test-PostRALoopHoist_OpaqueStoreInBody_Blocks  ok (30 us)
  Test-PostRALoopHoist_OpaqueStoreOverPrivateFrame_Hoists  ok (39 us)
  Test-PostRALoopHoist_SecondReload_BecomesCopy  ok (38 us)
  Test-PostRALoopHoist_DestinationLiveAtPreheader_Blocks  ok (25 us)
  Test-PostRALoopHoist_CarriedSlot_LeavesTheLoop  ok (48 us)
  Test-PostRALoopHoist_CarriedRegisterReusedElsewhere_Blocks  ok (32 us)
  Test-PostRALoopHoist_SecondDefinitionOfDestinationBlocks  ok (25 us)
  Test-PostRALoopRotate_IndependentHeadersRotate  ok (32 us)
  Test-PostRALoopRotate_SecondIncomingJumpBlocks  ok (15 us)
  Test-PostRALoopRotate_ConditionalBackEdgeBlocks  ok (14 us)
  Test-PostRAPeephole_Nop_Erased  ok (24 us)
  Test-PostRAPeephole_DoesNotForwardFromStoreClaimedByImmediateFold  ok (23 us)
  Test-PostRAPeephole_CopyForward_DoesNotCrossClaimedStoreReload  ok (21 us)
  Test-PostRAPeephole_ErasesStoreOverwrittenBeforeMemoryAccess  ok (13 us)
  Test-PostRAPeephole_DoesNotEraseOverwrittenNonFrameStore  ok (11 us)
  Test-PostRAPeephole_ErasesOwnStoreReloadOnConditionalFallthrough  ok (15 us)
  Test-PostRAPeephole_ForwardsStoredValueToReload  ok (13 us)
  Test-PostRAPeephole_CopyForward_StopsAtEncoderImplicitDef  ok (23 us)
  Test-Legalize_ScratchExcludesFirstReadsInAbiOrder  ok (26 us)
  Test-Legalize_ScratchExclusionsStopBeforeBarrierUses  ok (61 us)
  Test-Legalize_DoesNotPreserveDeadShiftRegisterAcrossJump  ok (20 us)
  Test-Legalize_RewritesB8SignedMultiplyRegMemToRax  ok (17 us)
  Test-Legalize_ClearsPositiveFloatZero  ok (43 us)
  Test-Legalize_KeepsNonzeroFloatBitsAndAddresses  ok (66 us)
  Test-Legalize_KeepsMemoryDestinationAdd  ok (10 us)
  Test-Legalize_KeepsMemoryExchange  ok (10 us)
  Test-PostRAPeephole_DoesNotForwardB8SignedMultiplyImmediate  ok (10 us)
  Test-PostRAPeephole_FoldsIntegerReloadIntoBinary  ok (15 us)
  Test-PostRAPeephole_KeepsIntegerReloadReadAfterConsumer  ok (12 us)
  Test-PostRAPeephole_FoldsIntegerReloadIntoCompare  ok (14 us)
  Test-PostRAPeephole_KeepsByteMultiplyReload  ok (11 us)
  Test-PostRAPeephole_SelfCopy_B64_Erased  ok (10 us)
  Test-PostRAPeephole_SelfCopy_IntB32_Preserved  ok (9 us)
  Test-PostRAPeephole_FallthroughJumpSkipsTrivialGap  ok (13 us)
  Test-PostRAPeephole_DeadCompareBeforeRet_Erased  ok (9 us)
  Test-PostRAPeephole_DeadCompareAfterRedundantJump_Erased  ok (12 us)
  Test-PostRAPeephole_LiveCompareForBranch_Preserved  ok (11 us)
  Test-PostRAPeephole_LoadCondRegRegKeepsCopyBecauseDestinationIsUseDef  ok (15 us)
  Test-PostRAPeephole_FlagReuse_SubThenCompareZero_CompareErased  ok (12 us)
  Test-PostRAPeephole_FlagReuse_UnsafeCondition_ComparePreserved  ok (11 us)
  Test-PostRAPeephole_FlagReuse_NonFlagProducer_ComparePreserved  ok (11 us)
  Test-PostRAPeephole_ZeroToClear_LiveFlagsDead_Converted  ok (12 us)
  Test-PostRAPeephole_ZeroToClear_DeadReg_NotConverted  ok (9 us)
  Test-PostRAPeephole_ZeroToClear_FlagsLive_NotConverted  ok (10 us)
  Test-PostRAPeephole_SelfOperand_FoldsWhenDestinationHoldsTheSlot  ok (66 us)
  Test-PostRAPeephole_SelfOperand_KeepsMemoryOperandWhenWindowExhausted  ok (32 us)
  Test-PreRAPeephole_FloatBinary_DefinesIndependentResult  ok (205 us)
  Test-PreRAPeephole_FloatBinary_PreservesCopiedSecondOperand  ok (27 us)
  Test-PreRAPeephole_ForwardsLoadImmIntoStore  ok (19 us)
  Test-PreRAPeephole_ForwardsLoadImmIntoCmpMem  ok (25 us)
  Test-PreRAPeephole_ForwardsLoadImmIntoMemBinary  ok (13 us)
  Test-PreRAPeephole_ForwardsCopyIntoNextUseOnlySlots  ok (15 us)
  Test-PreRAPeephole_TransfersForbiddenPhysRegsAcrossCopyForward  ok (13 us)
  Test-PreRAPeephole_DoesNotRewriteExchangeUseDefConsumer  ok (12 us)
  Test-PreRAPeephole_ForwardsLoadImmIntoAmcStore  ok (13 us)
  Test-PreRAPeephole_ForwardsClearRegIntoImmediateCompare  ok (12 us)
  Test-PreRAPeephole_FoldsExtendOfImmediate  ok (11 us)
  Test-PreRAPeephole_FoldsPointerImmediateIntoAddress  ok (11 us)
  Test-PreRAPeephole_CombinesAdjacentRegImmAdd  ok (16 us)
  Test-PreRAPeephole_KeepsAdjacentRegImmAddWhenFlagsAreLive  ok (12 us)
  Test-PreRAPeephole_FoldsCopyAddIntoLoadAddress  ok (12 us)
  Test-PreRAPeephole_FoldsCopyAddIntoLoadAddressDespiteMismatchedForbiddenRegs  ok (11 us)
  Test-PreRAPeephole_KeepsCopyAddWhenFlagsAreLive  ok (11 us)
  Test-PreRAPeephole_FoldsAmcIndexImmediateIntoSimpleLoad  ok (12 us)
  Test-PreRAPeephole_FoldsAddressBaseIntoAmcStore  ok (13 us)
  Test-PreRAPeephole_FoldsAmcAddressIntoStore  ok (14 us)
  Test-MicroPrologEpilogSanitize_MergesAdjacentStackAdjustments  ok (23 us)
  Test-MicroPrologEpilogSanitize_DoesNotMergeOutsideEntryExitRegions  ok (15 us)
  Test-MicroPrologEpilogSanitize_ExpandsLargeWindowsStackAdjustIntoPageProbes  ok (14 us)
  Test-MicroPrologEpilogSanitize_KeepsOnlyLastFramePointerSetupInEntryProlog  ok (14 us)
  Test-MicroPrologEpilogSanitize_ReinsertsForcedFramePointerSetupWhenMissing  ok (11 us)
  Test-MicroPrologEpilogSanitize_DoesNotTouchFramePointerSetupAfterBodyStarts  ok (11 us)
  Test-MicroReg_SameClassMatchesVirtualAndPhysicalRegisters  ok (7 us)
  Test-RegAlloc_UsesDedicatedLocalStackBaseRegister  ok (166 us)
  Test-RegAlloc_PersistentAcross  ok (384 us)
  Test-RegAlloc_NoCalls       ok (194 us)
  Test-RegAlloc_MixedIntFloat  ok (309 us)
  Test-RegAlloc_LotsOfVirtualRegs  ok (5 ms)
  Test-RegAlloc_PreservePersistentRegs_Enabled  ok (166 us)
  Test-RegAlloc_PreservePersistentRegs_Disabled  ok (99 us)
  Test-RegAlloc_PreservePersistentRegs_NoNeed  ok (84 us)
  Test-RegAlloc_Spill_IntPressureAcrossCall  ok (560 us)
  Test-RegAlloc_Spill_FloatAcrossCall_NoPersistent  ok (522 us)
  Test-RegAlloc_VirtualRegForbiddenPhysRegs  ok (193 us)
  Test-RegAlloc_Spill_BalancedControlFlow  ok (712 us)
  Test-RegAlloc_KnownComputedJumpKeepsIntervalAllocation  ok (415 us)
  Test-RegAlloc_LoadBaseAddressAcrossCall  ok (166 us)
  Test-RegAlloc_ConcreteLoadDestAcrossCall  ok (146 us)
  Test-RegAlloc_VirtualDefAvoidsLiveConcreteReg  ok (116 us)
  Test-RegAlloc_UsesPersistentFallbackWhenTransientPoolExhausted  ok (96 us)
  Test-RegAlloc_CoalescesLinearVirtualCopies  ok (85 us)
  Test-RegAlloc_TransfersDeadCopySourcesAcrossBarriers  ok (121 us)
  Test-RegAlloc_RematerializesImmediateReloads  ok (94 us)
  Test-MicroInstr_FloatToIntReplacesItsDestination  ok (16 us)
  Test-MicroInstr_SqrtReplacesItsDestination  ok (11 us)
  Test-MicroInstr_SqrtDropsOnlyOverwrittenInitialization  ok (65 us)
  Test-MicroInstr_FloatToIntKeepsOnlyLiveFlagInitialization  ok (35 us)
  Test-RegAlloc_LiveIntervalAccessSearchBoundaries  ok (3 us)
  Test-RegAlloc_LiveIntervalEmptyAndSingleAccess  ok (0 us)
  Test-RegAlloc_LiveIntervalRangeStartSearchBoundaries  ok (0 us)
  Test-MicroSanity_RejectsStackAddressReturnedAsPointer  ok (45 us)
  Test-MicroSanity_AllowsKnownNonStackPointer  ok (22 us)
  Test-MicroSanity_IgnoresStackAddressReturnedAsInteger  ok (22 us)
  Test-SinkToUse_MovesDefinitionToItsConsumer  ok (26 us)
  Test-SinkToUse_LoadCannotCrossBaseRedefinition  ok (13 us)
  Test-SinkToUse_LoadCannotCrossMemoryWrite  ok (11 us)
  Test-SlpVectorize_UnpackableStores_DoesNotBuildSsa  ok (36 us)
  Test-SlpVectorize_MultipleBlocks_PreservesSnapshotAndFreshRegisters  ok (92 us)
  Test-MicroSsa_PhiAtJoin     ok (44 us)
  Test-MicroSsa_Dominators_HandleEntryAndDescendantJoin  ok (16 us)
  Test-MicroSsa_ReachingDef_BeforeWritesAndAtNonUses  ok (12 us)
  Test-MicroSsa_ReachingDef_DominatorSiblings  ok (19 us)
  Test-MicroSsa_ReachingDef_LoopAndUnreachableRoot  ok (16 us)
  Test-MicroSsa_PhiAtJoinWithSharedPredecessorDominator  ok (37 us)
  Test-MicroSsa_PhiInputsFollowManyPredecessors  ok (143 us)
  Test-MicroSsa_RebuildAddsFrontierAfterLinearBlocks  ok (35 us)
  Test-MicroStackAdjustNormalize_RemovesBodyAdjustsAndRebasesOffsets  ok (44 us)
  Test-MicroStackAdjustNormalize_HandlesBranchingDepths  ok (26 us)
  Test-MicroStorage_InsertedInstructionsUseExplicitDebugInsertionKinds  ok (1 us)
  Test-MicroStorage_InsertBeforePreservesExplicitNoStepWhenSourceIsInherited  ok (0 us)
  Test-MicroStackAdjustNormalize_SkipsCallsBelowMaxDepth  ok (17 us)
  Test-StrengthReduction_MultiplyPowerOfTwo  ok (14 us)
  Test-StrengthReduction_MultiplyPowerOfTwoKeepsLiveFlags  ok (14 us)
  Test-StrengthReduction_MultiplyByZero  ok (9 us)
  Test-StrengthReduction_MultiplyByOne  ok (9 us)
  Test-StrengthReduction_MultiplyNonPowerOfTwoUnchanged  ok (8 us)
  Test-StrengthReduction_UnsignedDivideMagicNoFixup  ok (14 us)
  Test-StrengthReduction_UnsignedDivideMagicFixup  ok (15 us)
  Test-StrengthReduction_SignedDividePow2  ok (13 us)
  Test-StrengthReduction_SignedDivideMagic  ok (12 us)
  Test-StrengthReduction_UnsignedModuloMagic  ok (13 us)
  Test-StrengthReduction_SignedDivideNegativeConstantUnchanged  ok (9 us)
  Test-StrengthReduction_DivideByZeroUnchanged  ok (8 us)
  Test-StrengthReduction_NarrowDivideUnchanged  ok (8 us)
  Test-StrengthReduction_RemoveAddZeroDeadAcrossJoin  ok (28 us)
  Test-StrengthReduction_UnsignedMultiplyRequiresLocalFlagRedefinition  ok (70 us)
  Test-StrengthReduction_AddSubZeroPreservesLiveResultsAndFlags  ok (92 us)
  Test-ValueNumbering_DedupIdenticalCompute  ok (52 us)
  Test-ValueNumbering_KeepsDifferentInputs  ok (30 us)
  Test-ValueNumbering_KeepsComputeWithLiveFlags  ok (28 us)
  Test-ValueNumbering_DedupLoadAddress  ok (22 us)
  Test-ValueNumbering_KeepsComputeWhenSourceClobbered  ok (22 us)
  Test-ValueNumbering_DedupRepeatedLoad  ok (26 us)
  Test-ValueNumbering_DedupRepeatedFieldLoad  ok (21 us)
  Test-ValueNumbering_KeepsLoadAcrossStore  ok (23 us)
  Test-ValueNumbering_KeepsLoadAcrossLabel  ok (32 us)
  Test-ValueNumbering_DedupLoadAcrossFallthroughBranch  ok (33 us)
  Test-ValueNumbering_DedupPlainLoadAfterExtendingLoad  ok (25 us)
  Test-ValueNumbering_ExtendsEarlierPlainLoad  ok (21 us)
  Test-ValueNumbering_KeepsFrameLoadsForMemToReg  ok (18 us)
  Test-ValueNumbering_SharesScalarFloatLiteralBits  ok (109 us)
  Test-ValueNumbering_KeepsCheapOrDistinctLiterals  ok (73 us)
  Test-ValueNumbering_KeepsSiblingComputesAndReusesJoinDefinition  ok (39 us)
  Test-VecLoopPromote_LoadStorePair_HoistsAndSinks  ok (32 us)
  Test-VecLoopPromote_OverlappingScalarStore_Blocks  ok (21 us)
  Test-VecLoopPromote_LoadOnlyChunk_HoistsWithoutStore  ok (21 us)
  Test-VecLoopPromote_StackPointerDefinitionInBody_Blocks  ok (18 us)
  Test-NativeArtifact_RuntimeDependencyOrderPreservesPriorityAndCycleFallback  ok (650 us)
  Test-NativeArtifact_DefaultsToLocalOutputTree  ok (133 us)
  Test-NativeArtifact_ImportedApiKeepsLocalOutputTree  ok (78 us)
  Test-NativeArtifact_ModuleNamespaceDefaultsFromModulePath  ok (42 us)
  Test-NativeArtifact_ModuleNamespaceOverrideWins  ok (2 us)
  Test-NativeArtifact_ExplicitArtifactKindOverridesBuildCfgMutation  ok (1 us)
  Test-NativeArtifact_RDataKeepsGrowingCyclicDependencies  ok (900 us)
  Test-NativeArtifact_CompilerRunExprInsideTestKeepsJitRunnable  ok (362 ms)
  Test-NativeArtifact_CompilerInstanceNativeRegistrationKeepsBucketsConsistent  ok (234 ms)
  Test-NativeArtifact_ExecutablePrunesUnreachableGeneratedFunctions  ok (317 ms)
  Test-NativeArtifact_ExecutableClosesAlternatingDependencies  ok (312 ms)
  Test-NativeArtifact_SilentSpecOpProbeDoesNotDropStructCopyTests  ok (417 ms)
  Test-NativeArtifact_TestFileFilterKeepsReusableArtifactAndSelectsAtRunTime  ok (330 ms)
  Test-NativeArtifact_TestTagFilterKeepsReusableArtifactAndSelectsAtRunTime  ok (311 ms)
  Test-NativeArtifact_TestProgressProtocolIsStrict  ok (3 us)
  Test-NativeArtifact_ConcurrentCompilerInputsKeepEveryDependency  ok (13 s 510 ms)
  Test-PeWriter_CompressesEmbeddedDebugTable  ok (8 ms)
  Test-PeWriter_FoldsIdenticalUnwindInfo  ok (84 us)
  Test-PeWriter_Win32ApplicationResourcesUseConfig  ok (81 us)
  Test-Sema_OverloadRankingUsesOrderedConversionCriteria  ok (13 us)
  Test-Sema_MatchCandidateCollectionPreservesUniqueDiscoveryOrder  ok (163 us)
  Test-Sema_GenericInstanceStoragePreservesIdentityAcrossGrowth  ok (2 ms)
  Test-Sema_AggregateTypeInterningUsesOrderedContents  ok (1 ms)
  Test-Sema_TypeManagerConcurrentInterningKeepsCanonicalStorage  ok (26 ms)
  Test-Sema_TypeManagerReleasesOwnedPayloads  ok (2 ms)
  Test-Sema_CastLegalityCoversScalarConversionKinds  ok (106 us)
  Test-Sema_GenericDeductionBindingHandlesConflictsAndDefaults  ok (81 us)
  Test-Sema_CompletedFreesSummariesKeepDirectForwardingTransitive  ok (21 us)
  Test-Sema_CompletedFreesSummariesResolveGuardedAliasRoutes  ok (45 us)
  Test-Sema_NarrowRootKillsPreserveSurvivorOrder  ok (24 us)
  Test-SemaPurity_GlobalVariableReadIsNotConstFolded  ok (200 ms)
  Test-SemaPurity_NamespaceQualifiedGlobalFieldReadIsNotConstFolded  ok (208 ms)
  Test-JobManager_DebugStateReportsSleepingJobs  ok (17 us)
  Test-JobManager_ProgressiveWorkersDrainQueuedJobs  ok (1 ms)
  Test-JobManager_TargetedWakeBySymbol  ok (14 us)
  Test-AppendOnlyLookupTable_GrowsAcrossChunks  ok (21 us)
  Test-AppendOnlyLookupTable_ConcurrentReaderSeesPublishedEntries  ok (366 us)
  Test-PagedStore_CopyToPreserveOffsetsKeepsSparseLayout  ok (13 us)
  Test-DataSegment_RelocationIndexHandlesInterleavedMonotonicAdds  ok (18 us)
  Test-DataSegment_RelocationIndexRebuildsAfterOutOfOrderAdd  ok (7 us)
  Test-DataSegment_RelocationRangesPreserveIndexedAndTailEntries  ok (37 us)
  Test-DataSegment_FindAllocationUsesPublishedAllocations  ok (6 us)
  Test-DataSegment_LargeBlockPointersPreservePagedPrefixAndAlignedAllocations  ok (122 us)
  Test-PagedStore_ReserveSpanReturnsWritableContiguousStorage  ok (7 us)
  Test-PagedStore_EmptyCopySpanDoesNotAllocateStorage  ok (2 us)
  Test-PagedStore_ReserveRangeSupportsOversizedZeroedBlocks  ok (5 us)
  Test-DataSegment_StringPoolOwnsInputsAndPreservesViewsAcrossGrowth  ok (439 us)
  Test-DataSegment_StringPoolRelocationsRetainIndependentKeysAcrossRestore  ok (8 us)
  Test-Logger_TestTalliesNameSuccessfulWork  ok (29 us)
  Test-Logger_NestedStagesDetailedChoiceDoesNotLeak  ok (0 us)
  Test-Logger_ProgressCanBeDisabledFromCommandLine  ok (94 us)
  Test-Os_FatalHostExceptionClassificationExcludesCppExceptions  ok (0 us)
  Test-Os_FileLockOwnersNameTheProcessMappingAnImage  ok (195 ms)
  Test-FileSystem_AppendFileUsersNamesThisCompilerProcess  ok (191 ms)
  Test-FileSystem_AppendFileUsersLeavesAnUnheldFileAlone  ok (14 ms)
  Test-Utf8_MoveOperationsTransferStorage  ok (3 us)
  Test-Utf8_FixedDecimalFormatting  ok (3 us)
  Test-WarningPolicy_ReadsWarningIdentifiers  ok (30 us)
  Test-WarningPolicy_ParsesLists  ok (9 us)
  Test-WarningPolicy_ResolvesLayerPrecedence  ok (1 us)
  Tests                       699 tests (20 s 85 ms)
  Skipped                     28 filesystem tests (run with --dev-full)
  Slow-01                     NativeArtifact_ConcurrentCompilerInputsKeepEveryDependency (13 s 510 ms)
  Slow-02                     NativeArtifact_SilentSpecOpProbeDoesNotDropStructCopyTests (417 ms)
  Slow-03                     NativeArtifact_CompilerRunExprInsideTestKeepsJitRunnable (362 ms)
  Slow-04                     FFI_CallSwagStructByValueInteropDevMode (334 ms)
  Slow-05                     NativeArtifact_TestFileFilterKeepsReusableArtifactAndSelectsAtRunTime (330 ms)
  Slow-06                     NativeArtifact_ExecutablePrunesUnreachableGeneratedFunctions (317 ms)
  Slow-07                     NativeArtifact_ExecutableClosesAlternatingDependencies (312 ms)
  Slow-08                     NativeArtifact_TestTagFilterKeepsReusableArtifactAndSelectsAtRunTime (311 ms)
  Slow-09                     DebugInfo_CompilerPrivateGlobalsReachCodeViewDataSymbols (297 ms)
  Slow-10                     DebugInfo_CompilerTestFunctionsPreserveStackDebugMetadata (297 ms)
  ✓  tested      699 passed • 20 s 110 ms
  ✓  clean       20 s 119 ms
