  ◆  swag        unittest • sources
  Test-ABI_AddressedNarrowIntegerHomeUsesNarrowLoad  ok (861 us)
  Test-ABI_SwagSimdArgsUseExtendedRegistersThenWideStackSlots  ok (9 us)
  Test-FFI_CallNativeNoArgBool  ok (1 ms)
  Test-FFI_CallNativeU8       ok (573 us)
  Test-FFI_CallNativeI32      ok (139 us)
  Test-FFI_CallNativeF32      ok (132 us)
  Test-FFI_CallNativeF64      ok (124 us)
  Test-FFI_CallNativeF64StackArg  ok (164 us)
  Test-FFI_CallNativeMixedArgs  ok (149 us)
  Test-FFI_CallNativeStackArgs  ok (369 us)
  Test-FFI_CallNativePointerArg  ok (129 us)
  Test-ABI_SwagStructArgPassingMatchesNative  ok (0 us)
  Test-FFI_CallSwagStructByValueInteropDevMode  ok (581 ms)
  Test-FFI_CallSwagStructByValueInteropRelease  ok (491 ms)
  Test-FFI_CallNativeStructByValueRegister  ok (325 us)
  Test-FFI_CallNativeStructByValueStack  ok (188 us)
  Test-FFI_CallNativeStructByReferenceCopy  ok (162 us)
  Test-FFI_CallNativeStructReturnByValueRegister  ok (140 us)
  Test-FFI_CallNativeStructReturnByReference  ok (130 us)
  Test-ConstantManager_CopiesBorrowedStructPayloadOutsideDataSegment  ok (80 us)
  Test-ConstantManager_StoresNullableCStringFromBlockPointer  ok (16 us)
  Test-ConstantValue_MakesNullableCStringFromRuntimePointer  ok (2 us)
  Test-ConstantManager_CopiesBorrowedArrayPayloadOutsideDataSegment  ok (20 us)
  Test-ConstantManager_DeduplicatesBorrowedArrayPayloadsByValue  ok (3 us)
  Test-ConstantManager_CachesZeroPayloadConstantsByType  ok (33 us)
  Test-ConstantManager_CopiesBorrowedSlicePayloadOutsideDataSegment  ok (8 us)
  Test-ConstantManager_AcceptsEmptyBorrowedSlicePayloads  ok (15 us)
  Test-ConstantManager_DistinguishesPresentEmptySlicePayloads  ok (26 us)
  Test-ConstantManager_DeduplicatesMaterializedArrayPayloadConstants  ok (16 us)
  Test-ConstantManager_DoesNotDeduplicateMaterializedArrayPayloadsWithDifferentRelocations  ok (12 us)
  Test-ConstantManager_OwnsAggregateElementsAfterInputsAreDestroyed  ok (431 us)
  Test-ConstantManager_ReleasesOwnedAggregatePayloads  ok (7 ms)
  Test-ConstantManager_PreservesStringNormalizationOnRepeatedInputs  ok (285 us)
  Test-ConstantManager_PublishesCanonicalReferencesAcrossGrowth  ok (16 ms)
  Test-ConstantManager_EnrichesStorageReferencesWithoutMutatingInputs  ok (230 us)
  Test-ConstantManager_ConcurrentInterningKeepsCanonicalStorage  ok (11 ms)
  Test-Compiler_FormatCommandHonorsExplicitDotPaths  ok (67 ms)
  Test-Compiler_NewScriptCommandParsesDefaultPath  ok (141 us)
  Test-Compiler_CommandLineHelpStopsBeforeCompilation  ok (274 us)
  Test-Compiler_NewModuleCommandParsesWorkspace  ok (117 us)
  Test-Compiler_NewCommandCreatesRunnableScript  ok (10 ms)
  Test-Compiler_NewCommandCreatesAndExtendsWorkspace  ok (67 ms)
  Test-Compiler_DocSearchPreservesLiteralCode  ok (46 us)
  Test-Compiler_DocCommandParsesOptions  ok (1 ms)
  Test-Compiler_DocMarkdownRendersSupportedBlocks  ok (308 us)
  Test-Compiler_DocBlockCommentsPreserveCodeIndentation  ok (35 us)
  Test-Compiler_DocMarkdownRendersCompleteLists  ok (175 us)
  Test-Compiler_DocMarkdownRendersHeaderlessTableAndNestedInline  ok (41 us)
  Test-Compiler_DocExamplesNestTableOfContentsLists  ok (1 s 22 ms)
  Test-Compiler_DocRuntimeExcludesPrivateDeclarations  ok (468 ms)
  Test-Compiler_DocGeneratesPublicApiAndHonorsNoDoc  ok (892 ms)
  Test-Compiler_GeneratedAstMaterializesPerThreadFiles  ok (563 ms)
  Test-Compiler_RuntimeLocationPicksGeneratedSourceViewMatchingLineOffset  ok (5 ms)
  Test-Compiler_LifecycleInitWrapperStaysOutOfGeneratedThreadFiles  ok (512 ms)
  Test-Compiler_LifecycleInitWrapperDoesNotCreateSyntheticSourceFilesUnderStress  ok (13 s 803 ms)
  Test-Compiler_GeneratedSpecOpsStayOutOfGeneratedThreadFiles  ok (508 ms)
  Test-Compiler_GeneratedSpecOpsDoNotCreateSyntheticSourceFilesUnderStress  ok (13 s 153 ms)
  Test-Compiler_GeneratedAstDiagnosticsUseMaterializedSourceFile  ok (298 ms)
  Test-Compiler_LegacyStaticControlDirectivesAreNotKeywords  ok (30 us)
  Test-Compiler_AutoInlineCostPricesCallsAndRewardsOneModuleCallSite  ok (849 us)
  Test-Compiler_ExplicitInlineExpandsCrossFileBody  ok (255 ms)
  Test-Compiler_InMemorySourceRunsSemaWithoutDiskIO  ok (211 us)
  Test-Compiler_InMemorySourceKeepsFormatCommandGlobalIfDuringFormat  ok (178 us)
  Test-Compiler_InMemorySourceSkipsFalseGlobalIf  ok (78 us)
  Test-Compiler_InMemorySourceSkipsTestCommandGlobalIfOutsideTests  ok (71 us)
  Test-Compiler_InMemorySourceKeepsTestCommandGlobalIfDuringTests  ok (88 us)
  Test-Compiler_GenericUnionDeductionRemainsStableForHistoricalRandomSeed1002  ok (285 ms)
  Test-Compiler_GenericUnionDeductionRemainsStableForHistoricalRandomSeed1009  ok (327 ms)
  Test-Compiler_GenericUnionDeductionRemainsStableForHistoricalRandomSeed1032  ok (324 ms)
  Test-Compiler_GenericUnionDeductionRemainsStableForHistoricalRandomSeed1143  ok (299 ms)
  Test-Compiler_AstVisitPreservesSiblingsAcrossPauseSkipAndRestart  ok (240 us)
  Test-Compiler_AstVisitResolvesChildrenWithoutFollowingActiveAncestors  ok (97 us)
  Test-Compiler_SymbolLocationSortKeepsStableTokenOrderWithinOneFile  ok (194 us)
  Test-Compiler_SymbolLocationSortKeepsCompositeKeysAcrossFiles  ok (178 us)
  Test-Compiler_AstVisitKeepsDepthFirstOrderWithPendingSiblings  ok (107 us)
  Test-Compiler_AutoInlineBlockedCallsUseDirectEdgesAndOriginalNameScopes  ok (1 ms)
  Test-Compiler_MessagePassSkipsWithoutListeners  ok (904 us)
  Test-Compiler_MessagePassQueuesOnlyOncePerListener  ok (728 us)
  Test-Compiler_MessageAliasPayloadUsesUnderlyingType  ok (10 us)
  Test-Compiler_DiagnosticWarningSeverityColorIsMagenta  ok (0 us)
  Test-Compiler_DiagnosticCatalogFollowsSwagMessageStyle  ok (952 us)
  Test-Compiler_AssertDiagnosticPreservesLiteralSuffixQuotes  ok (48 us)
  Test-Compiler_DiagnosticEscapesQuotedArgumentTicks  ok (28 us)
  Test-Compiler_DiagnosticArgumentCountDoesNotRepeatUnit  ok (175 us)
  Test-Compiler_DiagnosticRemovesUnexpandedWordPlaceholders  ok (27 us)
  Test-Compiler_NativeExitCodeDiagnosticShowsDecimalAndHex  ok (24 us)
  Test-Compiler_DiagnosticEscapesQuotedArgumentWithoutBreakingHelpSplit  ok (26 us)
  Test-NodePayload_ConcurrentUpdatesPreserveDisjointState  ok (15 ms)
  Test-NodePayload_MutableAndConstSymbolListsPreserveFlagsAndOrder  ok (89 us)
  Test-Compiler_CommandLineTagsReachSema  ok (304 ms)
  Test-Compiler_InternalTagPrecedesUserOverride  ok (295 ms)
  Test-Compiler_TestCommandEnablesSourceDrivenModeWhenParsed  ok (191 us)
  Test-Compiler_DebugOptionEnablesDebugInformation  ok (88 us)
  Test-Compiler_ReleaseBuildDoesNotEnableDebugInformation  ok (71 us)
  Test-Compiler_TestCommandRegistersSwagTestCompilerTag  ok (283 ms)
  Test-Compiler_UnittestCommandKeepsSourceDrivenModeDisabledWhenParsed  ok (160 us)
  Test-Compiler_RunCommandParsesRunArgs  ok (89 us)
  Test-Compiler_TestCommandForcesSwagTestRunArg  ok (78 us)
  Test-Compiler_TestCommandDoesNotDuplicateSwagTestRunArg  ok (4 us)
  Test-Compiler_TestCommandKeepsExplicitSandboxRoot  ok (5 us)
  Test-Compiler_TestCommandGrantsTheModuleAsCorpus  ok (19 us)
  Test-Compiler_TestCommandGrantsTheWorkspaceWithoutAModule  ok (7 us)
  Test-Compiler_SmokeCommandGrantsNoCorpus  ok (5 us)
  Test-DebugInfo_EmitsWindowsSymbolAndTypeRecords  ok (227 us)
  Test-DebugInfo_PdbInfoEmitsWindowsBuildInfo  ok (55 us)
  Test-DebugInfo_EmitsWindowsVariableAndConstantRecords  ok (97 us)
  Test-DebugInfo_UsesPerVariableBaseRegistersForRegRelativeSymbols  ok (50 us)
  Test-DebugInfo_CollapsesConsecutiveSameLineEntries  ok (146 us)
  Test-DebugInfo_SkipsNoStepLineEntries  ok (103 us)
  Test-DebugInfo_FirstLineCoversEntry  ok (81 us)
  Test-DebugInfo_ResolvesNoStepBackendSourceInfo  ok (24 us)
  Test-DebugInfo_UsesOwnerSourceFileForGeneratedViews  ok (107 us)
  Test-DebugInfo_UsesDebugSourceCodeRefForGeneratedViewLines  ok (421 us)
  Test-DebugInfo_CompilerTestFunctionsPreserveStackDebugMetadata  ok (482 ms)
  Test-DebugInfo_RuntimeStorageLocalsStayOutOfCodeView  ok (503 ms)
  Test-DebugInfo_CompilerPrivateGlobalsReachCodeViewDataSymbols  ok (488 ms)
  Test-DebugInfo_EmitsWindowsSourceChecksums  ok (177 us)
  Test-EncodeX64_Flow         ok (1 ms)
  Test-EncodeX64_Load         ok (3 ms)
  Test-EncodeX64_CmpAndCond   ok (1 ms)
  Test-EncodeX64_VecPackedOps  ok (5 ms)
  Test-EncodeX64_LegalizeLargeCmpRegImmPreservesLhs  ok (144 us)
  Test-EncodeX64_UnaryOps     ok (296 us)
  Test-EncodeX64_BinaryRegRegOps  ok (2 ms)
  Test-EncodeX64_BinaryRegMemOps  ok (211 us)
  Test-EncodeX64_BinaryMemRegOps  ok (435 us)
  Test-EncodeX64_BinaryImmOps  ok (1 ms)
  Test-EncodeX64_TernaryAndConvert  ok (537 us)
  Test-EncodeX64_UnwindFromMicro  ok (86 us)
  Test-EncodeX64_UnwindFramePointerSetupAfterStackShape  ok (64 us)
  Test-EncodeX64_UnwindStopsBeforeStackStoreBody  ok (68 us)
  Test-EncodeX64_UnwindUpdatesFramePointerWhenAssignedTwice  ok (63 us)
  Test-EncodeX64_UnwindLocalStackBaseIsNotAFrameRegister  ok (59 us)
  Test-EncodeX64_UnwindStopsAfterBodyStart  ok (49 us)
  Test-FormatAlign_ConsecutiveAssignments  ok (462 us)
  Test-FormatAlign_ConsecutiveAliases  ok (218 us)
  Test-FormatAlign_AliasesAcrossAttributesAndBlankLines  ok (242 us)
  Test-FormatAlign_AssignmentsBreakOnIndentation  ok (403 us)
  Test-FormatAlign_AssignmentsBreakOnBlankLine  ok (243 us)
  Test-FormatAlign_AssignmentsAcrossBlanks  ok (231 us)
  Test-FormatAlign_ConsecutiveDeclarations  ok (224 us)
  Test-FormatAlign_ControlDeclarationsBreakDeclarationGroups  ok (286 us)
  Test-FormatAlign_ConsecutiveConstants  ok (185 us)
  Test-FormatAlign_StructFields  ok (198 us)
  Test-FormatAlign_EnumValues  ok (186 us)
  Test-FormatAlign_NoneRemovesAlignment  ok (200 us)
  Test-FormatAlign_TrailingComments  ok (219 us)
  Test-FormatAlign_TrailingCommentsBreakOnIndentation  ok (260 us)
  Test-FormatAlign_TrailingCommentsNormalized  ok (207 us)
  Test-FormatAlign_FatArrowsConsecutive  ok (243 us)
  Test-FormatAlign_FatArrowsBreakOnPlainFunction  ok (262 us)
  Test-FormatAlign_SingletonTightensStalePadding  ok (214 us)
  Test-FormatAlign_StructFieldsWithTypeQualifiers  ok (282 us)
  Test-FormatAlign_StructFieldGridMixed  ok (354 us)
  Test-FormatAlign_StructFieldGridOffKeepsSingleColumn  ok (201 us)
  Test-FormatAlign_DeclarationGridInitializers  ok (251 us)
  Test-FormatAlign_ConstantGridTypes  ok (221 us)
  Test-FormatAlign_QualifiedConstantGridTypes  ok (244 us)
  Test-FormatAlign_QualifiedDeclarationPrefixes  ok (452 us)
  Test-FormatAlign_CaseBodiesConsecutive  ok (338 us)
  Test-FormatAlign_ArrayColumns  ok (240 us)
  Test-FormatAlign_ArrayColumnsSkipsRaggedRows  ok (194 us)
  Test-FormatAlign_HangingLineFollowsAlignedAnchor  ok (317 us)
  Test-FormatAlign_AfterOpenBracketUsesLiteralBrace  ok (261 us)
  Test-FormatAlign_AfterOpenBracketKeepsDataTableRows  ok (198 us)
  Test-FormatAlign_OperandsInsideBracketAnchorOnBracket  ok (233 us)
  Test-FormatAlign_OperandsOutsideBracketAnchorOnStatement  ok (220 us)
  Test-FormatAlign_OutlierGapLeavesLongLineAlone  ok (277 us)
  Test-FormatAlign_OutlierGapKeepsGradedTable  ok (214 us)
  Test-FormatAlign_OutlierGapDropsBothEnds  ok (227 us)
  Test-FormatAlign_AcrossBlanksReadsTheCappedBlankCount  ok (179 us)
  Test-FormatAlign_AccessModifierLineDoesNotBreakTheGroup  ok (259 us)
  Test-FormatAlign_WrappedArgumentsFollowTheAlignedHead  ok (330 us)
  Test-FormatAttributes_OwnLine  ok (217 us)
  Test-FormatAttributes_Inline  ok (176 us)
  Test-FormatAttributes_BreakAfterAttribute  ok (195 us)
  Test-FormatAttributes_Grouped  ok (248 us)
  Test-FormatAttributes_SortArguments  ok (262 us)
  Test-FormatAttributes_SortArgumentsWithDifferentPieceCounts  ok (210 us)
  Test-FormatAttributes_SpaceAfterAttributeComma  ok (185 us)
  Test-FormatBlanks_MaxConsecutiveEmptyLinesUnlimited  ok (215 us)
  Test-FormatBlanks_MaxConsecutiveEmptyLinesCollapses  ok (189 us)
  Test-FormatBlanks_MaxConsecutiveEmptyLinesOne  ok (183 us)
  Test-FormatBlanks_AfterOpeningBraceNever  ok (179 us)
  Test-FormatBlanks_AfterOpeningBracePreserve  ok (190 us)
  Test-FormatBlanks_AfterOpeningBraceAlways  ok (177 us)
  Test-FormatBlanks_BeforeClosingBraceNever  ok (170 us)
  Test-FormatBlanks_BeforeClosingBracePreserve  ok (167 us)
  Test-FormatBlanks_BeforeClosingBraceAlways  ok (168 us)
  Test-FormatBlanks_AroundAccessBlocksAlways  ok (264 us)
  Test-FormatBlanks_AroundAccessBlocksNever  ok (221 us)
  Test-FormatBlanks_AroundAccessBlocksPreserve  ok (198 us)
  Test-FormatBlanks_TrimTrailingNewlinesCollapsesToOne  ok (352 us)
  Test-FormatBlanks_TrimTrailingNewlinesDisabled  ok (192 us)
  Test-FormatBlanks_CombinedBlockEdges  ok (210 us)
  Test-FormatBlanks_BeforeFunctionAlways  ok (221 us)
  Test-FormatBlanks_BeforeFunctionKeepsDocCommentAttached  ok (250 us)
  Test-FormatBlanks_BeforeFunctionKeepsShortFormsStacked  ok (293 us)
  Test-FormatBlanks_BeforeTypeAlways  ok (244 us)
  Test-FormatBlanks_BeforeCommentBlockAlways  ok (209 us)
  Test-FormatBlanks_BeforeCommentBlockKeepsBlockStartAndRuns  ok (185 us)
  Test-FormatBlanks_BeforeCommentBlockKeepsInlineBodyStart  ok (218 us)
  Test-FormatBlanks_AfterGlobalBlockInsertsBlank  ok (174 us)
  Test-FormatBlanks_AfterGlobalThenUsingBlocks  ok (186 us)
  Test-FormatBlanks_BetweenCasesMultiLine  ok (424 us)
  Test-FormatBlanks_BetweenCasesNeverRemovesBlanks  ok (276 us)
  Test-FormatBlanks_AfterStandaloneClosingBraceAlways  ok (319 us)
  Test-FormatBlanks_AfterStandaloneClosingBraceNever  ok (221 us)
  Test-FormatBlanks_AfterStandaloneClosingBracePreserve  ok (231 us)
  Test-FormatBlanks_AfterStandaloneClosingBraceKeepsElseAttached  ok (233 us)
  Test-FormatBraces_AllmanMovesBraceToOwnLine  ok (198 us)
  Test-FormatStatements_OneStatementPerLine  ok (265 us)
  Test-FormatStatements_UsingFieldPrefixStaysTogether  ok (216 us)
  Test-FormatStatements_OneEnumValuePerLine  ok (194 us)
  Test-FormatBraces_ShortInlineDoBodiesSplit  ok (279 us)
  Test-FormatBraces_DestructuringPatternsStayInlineAndIndentAsStatements  ok (416 us)
  Test-FormatBraces_AttachJoinsBrace  ok (170 us)
  Test-FormatBraces_AllmanOnControlBlocks  ok (199 us)
  Test-FormatBraces_BreakBeforeElse  ok (209 us)
  Test-FormatBraces_JoinElseToBrace  ok (202 us)
  Test-FormatBraces_CompactEmptyBraces  ok (158 us)
  Test-FormatBraces_ShortFunctionsNeverSplits  ok (202 us)
  Test-FormatBraces_ShortFunctionsNeverKeepsEmpty  ok (183 us)
  Test-FormatBraces_SourceSelectsDefinitionLayout  ok (528 us)
  Test-FormatBraces_ShortBlocksInlineJoins  ok (243 us)
  Test-FormatBraces_ShortIfNeverSplits  ok (222 us)
  Test-FormatBraces_ShortLoopsJoin  ok (228 us)
  Test-FormatBraces_ShortEnumsSplit  ok (163 us)
  Test-FormatBraces_ShortCaseSplits  ok (275 us)
  Test-FormatBraces_ShortCaseJoins  ok (270 us)
  Test-FormatBraces_CaseUniformJoinsJumpTable  ok (278 us)
  Test-FormatBraces_CaseUniformExpandsMixedSwitch  ok (290 us)
  Test-FormatBraces_StaticIfChainAlignsAndBreaks  ok (302 us)
  Test-FormatBraces_StaticControl  ok (399 us)
  Test-FormatBraces_StaticIfSingleLineChainStaysInline  ok (254 us)
  Test-FormatBraces_MultiLineBlockContentLeavesBraceLines  ok (340 us)
  Test-FormatBraces_AllmanOnStaticIfBlocks  ok (214 us)
  Test-FormatBraces_ShortStructsKeepTupleTypes  ok (273 us)
  Test-FormatBraces_ShortStructsStillSplitDeclarations  ok (184 us)
  Test-FormatBraces_ShortFunctionsKeepClosureArguments  ok (381 us)
  Test-FormatBraces_ShortBlocksKeepInitializerLiterals  ok (358 us)
  Test-FormatBraces_ShortFunctionsInlineKeepsClosureBodies  ok (298 us)
  Test-FormatStatements_RemoveRedundantSemicolons  ok (297 us)
  Test-FormatStatements_RemoveConditionParentheses  ok (243 us)
  Test-FormatBraces_BreakBeforeWhere  ok (223 us)
  Test-FormatBraces_ShortClosuresNeverSplits  ok (268 us)
  Test-FormatBraces_UniformKeepsArmsWhoseCallIsWrapped  ok (375 us)
  Test-FormatBraces_UniformExpandsWhenAnArmCarriesABlock  ok (396 us)
  Test-FormatBraces_SemicolonPushedToEndOfLineByWrappingIsRemoved  ok (237 us)
  Test-FormatBraces_AnonymousStructTypeKeepsItsShape  ok (301 us)
  Test-FormatComments_SpaceAfterLineCommentPrefix  ok (208 us)
  Test-FormatComments_NormalizeSectionSeparators  ok (186 us)
  Test-FormatComments_ReflowParagraph  ok (188 us)
  Test-FormatComments_ReflowJoinsShortLines  ok (172 us)
  Test-FormatComments_NormalizeMode  ok (160 us)
  Test-FormatComments_LastInBlockKeepsBlockIndent  ok (228 us)
  Test-FormatComments_LastInNestedBlockKeepsBlockIndent  ok (265 us)
  Test-FormatComments_LastInSwitchKeepsArmIndent  ok (316 us)
  Test-FormatComments_BeforeCaseLabelKeepsLabelIndent  ok (304 us)
  Test-FormatComments_InsideABracketSettleInOnePass  ok (519 us)
  Test-FormatFile_InlineBodyOwnsNestedBraceIndent  ok (391 us)
  Test-FormatFile_InlineIfBranchStopsBeforeElse  ok (513 us)
  Test-FormatFile_CatchHandlerAlignsAndIndents  ok (351 us)
  Test-FormatFile_InlineDestructuringIsNotABlock  ok (497 us)
  Test-FormatFile_InsertFinalNewline  ok (170 us)
  Test-FormatFile_TrimLeadingBlankLines  ok (147 us)
  Test-FormatFile_TrimLeadingBlankLinesDisabled  ok (143 us)
  Test-FormatFile_ReservedIdentifiersAreFormattable  ok (194 us)
  Test-FormatFile_IndentInsideParensEnforcesContinuation  ok (298 us)
  Test-FormatFile_AlignOperandsOnWrappedCondition  ok (311 us)
  Test-FormatFile_WhereClauseIndent  ok (252 us)
  Test-FormatFile_WhereBlockIndent  ok (251 us)
  Test-FormatFile_EndOfLineStyleLf  ok (171 us)
  Test-FormatFile_EndOfLineStyleCrLf  ok (196 us)
  Test-FormatFile_TrimTrailingWhitespace  ok (161 us)
  Test-FormatFile_BlankLineAfterUsingBlock  ok (173 us)
  Test-FormatFile_BlankLineBeforeFunctionDefinition  ok (249 us)
  Test-FormatFile_IndentStyleSpacesNormalizesTabs  ok (501 us)
  Test-FormatFile_IndentStyleTabs  ok (213 us)
  Test-FormatFile_ReindentFixesBadIndent  ok (306 us)
  Test-FormatFile_ElseBeforeNestedIfAligns  ok (382 us)
  Test-FormatFile_IndentNamespaceBodyOff  ok (216 us)
  Test-FormatFile_IndentCaseLabels  ok (591 us)
  Test-FormatLiteral_PreserveLeavesNumericLiteralsUntouched  ok (322 us)
  Test-FormatLiteral_PreserveCharacterTypeSuffix  ok (250 us)
  Test-FormatLiteral_HexDigitCaseUpperAndLower  ok (395 us)
  Test-FormatLiteral_HexPrefixCaseUpperAndLower  ok (327 us)
  Test-FormatLiteral_FloatExponentCaseUpperAndLower  ok (367 us)
  Test-FormatLiteral_NormalizeHexDigitSeparators  ok (172 us)
  Test-FormatLiteral_NormalizeBinaryDigitSeparators  ok (159 us)
  Test-FormatLiteral_NormalizeDecimalDigitSeparators  ok (153 us)
  Test-FormatLiteral_NormalizeFloatDigitSeparators  ok (155 us)
  Test-FormatLiteral_CombinedHexCaseAndNormalization  ok (151 us)
  Test-FormatOff_LineCommentDisablesNumberFormatting  ok (212 us)
  Test-FormatOff_NoOnComment_RestOfFileRaw  ok (172 us)
  Test-FormatOff_MultipleRegions  ok (203 us)
  Test-FormatOff_BlockComment  ok (193 us)
  Test-FormatOff_CustomMarkers  ok (245 us)
  Test-FormatOff_EolNotRewrittenInDisabledRegion  ok (211 us)
  Test-FormatSpacing_SpaceAfterComma  ok (283 us)
  Test-FormatSpacing_NormalizeHorizontalWhitespace  ok (252 us)
  Test-FormatSpacing_NamedArgumentColons  ok (262 us)
  Test-FormatSpacing_TrueOptionsKeepManualAlignment  ok (203 us)
  Test-FormatSpacing_NoSpaceAfterComma  ok (196 us)
  Test-FormatSpacing_SpaceAroundAssignment  ok (190 us)
  Test-FormatSpacing_NoSpaceAroundAssignment  ok (151 us)
  Test-FormatSpacing_SpaceAroundBinaryOperators  ok (221 us)
  Test-FormatSpacing_NoSpaceAroundBinaryOperators  ok (163 us)
  Test-FormatSpacing_SpaceAroundArrow  ok (342 us)
  Test-FormatSpacing_FatArrow  ok (344 us)
  Test-FormatSpacing_ColonInDeclarations  ok (204 us)
  Test-FormatSpacing_ColonInBaseClause  ok (164 us)
  Test-FormatSpacing_InsideParentheses  ok (423 us)
  Test-FormatSpacing_InEmptyParentheses  ok (375 us)
  Test-FormatSpacing_InsideBrackets  ok (436 us)
  Test-FormatSpacing_AfterCast  ok (516 us)
  Test-FormatSpacing_AfterKeyword  ok (405 us)
  Test-FormatSpacing_AfterUnaryOperator  ok (244 us)
  Test-FormatSpacing_PostfixDereference  ok (287 us)
  Test-FormatSpacing_BeforeParenthesesControl  ok (413 us)
  Test-FormatSpacing_InsideBracesOfLiterals  ok (258 us)
  Test-FormatSpacing_FailClosesAFunctionTypeNotAnOperand  ok (211 us)
  Test-FormatStyle_PreserveNormalizesNothing  ok (309 us)
  Test-FormatStyle_DefaultOptionsArePreserve  ok (991 us)
  Test-FormatStyle_SwagIsTheCanonicalLayout  ok (408 us)
  Test-FormatStyle_SwagIntrinsicCallsStayStable  ok (751 us)
  Test-FormatStyle_SwagKeepsAccessModifiersWithTheirDeclarations  ok (420 us)
  Test-FormatStyle_SwagKeepsStorageAndAccessModifierOrders  ok (11 ms)
  Test-FormatStyle_SwagSeparatesAccessBlocks  ok (425 us)
  Test-FormatStyle_SwagLeavesLineEndingsAndColumnsAlone  ok (418 us)
  Test-FormatStyle_DescribeRendersEveryOption  ok (391 us)
  Test-FormatUsing_SortAscending  ok (311 us)
  Test-FormatUsing_SortCaseInsensitive  ok (184 us)
  Test-FormatUsing_BlankLineSplitsRuns  ok (175 us)
  Test-FormatUsing_Merge      ok (175 us)
  Test-FormatUsing_SortAndMerge  ok (176 us)
  Test-FormatWrap_BreaksAfterComma  ok (640 us)
  Test-FormatWrap_ForceSingleLineLists  ok (361 us)
  Test-FormatWrap_FormatterSelectsListLineMode  ok (417 us)
  Test-FormatWrap_SourceSelectsSingleLineLists  ok (280 us)
  Test-FormatWrap_SourceSelectsNestedSingleLineLists  ok (407 us)
  Test-FormatWrap_HangingIndentLists  ok (270 us)
  Test-FormatWrap_HangingAlignLists  ok (283 us)
  Test-FormatWrap_VerticalLists  ok (254 us)
  Test-FormatWrap_BlockLists  ok (260 us)
  Test-FormatWrap_ForceSingleLineLogicalExpressions  ok (279 us)
  Test-FormatWrap_SourceSelectsSingleLineLogicalExpressions  ok (281 us)
  Test-FormatWrap_LogicalOperatorsAfter  ok (310 us)
  Test-FormatWrap_LogicalOperatorsBefore  ok (235 us)
  Test-FormatWrap_LogicalOperandsOnePerLine  ok (232 us)
  Test-FormatWrap_LogicalHangingIndent  ok (221 us)
  Test-FormatWrap_LogicalOperandsPack  ok (226 us)
  Test-FormatWrap_FormatterSelectsLogicalExpressionLineMode  ok (293 us)
  Test-FormatWrap_NestedLogicalExpressions  ok (282 us)
  Test-FormatWrap_NormalizesAdversarialLists  ok (579 us)
  Test-FormatWrap_NormalizesAdversarialLogicalExpression  ok (283 us)
  Test-FormatWrap_AlignsMultilineArgumentContents  ok (342 us)
  Test-FormatWrap_ClosureCapturesStayInsideArgument  ok (9 ms)
  Test-FormatWrap_NoWrapWhenDisabled  ok (326 us)
  Test-FormatWrap_BreakBeforeBinaryOperators  ok (214 us)
  Test-FormatWrap_BinPackLists  ok (316 us)
  Test-FormatWrap_BinPackParametersOnePerLine  ok (210 us)
  Test-FormatWrap_BinPackArgumentsOnePerLine  ok (246 us)
  Test-FormatWrap_NoColumnLimitNeverMovesAStatementBreak  ok (458 us)
  Test-FormatWrap_ColumnLimitBreaksHighestInTheExpression  ok (350 us)
  Test-FormatWrap_ColumnLimitAlignsNewOperandLinesInOnePass  ok (309 us)
  Test-FormatWrap_ColumnLimitBreaksAtTheLoosestOperator  ok (346 us)
  Test-FormatWrap_ColumnLimitKeepsOneIndentPerStatement  ok (271 us)
  Test-FormatWrap_ContinuationOutsideBracketsTakesCanonicalIndent  ok (221 us)
  Test-FormatWrap_ContinuationInsideBracketsKeepsRelativeIndent  ok (235 us)
  Test-FormatWrap_WrappedCaseValuesAlignUnderTheFirstValue  ok (308 us)
  Test-FormatWrap_SourceSelectsLiteralLayout  ok (395 us)
  Test-FormatWrap_HugTrailingTableArgument  ok (323 us)
  Test-FormatWrap_HugTrailingClosureArgument  ok (286 us)
  Test-FormatWrap_HugTrailingBlockLiteralItem  ok (306 us)
  Test-FormatWrap_HugSkipsEarlierMultilineArgument  ok (295 us)
  Test-JIT_Return42           ok (178 us)
  Test-JIT_RegAllocAvoidsFutureConcreteClobber  ok (157 us)
  Test-JIT_128BitStackCopy    ok (562 us)
  Test-JIT_PointerSpillRoundTrip  ok (338 us)
  Test-JIT_B32LoadAndZeroExtendKeepsUpperBitsClear  ok (235 us)
  Test-JIT_PackedIntegerOps   ok (148 us)
  Test-JIT_VecCodecOps        ok (485 us)
  Test-JIT_VecFloatOps        ok (216 us)
  Test-JIT_SlpVectorizedLanes  ok (3 ms)
  Test-JIT_ConstantDivisionBaseline  ok (6 ms)
  Test-JIT_ConstantDivisionStrengthReduced  ok (32 ms)
  Test-JIT_PersistentRegPreservedAcrossCall  ok (219 us)
  Test-BranchSimplify_ErasesJumpToImmediateLabel  ok (111 us)
  Test-BranchSimplify_ThreadsJumpThroughEmptyBlock  ok (141 us)
  Test-BranchSimplify_FoldsKnownTrueBranch  ok (96 us)
  Test-BranchSimplify_FoldsKnownFalseBranch  ok (82 us)
  Test-BranchSimplify_FoldsKnownSignedLessBranch  ok (82 us)
  Test-BranchSimplify_FoldsKnownUnsignedBelowBranch  ok (78 us)
  Test-BranchSimplify_ErasesDeadTailAfterRet  ok (55 us)
  Test-BranchSimplify_ConvertsMinPatternToCmov  ok (75 us)
  Test-BranchSimplify_ConvertsConditionalConstantToCmov  ok (61 us)
  Test-BranchSimplify_KeepsMultiInstructionBranchBody  ok (66 us)
  Test-BranchSimplify_ThreadsShortCircuitExit  ok (105 us)
  Test-BranchSimplify_KeepsReferencedLabel  ok (56 us)
  Test-BranchSimplify_KeepsByteSelectBranch  ok (64 us)
  Test-BranchSimplify_ConvertsDiamondSelectToCmov  ok (81 us)
  Test-BranchSimplify_ConvertsDiamondConstantsToCmov  ok (155 us)
  Test-BranchSimplify_SinksCompareBelowFlagWritingArm  ok (104 us)
  Test-BranchSimplify_KeepsDiamondWithGuardedLoad  ok (75 us)
  Test-BranchSimplify_KeepsDiamondWithSharedArmLabel  ok (88 us)
  Test-BranchSimplify_KeepsDiamondWhenArmReadsResultFirst  ok (72 us)
  Test-BranchSimplify_KeepsDiamondWhenArmClobbersCompareInput  ok (78 us)
  Test-BranchSimplify_KeepsByteDiamond  ok (66 us)
  Test-BranchSimplify_ConvertsEarlyReturnToCmov  ok (60 us)
  Test-BranchSimplify_ConvertsEarlyReturnChainToCmovs  ok (133 us)
  Test-BranchSimplify_KeepsEarlyReturnWithGuardedLoad  ok (48 us)
  Test-BranchSimplify_SinksCompareBelowFlagWritingEarlyReturn  ok (70 us)
  Test-BranchSimplify_EarlyReturnChecksBothCompareInputs  ok (184 us)
  Test-BranchSimplify_InvertsJumpPairAfterImmediateJumpErasure  ok (69 us)
  Test-BranchSimplify_TriangleScratchPreservesAcceptedPlanOrder  ok (185 us)
  Test-ConstantFolding_FoldBinaryRegImm  ok (67 us)
  Test-ConstantFolding_FoldCopyFromKnown  ok (43 us)
  Test-ConstantFolding_ChainedFold  ok (37 us)
  Test-ConstantFolding_FoldFromClearReg  ok (29 us)
  Test-ConstantFolding_FoldAcrossJoinSameConstant  ok (51 us)
  Test-ConstantFolding_BinaryRequiresKnownInputsAndDeadFlags  ok (243 us)
  Test-ConstantFolding_RegImmResultsKeepWidthsFailuresAndFlags  ok (286 us)
  Test-ConstantFolding_RegRegResultsKeepAliasesWidthsAndUnknownInputs  ok (436 us)
  Test-ConstantFolding_ExtendResultsKeepSignWidthAndAliases  ok (1 ms)
  Test-ConstantFolding_PropagatesInDominatorOrderWithoutPhis  ok (57 us)
  Test-ConstantFolding_LazyAddressesKeepFilteredRelocationOrder  ok (124 us)
  Test-CopyElim_SelfCopy_Erased  ok (33 us)
  Test-CopyElim_ChainedCopies_CanonicalizesSource  ok (40 us)
  Test-CopyElim_RewritesPureUseAcrossJoin  ok (62 us)
  Test-CopyElim_DoesNotPropagatePastSourceRedefinition  ok (33 us)
  Test-CopyElim_TransfersForbiddenPhysRegsToCanonicalSource  ok (40 us)
  Test-CopyElim_DoesNotRewriteUseDefOperand  ok (32 us)
  Test-CopyElim_PropagatesInDominatorOrderWithoutPhis  ok (62 us)
  Test-DeadCodeElimination_RemovesEntireDeadChain  ok (785 us)
  Test-DeadCodeElimination_JoinTracksSurvivingConsumers  ok (114 us)
  Test-DeadCodeElimination_PhiCyclesNeedAnInstructionConsumer  ok (124 us)
  Test-DeadCodeElimination_DeadFlagConsumerExposesArithmetic  ok (85 us)
  Test-DeadCodeElimination_PreservesStreamsWithoutVirtualDefinitions  ok (26 us)
  Test-DeadCodeElimination_FanOutSkipsRemovedReadersAfterItsWitness  ok (106 us)
  Test-DeadCodeElimination_DeferredFlagConsumerKeepsSweepsRunning  ok (79 us)
  Test-InductionVariable_CountsDefinitionsAndUsesForCarriedSums  ok (203 us)
  Test-InductionVariable_ProductsKeepPriorityWhenCarrierIsRejected  ok (126 us)
  Test-InductionVariable_CopyThenOpUsesLiveLayoutAdjacency  ok (62 us)
  Test-InstCombine_Identity_AddZero_Erased  ok (54 us)
  Test-InstCombine_ConstantAddressLoad_FoldsToRip  ok (62 us)
  Test-InstCombine_RelocatedLoad_UsesExactTargetAndLiveMemory  ok (833 us)
  Test-InstCombine_ForwardingCacheKeepsClaimedLoadsOut  ok (53 us)
  Test-InstCombine_ForwardingCacheKeepsSurvivingProducers  ok (175 us)
  Test-InstCombine_RipForwardingInitializesBeforeFirstMatchedRelocation  ok (59 us)
  Test-InstCombine_Absorbing_AndZero_BecomesClear  ok (34 us)
  Test-InstCombine_Absorbing_OrAllOnes_BecomesLoadImm  ok (30 us)
  Test-InstCombine_Reassociate_AddAdd  ok (47 us)
  Test-InstCombine_Reassociate_AddSub_PicksAdd  ok (33 us)
  Test-InstCombine_Reassociate_ShiftLeftChain  ok (34 us)
  Test-InstCombine_Reassociate_ShiftOverflow_NotFolded  ok (31 us)
  Test-InstCombine_RegReg_XorSelf_BecomesClear  ok (31 us)
  Test-InstCombine_RegReg_SubSelf_BecomesClear  ok (29 us)
  Test-InstCombine_RegReg_AndSelf_DeadErased  ok (30 us)
  Test-InstCombine_Reassociate_MulMulSigned  ok (36 us)
  Test-InstCombine_Reassociate_OrOr  ok (32 us)
  Test-InstCombine_MemFold_Imm_Consecutive  ok (52 us)
  Test-InstCombine_MemFold_Reg_Consecutive  ok (54 us)
  Test-InstCombine_MemFold_NonConsecutive  ok (39 us)
  Test-InstCombine_MemFold_VtReadAfterStore_NotFolded  ok (40 us)
  Test-InstCombine_MaskBeforeLeftShift_DroppedDirect  ok (96 us)
  Test-InstCombine_MaskBeforeLeftShift_DroppedThroughCopies  ok (92 us)
  Test-InstCombine_MaskBeforeLeftShift_KeptWhenMaskTooNarrow  ok (37 us)
  Test-InstCombine_MaskBeforeRightShift_Kept  ok (33 us)
  Test-InstCombine_ZeroExtendOfDwordLoad_BecomesCopy  ok (73 us)
  Test-InstCombine_ZeroExtendOfQwordLoad_Kept  ok (35 us)
  Test-InstCombine_MaskedAddOfZeroExtendedWords_NarrowsToDword  ok (64 us)
  Test-InstCombine_MaskedAddWithQwordReader_Kept  ok (51 us)
  Test-InstCombine_MaskedShift_Kept  ok (43 us)
  Test-InstCombine_MemoryFoldTriple_InsideLoop  ok (86 us)
  Test-InstCombine_MemoryFoldTriple_LeavesLoopFrameSlot  ok (84 us)
  Test-InstCombine_MemoryFoldTriple_FrameWithoutBackEdgesKeepsCfgGuards  ok (127 us)
  Test-InstCombine_ZeroExtendOfDwordPhi_BecomesCopy  ok (84 us)
  Test-InstCombine_MultiplyAdd_BecomesTwoAddresses  ok (3 ms)
  Test-InstCombine_MultiplyAdd_PreservesObservedValuesAndFlags  ok (311 us)
  Test-InstCombine_AddressCopy_DefinesAccumulatorDirectly  ok (75 us)
  Test-InstCombine_FloatResultCopy_DefinesAccumulatorDirectly  ok (298 us)
  Test-InstCombine_SqrtResultCopy_PreservesPackedDestination  ok (104 us)
  Test-InstCombine_SqrtResultCopy_ReusesGlobalReadCheckByWidth  ok (400 us)
  Test-InstCombine_SqrtResultCopy_KeepsOtherUses  ok (73 us)
  Test-InstCombine_SharedAndInputs_PreservesValuesAndFlags  ok (1 ms)
  Test-InstructionCombine_FoldsBooleanSelect  ok (145 us)
  Test-InstructionCombine_KeepsUnsafeBooleanSelect  ok (173 us)
  Test-InstCombine_RangeProvedCompare_ClampErased  ok (59 us)
  Test-InstCombine_RangeProvedCompare_WideMaskKept  ok (49 us)
  Test-InstCombine_RangeProvedCompare_NarrowWriteKept  ok (46 us)
  Test-InstCombine_CompareRereadsKeepOriginalAddressValues  ok (86 us)
  Test-InstCombine_LoadFoldWindowStartsAfterAnchor  ok (140 us)
  Test-InstCombine_InPlaceWindowIncludesAnchor  ok (172 us)
  Test-InstCombine_VectorPlans_KeepFreshRegistersAcrossRollback  ok (208 us)
  Test-MicroDominators_MatchReachabilityWithANodeRemoved  ok (66 us)
  Test-LICM_RetargetsDuplicateRelocationsAndKeepsUnhoistedOnes  ok (117 us)
  Test-LICM_FramePrivacyResolvesBackwardLayoutChainsBeforeEscapeChecks  ok (212 us)
  Test-LICM_HoistsInvariantLoad  ok (92 us)
  Test-LICM_HoistsSingleUseLaneBroadcast  ok (101 us)
  Test-LICM_KeepsVolatileLoadInLoop  ok (72 us)
  Test-LICM_HoistsFloatConversionAcrossCallWithLiveIntegerFlags  ok (234 us)
  Test-LICM_KeepsIntegerClearWhenFlagsAreLiveAtEitherSite  ok (108 us)
  Test-LICM_HoistsScalarLiteralLoadsButKeepsZeroLocal  ok (268 us)
  Test-MicroDomTree_MatchesPathsThroughDiamondAndLoop  ok (255 us)
  Test-NaturalLoop_CollectBody_CountsMembersOnceAcrossTailsAndRebuilds  ok (11 us)
  Test-LoopUnroll_MultipleLoops_RebuildsIncomingJumpRanges  ok (100 us)
  Test-LoopUnroll_OutsideReadsAndCarriedValuesKeepTheirNames  ok (170 us)
  Test-LoopUnroll_FreshRegisterFilesRespectRenamingEligibility  ok (184 us)
  Test-LoopUnroll_MultipleIncomingJumps_PreservesLoop  ok (34 us)
  Test-LoopUnroll_ExternalJumpToBody_PreservesLoop  ok (48 us)
  Test-LoopUnroll_RejectedCandidateKeepsRelocationsForFollowingLoop  ok (72 us)
  Test-MemToReg_PlainSlot_Promotes  ok (51 us)
  Test-MemToReg_MixedSlotsKeepDistinctFreshRegisters  ok (53 us)
  Test-MemToReg_RedefinedAddressRegister_BailsFunction  ok (39 us)
  Test-MemToReg_UnwrittenWideAccess_BlocksOverlapButNotAdjacentSlot  ok (38 us)
  Test-MemToReg_WrappingWideAccess_KeepsNarrowOverlap  ok (31 us)
  Test-MemToReg_WidestAccessRespectsEscapedVariableExtents  ok (91 us)
  Test-MicroPassManager_PostRa_RechecksSuffixAfterEachMutation  ok (44 us)
  Test-MicroPassManager_PostRa_RechecksSuffixWhenFirstSweepPolicyChanges  ok (29 us)
  Test-MicroBuilder_PruneRelocationsBeforeRecyclingSlots  ok (8 us)
  Test-MicroControlFlowGraph_KeepsEdgeOrderAcrossRebuilds  ok (42 us)
  Test-PostRADeadCodeElim_PreservesAbiLiveOut  ok (38 us)
  Test-PostRADeadCodeElim_UnusedReturnRegistersAreDead  ok (25 us)
  Test-PostRADeadCodeElim_LoopBackEdgeKeepsCarriedDefinition  ok (33 us)
  Test-PostRALoopHoist_InvariantReload_MovesToPreheader  ok (122 us)
  Test-PostRALoopHoist_SlotWrittenInBody_Blocks  ok (54 us)
  Test-PostRALoopHoist_OpaqueStoreInBody_Blocks  ok (49 us)
  Test-PostRALoopHoist_OpaqueStoreOverPrivateFrame_Hoists  ok (59 us)
  Test-PostRALoopHoist_SecondReload_BecomesCopy  ok (63 us)
  Test-PostRALoopHoist_DestinationLiveAtPreheader_Blocks  ok (43 us)
  Test-PostRALoopHoist_CarriedSlot_LeavesTheLoop  ok (75 us)
  Test-PostRALoopHoist_CarriedRegisterReusedElsewhere_Blocks  ok (102 us)
  Test-PostRALoopHoist_SecondDefinitionOfDestinationBlocks  ok (43 us)
  Test-PostRALoopRotate_IndependentHeadersRotate  ok (48 us)
  Test-PostRALoopRotate_SecondIncomingJumpBlocks  ok (30 us)
  Test-PostRALoopRotate_ConditionalBackEdgeBlocks  ok (28 us)
  Test-PostRAPeephole_Nop_Erased  ok (53 us)
  Test-PostRAPeephole_DoesNotForwardFromStoreClaimedByImmediateFold  ok (41 us)
  Test-PostRAPeephole_CopyForward_DoesNotCrossClaimedStoreReload  ok (36 us)
  Test-PostRAPeephole_ErasesStoreOverwrittenBeforeMemoryAccess  ok (24 us)
  Test-PostRAPeephole_DoesNotEraseOverwrittenNonFrameStore  ok (21 us)
  Test-PostRAPeephole_ErasesOwnStoreReloadOnConditionalFallthrough  ok (28 us)
  Test-PostRAPeephole_ForwardsStoredValueToReload  ok (25 us)
  Test-PostRAPeephole_CopyForward_StopsAtEncoderImplicitDef  ok (40 us)
  Test-MicroPassHelpers_PhysicalLivenessReuseReplacesInstructionEffectsAndExitRoots  ok (102 us)
  Test-MicroPassHelpers_CombinedFreshIndicesMatchSingleClassBounds  ok (16 us)
  Test-Legalize_LateMixedIssuesPreserveScratchNames  ok (142 us)
  Test-Legalize_ScratchExcludesFirstReadsInAbiOrder  ok (39 us)
  Test-Legalize_ScratchExclusionsStopBeforeBarrierUses  ok (120 us)
  Test-Legalize_DoesNotPreserveDeadShiftRegisterAcrossJump  ok (37 us)
  Test-Legalize_RewritesB8SignedMultiplyRegMemToRax  ok (33 us)
  Test-Legalize_ClearsPositiveFloatZero  ok (81 us)
  Test-Legalize_KeepsNonzeroFloatBitsAndAddresses  ok (120 us)
  Test-Legalize_KeepsMemoryDestinationAdd  ok (19 us)
  Test-Legalize_KeepsMemoryExchange  ok (18 us)
  Test-PostRAPeephole_DoesNotForwardB8SignedMultiplyImmediate  ok (21 us)
  Test-PostRAPeephole_FoldsIntegerReloadIntoBinary  ok (29 us)
  Test-PostRAPeephole_KeepsIntegerReloadReadAfterConsumer  ok (24 us)
  Test-PostRAPeephole_FoldsIntegerReloadIntoCompare  ok (28 us)
  Test-PostRAPeephole_KeepsByteMultiplyReload  ok (22 us)
  Test-PostRAPeephole_SelfCopy_B64_Erased  ok (19 us)
  Test-PostRAPeephole_SelfCopy_IntB32_Preserved  ok (17 us)
  Test-PostRAPeephole_FallthroughJumpSkipsTrivialGap  ok (26 us)
  Test-PostRAPeephole_DeadCompareBeforeRet_Erased  ok (19 us)
  Test-PostRAPeephole_DeadCompareAfterRedundantJump_Erased  ok (23 us)
  Test-PostRAPeephole_LiveCompareForBranch_Preserved  ok (22 us)
  Test-PostRAPeephole_LoadCondRegRegKeepsCopyBecauseDestinationIsUseDef  ok (30 us)
  Test-PostRAPeephole_FlagReuse_SubThenCompareZero_CompareErased  ok (25 us)
  Test-PostRAPeephole_FlagReuse_UnsafeCondition_ComparePreserved  ok (22 us)
  Test-PostRAPeephole_FlagReuse_NonFlagProducer_ComparePreserved  ok (22 us)
  Test-PostRAPeephole_ZeroToClear_LiveFlagsDead_Converted  ok (22 us)
  Test-PostRAPeephole_ZeroToClear_DeadReg_NotConverted  ok (20 us)
  Test-PostRAPeephole_ZeroToClear_FlagsLive_NotConverted  ok (21 us)
  Test-PostRAPeephole_SelfOperand_FoldsWhenDestinationHoldsTheSlot  ok (22 us)
  Test-PostRAPeephole_SelfOperand_KeepsMemoryOperandWhenWindowExhausted  ok (39 us)
  Test-PreRAPeephole_FloatBinary_DefinesIndependentResult  ok (338 us)
  Test-PreRAPeephole_FloatBinary_PreservesCopiedSecondOperand  ok (64 us)
  Test-PreRAPeephole_ForwardsLoadImmIntoStore  ok (51 us)
  Test-PreRAPeephole_ForwardsLoadImmIntoCmpMem  ok (30 us)
  Test-PreRAPeephole_ForwardsLoadImmIntoMemBinary  ok (28 us)
  Test-PreRAPeephole_ForwardsCopyIntoNextUseOnlySlots  ok (37 us)
  Test-PreRAPeephole_TransfersForbiddenPhysRegsAcrossCopyForward  ok (38 us)
  Test-PreRAPeephole_DoesNotRewriteExchangeUseDefConsumer  ok (42 us)
  Test-PreRAPeephole_ForwardsLoadImmIntoAmcStore  ok (28 us)
  Test-PreRAPeephole_ForwardsClearRegIntoImmediateCompare  ok (24 us)
  Test-PreRAPeephole_FoldsExtendOfImmediate  ok (88 us)
  Test-PreRAPeephole_FoldsPointerImmediateIntoAddress  ok (31 us)
  Test-PreRAPeephole_CombinesAdjacentRegImmAdd  ok (34 us)
  Test-PreRAPeephole_KeepsAdjacentRegImmAddWhenFlagsAreLive  ok (26 us)
  Test-PreRAPeephole_FoldsCopyAddIntoLoadAddress  ok (24 us)
  Test-PreRAPeephole_FoldsCopyAddIntoLoadAddressDespiteMismatchedForbiddenRegs  ok (28 us)
  Test-PreRAPeephole_KeepsCopyAddWhenFlagsAreLive  ok (25 us)
  Test-PreRAPeephole_FoldsAmcIndexImmediateIntoSimpleLoad  ok (24 us)
  Test-PreRAPeephole_FoldsAddressBaseIntoAmcStore  ok (26 us)
  Test-PreRAPeephole_FoldsAmcAddressIntoStore  ok (64 us)
  Test-MicroPrologEpilog_FirstDefinitionsPreserveSaveOrderAcrossRegisterClasses  ok (94 us)
  Test-MicroPrologEpilog_RestoresEveryReturnFromOriginalAnchors  ok (37 us)
  Test-MicroPrologEpilogSanitize_MergesAdjacentStackAdjustments  ok (40 us)
  Test-MicroPrologEpilogSanitize_DoesNotMergeOutsideEntryExitRegions  ok (29 us)
  Test-MicroPrologEpilogSanitize_ExpandsLargeWindowsStackAdjustIntoPageProbes  ok (25 us)
  Test-MicroPrologEpilogSanitize_KeepsOnlyLastFramePointerSetupInEntryProlog  ok (27 us)
  Test-MicroPrologEpilogSanitize_ReinsertsForcedFramePointerSetupWhenMissing  ok (24 us)
  Test-MicroPrologEpilogSanitize_DoesNotTouchFramePointerSetupAfterBodyStarts  ok (25 us)
  Test-MicroPrologEpilogSanitize_MergesMultipleReturnSuffixesAfterRejectedPairs  ok (44 us)
  Test-MicroReg_SameClassMatchesVirtualAndPhysicalRegisters  ok (15 us)
  Test-RegAlloc_UsesDedicatedLocalStackBaseRegister  ok (363 us)
  Test-RegAlloc_PersistentAcross  ok (740 us)
  Test-RegAlloc_NoCalls       ok (322 us)
  Test-RegAlloc_MixedIntFloat  ok (553 us)
  Test-RegAlloc_LotsOfVirtualRegs  ok (10 ms)
  Test-RegAlloc_PreservePersistentRegs_Enabled  ok (302 us)
  Test-RegAlloc_PreservePersistentRegs_Disabled  ok (204 us)
  Test-RegAlloc_PreservePersistentRegs_NoNeed  ok (198 us)
  Test-RegAlloc_LeafRemapPreservesFramePriorityAndDistinctReplacements  ok (111 us)
  Test-RegAlloc_LeafRemapUsesFirstInstructionReadBeforeWrite  ok (50 us)
  Test-RegAlloc_PrologRetainsEntryBoundaryAfterLongStackRelease  ok (188 us)
  Test-RegAlloc_BorrowRestoresKeepOrderAfterMiddleRequestExpires  ok (99 us)
  Test-RegAlloc_ReusedPassRebuildsConcreteClaimsForChangedLiveRanges  ok (191 us)
  Test-RegAlloc_ReusedPassBorrowsCurrentCfgAcrossDifferentControlFlow  ok (5 ms)
  Test-RegAlloc_Spill_IntPressureAcrossCall  ok (973 us)
  Test-RegAlloc_Spill_FloatAcrossCall_NoPersistent  ok (745 us)
  Test-RegAlloc_VirtualRegForbiddenPhysRegs  ok (244 us)
  Test-RegAlloc_Spill_BalancedControlFlow  ok (1 ms)
  Test-RegAlloc_KnownComputedJumpKeepsIntervalAllocation  ok (742 us)
  Test-RegAlloc_LoadBaseAddressAcrossCall  ok (355 us)
  Test-RegAlloc_ConcreteLoadDestAcrossCall  ok (296 us)
  Test-RegAlloc_VirtualDefAvoidsLiveConcreteReg  ok (250 us)
  Test-RegAlloc_UsesPersistentFallbackWhenTransientPoolExhausted  ok (211 us)
  Test-RegAlloc_CoalescesLinearVirtualCopies  ok (188 us)
  Test-RegAlloc_TransfersDeadCopySourcesAcrossBarriers  ok (346 us)
  Test-RegAlloc_RematerializesImmediateReloads  ok (175 us)
  Test-MicroInstr_FloatToIntReplacesItsDestination  ok (28 us)
  Test-MicroInstr_SqrtReplacesItsDestination  ok (19 us)
  Test-MicroInstr_SqrtDropsOnlyOverwrittenInitialization  ok (131 us)
  Test-MicroInstr_FloatToIntKeepsOnlyLiveFlagInitialization  ok (66 us)
  Test-RegAlloc_LiveIntervalAccessSearchBoundaries  ok (5 us)
  Test-RegAlloc_LiveIntervalEmptyAndSingleAccess  ok (1 us)
  Test-RegAlloc_LiveIntervalRangeStartSearchBoundaries  ok (1 us)
  Test-MicroSanity_RejectsStackAddressReturnedAsPointer  ok (70 us)
  Test-MicroSanity_AllowsKnownNonStackPointer  ok (57 us)
  Test-MicroSanity_IgnoresStackAddressReturnedAsInteger  ok (37 us)
  Test-SinkToUse_MovesDefinitionToItsConsumer  ok (47 us)
  Test-SinkToUse_LoadCannotCrossBaseRedefinition  ok (24 us)
  Test-SinkToUse_LoadCannotCrossMemoryWrite  ok (23 us)
  Test-SinkToUse_ChainKeepsProducerOrderAcrossRounds  ok (65 us)
  Test-SinkToUse_OperandClusterKeepsStableOrder  ok (79 us)
  Test-SlpVectorize_UnpackableStores_DoesNotBuildSsa  ok (93 us)
  Test-SlpVectorize_KeepsSeedOrderAcrossRejectedMiddleGroup  ok (164 us)
  Test-SlpVectorize_PermutationsKeepTheFirstMaterializedTuple  ok (120 us)
  Test-SlpVectorize_PermutedLeafLoadsKeepCanonicalLaneOrder  ok (157 us)
  Test-SlpVectorize_StackAndOneParameterAreTheRootLimit  ok (132 us)
  Test-SlpVectorize_SurvivingStoresRespectPackedLoadInsertion  ok (173 us)
  Test-SlpVectorize_RejectedBlockKeepsFollowingBlockVectorizable  ok (288 us)
  Test-SlpVectorize_MultipleBlocks_PreservesSnapshotAndFreshRegisters  ok (109 us)
  Test-MicroSsa_PhiAtJoin     ok (44 us)
  Test-MicroSsa_Dominators_HandleEntryAndDescendantJoin  ok (23 us)
  Test-MicroSsa_ForkWithoutJoinKeepsSiblingAndRootScopes  ok (43 us)
  Test-MicroSsa_ReachingDef_BeforeWritesAndAtNonUses  ok (25 us)
  Test-MicroSsa_ReachingDef_DominatorSiblings  ok (27 us)
  Test-MicroSsa_ReachingDef_LoopAndUnreachableRoot  ok (26 us)
  Test-MicroSsa_PhiAtJoinWithSharedPredecessorDominator  ok (29 us)
  Test-MicroSsa_PhiInputsFollowManyPredecessors  ok (180 us)
  Test-MicroSsa_RebuildAddsFrontierAfterLinearBlocks  ok (61 us)
  Test-MicroSsa_RebuildForgetsErasedAndRecycledSlots  ok (25 us)
  Test-MicroSsa_PhiPropagationThroughNestedJoins  ok (36 us)
  Test-MicroSsa_RepeatedDefinitionsRestoreBlockEntryValues  ok (55 us)
  Test-MicroSsa_FinalBlockKeepsRepeatedDefinitionsAndBackedgeInputs  ok (168 us)
  Test-MicroSsa_RebuildWithOnlyPhysicalDefinitions  ok (33 us)
  Test-MicroSsa_DirectUseCountsAfterPhiRebuild  ok (32 us)
  Test-MicroSsa_IndirectTargetsKeepDistinctAdjacentBlocks  ok (32 us)
  Test-MicroSsa_ForwardOnlyRootsKeepComponentDominatorsSeparate  ok (32 us)
  Test-MicroStackAdjustNormalize_RemovesBodyAdjustsAndRebasesOffsets  ok (64 us)
  Test-MicroStackAdjustNormalize_HandlesBranchingDepths  ok (46 us)
  Test-MicroStorage_InsertedInstructionsUseExplicitDebugInsertionKinds  ok (1 us)
  Test-MicroStorage_InsertBeforePreservesExplicitNoStepWhenSourceIsInherited  ok (1 us)
  Test-MicroStackAdjustNormalize_SkipsCallsBelowMaxDepth  ok (30 us)
  Test-MicroStackAdjustNormalize_RebasesAdjacentCopiesWithRecycledRefs  ok (32 us)
  Test-MicroStackAdjustNormalize_HandlesMaximumDepthWithAndWithoutCalls  ok (47 us)
  Test-MicroStackAdjustNormalize_RestoresEveryReturnInOriginalOrder  ok (31 us)
  Test-StrengthReduction_MultiplyPowerOfTwo  ok (36 us)
  Test-StrengthReduction_MultiplyPowerOfTwoKeepsLiveFlags  ok (22 us)
  Test-StrengthReduction_MultiplyByZero  ok (16 us)
  Test-StrengthReduction_MultiplyByOne  ok (17 us)
  Test-StrengthReduction_MultiplyNonPowerOfTwoUnchanged  ok (16 us)
  Test-StrengthReduction_UnsignedDivideMagicNoFixup  ok (26 us)
  Test-StrengthReduction_UnsignedDivideMagicFixup  ok (30 us)
  Test-StrengthReduction_SignedDividePow2  ok (25 us)
  Test-StrengthReduction_SignedDivideMagic  ok (26 us)
  Test-StrengthReduction_UnsignedModuloMagic  ok (25 us)
  Test-StrengthReduction_SignedDivideNegativeConstantUnchanged  ok (16 us)
  Test-StrengthReduction_DivideByZeroUnchanged  ok (16 us)
  Test-StrengthReduction_NarrowDivideUnchanged  ok (16 us)
  Test-StrengthReduction_RemoveAddZeroDeadAcrossJoin  ok (45 us)
  Test-StrengthReduction_UnsignedMultiplyRequiresLocalFlagRedefinition  ok (142 us)
  Test-StrengthReduction_UnsignedPowerOfTwoKeepsBothFlagPolicies  ok (71 us)
  Test-StrengthReduction_AddSubZeroPreservesLiveResultsAndFlags  ok (177 us)
  Test-ValueNumbering_DedupIdenticalCompute  ok (65 us)
  Test-ValueNumbering_KeepsDifferentInputs  ok (60 us)
  Test-ValueNumbering_KeepsComputeWithLiveFlags  ok (49 us)
  Test-ValueNumbering_DedupLoadAddress  ok (37 us)
  Test-ValueNumbering_KeepsComputeWhenSourceClobbered  ok (38 us)
  Test-ValueNumbering_DedupRepeatedLoad  ok (46 us)
  Test-ValueNumbering_DedupRepeatedFieldLoad  ok (39 us)
  Test-ValueNumbering_KeepsLoadAcrossStore  ok (41 us)
  Test-ValueNumbering_KeepsLoadAcrossLabel  ok (57 us)
  Test-ValueNumbering_DedupLoadAcrossFallthroughBranch  ok (56 us)
  Test-ValueNumbering_DedupPlainLoadAfterExtendingLoad  ok (43 us)
  Test-ValueNumbering_ExtendsEarlierPlainLoad  ok (153 us)
  Test-ValueNumbering_KeepsFrameLoadsForMemToReg  ok (70 us)
  Test-ValueNumbering_PhysicalBasesStayOpaqueBeforeVirtualLoads  ok (167 us)
  Test-ValueNumbering_AddressWidthsStayDistinctBeforeAcceptedLoads  ok (63 us)
  Test-ValueNumbering_FrameClassificationIncludesLaterDefinitions  ok (98 us)
  Test-ValueNumbering_SharesScalarFloatLiteralBits  ok (200 us)
  Test-ValueNumbering_KeepsCheapOrDistinctLiterals  ok (138 us)
  Test-ValueNumbering_KeepsSiblingComputesAndReusesJoinDefinition  ok (78 us)
  Test-ValueNumbering_LazyRelocationsPreserveBothLookupsAndLastTarget  ok (84 us)
  Test-VecLoopPromote_LoadStorePair_HoistsAndSinks  ok (86 us)
  Test-VecLoopPromote_BackwardJumpWithoutCycleLeavesPackedAccesses  ok (33 us)
  Test-VecLoopPromote_StackAndOneParameterAreTheRootLimit  ok (93 us)
  Test-VecLoopPromote_OverlappingScalarStore_Blocks  ok (39 us)
  Test-VecLoopPromote_LoadOnlyChunk_HoistsWithoutStore  ok (42 us)
  Test-VecLoopPromote_StackPointerDefinitionInBody_Blocks  ok (57 us)
  Test-NativeArtifact_RuntimeDependencyOrderPreservesPriorityAndCycleFallback  ok (879 us)
  Test-NativeArtifact_DefaultsToLocalOutputTree  ok (214 us)
  Test-NativeArtifact_ImportedApiKeepsLocalOutputTree  ok (128 us)
  Test-NativeArtifact_ModuleNamespaceDefaultsFromModulePath  ok (62 us)
  Test-NativeArtifact_ModuleNamespaceOverrideWins  ok (3 us)
  Test-NativeArtifact_ExplicitArtifactKindOverridesBuildCfgMutation  ok (2 us)
  Test-NativeArtifact_RDataKeepsOnlyReferencedConstants  ok (3 ms)
  Test-NativeArtifact_LargeSparseStructDefaultsStayComposable  ok (500 ms)
  Test-NativeArtifact_RDataAllowsInteriorConstantAddresses  ok (3 ms)
  Test-NativeArtifact_RDataKeepsGrowingCyclicDependencies  ok (1 ms)
  Test-NativeArtifact_CoffStringTablePreservesNamesAndSharedOffsets  ok (966 us)
  Test-NativeArtifact_CoffWriterUsesExtendedRelocations  ok (107 ms)
  Test-NativeArtifact_RDataKeepsReferencedDependencies  ok (4 ms)
  Test-NativeArtifact_RDataEmitsFunctionRelocations  ok (3 ms)
  Test-NativeArtifact_DataEmitsFunctionRelocations  ok (4 ms)
  Test-NativeArtifact_StartupCallsRuntimeSetupAndCloseWrappers  ok (1 ms)
  Test-NativeArtifact_CompilerRunExprInsideTestKeepsJitRunnable  ok (461 ms)
  Test-NativeArtifact_CompilerInstanceNativeRegistrationKeepsBucketsConsistent  ok (279 ms)
  Test-NativeArtifact_ExecutablePrunesUnreachableGeneratedFunctions  ok (492 ms)
  Test-NativeArtifact_ExecutableClosesAlternatingDependencies  ok (504 ms)
  Test-NativeArtifact_SilentSpecOpProbeDoesNotDropStructCopyTests  ok (526 ms)
  Test-NativeArtifact_TestFileFilterKeepsReusableArtifactAndSelectsAtRunTime  ok (338 ms)
  Test-NativeArtifact_TestTagFilterKeepsReusableArtifactAndSelectsAtRunTime  ok (375 ms)
  Test-NativeArtifact_TestProgressProtocolIsStrict  ok (3 us)
  Test-NativeArtifact_ConcurrentCompilerInputsKeepEveryDependency  ok (18 s 795 ms)
  Test-Linker_NativeTestsDiscardRejectedCallees  ok (948 ms)
  Test-Linker_MissingResourceDrainsParallelReaders  ok (796 ms)
  Test-PeWriter_CompressesEmbeddedDebugTable  ok (14 ms)
  Test-PeWriter_MinimalExecutableCallsExitProcess  ok (183 ms)
  Test-PeWriter_FoldsIdenticalUnwindInfo  ok (244 us)
  Test-Linker_NonDebugImageRemovesStalePdb  ok (9 ms)
  Test-PeWriter_Win32ApplicationResourcesUseConfig  ok (233 us)
  Test-Pdb_DbgHelpResolvesNamesAndLines  ok (108 ms)
  Test-Sema_OverloadRankingUsesOrderedConversionCriteria  ok (63 us)
  Test-Sema_MatchCandidateCollectionPreservesUniqueDiscoveryOrder  ok (315 us)
  Test-Sema_GenericInstanceStoragePreservesIdentityAcrossGrowth  ok (7 ms)
  Test-Sema_AggregateTypeInterningUsesOrderedContents  ok (4 ms)
  Test-Sema_TypeManagerConcurrentInterningKeepsCanonicalStorage  ok (48 ms)
  Test-Sema_TypeManagerReleasesOwnedPayloads  ok (4 ms)
  Test-Sema_CastLegalityCoversScalarConversionKinds  ok (256 us)
  Test-Sema_GenericDeductionBindingHandlesConflictsAndDefaults  ok (277 us)
  Test-Sema_CompletedFreesSummariesKeepDirectForwardingTransitive  ok (31 us)
  Test-Sema_CompletedFreesSummariesResolveGuardedAliasRoutes  ok (97 us)
  Test-Sema_NarrowRootKillsPreserveSurvivorOrder  ok (10 us)
  Test-Sema_SanityOverrideSummaryPreservesOrderAndFrameInheritance  ok (74 us)
  Test-Sema_RuntimeSafetySummaryPreservesHistoricalInlineDisables  ok (142 us)
  Test-SemaPurity_GlobalVariableReadIsNotConstFolded  ok (377 ms)
  Test-SemaPurity_NamespaceQualifiedGlobalFieldReadIsNotConstFolded  ok (411 ms)
  Test-JobManager_DebugStateReportsSleepingJobs  ok (25 us)
  Test-JobManager_ProgressiveWorkersDrainQueuedJobs  ok (2 ms)
  Test-JobManager_TargetedWakeBySymbol  ok (72 us)
  Test-AppendOnlyLookupTable_GrowsAcrossChunks  ok (41 us)
  Test-AppendOnlyLookupTable_ConcurrentReaderSeesPublishedEntries  ok (942 us)
  Test-PagedStore_CopyToPreserveOffsetsKeepsSparseLayout  ok (72 us)
  Test-DataSegment_RelocationIndexHandlesInterleavedMonotonicAdds  ok (56 us)
  Test-DataSegment_RelocationIndexRebuildsAfterOutOfOrderAdd  ok (24 us)
  Test-DataSegment_RelocationRangesPreserveIndexedAndTailEntries  ok (112 us)
  Test-DataSegment_FindAllocationUsesPublishedAllocations  ok (17 us)
  Test-DataSegment_LargeBlockPointersPreservePagedPrefixAndAlignedAllocations  ok (392 us)
  Test-PagedStore_ReserveSpanReturnsWritableContiguousStorage  ok (64 us)
  Test-PagedStore_EmptyCopySpanDoesNotAllocateStorage  ok (9 us)
  Test-PagedStore_ReserveRangeSupportsOversizedZeroedBlocks  ok (18 us)
  Test-DataSegment_StringPoolOwnsInputsAndPreservesViewsAcrossGrowth  ok (1 ms)
  Test-DataSegment_StringPoolRelocationsRetainIndependentKeysAcrossRestore  ok (38 us)
  Test-Logger_TestTalliesNameSuccessfulWork  ok (95 us)
  Test-Logger_NestedStagesDetailedChoiceDoesNotLeak  ok (0 us)
  Test-Logger_ProgressCanBeDisabledFromCommandLine  ok (222 us)
  Test-Logger_BatchRedirectionKeepsPlainOutputAndExitCode  ok (267 ms)
  Test-Os_FatalHostExceptionClassificationExcludesCppExceptions  ok (1 us)
  Test-Os_FileLockOwnersNameTheProcessMappingAnImage  ok (362 ms)
  Test-FileSystem_AppendFileUsersNamesThisCompilerProcess  ok (326 ms)
  Test-FileSystem_AppendFileUsersLeavesAnUnheldFileAlone  ok (25 ms)
  Test-Os_RunProcessChildTreeDoesNotSurviveTheCall  ok (231 ms)
  Test-Utf8_MoveOperationsTransferStorage  ok (6 us)
  Test-Utf8_FixedDecimalFormatting  ok (6 us)
  Test-WarningPolicy_ReadsWarningIdentifiers  ok (63 us)
  Test-WarningPolicy_ParsesLists  ok (18 us)
  Test-WarningPolicy_ResolvesLayerPrecedence  ok (1 us)
  Tests                       801 tests (1 min 3 s)
  Slow-01                     NativeArtifact_ConcurrentCompilerInputsKeepEveryDependency (18 s 795 ms)
  Slow-02                     Compiler_LifecycleInitWrapperDoesNotCreateSyntheticSourceFilesUnderStress (13 s 803 ms)
  Slow-03                     Compiler_GeneratedSpecOpsDoNotCreateSyntheticSourceFilesUnderStress (13 s 153 ms)
  Slow-04                     Compiler_DocExamplesNestTableOfContentsLists (1 s 22 ms)
  Slow-05                     Linker_NativeTestsDiscardRejectedCallees (948 ms)
  Slow-06                     Compiler_DocGeneratesPublicApiAndHonorsNoDoc (892 ms)
  Slow-07                     Linker_MissingResourceDrainsParallelReaders (796 ms)
  Slow-08                     FFI_CallSwagStructByValueInteropDevMode (581 ms)
  Slow-09                     Compiler_GeneratedAstMaterializesPerThreadFiles (563 ms)
  Slow-10                     NativeArtifact_SilentSpecOpProbeDoesNotDropStructCopyTests (526 ms)
  ✓  tested      801 passed • 1 min 3 s
  ✓  clean       1 min 3 s
