  ◆  swag        unittest • sources
  Test-ABI_AddressedNarrowIntegerHomeUsesNarrowLoad  ok (706 us)
  Test-ABI_SwagSimdArgsUseExtendedRegistersThenWideStackSlots  ok (1 us)
  Test-FFI_CallNativeNoArgBool  ok (1 ms)
  Test-FFI_CallNativeU8       ok (206 us)
  Test-FFI_CallNativeI32      ok (59 us)
  Test-FFI_CallNativeF32      ok (54 us)
  Test-FFI_CallNativeF64      ok (56 us)
  Test-FFI_CallNativeF64StackArg  ok (201 us)
  Test-FFI_CallNativeMixedArgs  ok (57 us)
  Test-FFI_CallNativeStackArgs  ok (198 us)
  Test-FFI_CallNativePointerArg  ok (58 us)
  Test-ABI_SwagStructArgPassingMatchesNative  ok (0 us)
  Test-FFI_CallSwagStructByValueInteropDevMode  ok (328 ms)
  Test-FFI_CallSwagStructByValueInteropRelease  ok (367 ms)
  Test-FFI_CallNativeStructByValueRegister  ok (267 us)
  Test-FFI_CallNativeStructByValueStack  ok (148 us)
  Test-FFI_CallNativeStructByReferenceCopy  ok (87 us)
  Test-FFI_CallNativeStructReturnByValueRegister  ok (83 us)
  Test-FFI_CallNativeStructReturnByReference  ok (102 us)
  Test-ConstantManager_CopiesBorrowedStructPayloadOutsideDataSegment  ok (37 us)
  Test-ConstantManager_StoresNullableCStringFromBlockPointer  ok (8 us)
  Test-ConstantValue_MakesNullableCStringFromRuntimePointer  ok (2 us)
  Test-ConstantManager_CopiesBorrowedArrayPayloadOutsideDataSegment  ok (8 us)
  Test-ConstantManager_DeduplicatesBorrowedArrayPayloadsByValue  ok (2 us)
  Test-ConstantManager_CachesZeroPayloadConstantsByType  ok (12 us)
  Test-ConstantManager_CopiesBorrowedSlicePayloadOutsideDataSegment  ok (14 us)
  Test-ConstantManager_AcceptsEmptyBorrowedSlicePayloads  ok (4 us)
  Test-ConstantManager_DistinguishesPresentEmptySlicePayloads  ok (12 us)
  Test-ConstantManager_DeduplicatesMaterializedArrayPayloadConstants  ok (12 us)
  Test-ConstantManager_DoesNotDeduplicateMaterializedArrayPayloadsWithDifferentRelocations  ok (8 us)
  Test-Compiler_NewScriptCommandParsesDefaultPath  ok (134 us)
  Test-Compiler_CommandLineHelpStopsBeforeCompilation  ok (250 us)
  Test-Compiler_NewModuleCommandParsesWorkspace  ok (96 us)
  Test-Compiler_DocSearchPreservesLiteralCode  ok (22 us)
  Test-Compiler_DocCommandParsesOptions  ok (766 us)
  Test-Compiler_DocMarkdownRendersSupportedBlocks  ok (102 us)
  Test-Compiler_DocBlockCommentsPreserveCodeIndentation  ok (18 us)
  Test-Compiler_DocMarkdownRendersCompleteLists  ok (90 us)
  Test-Compiler_DocMarkdownRendersHeaderlessTableAndNestedInline  ok (30 us)
  Test-Compiler_LegacyStaticControlDirectivesAreNotKeywords  ok (0 us)
  Test-Compiler_AutoInlineCostPricesCallsAndRewardsOneModuleCallSite  ok (783 us)
  Test-Compiler_ExplicitInlineExpandsCrossFileBody  ok (249 ms)
  Test-Compiler_InMemorySourceRunsSemaWithoutDiskIO  ok (211 us)
  Test-Compiler_InMemorySourceKeepsFormatCommandGlobalIfDuringFormat  ok (192 us)
  Test-Compiler_InMemorySourceSkipsFalseGlobalIf  ok (74 us)
  Test-Compiler_InMemorySourceSkipsTestCommandGlobalIfOutsideTests  ok (107 us)
  Test-Compiler_InMemorySourceKeepsTestCommandGlobalIfDuringTests  ok (109 us)
  Test-Compiler_GenericUnionDeductionRemainsStableForHistoricalRandomSeed1002  ok (318 ms)
  Test-Compiler_GenericUnionDeductionRemainsStableForHistoricalRandomSeed1009  ok (312 ms)
  Test-Compiler_GenericUnionDeductionRemainsStableForHistoricalRandomSeed1032  ok (339 ms)
  Test-Compiler_GenericUnionDeductionRemainsStableForHistoricalRandomSeed1143  ok (353 ms)
  Test-Compiler_MessagePassSkipsWithoutListeners  ok (1 ms)
  Test-Compiler_MessagePassQueuesOnlyOncePerListener  ok (1 ms)
  Test-Compiler_MessageAliasPayloadUsesUnderlyingType  ok (5 us)
  Test-Compiler_DiagnosticWarningSeverityColorIsMagenta  ok (0 us)
  Test-Compiler_DiagnosticCatalogFollowsSwagMessageStyle  ok (734 us)
  Test-Compiler_AssertDiagnosticPreservesLiteralSuffixQuotes  ok (42 us)
  Test-Compiler_DiagnosticEscapesQuotedArgumentTicks  ok (27 us)
  Test-Compiler_DiagnosticArgumentCountDoesNotRepeatUnit  ok (186 us)
  Test-Compiler_DiagnosticRemovesUnexpandedWordPlaceholders  ok (44 us)
  Test-Compiler_NativeExitCodeDiagnosticShowsDecimalAndHex  ok (21 us)
  Test-Compiler_DiagnosticEscapesQuotedArgumentWithoutBreakingHelpSplit  ok (24 us)
  Test-NodePayload_ConcurrentUpdatesPreserveDisjointState  ok (17 ms)
  Test-Compiler_CommandLineTagsReachSema  ok (320 ms)
  Test-Compiler_InternalTagPrecedesUserOverride  ok (366 ms)
  Test-Compiler_TestCommandEnablesSourceDrivenModeWhenParsed  ok (228 us)
  Test-Compiler_DebugOptionEnablesDebugInformation  ok (152 us)
  Test-Compiler_ReleaseBuildDoesNotEnableDebugInformation  ok (127 us)
  Test-Compiler_TestCommandRegistersSwagTestCompilerTag  ok (440 ms)
  Test-Compiler_UnittestCommandKeepsSourceDrivenModeDisabledWhenParsed  ok (249 us)
  Test-Compiler_RunCommandParsesRunArgs  ok (157 us)
  Test-Compiler_TestCommandForcesSwagTestRunArg  ok (120 us)
  Test-Compiler_TestCommandDoesNotDuplicateSwagTestRunArg  ok (7 us)
  Test-Compiler_TestCommandKeepsExplicitSandboxRoot  ok (9 us)
  Test-Compiler_TestCommandGrantsTheModuleAsCorpus  ok (29 us)
  Test-Compiler_TestCommandGrantsTheWorkspaceWithoutAModule  ok (14 us)
  Test-Compiler_SmokeCommandGrantsNoCorpus  ok (9 us)
  Test-DebugInfo_EmitsWindowsSymbolAndTypeRecords  ok (144 us)
  Test-DebugInfo_PdbInfoEmitsWindowsBuildInfo  ok (74 us)
  Test-DebugInfo_EmitsWindowsVariableAndConstantRecords  ok (128 us)
  Test-DebugInfo_UsesPerVariableBaseRegistersForRegRelativeSymbols  ok (79 us)
  Test-DebugInfo_CollapsesConsecutiveSameLineEntries  ok (234 us)
  Test-DebugInfo_SkipsNoStepLineEntries  ok (168 us)
  Test-DebugInfo_FirstLineCoversEntry  ok (178 us)
  Test-DebugInfo_ResolvesNoStepBackendSourceInfo  ok (47 us)
  Test-DebugInfo_UsesOwnerSourceFileForGeneratedViews  ok (235 us)
  Test-DebugInfo_UsesDebugSourceCodeRefForGeneratedViewLines  ok (746 us)
  Test-DebugInfo_CompilerTestFunctionsPreserveStackDebugMetadata  ok (599 ms)
  Test-DebugInfo_RuntimeStorageLocalsStayOutOfCodeView  ok (627 ms)
  Test-DebugInfo_CompilerPrivateGlobalsReachCodeViewDataSymbols  ok (602 ms)
  Test-DebugInfo_EmitsWindowsSourceChecksums  ok (292 us)
  Test-EncodeX64_Flow         ok (2 ms)
  Test-EncodeX64_Load         ok (4 ms)
  Test-EncodeX64_CmpAndCond   ok (1 ms)
  Test-EncodeX64_VecPackedOps  ok (7 ms)
  Test-EncodeX64_LegalizeLargeCmpRegImmPreservesLhs  ok (156 us)
  Test-EncodeX64_UnaryOps     ok (318 us)
  Test-EncodeX64_BinaryRegRegOps  ok (3 ms)
  Test-EncodeX64_BinaryRegMemOps  ok (293 us)
  Test-EncodeX64_BinaryMemRegOps  ok (643 us)
  Test-EncodeX64_BinaryImmOps  ok (2 ms)
  Test-EncodeX64_TernaryAndConvert  ok (313 us)
  Test-EncodeX64_UnwindFromMicro  ok (65 us)
  Test-EncodeX64_UnwindFramePointerSetupAfterStackShape  ok (82 us)
  Test-EncodeX64_UnwindStopsBeforeStackStoreBody  ok (79 us)
  Test-EncodeX64_UnwindUpdatesFramePointerWhenAssignedTwice  ok (62 us)
  Test-EncodeX64_UnwindLocalStackBaseIsNotAFrameRegister  ok (183 us)
  Test-EncodeX64_UnwindStopsAfterBodyStart  ok (89 us)
  Test-FormatAlign_ConsecutiveAssignments  ok (820 us)
  Test-FormatAlign_ConsecutiveAliases  ok (800 us)
  Test-FormatAlign_AliasesAcrossAttributesAndBlankLines  ok (603 us)
  Test-FormatAlign_AssignmentsBreakOnIndentation  ok (706 us)
  Test-FormatAlign_AssignmentsBreakOnBlankLine  ok (576 us)
  Test-FormatAlign_AssignmentsAcrossBlanks  ok (441 us)
  Test-FormatAlign_ConsecutiveDeclarations  ok (410 us)
  Test-FormatAlign_ControlDeclarationsBreakDeclarationGroups  ok (493 us)
  Test-FormatAlign_ConsecutiveConstants  ok (420 us)
  Test-FormatAlign_StructFields  ok (380 us)
  Test-FormatAlign_EnumValues  ok (365 us)
  Test-FormatAlign_NoneRemovesAlignment  ok (327 us)
  Test-FormatAlign_TrailingComments  ok (401 us)
  Test-FormatAlign_TrailingCommentsBreakOnIndentation  ok (553 us)
  Test-FormatAlign_TrailingCommentsNormalized  ok (445 us)
  Test-FormatAlign_FatArrowsConsecutive  ok (449 us)
  Test-FormatAlign_FatArrowsBreakOnPlainFunction  ok (473 us)
  Test-FormatAlign_SingletonTightensStalePadding  ok (476 us)
  Test-FormatAlign_StructFieldsWithTypeQualifiers  ok (535 us)
  Test-FormatAlign_StructFieldGridMixed  ok (512 us)
  Test-FormatAlign_StructFieldGridOffKeepsSingleColumn  ok (374 us)
  Test-FormatAlign_DeclarationGridInitializers  ok (539 us)
  Test-FormatAlign_ConstantGridTypes  ok (418 us)
  Test-FormatAlign_QualifiedConstantGridTypes  ok (795 us)
  Test-FormatAlign_QualifiedDeclarationPrefixes  ok (764 us)
  Test-FormatAlign_CaseBodiesConsecutive  ok (778 us)
  Test-FormatAlign_ArrayColumns  ok (437 us)
  Test-FormatAlign_ArrayColumnsSkipsRaggedRows  ok (431 us)
  Test-FormatAlign_HangingLineFollowsAlignedAnchor  ok (557 us)
  Test-FormatAlign_AfterOpenBracketUsesLiteralBrace  ok (580 us)
  Test-FormatAlign_AfterOpenBracketKeepsDataTableRows  ok (405 us)
  Test-FormatAlign_OperandsInsideBracketAnchorOnBracket  ok (503 us)
  Test-FormatAlign_OperandsOutsideBracketAnchorOnStatement  ok (390 us)
  Test-FormatAlign_OutlierGapLeavesLongLineAlone  ok (390 us)
  Test-FormatAlign_OutlierGapKeepsGradedTable  ok (376 us)
  Test-FormatAlign_OutlierGapDropsBothEnds  ok (419 us)
  Test-FormatAlign_AcrossBlanksReadsTheCappedBlankCount  ok (355 us)
  Test-FormatAlign_AccessModifierLineDoesNotBreakTheGroup  ok (391 us)
  Test-FormatAlign_WrappedArgumentsFollowTheAlignedHead  ok (569 us)
  Test-FormatAttributes_OwnLine  ok (347 us)
  Test-FormatAttributes_Inline  ok (327 us)
  Test-FormatAttributes_BreakAfterAttribute  ok (319 us)
  Test-FormatAttributes_Grouped  ok (347 us)
  Test-FormatAttributes_SortArguments  ok (423 us)
  Test-FormatAttributes_SortArgumentsWithDifferentPieceCounts  ok (364 us)
  Test-FormatAttributes_SpaceAfterAttributeComma  ok (407 us)
  Test-FormatBlanks_MaxConsecutiveEmptyLinesUnlimited  ok (376 us)
  Test-FormatBlanks_MaxConsecutiveEmptyLinesCollapses  ok (375 us)
  Test-FormatBlanks_MaxConsecutiveEmptyLinesOne  ok (367 us)
  Test-FormatBlanks_AfterOpeningBraceNever  ok (351 us)
  Test-FormatBlanks_AfterOpeningBracePreserve  ok (344 us)
  Test-FormatBlanks_AfterOpeningBraceAlways  ok (340 us)
  Test-FormatBlanks_BeforeClosingBraceNever  ok (307 us)
  Test-FormatBlanks_BeforeClosingBracePreserve  ok (378 us)
  Test-FormatBlanks_BeforeClosingBraceAlways  ok (343 us)
  Test-FormatBlanks_AroundAccessBlocksAlways  ok (497 us)
  Test-FormatBlanks_AroundAccessBlocksNever  ok (414 us)
  Test-FormatBlanks_AroundAccessBlocksPreserve  ok (733 us)
  Test-FormatBlanks_TrimTrailingNewlinesCollapsesToOne  ok (387 us)
  Test-FormatBlanks_TrimTrailingNewlinesDisabled  ok (486 us)
  Test-FormatBlanks_CombinedBlockEdges  ok (444 us)
  Test-FormatBlanks_BeforeFunctionAlways  ok (412 us)
  Test-FormatBlanks_BeforeFunctionKeepsDocCommentAttached  ok (417 us)
  Test-FormatBlanks_BeforeFunctionKeepsShortFormsStacked  ok (492 us)
  Test-FormatBlanks_BeforeTypeAlways  ok (338 us)
  Test-FormatBlanks_BeforeCommentBlockAlways  ok (385 us)
  Test-FormatBlanks_BeforeCommentBlockKeepsBlockStartAndRuns  ok (335 us)
  Test-FormatBlanks_BeforeCommentBlockKeepsInlineBodyStart  ok (375 us)
  Test-FormatBlanks_AfterGlobalBlockInsertsBlank  ok (333 us)
  Test-FormatBlanks_AfterGlobalThenUsingBlocks  ok (340 us)
  Test-FormatBlanks_BetweenCasesMultiLine  ok (571 us)
  Test-FormatBlanks_BetweenCasesNeverRemovesBlanks  ok (446 us)
  Test-FormatBlanks_AfterStandaloneClosingBraceAlways  ok (411 us)
  Test-FormatBlanks_AfterStandaloneClosingBraceNever  ok (385 us)
  Test-FormatBlanks_AfterStandaloneClosingBracePreserve  ok (367 us)
  Test-FormatBlanks_AfterStandaloneClosingBraceKeepsElseAttached  ok (385 us)
  Test-FormatBraces_AllmanMovesBraceToOwnLine  ok (328 us)
  Test-FormatStatements_OneStatementPerLine  ok (757 us)
  Test-FormatStatements_UsingFieldPrefixStaysTogether  ok (353 us)
  Test-FormatStatements_OneEnumValuePerLine  ok (330 us)
  Test-FormatBraces_ShortInlineDoBodiesSplit  ok (408 us)
  Test-FormatBraces_DestructuringPatternsStayInlineAndIndentAsStatements  ok (699 us)
  Test-FormatBraces_AttachJoinsBrace  ok (294 us)
  Test-FormatBraces_AllmanOnControlBlocks  ok (338 us)
  Test-FormatBraces_BreakBeforeElse  ok (358 us)
  Test-FormatBraces_JoinElseToBrace  ok (347 us)
  Test-FormatBraces_CompactEmptyBraces  ok (275 us)
  Test-FormatBraces_ShortFunctionsNeverSplits  ok (370 us)
  Test-FormatBraces_ShortFunctionsNeverKeepsEmpty  ok (272 us)
  Test-FormatBraces_SourceSelectsDefinitionLayout  ok (840 us)
  Test-FormatBraces_ShortBlocksInlineJoins  ok (411 us)
  Test-FormatBraces_ShortIfNeverSplits  ok (1 ms)
  Test-FormatBraces_ShortLoopsJoin  ok (470 us)
  Test-FormatBraces_ShortEnumsSplit  ok (313 us)
  Test-FormatBraces_ShortCaseSplits  ok (530 us)
  Test-FormatBraces_ShortCaseJoins  ok (469 us)
  Test-FormatBraces_CaseUniformJoinsJumpTable  ok (566 us)
  Test-FormatBraces_CaseUniformExpandsMixedSwitch  ok (547 us)
  Test-FormatBraces_StaticIfChainAlignsAndBreaks  ok (516 us)
  Test-FormatBraces_StaticControl  ok (637 us)
  Test-FormatBraces_StaticIfSingleLineChainStaysInline  ok (438 us)
  Test-FormatBraces_MultiLineBlockContentLeavesBraceLines  ok (511 us)
  Test-FormatBraces_AllmanOnStaticIfBlocks  ok (354 us)
  Test-FormatBraces_ShortStructsKeepTupleTypes  ok (486 us)
  Test-FormatBraces_ShortStructsStillSplitDeclarations  ok (348 us)
  Test-FormatBraces_ShortFunctionsKeepClosureArguments  ok (663 us)
  Test-FormatBraces_ShortBlocksKeepInitializerLiterals  ok (588 us)
  Test-FormatBraces_ShortFunctionsInlineKeepsClosureBodies  ok (524 us)
  Test-FormatStatements_RemoveRedundantSemicolons  ok (468 us)
  Test-FormatStatements_RemoveConditionParentheses  ok (450 us)
  Test-FormatBraces_BreakBeforeWhere  ok (872 us)
  Test-FormatBraces_ShortClosuresNeverSplits  ok (459 us)
  Test-FormatBraces_UniformKeepsArmsWhoseCallIsWrapped  ok (598 us)
  Test-FormatBraces_UniformExpandsWhenAnArmCarriesABlock  ok (584 us)
  Test-FormatBraces_SemicolonPushedToEndOfLineByWrappingIsRemoved  ok (442 us)
  Test-FormatBraces_AnonymousStructTypeKeepsItsShape  ok (470 us)
  Test-FormatComments_SpaceAfterLineCommentPrefix  ok (316 us)
  Test-FormatComments_NormalizeSectionSeparators  ok (790 us)
  Test-FormatComments_ReflowParagraph  ok (506 us)
  Test-FormatComments_ReflowJoinsShortLines  ok (922 us)
  Test-FormatComments_NormalizeMode  ok (336 us)
  Test-FormatComments_LastInBlockKeepsBlockIndent  ok (459 us)
  Test-FormatComments_LastInNestedBlockKeepsBlockIndent  ok (439 us)
  Test-FormatComments_LastInSwitchKeepsArmIndent  ok (667 us)
  Test-FormatComments_BeforeCaseLabelKeepsLabelIndent  ok (571 us)
  Test-FormatComments_InsideABracketSettleInOnePass  ok (628 us)
  Test-FormatFile_InlineBodyOwnsNestedBraceIndent  ok (494 us)
  Test-FormatFile_InlineIfBranchStopsBeforeElse  ok (657 us)
  Test-FormatFile_CatchHandlerAlignsAndIndents  ok (636 us)
  Test-FormatFile_InlineDestructuringIsNotABlock  ok (711 us)
  Test-FormatFile_InsertFinalNewline  ok (150 us)
  Test-FormatFile_TrimLeadingBlankLines  ok (128 us)
  Test-FormatFile_TrimLeadingBlankLinesDisabled  ok (123 us)
  Test-FormatFile_ReservedIdentifiersAreFormattable  ok (153 us)
  Test-FormatFile_IndentInsideParensEnforcesContinuation  ok (232 us)
  Test-FormatFile_AlignOperandsOnWrappedCondition  ok (212 us)
  Test-FormatFile_WhereClauseIndent  ok (247 us)
  Test-FormatFile_WhereBlockIndent  ok (213 us)
  Test-FormatFile_EndOfLineStyleLf  ok (143 us)
  Test-FormatFile_EndOfLineStyleCrLf  ok (210 us)
  Test-FormatFile_TrimTrailingWhitespace  ok (318 us)
  Test-FormatFile_BlankLineAfterUsingBlock  ok (158 us)
  Test-FormatFile_BlankLineBeforeFunctionDefinition  ok (212 us)
  Test-FormatFile_IndentStyleSpacesNormalizesTabs  ok (150 us)
  Test-FormatFile_IndentStyleTabs  ok (143 us)
  Test-FormatFile_ReindentFixesBadIndent  ok (196 us)
  Test-FormatFile_ElseBeforeNestedIfAligns  ok (787 us)
  Test-FormatFile_IndentNamespaceBodyOff  ok (400 us)
  Test-FormatFile_IndentCaseLabels  ok (1 ms)
  Test-FormatLiteral_PreserveLeavesNumericLiteralsUntouched  ok (529 us)
  Test-FormatLiteral_PreserveCharacterTypeSuffix  ok (410 us)
  Test-FormatLiteral_HexDigitCaseUpperAndLower  ok (766 us)
  Test-FormatLiteral_HexPrefixCaseUpperAndLower  ok (723 us)
  Test-FormatLiteral_FloatExponentCaseUpperAndLower  ok (721 us)
  Test-FormatLiteral_NormalizeHexDigitSeparators  ok (415 us)
  Test-FormatLiteral_NormalizeBinaryDigitSeparators  ok (379 us)
  Test-FormatLiteral_NormalizeDecimalDigitSeparators  ok (370 us)
  Test-FormatLiteral_NormalizeFloatDigitSeparators  ok (383 us)
  Test-FormatLiteral_CombinedHexCaseAndNormalization  ok (377 us)
  Test-FormatOff_LineCommentDisablesNumberFormatting  ok (619 us)
  Test-FormatOff_NoOnComment_RestOfFileRaw  ok (435 us)
  Test-FormatOff_MultipleRegions  ok (556 us)
  Test-FormatOff_BlockComment  ok (454 us)
  Test-FormatOff_CustomMarkers  ok (436 us)
  Test-FormatOff_EolNotRewrittenInDisabledRegion  ok (430 us)
  Test-FormatSpacing_SpaceAfterComma  ok (672 us)
  Test-FormatSpacing_NormalizeHorizontalWhitespace  ok (579 us)
  Test-FormatSpacing_NamedArgumentColons  ok (586 us)
  Test-FormatSpacing_TrueOptionsKeepManualAlignment  ok (510 us)
  Test-FormatSpacing_NoSpaceAfterComma  ok (471 us)
  Test-FormatSpacing_SpaceAroundAssignment  ok (452 us)
  Test-FormatSpacing_NoSpaceAroundAssignment  ok (356 us)
  Test-FormatSpacing_SpaceAroundBinaryOperators  ok (441 us)
  Test-FormatSpacing_NoSpaceAroundBinaryOperators  ok (425 us)
  Test-FormatSpacing_SpaceAroundArrow  ok (3 ms)
  Test-FormatSpacing_FatArrow  ok (865 us)
  Test-FormatSpacing_ColonInDeclarations  ok (481 us)
  Test-FormatSpacing_ColonInBaseClause  ok (380 us)
  Test-FormatSpacing_InsideParentheses  ok (1 ms)
  Test-FormatSpacing_InEmptyParentheses  ok (670 us)
  Test-FormatSpacing_InsideBrackets  ok (932 us)
  Test-FormatSpacing_AfterCast  ok (757 us)
  Test-FormatSpacing_AfterKeyword  ok (827 us)
  Test-FormatSpacing_AfterUnaryOperator  ok (464 us)
  Test-FormatSpacing_PostfixDereference  ok (495 us)
  Test-FormatSpacing_BeforeParenthesesControl  ok (1 ms)
  Test-FormatSpacing_InsideBracesOfLiterals  ok (614 us)
  Test-FormatSpacing_FailClosesAFunctionTypeNotAnOperand  ok (441 us)
  Test-FormatStyle_PreserveNormalizesNothing  ok (527 us)
  Test-FormatStyle_DefaultOptionsArePreserve  ok (1 ms)
  Test-FormatStyle_SwagIsTheCanonicalLayout  ok (668 us)
  Test-FormatStyle_SwagIntrinsicCallsStayStable  ok (1 ms)
  Test-FormatStyle_SwagKeepsAccessModifiersWithTheirDeclarations  ok (627 us)
  Test-FormatStyle_SwagKeepsStorageAndAccessModifierOrders  ok (20 ms)
  Test-FormatStyle_SwagSeparatesAccessBlocks  ok (813 us)
  Test-FormatStyle_SwagLeavesLineEndingsAndColumnsAlone  ok (426 us)
  Test-FormatStyle_DescribeRendersEveryOption  ok (613 us)
  Test-FormatUsing_SortAscending  ok (496 us)
  Test-FormatUsing_SortCaseInsensitive  ok (490 us)
  Test-FormatUsing_BlankLineSplitsRuns  ok (358 us)
  Test-FormatUsing_Merge      ok (394 us)
  Test-FormatUsing_SortAndMerge  ok (351 us)
  Test-FormatWrap_BreaksAfterComma  ok (599 us)
  Test-FormatWrap_ForceSingleLineLists  ok (546 us)
  Test-FormatWrap_FormatterSelectsListLineMode  ok (714 us)
  Test-FormatWrap_SourceSelectsSingleLineLists  ok (467 us)
  Test-FormatWrap_SourceSelectsNestedSingleLineLists  ok (602 us)
  Test-FormatWrap_HangingIndentLists  ok (519 us)
  Test-FormatWrap_HangingAlignLists  ok (539 us)
  Test-FormatWrap_VerticalLists  ok (426 us)
  Test-FormatWrap_BlockLists  ok (423 us)
  Test-FormatWrap_ForceSingleLineLogicalExpressions  ok (490 us)
  Test-FormatWrap_SourceSelectsSingleLineLogicalExpressions  ok (424 us)
  Test-FormatWrap_LogicalOperatorsAfter  ok (413 us)
  Test-FormatWrap_LogicalOperatorsBefore  ok (414 us)
  Test-FormatWrap_LogicalOperandsOnePerLine  ok (402 us)
  Test-FormatWrap_LogicalHangingIndent  ok (394 us)
  Test-FormatWrap_LogicalOperandsPack  ok (402 us)
  Test-FormatWrap_FormatterSelectsLogicalExpressionLineMode  ok (513 us)
  Test-FormatWrap_NestedLogicalExpressions  ok (471 us)
  Test-FormatWrap_NormalizesAdversarialLists  ok (815 us)
  Test-FormatWrap_NormalizesAdversarialLogicalExpression  ok (468 us)
  Test-FormatWrap_AlignsMultilineArgumentContents  ok (541 us)
  Test-FormatWrap_ClosureCapturesStayInsideArgument  ok (809 us)
  Test-FormatWrap_NoWrapWhenDisabled  ok (483 us)
  Test-FormatWrap_BreakBeforeBinaryOperators  ok (398 us)
  Test-FormatWrap_BinPackLists  ok (550 us)
  Test-FormatWrap_BinPackParametersOnePerLine  ok (391 us)
  Test-FormatWrap_BinPackArgumentsOnePerLine  ok (500 us)
  Test-FormatWrap_NoColumnLimitNeverMovesAStatementBreak  ok (752 us)
  Test-FormatWrap_ColumnLimitBreaksHighestInTheExpression  ok (626 us)
  Test-FormatWrap_ColumnLimitAlignsNewOperandLinesInOnePass  ok (547 us)
  Test-FormatWrap_ColumnLimitBreaksAtTheLoosestOperator  ok (753 us)
  Test-FormatWrap_ColumnLimitKeepsOneIndentPerStatement  ok (497 us)
  Test-FormatWrap_ContinuationOutsideBracketsTakesCanonicalIndent  ok (424 us)
  Test-FormatWrap_ContinuationInsideBracketsKeepsRelativeIndent  ok (447 us)
  Test-FormatWrap_WrappedCaseValuesAlignUnderTheFirstValue  ok (585 us)
  Test-FormatWrap_SourceSelectsLiteralLayout  ok (600 us)
  Test-FormatWrap_HugTrailingTableArgument  ok (529 us)
  Test-FormatWrap_HugTrailingClosureArgument  ok (490 us)
  Test-FormatWrap_HugTrailingBlockLiteralItem  ok (504 us)
  Test-FormatWrap_HugSkipsEarlierMultilineArgument  ok (481 us)
  Test-JIT_Return42           ok (206 us)
  Test-JIT_RegAllocAvoidsFutureConcreteClobber  ok (185 us)
  Test-JIT_128BitStackCopy    ok (548 us)
  Test-JIT_PointerSpillRoundTrip  ok (361 us)
  Test-JIT_B32LoadAndZeroExtendKeepsUpperBitsClear  ok (253 us)
  Test-JIT_PackedIntegerOps   ok (182 us)
  Test-JIT_VecCodecOps        ok (653 us)
  Test-JIT_VecFloatOps        ok (222 us)
  Test-JIT_SlpVectorizedLanes  ok (3 ms)
  Test-JIT_ConstantDivisionBaseline  ok (8 ms)
  Test-JIT_ConstantDivisionStrengthReduced  ok (31 ms)
  Test-JIT_PersistentRegPreservedAcrossCall  ok (370 us)
  Test-BranchSimplify_ErasesJumpToImmediateLabel  ok (106 us)
  Test-BranchSimplify_ThreadsJumpThroughEmptyBlock  ok (180 us)
  Test-BranchSimplify_FoldsKnownTrueBranch  ok (127 us)
  Test-BranchSimplify_FoldsKnownFalseBranch  ok (109 us)
  Test-BranchSimplify_FoldsKnownSignedLessBranch  ok (107 us)
  Test-BranchSimplify_FoldsKnownUnsignedBelowBranch  ok (101 us)
  Test-BranchSimplify_ErasesDeadTailAfterRet  ok (72 us)
  Test-BranchSimplify_ConvertsMinPatternToCmov  ok (83 us)
  Test-BranchSimplify_ConvertsConditionalConstantToCmov  ok (84 us)
  Test-BranchSimplify_KeepsMultiInstructionBranchBody  ok (83 us)
  Test-BranchSimplify_ThreadsShortCircuitExit  ok (145 us)
  Test-BranchSimplify_KeepsReferencedLabel  ok (78 us)
  Test-BranchSimplify_KeepsByteSelectBranch  ok (73 us)
  Test-BranchSimplify_ConvertsDiamondSelectToCmov  ok (108 us)
  Test-BranchSimplify_ConvertsDiamondConstantsToCmov  ok (101 us)
  Test-BranchSimplify_SinksCompareBelowFlagWritingArm  ok (121 us)
  Test-BranchSimplify_KeepsDiamondWithGuardedLoad  ok (89 us)
  Test-BranchSimplify_KeepsDiamondWithSharedArmLabel  ok (105 us)
  Test-BranchSimplify_KeepsDiamondWhenArmReadsResultFirst  ok (91 us)
  Test-BranchSimplify_KeepsDiamondWhenArmClobbersCompareInput  ok (101 us)
  Test-BranchSimplify_KeepsByteDiamond  ok (91 us)
  Test-BranchSimplify_ConvertsEarlyReturnToCmov  ok (88 us)
  Test-BranchSimplify_ConvertsEarlyReturnChainToCmovs  ok (185 us)
  Test-BranchSimplify_KeepsEarlyReturnWithGuardedLoad  ok (71 us)
  Test-BranchSimplify_SinksCompareBelowFlagWritingEarlyReturn  ok (93 us)
  Test-BranchSimplify_InvertsJumpPairAfterImmediateJumpErasure  ok (135 us)
  Test-BranchSimplify_TriangleScratchPreservesAcceptedPlanOrder  ok (248 us)
  Test-ConstantFolding_FoldBinaryRegImm  ok (51 us)
  Test-ConstantFolding_FoldCopyFromKnown  ok (40 us)
  Test-ConstantFolding_ChainedFold  ok (51 us)
  Test-ConstantFolding_FoldFromClearReg  ok (39 us)
  Test-ConstantFolding_FoldAcrossJoinSameConstant  ok (63 us)
  Test-ConstantFolding_BinaryRequiresKnownInputsAndDeadFlags  ok (311 us)
  Test-CopyElim_SelfCopy_Erased  ok (39 us)
  Test-CopyElim_ChainedCopies_CanonicalizesSource  ok (54 us)
  Test-CopyElim_RewritesPureUseAcrossJoin  ok (80 us)
  Test-CopyElim_DoesNotPropagatePastSourceRedefinition  ok (43 us)
  Test-CopyElim_TransfersForbiddenPhysRegsToCanonicalSource  ok (48 us)
  Test-CopyElim_DoesNotRewriteUseDefOperand  ok (47 us)
  Test-DeadCodeElimination_RemovesEntireDeadChain  ok (1 ms)
  Test-DeadCodeElimination_JoinTracksSurvivingConsumers  ok (138 us)
  Test-DeadCodeElimination_PhiCyclesNeedAnInstructionConsumer  ok (165 us)
  Test-DeadCodeElimination_DeadFlagConsumerExposesArithmetic  ok (91 us)
  Test-InstCombine_Identity_AddZero_Erased  ok (50 us)
  Test-InstCombine_ConstantAddressLoad_FoldsToRip  ok (95 us)
  Test-InstCombine_RelocatedLoad_UsesExactTargetAndLiveMemory  ok (1 ms)
  Test-InstCombine_Absorbing_AndZero_BecomesClear  ok (127 us)
  Test-InstCombine_Absorbing_OrAllOnes_BecomesLoadImm  ok (55 us)
  Test-InstCombine_Reassociate_AddAdd  ok (63 us)
  Test-InstCombine_Reassociate_AddSub_PicksAdd  ok (55 us)
  Test-InstCombine_Reassociate_ShiftLeftChain  ok (62 us)
  Test-InstCombine_Reassociate_ShiftOverflow_NotFolded  ok (53 us)
  Test-InstCombine_RegReg_XorSelf_BecomesClear  ok (51 us)
  Test-InstCombine_RegReg_SubSelf_BecomesClear  ok (48 us)
  Test-InstCombine_RegReg_AndSelf_DeadErased  ok (50 us)
  Test-InstCombine_Reassociate_MulMulSigned  ok (66 us)
  Test-InstCombine_Reassociate_OrOr  ok (64 us)
  Test-InstCombine_MemFold_Imm_Consecutive  ok (77 us)
  Test-InstCombine_MemFold_Reg_Consecutive  ok (81 us)
  Test-InstCombine_MemFold_NonConsecutive  ok (69 us)
  Test-InstCombine_MemFold_VtReadAfterStore_NotFolded  ok (71 us)
  Test-InstCombine_MaskBeforeLeftShift_DroppedDirect  ok (60 us)
  Test-InstCombine_MaskBeforeLeftShift_DroppedThroughCopies  ok (129 us)
  Test-InstCombine_MaskBeforeLeftShift_KeptWhenMaskTooNarrow  ok (57 us)
  Test-InstCombine_MaskBeforeRightShift_Kept  ok (50 us)
  Test-InstCombine_ZeroExtendOfDwordLoad_BecomesCopy  ok (68 us)
  Test-InstCombine_ZeroExtendOfQwordLoad_Kept  ok (57 us)
  Test-InstCombine_MaskedAddOfZeroExtendedWords_NarrowsToDword  ok (101 us)
  Test-InstCombine_MaskedAddWithQwordReader_Kept  ok (101 us)
  Test-InstCombine_MaskedShift_Kept  ok (77 us)
  Test-InstCombine_MemoryFoldTriple_InsideLoop  ok (129 us)
  Test-InstCombine_MemoryFoldTriple_LeavesLoopFrameSlot  ok (131 us)
  Test-InstCombine_ZeroExtendOfDwordPhi_BecomesCopy  ok (137 us)
  Test-InstCombine_MultiplyAdd_BecomesTwoAddresses  ok (4 ms)
  Test-InstCombine_MultiplyAdd_PreservesObservedValuesAndFlags  ok (438 us)
  Test-InstCombine_AddressCopy_DefinesAccumulatorDirectly  ok (106 us)
  Test-InstCombine_FloatResultCopy_DefinesAccumulatorDirectly  ok (510 us)
  Test-InstCombine_SqrtResultCopy_PreservesPackedDestination  ok (108 us)
  Test-InstCombine_SqrtResultCopy_KeepsOtherUses  ok (108 us)
  Test-InstCombine_SharedAndInputs_PreservesValuesAndFlags  ok (1 ms)
  Test-InstructionCombine_FoldsBooleanSelect  ok (207 us)
  Test-InstructionCombine_KeepsUnsafeBooleanSelect  ok (238 us)
  Test-InstCombine_RangeProvedCompare_ClampErased  ok (83 us)
  Test-InstCombine_RangeProvedCompare_WideMaskKept  ok (71 us)
  Test-InstCombine_RangeProvedCompare_NarrowWriteKept  ok (67 us)
  Test-InstCombine_VectorPlans_KeepFreshRegistersAcrossRollback  ok (305 us)
  Test-MicroDominators_MatchReachabilityWithANodeRemoved  ok (64 us)
  Test-LICM_HoistsInvariantLoad  ok (165 us)
  Test-LICM_HoistsSingleUseLaneBroadcast  ok (166 us)
  Test-LICM_KeepsVolatileLoadInLoop  ok (78 us)
  Test-LICM_HoistsFloatConversionAcrossCallWithLiveIntegerFlags  ok (414 us)
  Test-LICM_KeepsIntegerClearWhenFlagsAreLiveAtEitherSite  ok (160 us)
  Test-LICM_HoistsScalarLiteralLoadsButKeepsZeroLocal  ok (419 us)
  Test-MicroDomTree_MatchesPathsThroughDiamondAndLoop  ok (219 us)
  Test-NaturalLoop_CollectBody_CountsMembersOnceAcrossTailsAndRebuilds  ok (16 us)
  Test-LoopUnroll_MultipleLoops_RebuildsIncomingJumpRanges  ok (114 us)
  Test-LoopUnroll_MultipleIncomingJumps_PreservesLoop  ok (38 us)
  Test-LoopUnroll_ExternalJumpToBody_PreservesLoop  ok (43 us)
  Test-MemToReg_PlainSlot_Promotes  ok (53 us)
  Test-MemToReg_RedefinedAddressRegister_BailsFunction  ok (50 us)
  Test-MemToReg_UnwrittenWideAccess_BlocksOverlapButNotAdjacentSlot  ok (49 us)
  Test-MemToReg_WrappingWideAccess_KeepsNarrowOverlap  ok (38 us)
  Test-MicroPassManager_PostRa_RechecksSuffixAfterEachMutation  ok (24 us)
  Test-MicroPassManager_PostRa_RechecksSuffixWhenFirstSweepPolicyChanges  ok (24 us)
  Test-PostRADeadCodeElim_PreservesAbiLiveOut  ok (73 us)
  Test-PostRADeadCodeElim_UnusedReturnRegistersAreDead  ok (33 us)
  Test-PostRADeadCodeElim_LoopBackEdgeKeepsCarriedDefinition  ok (41 us)
  Test-PostRALoopHoist_InvariantReload_MovesToPreheader  ok (104 us)
  Test-PostRALoopHoist_SlotWrittenInBody_Blocks  ok (65 us)
  Test-PostRALoopHoist_OpaqueStoreInBody_Blocks  ok (130 us)
  Test-PostRALoopHoist_OpaqueStoreOverPrivateFrame_Hoists  ok (113 us)
  Test-PostRALoopHoist_SecondReload_BecomesCopy  ok (193 us)
  Test-PostRALoopHoist_DestinationLiveAtPreheader_Blocks  ok (68 us)
  Test-PostRALoopHoist_CarriedSlot_LeavesTheLoop  ok (118 us)
  Test-PostRALoopHoist_CarriedRegisterReusedElsewhere_Blocks  ok (78 us)
  Test-PostRALoopHoist_SecondDefinitionOfDestinationBlocks  ok (66 us)
  Test-PostRALoopRotate_IndependentHeadersRotate  ok (55 us)
  Test-PostRALoopRotate_SecondIncomingJumpBlocks  ok (36 us)
  Test-PostRALoopRotate_ConditionalBackEdgeBlocks  ok (34 us)
  Test-PostRAPeephole_Nop_Erased  ok (31 us)
  Test-PostRAPeephole_DoesNotForwardFromStoreClaimedByImmediateFold  ok (48 us)
  Test-PostRAPeephole_CopyForward_DoesNotCrossClaimedStoreReload  ok (40 us)
  Test-PostRAPeephole_ErasesStoreOverwrittenBeforeMemoryAccess  ok (33 us)
  Test-PostRAPeephole_DoesNotEraseOverwrittenNonFrameStore  ok (28 us)
  Test-PostRAPeephole_ErasesOwnStoreReloadOnConditionalFallthrough  ok (37 us)
  Test-PostRAPeephole_ForwardsStoredValueToReload  ok (34 us)
  Test-PostRAPeephole_CopyForward_StopsAtEncoderImplicitDef  ok (48 us)
  Test-Legalize_ScratchExcludesFirstReadsInAbiOrder  ok (58 us)
  Test-Legalize_ScratchExclusionsStopBeforeBarrierUses  ok (127 us)
  Test-Legalize_DoesNotPreserveDeadShiftRegisterAcrossJump  ok (101 us)
  Test-Legalize_RewritesB8SignedMultiplyRegMemToRax  ok (45 us)
  Test-Legalize_ClearsPositiveFloatZero  ok (110 us)
  Test-Legalize_KeepsNonzeroFloatBitsAndAddresses  ok (160 us)
  Test-Legalize_KeepsMemoryDestinationAdd  ok (27 us)
  Test-Legalize_KeepsMemoryExchange  ok (56 us)
  Test-PostRAPeephole_DoesNotForwardB8SignedMultiplyImmediate  ok (27 us)
  Test-PostRAPeephole_FoldsIntegerReloadIntoBinary  ok (37 us)
  Test-PostRAPeephole_KeepsIntegerReloadReadAfterConsumer  ok (32 us)
  Test-PostRAPeephole_FoldsIntegerReloadIntoCompare  ok (37 us)
  Test-PostRAPeephole_KeepsByteMultiplyReload  ok (31 us)
  Test-PostRAPeephole_SelfCopy_B64_Erased  ok (26 us)
  Test-PostRAPeephole_SelfCopy_IntB32_Preserved  ok (23 us)
  Test-PostRAPeephole_FallthroughJumpSkipsTrivialGap  ok (36 us)
  Test-PostRAPeephole_DeadCompareBeforeRet_Erased  ok (26 us)
  Test-PostRAPeephole_DeadCompareAfterRedundantJump_Erased  ok (30 us)
  Test-PostRAPeephole_LiveCompareForBranch_Preserved  ok (28 us)
  Test-PostRAPeephole_LoadCondRegRegKeepsCopyBecauseDestinationIsUseDef  ok (38 us)
  Test-PostRAPeephole_FlagReuse_SubThenCompareZero_CompareErased  ok (31 us)
  Test-PostRAPeephole_FlagReuse_UnsafeCondition_ComparePreserved  ok (29 us)
  Test-PostRAPeephole_FlagReuse_NonFlagProducer_ComparePreserved  ok (29 us)
  Test-PostRAPeephole_ZeroToClear_LiveFlagsDead_Converted  ok (28 us)
  Test-PostRAPeephole_ZeroToClear_DeadReg_NotConverted  ok (26 us)
  Test-PostRAPeephole_ZeroToClear_FlagsLive_NotConverted  ok (29 us)
  Test-PostRAPeephole_SelfOperand_FoldsWhenDestinationHoldsTheSlot  ok (28 us)
  Test-PostRAPeephole_SelfOperand_KeepsMemoryOperandWhenWindowExhausted  ok (44 us)
  Test-PreRAPeephole_FloatBinary_DefinesIndependentResult  ok (246 us)
  Test-PreRAPeephole_FloatBinary_PreservesCopiedSecondOperand  ok (60 us)
  Test-PreRAPeephole_ForwardsLoadImmIntoStore  ok (32 us)
  Test-PreRAPeephole_ForwardsLoadImmIntoCmpMem  ok (30 us)
  Test-PreRAPeephole_ForwardsLoadImmIntoMemBinary  ok (30 us)
  Test-PreRAPeephole_ForwardsCopyIntoNextUseOnlySlots  ok (32 us)
  Test-PreRAPeephole_TransfersForbiddenPhysRegsAcrossCopyForward  ok (33 us)
  Test-PreRAPeephole_DoesNotRewriteExchangeUseDefConsumer  ok (32 us)
  Test-PreRAPeephole_ForwardsLoadImmIntoAmcStore  ok (32 us)
  Test-PreRAPeephole_ForwardsClearRegIntoImmediateCompare  ok (29 us)
  Test-PreRAPeephole_FoldsExtendOfImmediate  ok (27 us)
  Test-PreRAPeephole_FoldsPointerImmediateIntoAddress  ok (28 us)
  Test-PreRAPeephole_CombinesAdjacentRegImmAdd  ok (62 us)
  Test-PreRAPeephole_KeepsAdjacentRegImmAddWhenFlagsAreLive  ok (33 us)
  Test-PreRAPeephole_FoldsCopyAddIntoLoadAddress  ok (30 us)
  Test-PreRAPeephole_FoldsCopyAddIntoLoadAddressDespiteMismatchedForbiddenRegs  ok (76 us)
  Test-PreRAPeephole_KeepsCopyAddWhenFlagsAreLive  ok (45 us)
  Test-PreRAPeephole_FoldsAmcIndexImmediateIntoSimpleLoad  ok (43 us)
  Test-PreRAPeephole_FoldsAddressBaseIntoAmcStore  ok (43 us)
  Test-PreRAPeephole_FoldsAmcAddressIntoStore  ok (44 us)
  Test-MicroPrologEpilogSanitize_MergesAdjacentStackAdjustments  ok (62 us)
  Test-MicroPrologEpilogSanitize_DoesNotMergeOutsideEntryExitRegions  ok (45 us)
  Test-MicroPrologEpilogSanitize_ExpandsLargeWindowsStackAdjustIntoPageProbes  ok (39 us)
  Test-MicroPrologEpilogSanitize_KeepsOnlyLastFramePointerSetupInEntryProlog  ok (41 us)
  Test-MicroPrologEpilogSanitize_ReinsertsForcedFramePointerSetupWhenMissing  ok (34 us)
  Test-MicroPrologEpilogSanitize_DoesNotTouchFramePointerSetupAfterBodyStarts  ok (35 us)
  Test-MicroReg_SameClassMatchesVirtualAndPhysicalRegisters  ok (1 us)
  Test-RegAlloc_UsesDedicatedLocalStackBaseRegister  ok (396 us)
  Test-RegAlloc_PersistentAcross  ok (978 us)
  Test-RegAlloc_NoCalls       ok (504 us)
  Test-RegAlloc_MixedIntFloat  ok (785 us)
  Test-RegAlloc_LotsOfVirtualRegs  ok (13 ms)
  Test-RegAlloc_PreservePersistentRegs_Enabled  ok (227 us)
  Test-RegAlloc_PreservePersistentRegs_Disabled  ok (138 us)
  Test-RegAlloc_PreservePersistentRegs_NoNeed  ok (106 us)
  Test-RegAlloc_Spill_IntPressureAcrossCall  ok (649 us)
  Test-RegAlloc_Spill_FloatAcrossCall_NoPersistent  ok (468 us)
  Test-RegAlloc_VirtualRegForbiddenPhysRegs  ok (149 us)
  Test-RegAlloc_Spill_BalancedControlFlow  ok (917 us)
  Test-RegAlloc_KnownComputedJumpKeepsIntervalAllocation  ok (493 us)
  Test-RegAlloc_LoadBaseAddressAcrossCall  ok (223 us)
  Test-RegAlloc_ConcreteLoadDestAcrossCall  ok (196 us)
  Test-RegAlloc_VirtualDefAvoidsLiveConcreteReg  ok (154 us)
  Test-RegAlloc_UsesPersistentFallbackWhenTransientPoolExhausted  ok (158 us)
  Test-RegAlloc_CoalescesLinearVirtualCopies  ok (117 us)
  Test-RegAlloc_TransfersDeadCopySourcesAcrossBarriers  ok (167 us)
  Test-RegAlloc_RematerializesImmediateReloads  ok (132 us)
  Test-MicroInstr_FloatToIntReplacesItsDestination  ok (22 us)
  Test-MicroInstr_SqrtReplacesItsDestination  ok (15 us)
  Test-MicroInstr_SqrtDropsOnlyOverwrittenInitialization  ok (93 us)
  Test-MicroInstr_FloatToIntKeepsOnlyLiveFlagInitialization  ok (77 us)
  Test-RegAlloc_LiveIntervalAccessSearchBoundaries  ok (4 us)
  Test-RegAlloc_LiveIntervalEmptyAndSingleAccess  ok (1 us)
  Test-RegAlloc_LiveIntervalRangeStartSearchBoundaries  ok (1 us)
  Test-MicroSanity_RejectsStackAddressReturnedAsPointer  ok (59 us)
  Test-MicroSanity_AllowsKnownNonStackPointer  ok (31 us)
  Test-MicroSanity_IgnoresStackAddressReturnedAsInteger  ok (30 us)
  Test-SinkToUse_MovesDefinitionToItsConsumer  ok (36 us)
  Test-SinkToUse_LoadCannotCrossBaseRedefinition  ok (17 us)
  Test-SinkToUse_LoadCannotCrossMemoryWrite  ok (16 us)
  Test-SlpVectorize_UnpackableStores_DoesNotBuildSsa  ok (47 us)
  Test-SlpVectorize_MultipleBlocks_PreservesSnapshotAndFreshRegisters  ok (130 us)
  Test-MicroSsa_PhiAtJoin     ok (35 us)
  Test-MicroSsa_Dominators_HandleEntryAndDescendantJoin  ok (21 us)
  Test-MicroSsa_ReachingDef_BeforeWritesAndAtNonUses  ok (18 us)
  Test-MicroSsa_ReachingDef_DominatorSiblings  ok (26 us)
  Test-MicroSsa_ReachingDef_LoopAndUnreachableRoot  ok (44 us)
  Test-MicroSsa_PhiAtJoinWithSharedPredecessorDominator  ok (27 us)
  Test-MicroSsa_PhiInputsFollowManyPredecessors  ok (162 us)
  Test-MicroSsa_RebuildAddsFrontierAfterLinearBlocks  ok (48 us)
  Test-MicroStackAdjustNormalize_RemovesBodyAdjustsAndRebasesOffsets  ok (39 us)
  Test-MicroStackAdjustNormalize_HandlesBranchingDepths  ok (35 us)
  Test-MicroStorage_InsertedInstructionsUseExplicitDebugInsertionKinds  ok (1 us)
  Test-MicroStorage_InsertBeforePreservesExplicitNoStepWhenSourceIsInherited  ok (1 us)
  Test-MicroStackAdjustNormalize_SkipsCallsBelowMaxDepth  ok (24 us)
  Test-StrengthReduction_MultiplyPowerOfTwo  ok (15 us)
  Test-StrengthReduction_MultiplyPowerOfTwoKeepsLiveFlags  ok (14 us)
  Test-StrengthReduction_MultiplyByZero  ok (12 us)
  Test-StrengthReduction_MultiplyByOne  ok (56 us)
  Test-StrengthReduction_MultiplyNonPowerOfTwoUnchanged  ok (29 us)
  Test-StrengthReduction_UnsignedDivideMagicNoFixup  ok (41 us)
  Test-StrengthReduction_UnsignedDivideMagicFixup  ok (45 us)
  Test-StrengthReduction_SignedDividePow2  ok (38 us)
  Test-StrengthReduction_SignedDivideMagic  ok (36 us)
  Test-StrengthReduction_UnsignedModuloMagic  ok (38 us)
  Test-StrengthReduction_SignedDivideNegativeConstantUnchanged  ok (24 us)
  Test-StrengthReduction_DivideByZeroUnchanged  ok (23 us)
  Test-StrengthReduction_NarrowDivideUnchanged  ok (23 us)
  Test-StrengthReduction_RemoveAddZeroDeadAcrossJoin  ok (94 us)
  Test-StrengthReduction_UnsignedMultiplyRequiresLocalFlagRedefinition  ok (193 us)
  Test-StrengthReduction_AddSubZeroPreservesLiveResultsAndFlags  ok (256 us)
  Test-ValueNumbering_DedupIdenticalCompute  ok (97 us)
  Test-ValueNumbering_KeepsDifferentInputs  ok (68 us)
  Test-ValueNumbering_KeepsComputeWithLiveFlags  ok (74 us)
  Test-ValueNumbering_DedupLoadAddress  ok (57 us)
  Test-ValueNumbering_KeepsComputeWhenSourceClobbered  ok (60 us)
  Test-ValueNumbering_DedupRepeatedLoad  ok (71 us)
  Test-ValueNumbering_DedupRepeatedFieldLoad  ok (61 us)
  Test-ValueNumbering_KeepsLoadAcrossStore  ok (62 us)
  Test-ValueNumbering_KeepsLoadAcrossLabel  ok (87 us)
  Test-ValueNumbering_DedupLoadAcrossFallthroughBranch  ok (89 us)
  Test-ValueNumbering_DedupPlainLoadAfterExtendingLoad  ok (67 us)
  Test-ValueNumbering_ExtendsEarlierPlainLoad  ok (60 us)
  Test-ValueNumbering_KeepsFrameLoadsForMemToReg  ok (52 us)
  Test-ValueNumbering_SharesScalarFloatLiteralBits  ok (410 us)
  Test-ValueNumbering_KeepsCheapOrDistinctLiterals  ok (214 us)
  Test-ValueNumbering_KeepsSiblingComputesAndReusesJoinDefinition  ok (152 us)
  Test-VecLoopPromote_LoadStorePair_HoistsAndSinks  ok (175 us)
  Test-VecLoopPromote_OverlappingScalarStore_Blocks  ok (165 us)
  Test-VecLoopPromote_LoadOnlyChunk_HoistsWithoutStore  ok (102 us)
  Test-VecLoopPromote_StackPointerDefinitionInBody_Blocks  ok (64 us)
  Test-NativeArtifact_DefaultsToLocalOutputTree  ok (538 us)
  Test-NativeArtifact_ImportedApiKeepsLocalOutputTree  ok (278 us)
  Test-NativeArtifact_ModuleNamespaceDefaultsFromModulePath  ok (170 us)
  Test-NativeArtifact_ModuleNamespaceOverrideWins  ok (10 us)
  Test-NativeArtifact_ExplicitArtifactKindOverridesBuildCfgMutation  ok (6 us)
  Test-NativeArtifact_RDataKeepsGrowingCyclicDependencies  ok (2 ms)
  Test-NativeArtifact_CompilerRunExprInsideTestKeepsJitRunnable  ok (635 ms)
  Test-NativeArtifact_CompilerInstanceNativeRegistrationKeepsBucketsConsistent  ok (370 ms)
  Test-NativeArtifact_ExecutablePrunesUnreachableGeneratedFunctions  ok (568 ms)
  Test-NativeArtifact_SilentSpecOpProbeDoesNotDropStructCopyTests  ok (574 ms)
  Test-NativeArtifact_TestFileFilterKeepsReusableArtifactAndSelectsAtRunTime  ok (353 ms)
  Test-NativeArtifact_TestTagFilterKeepsReusableArtifactAndSelectsAtRunTime  ok (352 ms)
  Test-NativeArtifact_TestProgressProtocolIsStrict  ok (3 us)
  Test-NativeArtifact_ConcurrentCompilerInputsKeepEveryDependency  ok (17 s 553 ms)
  Test-PeWriter_CompressesEmbeddedDebugTable  ok (21 ms)
  Test-PeWriter_FoldsIdenticalUnwindInfo  ok (140 us)
  Test-PeWriter_Win32ApplicationResourcesUseConfig  ok (231 us)
  Test-Sema_OverloadRankingUsesOrderedConversionCriteria  ok (14 us)
  Test-Sema_MatchCandidateCollectionPreservesUniqueDiscoveryOrder  ok (300 us)
  Test-Sema_GenericInstanceStoragePreservesIdentityAcrossGrowth  ok (4 ms)
  Test-Sema_CastLegalityCoversScalarConversionKinds  ok (242 us)
  Test-Sema_GenericDeductionBindingHandlesConflictsAndDefaults  ok (157 us)
  Test-Sema_CompletedFreesSummariesKeepDirectForwardingTransitive  ok (37 us)
  Test-Sema_CompletedFreesSummariesResolveGuardedAliasRoutes  ok (88 us)
  Test-SemaPurity_GlobalVariableReadIsNotConstFolded  ok (402 ms)
  Test-SemaPurity_NamespaceQualifiedGlobalFieldReadIsNotConstFolded  ok (406 ms)
  Test-JobManager_DebugStateReportsSleepingJobs  ok (33 us)
  Test-JobManager_ProgressiveWorkersDrainQueuedJobs  ok (3 ms)
  Test-JobManager_TargetedWakeBySymbol  ok (50 us)
  Test-AppendOnlyLookupTable_GrowsAcrossChunks  ok (26 us)
  Test-AppendOnlyLookupTable_ConcurrentReaderSeesPublishedEntries  ok (1 ms)
  Test-PagedStore_CopyToPreserveOffsetsKeepsSparseLayout  ok (23 us)
  Test-DataSegment_RelocationIndexHandlesInterleavedMonotonicAdds  ok (45 us)
  Test-DataSegment_RelocationIndexRebuildsAfterOutOfOrderAdd  ok (35 us)
  Test-DataSegment_RelocationRangesPreserveIndexedAndTailEntries  ok (115 us)
  Test-DataSegment_FindAllocationUsesPublishedAllocations  ok (16 us)
  Test-DataSegment_LargeBlockPointersPreservePagedPrefixAndAlignedAllocations  ok (444 us)
  Test-PagedStore_ReserveSpanReturnsWritableContiguousStorage  ok (14 us)
  Test-PagedStore_EmptyCopySpanDoesNotAllocateStorage  ok (7 us)
  Test-PagedStore_ReserveRangeSupportsOversizedZeroedBlocks  ok (18 us)
  Test-Logger_TestTalliesNameSuccessfulWork  ok (34 us)
  Test-Logger_NestedStagesDetailedChoiceDoesNotLeak  ok (0 us)
  Test-Logger_ProgressCanBeDisabledFromCommandLine  ok (263 us)
  Test-Os_FatalHostExceptionClassificationExcludesCppExceptions  ok (1 us)
  Test-Os_FileLockOwnersNameTheProcessMappingAnImage  ok (337 ms)
  Test-FileSystem_AppendFileUsersNamesThisCompilerProcess  ok (310 ms)
  Test-FileSystem_AppendFileUsersLeavesAnUnheldFileAlone  ok (31 ms)
  Test-Utf8_MoveOperationsTransferStorage  ok (5 us)
  Test-Utf8_FixedDecimalFormatting  ok (6 us)
  Test-WarningPolicy_ReadsWarningIdentifiers  ok (30 us)
  Test-WarningPolicy_ParsesLists  ok (24 us)
  Test-WarningPolicy_ResolvesLayerPrecedence  ok (1 us)
  Tests                       680 tests (27 s 453 ms)
  Skipped                     28 filesystem tests (run with --dev-full)
  Slow-01                     NativeArtifact_ConcurrentCompilerInputsKeepEveryDependency (17 s 553 ms)
  Slow-02                     NativeArtifact_CompilerRunExprInsideTestKeepsJitRunnable (635 ms)
  Slow-03                     DebugInfo_RuntimeStorageLocalsStayOutOfCodeView (627 ms)
  Slow-04                     DebugInfo_CompilerPrivateGlobalsReachCodeViewDataSymbols (602 ms)
  Slow-05                     DebugInfo_CompilerTestFunctionsPreserveStackDebugMetadata (599 ms)
  Slow-06                     NativeArtifact_SilentSpecOpProbeDoesNotDropStructCopyTests (574 ms)
  Slow-07                     NativeArtifact_ExecutablePrunesUnreachableGeneratedFunctions (568 ms)
  Slow-08                     Compiler_TestCommandRegistersSwagTestCompilerTag (440 ms)
  Slow-09                     SemaPurity_NamespaceQualifiedGlobalFieldReadIsNotConstFolded (406 ms)
  Slow-10                     SemaPurity_GlobalVariableReadIsNotConstFolded (402 ms)
  ✓  tested      680 passed • 27 s 491 ms
  ✓  clean       27 s 511 ms
