  ◆  swag        unittest • sources
  Test-ABI_AddressedNarrowIntegerHomeUsesNarrowLoad  ok (1 ms)
  Test-ABI_SwagSimdArgsUseExtendedRegistersThenWideStackSlots  ok (2 us)
  Test-FFI_CallNativeNoArgBool  ok (1 ms)
  Test-FFI_CallNativeU8       ok (769 us)
  Test-FFI_CallNativeI32      ok (162 us)
  Test-FFI_CallNativeF32      ok (129 us)
  Test-FFI_CallNativeF64      ok (203 us)
  Test-FFI_CallNativeF64StackArg  ok (544 us)
  Test-FFI_CallNativeMixedArgs  ok (223 us)
  Test-FFI_CallNativeStackArgs  ok (516 us)
  Test-FFI_CallNativePointerArg  ok (121 us)
  Test-ABI_SwagStructArgPassingMatchesNative  ok (0 us)
  Test-FFI_CallSwagStructByValueInteropDevMode  ok (975 ms)
  Test-FFI_CallSwagStructByValueInteropRelease  ok (776 ms)
  Test-FFI_CallNativeStructByValueRegister  ok (539 us)
  Test-FFI_CallNativeStructByValueStack  ok (304 us)
  Test-FFI_CallNativeStructByReferenceCopy  ok (233 us)
  Test-FFI_CallNativeStructReturnByValueRegister  ok (241 us)
  Test-FFI_CallNativeStructReturnByReference  ok (192 us)
  Test-ConstantManager_CopiesBorrowedStructPayloadOutsideDataSegment  ok (83 us)
  Test-ConstantManager_StoresNullableCStringFromBlockPointer  ok (11 us)
  Test-ConstantValue_MakesNullableCStringFromRuntimePointer  ok (3 us)
  Test-ConstantManager_CopiesBorrowedArrayPayloadOutsideDataSegment  ok (11 us)
  Test-ConstantManager_DeduplicatesBorrowedArrayPayloadsByValue  ok (4 us)
  Test-ConstantManager_CachesZeroPayloadConstantsByType  ok (15 us)
  Test-ConstantManager_CopiesBorrowedSlicePayloadOutsideDataSegment  ok (20 us)
  Test-ConstantManager_AcceptsEmptyBorrowedSlicePayloads  ok (5 us)
  Test-ConstantManager_DistinguishesPresentEmptySlicePayloads  ok (18 us)
  Test-ConstantManager_DeduplicatesMaterializedArrayPayloadConstants  ok (17 us)
  Test-ConstantManager_DoesNotDeduplicateMaterializedArrayPayloadsWithDifferentRelocations  ok (13 us)
  Test-Compiler_NewScriptCommandParsesDefaultPath  ok (207 us)
  Test-Compiler_CommandLineHelpStopsBeforeCompilation  ok (478 us)
  Test-Compiler_NewModuleCommandParsesWorkspace  ok (130 us)
  Test-Compiler_DocSearchPreservesLiteralCode  ok (47 us)
  Test-Compiler_DocCommandParsesOptions  ok (1 ms)
  Test-Compiler_DocMarkdownRendersSupportedBlocks  ok (293 us)
  Test-Compiler_DocBlockCommentsPreserveCodeIndentation  ok (32 us)
  Test-Compiler_DocMarkdownRendersCompleteLists  ok (159 us)
  Test-Compiler_DocMarkdownRendersHeaderlessTableAndNestedInline  ok (50 us)
  Test-Compiler_LegacyStaticControlDirectivesAreNotKeywords  ok (1 us)
  Test-Compiler_AutoInlineCostPricesCallsAndRewardsOneModuleCallSite  ok (1 ms)
  Test-Compiler_ExplicitInlineExpandsCrossFileBody  ok (464 ms)
  Test-Compiler_InMemorySourceRunsSemaWithoutDiskIO  ok (332 us)
  Test-Compiler_InMemorySourceKeepsFormatCommandGlobalIfDuringFormat  ok (189 us)
  Test-Compiler_InMemorySourceSkipsFalseGlobalIf  ok (127 us)
  Test-Compiler_InMemorySourceSkipsTestCommandGlobalIfOutsideTests  ok (122 us)
  Test-Compiler_InMemorySourceKeepsTestCommandGlobalIfDuringTests  ok (153 us)
  Test-Compiler_GenericUnionDeductionRemainsStableForHistoricalRandomSeed1002  ok (464 ms)
  Test-Compiler_GenericUnionDeductionRemainsStableForHistoricalRandomSeed1009  ok (596 ms)
  Test-Compiler_GenericUnionDeductionRemainsStableForHistoricalRandomSeed1032  ok (601 ms)
  Test-Compiler_GenericUnionDeductionRemainsStableForHistoricalRandomSeed1143  ok (625 ms)
  Test-Compiler_AstVisitPreservesSiblingsAcrossPauseSkipAndRestart  ok (283 us)
  Test-Compiler_AstVisitResolvesChildrenWithoutFollowingActiveAncestors  ok (377 us)
  Test-Compiler_MessagePassSkipsWithoutListeners  ok (1 ms)
  Test-Compiler_MessagePassQueuesOnlyOncePerListener  ok (1 ms)
  Test-Compiler_MessageAliasPayloadUsesUnderlyingType  ok (60 us)
  Test-Compiler_DiagnosticWarningSeverityColorIsMagenta  ok (0 us)
  Test-Compiler_DiagnosticCatalogFollowsSwagMessageStyle  ok (1 ms)
  Test-Compiler_AssertDiagnosticPreservesLiteralSuffixQuotes  ok (235 us)
  Test-Compiler_DiagnosticEscapesQuotedArgumentTicks  ok (79 us)
  Test-Compiler_DiagnosticArgumentCountDoesNotRepeatUnit  ok (410 us)
  Test-Compiler_DiagnosticRemovesUnexpandedWordPlaceholders  ok (49 us)
  Test-Compiler_NativeExitCodeDiagnosticShowsDecimalAndHex  ok (64 us)
  Test-Compiler_DiagnosticEscapesQuotedArgumentWithoutBreakingHelpSplit  ok (55 us)
  Test-NodePayload_ConcurrentUpdatesPreserveDisjointState  ok (15 ms)
  Test-Compiler_CommandLineTagsReachSema  ok (556 ms)
  Test-Compiler_InternalTagPrecedesUserOverride  ok (609 ms)
  Test-Compiler_TestCommandEnablesSourceDrivenModeWhenParsed  ok (271 us)
  Test-Compiler_DebugOptionEnablesDebugInformation  ok (149 us)
  Test-Compiler_ReleaseBuildDoesNotEnableDebugInformation  ok (129 us)
  Test-Compiler_TestCommandRegistersSwagTestCompilerTag  ok (552 ms)
  Test-Compiler_UnittestCommandKeepsSourceDrivenModeDisabledWhenParsed  ok (274 us)
  Test-Compiler_RunCommandParsesRunArgs  ok (275 us)
  Test-Compiler_TestCommandForcesSwagTestRunArg  ok (192 us)
  Test-Compiler_TestCommandDoesNotDuplicateSwagTestRunArg  ok (8 us)
  Test-Compiler_TestCommandKeepsExplicitSandboxRoot  ok (9 us)
  Test-Compiler_TestCommandGrantsTheModuleAsCorpus  ok (33 us)
  Test-Compiler_TestCommandGrantsTheWorkspaceWithoutAModule  ok (14 us)
  Test-Compiler_SmokeCommandGrantsNoCorpus  ok (10 us)
  Test-DebugInfo_EmitsWindowsSymbolAndTypeRecords  ok (372 us)
  Test-DebugInfo_PdbInfoEmitsWindowsBuildInfo  ok (98 us)
  Test-DebugInfo_EmitsWindowsVariableAndConstantRecords  ok (177 us)
  Test-DebugInfo_UsesPerVariableBaseRegistersForRegRelativeSymbols  ok (109 us)
  Test-DebugInfo_CollapsesConsecutiveSameLineEntries  ok (287 us)
  Test-DebugInfo_SkipsNoStepLineEntries  ok (265 us)
  Test-DebugInfo_FirstLineCoversEntry  ok (310 us)
  Test-DebugInfo_ResolvesNoStepBackendSourceInfo  ok (54 us)
  Test-DebugInfo_UsesOwnerSourceFileForGeneratedViews  ok (352 us)
  Test-DebugInfo_UsesDebugSourceCodeRefForGeneratedViewLines  ok (1 ms)
  Test-DebugInfo_CompilerTestFunctionsPreserveStackDebugMetadata  ok (984 ms)
  Test-DebugInfo_RuntimeStorageLocalsStayOutOfCodeView  ok (1 s 699 ms)
  Test-DebugInfo_CompilerPrivateGlobalsReachCodeViewDataSymbols  ok (2 s 590 ms)
  Test-DebugInfo_EmitsWindowsSourceChecksums  ok (361 us)
  Test-EncodeX64_Flow         ok (2 ms)
  Test-EncodeX64_Load         ok (5 ms)
  Test-EncodeX64_CmpAndCond   ok (1 ms)
  Test-EncodeX64_VecPackedOps  ok (7 ms)
  Test-EncodeX64_LegalizeLargeCmpRegImmPreservesLhs  ok (208 us)
  Test-EncodeX64_UnaryOps     ok (421 us)
  Test-EncodeX64_BinaryRegRegOps  ok (4 ms)
  Test-EncodeX64_BinaryRegMemOps  ok (505 us)
  Test-EncodeX64_BinaryMemRegOps  ok (893 us)
  Test-EncodeX64_BinaryImmOps  ok (2 ms)
  Test-EncodeX64_TernaryAndConvert  ok (960 us)
  Test-EncodeX64_UnwindFromMicro  ok (153 us)
  Test-EncodeX64_UnwindFramePointerSetupAfterStackShape  ok (113 us)
  Test-EncodeX64_UnwindStopsBeforeStackStoreBody  ok (114 us)
  Test-EncodeX64_UnwindUpdatesFramePointerWhenAssignedTwice  ok (178 us)
  Test-EncodeX64_UnwindLocalStackBaseIsNotAFrameRegister  ok (120 us)
  Test-EncodeX64_UnwindStopsAfterBodyStart  ok (88 us)
  Test-FormatAlign_ConsecutiveAssignments  ok (1 ms)
  Test-FormatAlign_ConsecutiveAliases  ok (377 us)
  Test-FormatAlign_AliasesAcrossAttributesAndBlankLines  ok (414 us)
  Test-FormatAlign_AssignmentsBreakOnIndentation  ok (675 us)
  Test-FormatAlign_AssignmentsBreakOnBlankLine  ok (385 us)
  Test-FormatAlign_AssignmentsAcrossBlanks  ok (369 us)
  Test-FormatAlign_ConsecutiveDeclarations  ok (354 us)
  Test-FormatAlign_ControlDeclarationsBreakDeclarationGroups  ok (596 us)
  Test-FormatAlign_ConsecutiveConstants  ok (340 us)
  Test-FormatAlign_StructFields  ok (316 us)
  Test-FormatAlign_EnumValues  ok (332 us)
  Test-FormatAlign_NoneRemovesAlignment  ok (270 us)
  Test-FormatAlign_TrailingComments  ok (727 us)
  Test-FormatAlign_TrailingCommentsBreakOnIndentation  ok (716 us)
  Test-FormatAlign_TrailingCommentsNormalized  ok (526 us)
  Test-FormatAlign_FatArrowsConsecutive  ok (687 us)
  Test-FormatAlign_FatArrowsBreakOnPlainFunction  ok (452 us)
  Test-FormatAlign_SingletonTightensStalePadding  ok (365 us)
  Test-FormatAlign_StructFieldsWithTypeQualifiers  ok (515 us)
  Test-FormatAlign_StructFieldGridMixed  ok (492 us)
  Test-FormatAlign_StructFieldGridOffKeepsSingleColumn  ok (1 ms)
  Test-FormatAlign_DeclarationGridInitializers  ok (11 ms)
  Test-FormatAlign_ConstantGridTypes  ok (973 us)
  Test-FormatAlign_QualifiedConstantGridTypes  ok (690 us)
  Test-FormatAlign_QualifiedDeclarationPrefixes  ok (1 ms)
  Test-FormatAlign_CaseBodiesConsecutive  ok (764 us)
  Test-FormatAlign_ArrayColumns  ok (953 us)
  Test-FormatAlign_ArrayColumnsSkipsRaggedRows  ok (1 ms)
  Test-FormatAlign_HangingLineFollowsAlignedAnchor  ok (1 ms)
  Test-FormatAlign_AfterOpenBracketUsesLiteralBrace  ok (824 us)
  Test-FormatAlign_AfterOpenBracketKeepsDataTableRows  ok (654 us)
  Test-FormatAlign_OperandsInsideBracketAnchorOnBracket  ok (656 us)
  Test-FormatAlign_OperandsOutsideBracketAnchorOnStatement  ok (579 us)
  Test-FormatAlign_OutlierGapLeavesLongLineAlone  ok (731 us)
  Test-FormatAlign_OutlierGapKeepsGradedTable  ok (579 us)
  Test-FormatAlign_OutlierGapDropsBothEnds  ok (3 ms)
  Test-FormatAlign_AcrossBlanksReadsTheCappedBlankCount  ok (4 ms)
  Test-FormatAlign_AccessModifierLineDoesNotBreakTheGroup  ok (596 us)
  Test-FormatAlign_WrappedArgumentsFollowTheAlignedHead  ok (3 ms)
  Test-FormatAttributes_OwnLine  ok (661 us)
  Test-FormatAttributes_Inline  ok (910 us)
  Test-FormatAttributes_BreakAfterAttribute  ok (2 ms)
  Test-FormatAttributes_Grouped  ok (562 us)
  Test-FormatAttributes_SortArguments  ok (2 ms)
  Test-FormatAttributes_SortArgumentsWithDifferentPieceCounts  ok (659 us)
  Test-FormatAttributes_SpaceAfterAttributeComma  ok (516 us)
  Test-FormatBlanks_MaxConsecutiveEmptyLinesUnlimited  ok (2 ms)
  Test-FormatBlanks_MaxConsecutiveEmptyLinesCollapses  ok (629 us)
  Test-FormatBlanks_MaxConsecutiveEmptyLinesOne  ok (490 us)
  Test-FormatBlanks_AfterOpeningBraceNever  ok (2 ms)
  Test-FormatBlanks_AfterOpeningBracePreserve  ok (500 us)
  Test-FormatBlanks_AfterOpeningBraceAlways  ok (473 us)
  Test-FormatBlanks_BeforeClosingBraceNever  ok (7 ms)
  Test-FormatBlanks_BeforeClosingBracePreserve  ok (533 us)
  Test-FormatBlanks_BeforeClosingBraceAlways  ok (631 us)
  Test-FormatBlanks_AroundAccessBlocksAlways  ok (646 us)
  Test-FormatBlanks_AroundAccessBlocksNever  ok (535 us)
  Test-FormatBlanks_AroundAccessBlocksPreserve  ok (7 ms)
  Test-FormatBlanks_TrimTrailingNewlinesCollapsesToOne  ok (542 us)
  Test-FormatBlanks_TrimTrailingNewlinesDisabled  ok (465 us)
  Test-FormatBlanks_CombinedBlockEdges  ok (7 ms)
  Test-FormatBlanks_BeforeFunctionAlways  ok (602 us)
  Test-FormatBlanks_BeforeFunctionKeepsDocCommentAttached  ok (9 ms)
  Test-FormatBlanks_BeforeFunctionKeepsShortFormsStacked  ok (1 ms)
  Test-FormatBlanks_BeforeTypeAlways  ok (691 us)
  Test-FormatBlanks_BeforeCommentBlockAlways  ok (3 ms)
  Test-FormatBlanks_BeforeCommentBlockKeepsBlockStartAndRuns  ok (552 us)
  Test-FormatBlanks_BeforeCommentBlockKeepsInlineBodyStart  ok (737 us)
  Test-FormatBlanks_AfterGlobalBlockInsertsBlank  ok (1 ms)
  Test-FormatBlanks_AfterGlobalThenUsingBlocks  ok (3 ms)
  Test-FormatBlanks_BetweenCasesMultiLine  ok (4 ms)
  Test-FormatBlanks_BetweenCasesNeverRemovesBlanks  ok (996 us)
  Test-FormatBlanks_AfterStandaloneClosingBraceAlways  ok (760 us)
  Test-FormatBlanks_AfterStandaloneClosingBraceNever  ok (893 us)
  Test-FormatBlanks_AfterStandaloneClosingBracePreserve  ok (599 us)
  Test-FormatBlanks_AfterStandaloneClosingBraceKeepsElseAttached  ok (748 us)
  Test-FormatBraces_AllmanMovesBraceToOwnLine  ok (563 us)
  Test-FormatStatements_OneStatementPerLine  ok (620 us)
  Test-FormatStatements_UsingFieldPrefixStaysTogether  ok (978 us)
  Test-FormatStatements_OneEnumValuePerLine  ok (545 us)
  Test-FormatBraces_ShortInlineDoBodiesSplit  ok (747 us)
  Test-FormatBraces_DestructuringPatternsStayInlineAndIndentAsStatements  ok (1 ms)
  Test-FormatBraces_AttachJoinsBrace  ok (487 us)
  Test-FormatBraces_AllmanOnControlBlocks  ok (613 us)
  Test-FormatBraces_BreakBeforeElse  ok (1 ms)
  Test-FormatBraces_JoinElseToBrace  ok (1 ms)
  Test-FormatBraces_CompactEmptyBraces  ok (749 us)
  Test-FormatBraces_ShortFunctionsNeverSplits  ok (1 ms)
  Test-FormatBraces_ShortFunctionsNeverKeepsEmpty  ok (884 us)
  Test-FormatBraces_SourceSelectsDefinitionLayout  ok (2 ms)
  Test-FormatBraces_ShortBlocksInlineJoins  ok (848 us)
  Test-FormatBraces_ShortIfNeverSplits  ok (990 us)
  Test-FormatBraces_ShortLoopsJoin  ok (2 ms)
  Test-FormatBraces_ShortEnumsSplit  ok (941 us)
  Test-FormatBraces_ShortCaseSplits  ok (861 us)
  Test-FormatBraces_ShortCaseJoins  ok (1 ms)
  Test-FormatBraces_CaseUniformJoinsJumpTable  ok (5 ms)
  Test-FormatBraces_CaseUniformExpandsMixedSwitch  ok (7 ms)
  Test-FormatBraces_StaticIfChainAlignsAndBreaks  ok (3 ms)
  Test-FormatBraces_StaticControl  ok (1 ms)
  Test-FormatBraces_StaticIfSingleLineChainStaysInline  ok (919 us)
  Test-FormatBraces_MultiLineBlockContentLeavesBraceLines  ok (785 us)
  Test-FormatBraces_AllmanOnStaticIfBlocks  ok (499 us)
  Test-FormatBraces_ShortStructsKeepTupleTypes  ok (737 us)
  Test-FormatBraces_ShortStructsStillSplitDeclarations  ok (447 us)
  Test-FormatBraces_ShortFunctionsKeepClosureArguments  ok (907 us)
  Test-FormatBraces_ShortBlocksKeepInitializerLiterals  ok (934 us)
  Test-FormatBraces_ShortFunctionsInlineKeepsClosureBodies  ok (693 us)
  Test-FormatStatements_RemoveRedundantSemicolons  ok (1 ms)
  Test-FormatStatements_RemoveConditionParentheses  ok (666 us)
  Test-FormatBraces_BreakBeforeWhere  ok (684 us)
  Test-FormatBraces_ShortClosuresNeverSplits  ok (1 ms)
  Test-FormatBraces_UniformKeepsArmsWhoseCallIsWrapped  ok (1 ms)
  Test-FormatBraces_UniformExpandsWhenAnArmCarriesABlock  ok (1 ms)
  Test-FormatBraces_SemicolonPushedToEndOfLineByWrappingIsRemoved  ok (961 us)
  Test-FormatBraces_AnonymousStructTypeKeepsItsShape  ok (783 us)
  Test-FormatComments_SpaceAfterLineCommentPrefix  ok (1 ms)
  Test-FormatComments_NormalizeSectionSeparators  ok (411 us)
  Test-FormatComments_ReflowParagraph  ok (689 us)
  Test-FormatComments_ReflowJoinsShortLines  ok (707 us)
  Test-FormatComments_NormalizeMode  ok (640 us)
  Test-FormatComments_LastInBlockKeepsBlockIndent  ok (759 us)
  Test-FormatComments_LastInNestedBlockKeepsBlockIndent  ok (783 us)
  Test-FormatComments_LastInSwitchKeepsArmIndent  ok (837 us)
  Test-FormatComments_BeforeCaseLabelKeepsLabelIndent  ok (1 ms)
  Test-FormatComments_InsideABracketSettleInOnePass  ok (1 ms)
  Test-FormatFile_InlineBodyOwnsNestedBraceIndent  ok (1 ms)
  Test-FormatFile_InlineIfBranchStopsBeforeElse  ok (1 ms)
  Test-FormatFile_CatchHandlerAlignsAndIndents  ok (650 us)
  Test-FormatFile_InlineDestructuringIsNotABlock  ok (1 ms)
  Test-FormatFile_InsertFinalNewline  ok (454 us)
  Test-FormatFile_TrimLeadingBlankLines  ok (353 us)
  Test-FormatFile_TrimLeadingBlankLinesDisabled  ok (404 us)
  Test-FormatFile_ReservedIdentifiersAreFormattable  ok (465 us)
  Test-FormatFile_IndentInsideParensEnforcesContinuation  ok (1 ms)
  Test-FormatFile_AlignOperandsOnWrappedCondition  ok (874 us)
  Test-FormatFile_WhereClauseIndent  ok (591 us)
  Test-FormatFile_WhereBlockIndent  ok (531 us)
  Test-FormatFile_EndOfLineStyleLf  ok (407 us)
  Test-FormatFile_EndOfLineStyleCrLf  ok (387 us)
  Test-FormatFile_TrimTrailingWhitespace  ok (365 us)
  Test-FormatFile_BlankLineAfterUsingBlock  ok (384 us)
  Test-FormatFile_BlankLineBeforeFunctionDefinition  ok (770 us)
  Test-FormatFile_IndentStyleSpacesNormalizesTabs  ok (587 us)
  Test-FormatFile_IndentStyleTabs  ok (434 us)
  Test-FormatFile_ReindentFixesBadIndent  ok (642 us)
  Test-FormatFile_ElseBeforeNestedIfAligns  ok (576 us)
  Test-FormatFile_IndentNamespaceBodyOff  ok (519 us)
  Test-FormatFile_IndentCaseLabels  ok (991 us)
  Test-FormatLiteral_PreserveLeavesNumericLiteralsUntouched  ok (530 us)
  Test-FormatLiteral_PreserveCharacterTypeSuffix  ok (487 us)
  Test-FormatLiteral_HexDigitCaseUpperAndLower  ok (721 us)
  Test-FormatLiteral_HexPrefixCaseUpperAndLower  ok (571 us)
  Test-FormatLiteral_FloatExponentCaseUpperAndLower  ok (789 us)
  Test-FormatLiteral_NormalizeHexDigitSeparators  ok (290 us)
  Test-FormatLiteral_NormalizeBinaryDigitSeparators  ok (270 us)
  Test-FormatLiteral_NormalizeDecimalDigitSeparators  ok (293 us)
  Test-FormatLiteral_NormalizeFloatDigitSeparators  ok (275 us)
  Test-FormatLiteral_CombinedHexCaseAndNormalization  ok (2 ms)
  Test-FormatOff_LineCommentDisablesNumberFormatting  ok (1 ms)
  Test-FormatOff_NoOnComment_RestOfFileRaw  ok (507 us)
  Test-FormatOff_MultipleRegions  ok (567 us)
  Test-FormatOff_BlockComment  ok (436 us)
  Test-FormatOff_CustomMarkers  ok (714 us)
  Test-FormatOff_EolNotRewrittenInDisabledRegion  ok (1 ms)
  Test-FormatSpacing_SpaceAfterComma  ok (658 us)
  Test-FormatSpacing_NormalizeHorizontalWhitespace  ok (598 us)
  Test-FormatSpacing_NamedArgumentColons  ok (713 us)
  Test-FormatSpacing_TrueOptionsKeepManualAlignment  ok (3 ms)
  Test-FormatSpacing_NoSpaceAfterComma  ok (551 us)
  Test-FormatSpacing_SpaceAroundAssignment  ok (487 us)
  Test-FormatSpacing_NoSpaceAroundAssignment  ok (381 us)
  Test-FormatSpacing_SpaceAroundBinaryOperators  ok (521 us)
  Test-FormatSpacing_NoSpaceAroundBinaryOperators  ok (425 us)
  Test-FormatSpacing_SpaceAroundArrow  ok (893 us)
  Test-FormatSpacing_FatArrow  ok (857 us)
  Test-FormatSpacing_ColonInDeclarations  ok (515 us)
  Test-FormatSpacing_ColonInBaseClause  ok (375 us)
  Test-FormatSpacing_InsideParentheses  ok (1 ms)
  Test-FormatSpacing_InEmptyParentheses  ok (756 us)
  Test-FormatSpacing_InsideBrackets  ok (1 ms)
  Test-FormatSpacing_AfterCast  ok (2 ms)
  Test-FormatSpacing_AfterKeyword  ok (1 ms)
  Test-FormatSpacing_AfterUnaryOperator  ok (593 us)
  Test-FormatSpacing_PostfixDereference  ok (586 us)
  Test-FormatSpacing_BeforeParenthesesControl  ok (2 ms)
  Test-FormatSpacing_InsideBracesOfLiterals  ok (943 us)
  Test-FormatSpacing_FailClosesAFunctionTypeNotAnOperand  ok (757 us)
  Test-FormatStyle_PreserveNormalizesNothing  ok (1 ms)
  Test-FormatStyle_DefaultOptionsArePreserve  ok (2 ms)
  Test-FormatStyle_SwagIsTheCanonicalLayout  ok (724 us)
  Test-FormatStyle_SwagIntrinsicCallsStayStable  ok (1 ms)
  Test-FormatStyle_SwagKeepsAccessModifiersWithTheirDeclarations  ok (698 us)
  Test-FormatStyle_SwagKeepsStorageAndAccessModifierOrders  ok (40 ms)
  Test-FormatStyle_SwagSeparatesAccessBlocks  ok (1 ms)
  Test-FormatStyle_SwagLeavesLineEndingsAndColumnsAlone  ok (564 us)
  Test-FormatStyle_DescribeRendersEveryOption  ok (660 us)
  Test-FormatUsing_SortAscending  ok (793 us)
  Test-FormatUsing_SortCaseInsensitive  ok (760 us)
  Test-FormatUsing_BlankLineSplitsRuns  ok (450 us)
  Test-FormatUsing_Merge      ok (536 us)
  Test-FormatUsing_SortAndMerge  ok (517 us)
  Test-FormatWrap_BreaksAfterComma  ok (751 us)
  Test-FormatWrap_ForceSingleLineLists  ok (1 ms)
  Test-FormatWrap_FormatterSelectsListLineMode  ok (902 us)
  Test-FormatWrap_SourceSelectsSingleLineLists  ok (680 us)
  Test-FormatWrap_SourceSelectsNestedSingleLineLists  ok (582 us)
  Test-FormatWrap_HangingIndentLists  ok (667 us)
  Test-FormatWrap_HangingAlignLists  ok (1 ms)
  Test-FormatWrap_VerticalLists  ok (768 us)
  Test-FormatWrap_BlockLists  ok (776 us)
  Test-FormatWrap_ForceSingleLineLogicalExpressions  ok (1 ms)
  Test-FormatWrap_SourceSelectsSingleLineLogicalExpressions  ok (1 ms)
  Test-FormatWrap_LogicalOperatorsAfter  ok (1 ms)
  Test-FormatWrap_LogicalOperatorsBefore  ok (968 us)
  Test-FormatWrap_LogicalOperandsOnePerLine  ok (595 us)
  Test-FormatWrap_LogicalHangingIndent  ok (407 us)
  Test-FormatWrap_LogicalOperandsPack  ok (510 us)
  Test-FormatWrap_FormatterSelectsLogicalExpressionLineMode  ok (2 ms)
  Test-FormatWrap_NestedLogicalExpressions  ok (789 us)
  Test-FormatWrap_NormalizesAdversarialLists  ok (1 ms)
  Test-FormatWrap_NormalizesAdversarialLogicalExpression  ok (554 us)
  Test-FormatWrap_AlignsMultilineArgumentContents  ok (987 us)
  Test-FormatWrap_ClosureCapturesStayInsideArgument  ok (1 ms)
  Test-FormatWrap_NoWrapWhenDisabled  ok (1 ms)
  Test-FormatWrap_BreakBeforeBinaryOperators  ok (560 us)
  Test-FormatWrap_BinPackLists  ok (710 us)
  Test-FormatWrap_BinPackParametersOnePerLine  ok (656 us)
  Test-FormatWrap_BinPackArgumentsOnePerLine  ok (699 us)
  Test-FormatWrap_NoColumnLimitNeverMovesAStatementBreak  ok (1 ms)
  Test-FormatWrap_ColumnLimitBreaksHighestInTheExpression  ok (1 ms)
  Test-FormatWrap_ColumnLimitAlignsNewOperandLinesInOnePass  ok (1 ms)
  Test-FormatWrap_ColumnLimitBreaksAtTheLoosestOperator  ok (13 ms)
  Test-FormatWrap_ColumnLimitKeepsOneIndentPerStatement  ok (754 us)
  Test-FormatWrap_ContinuationOutsideBracketsTakesCanonicalIndent  ok (1 ms)
  Test-FormatWrap_ContinuationInsideBracketsKeepsRelativeIndent  ok (882 us)
  Test-FormatWrap_WrappedCaseValuesAlignUnderTheFirstValue  ok (778 us)
  Test-FormatWrap_SourceSelectsLiteralLayout  ok (1 ms)
  Test-FormatWrap_HugTrailingTableArgument  ok (1 ms)
  Test-FormatWrap_HugTrailingClosureArgument  ok (24 ms)
  Test-FormatWrap_HugTrailingBlockLiteralItem  ok (1 ms)
  Test-FormatWrap_HugSkipsEarlierMultilineArgument  ok (10 ms)
  Test-JIT_Return42           ok (315 us)
  Test-JIT_RegAllocAvoidsFutureConcreteClobber  ok (255 us)
  Test-JIT_128BitStackCopy    ok (14 ms)
  Test-JIT_PointerSpillRoundTrip  ok (743 us)
  Test-JIT_B32LoadAndZeroExtendKeepsUpperBitsClear  ok (388 us)
  Test-JIT_PackedIntegerOps   ok (7 ms)
  Test-JIT_VecCodecOps        ok (1 ms)
  Test-JIT_VecFloatOps        ok (335 us)
  Test-JIT_SlpVectorizedLanes  ok (20 ms)
  Test-JIT_ConstantDivisionBaseline  ok (46 ms)
  Test-JIT_ConstantDivisionStrengthReduced  ok (90 ms)
  Test-JIT_PersistentRegPreservedAcrossCall  ok (650 us)
  Test-BranchSimplify_ErasesJumpToImmediateLabel  ok (271 us)
  Test-BranchSimplify_ThreadsJumpThroughEmptyBlock  ok (304 us)
  Test-BranchSimplify_FoldsKnownTrueBranch  ok (506 us)
  Test-BranchSimplify_FoldsKnownFalseBranch  ok (884 us)
  Test-BranchSimplify_FoldsKnownSignedLessBranch  ok (243 us)
  Test-BranchSimplify_FoldsKnownUnsignedBelowBranch  ok (190 us)
  Test-BranchSimplify_ErasesDeadTailAfterRet  ok (117 us)
  Test-BranchSimplify_ConvertsMinPatternToCmov  ok (495 us)
  Test-BranchSimplify_ConvertsConditionalConstantToCmov  ok (1 ms)
  Test-BranchSimplify_KeepsMultiInstructionBranchBody  ok (454 us)
  Test-BranchSimplify_ThreadsShortCircuitExit  ok (280 us)
  Test-BranchSimplify_KeepsReferencedLabel  ok (138 us)
  Test-BranchSimplify_KeepsByteSelectBranch  ok (116 us)
  Test-BranchSimplify_ConvertsDiamondSelectToCmov  ok (178 us)
  Test-BranchSimplify_ConvertsDiamondConstantsToCmov  ok (218 us)
  Test-BranchSimplify_SinksCompareBelowFlagWritingArm  ok (193 us)
  Test-BranchSimplify_KeepsDiamondWithGuardedLoad  ok (143 us)
  Test-BranchSimplify_KeepsDiamondWithSharedArmLabel  ok (167 us)
  Test-BranchSimplify_KeepsDiamondWhenArmReadsResultFirst  ok (149 us)
  Test-BranchSimplify_KeepsDiamondWhenArmClobbersCompareInput  ok (161 us)
  Test-BranchSimplify_KeepsByteDiamond  ok (139 us)
  Test-BranchSimplify_ConvertsEarlyReturnToCmov  ok (136 us)
  Test-BranchSimplify_ConvertsEarlyReturnChainToCmovs  ok (300 us)
  Test-BranchSimplify_KeepsEarlyReturnWithGuardedLoad  ok (240 us)
  Test-BranchSimplify_SinksCompareBelowFlagWritingEarlyReturn  ok (172 us)
  Test-BranchSimplify_InvertsJumpPairAfterImmediateJumpErasure  ok (303 us)
  Test-BranchSimplify_TriangleScratchPreservesAcceptedPlanOrder  ok (515 us)
  Test-ConstantFolding_FoldBinaryRegImm  ok (146 us)
  Test-ConstantFolding_FoldCopyFromKnown  ok (67 us)
  Test-ConstantFolding_ChainedFold  ok (74 us)
  Test-ConstantFolding_FoldFromClearReg  ok (62 us)
  Test-ConstantFolding_FoldAcrossJoinSameConstant  ok (102 us)
  Test-ConstantFolding_BinaryRequiresKnownInputsAndDeadFlags  ok (469 us)
  Test-CopyElim_SelfCopy_Erased  ok (61 us)
  Test-CopyElim_ChainedCopies_CanonicalizesSource  ok (82 us)
  Test-CopyElim_RewritesPureUseAcrossJoin  ok (125 us)
  Test-CopyElim_DoesNotPropagatePastSourceRedefinition  ok (66 us)
  Test-CopyElim_TransfersForbiddenPhysRegsToCanonicalSource  ok (72 us)
  Test-CopyElim_DoesNotRewriteUseDefOperand  ok (328 us)
  Test-DeadCodeElimination_RemovesEntireDeadChain  ok (4 ms)
  Test-DeadCodeElimination_JoinTracksSurvivingConsumers  ok (319 us)
  Test-DeadCodeElimination_PhiCyclesNeedAnInstructionConsumer  ok (382 us)
  Test-DeadCodeElimination_DeadFlagConsumerExposesArithmetic  ok (154 us)
  Test-InstCombine_Identity_AddZero_Erased  ok (160 us)
  Test-InstCombine_ConstantAddressLoad_FoldsToRip  ok (246 us)
  Test-InstCombine_RelocatedLoad_UsesExactTargetAndLiveMemory  ok (7 ms)
  Test-InstCombine_Absorbing_AndZero_BecomesClear  ok (90 us)
  Test-InstCombine_Absorbing_OrAllOnes_BecomesLoadImm  ok (74 us)
  Test-InstCombine_Reassociate_AddAdd  ok (160 us)
  Test-InstCombine_Reassociate_AddSub_PicksAdd  ok (82 us)
  Test-InstCombine_Reassociate_ShiftLeftChain  ok (82 us)
  Test-InstCombine_Reassociate_ShiftOverflow_NotFolded  ok (78 us)
  Test-InstCombine_RegReg_XorSelf_BecomesClear  ok (75 us)
  Test-InstCombine_RegReg_SubSelf_BecomesClear  ok (69 us)
  Test-InstCombine_RegReg_AndSelf_DeadErased  ok (71 us)
  Test-InstCombine_Reassociate_MulMulSigned  ok (140 us)
  Test-InstCombine_Reassociate_OrOr  ok (280 us)
  Test-InstCombine_MemFold_Imm_Consecutive  ok (158 us)
  Test-InstCombine_MemFold_Reg_Consecutive  ok (113 us)
  Test-InstCombine_MemFold_NonConsecutive  ok (5 ms)
  Test-InstCombine_MemFold_VtReadAfterStore_NotFolded  ok (239 us)
  Test-InstCombine_MaskBeforeLeftShift_DroppedDirect  ok (145 us)
  Test-InstCombine_MaskBeforeLeftShift_DroppedThroughCopies  ok (282 us)
  Test-InstCombine_MaskBeforeLeftShift_KeptWhenMaskTooNarrow  ok (84 us)
  Test-InstCombine_MaskBeforeRightShift_Kept  ok (76 us)
  Test-InstCombine_ZeroExtendOfDwordLoad_BecomesCopy  ok (3 ms)
  Test-InstCombine_ZeroExtendOfQwordLoad_Kept  ok (388 us)
  Test-InstCombine_MaskedAddOfZeroExtendedWords_NarrowsToDword  ok (236 us)
  Test-InstCombine_MaskedAddWithQwordReader_Kept  ok (186 us)
  Test-InstCombine_MaskedShift_Kept  ok (110 us)
  Test-InstCombine_MemoryFoldTriple_InsideLoop  ok (195 us)
  Test-InstCombine_MemoryFoldTriple_LeavesLoopFrameSlot  ok (39 ms)
  Test-InstCombine_ZeroExtendOfDwordPhi_BecomesCopy  ok (254 us)
  Test-InstCombine_MultiplyAdd_BecomesTwoAddresses  ok (10 ms)
  Test-InstCombine_MultiplyAdd_PreservesObservedValuesAndFlags  ok (854 us)
  Test-InstCombine_AddressCopy_DefinesAccumulatorDirectly  ok (188 us)
  Test-InstCombine_FloatResultCopy_DefinesAccumulatorDirectly  ok (770 us)
  Test-InstCombine_SqrtResultCopy_PreservesPackedDestination  ok (239 us)
  Test-InstCombine_SqrtResultCopy_KeepsOtherUses  ok (188 us)
  Test-InstCombine_SharedAndInputs_PreservesValuesAndFlags  ok (3 ms)
  Test-InstructionCombine_FoldsBooleanSelect  ok (351 us)
  Test-InstructionCombine_KeepsUnsafeBooleanSelect  ok (389 us)
  Test-InstCombine_RangeProvedCompare_ClampErased  ok (155 us)
  Test-InstCombine_RangeProvedCompare_WideMaskKept  ok (120 us)
  Test-InstCombine_RangeProvedCompare_NarrowWriteKept  ok (109 us)
  Test-InstCombine_VectorPlans_KeepFreshRegistersAcrossRollback  ok (732 us)
  Test-MicroDominators_MatchReachabilityWithANodeRemoved  ok (162 us)
  Test-LICM_HoistsInvariantLoad  ok (270 us)
  Test-LICM_HoistsSingleUseLaneBroadcast  ok (386 us)
  Test-LICM_KeepsVolatileLoadInLoop  ok (136 us)
  Test-LICM_HoistsFloatConversionAcrossCallWithLiveIntegerFlags  ok (639 us)
  Test-LICM_KeepsIntegerClearWhenFlagsAreLiveAtEitherSite  ok (262 us)
  Test-LICM_HoistsScalarLiteralLoadsButKeepsZeroLocal  ok (1 ms)
  Test-MicroDomTree_MatchesPathsThroughDiamondAndLoop  ok (362 us)
  Test-NaturalLoop_CollectBody_CountsMembersOnceAcrossTailsAndRebuilds  ok (29 us)
  Test-LoopUnroll_MultipleLoops_RebuildsIncomingJumpRanges  ok (224 us)
  Test-LoopUnroll_MultipleIncomingJumps_PreservesLoop  ok (60 us)
  Test-LoopUnroll_ExternalJumpToBody_PreservesLoop  ok (68 us)
  Test-MemToReg_PlainSlot_Promotes  ok (84 us)
  Test-MemToReg_RedefinedAddressRegister_BailsFunction  ok (81 us)
  Test-MemToReg_UnwrittenWideAccess_BlocksOverlapButNotAdjacentSlot  ok (114 us)
  Test-MemToReg_WrappingWideAccess_KeepsNarrowOverlap  ok (59 us)
  Test-MicroPassManager_PostRa_RechecksSuffixAfterEachMutation  ok (38 us)
  Test-MicroPassManager_PostRa_RechecksSuffixWhenFirstSweepPolicyChanges  ok (38 us)
  Test-PostRADeadCodeElim_PreservesAbiLiveOut  ok (98 us)
  Test-PostRADeadCodeElim_UnusedReturnRegistersAreDead  ok (51 us)
  Test-PostRADeadCodeElim_LoopBackEdgeKeepsCarriedDefinition  ok (59 us)
  Test-PostRALoopHoist_InvariantReload_MovesToPreheader  ok (168 us)
  Test-PostRALoopHoist_SlotWrittenInBody_Blocks  ok (211 us)
  Test-PostRALoopHoist_OpaqueStoreInBody_Blocks  ok (136 us)
  Test-PostRALoopHoist_OpaqueStoreOverPrivateFrame_Hoists  ok (161 us)
  Test-PostRALoopHoist_SecondReload_BecomesCopy  ok (156 us)
  Test-PostRALoopHoist_DestinationLiveAtPreheader_Blocks  ok (96 us)
  Test-PostRALoopHoist_CarriedSlot_LeavesTheLoop  ok (188 us)
  Test-PostRALoopHoist_CarriedRegisterReusedElsewhere_Blocks  ok (118 us)
  Test-PostRALoopHoist_SecondDefinitionOfDestinationBlocks  ok (90 us)
  Test-PostRALoopRotate_IndependentHeadersRotate  ok (154 us)
  Test-PostRALoopRotate_SecondIncomingJumpBlocks  ok (53 us)
  Test-PostRALoopRotate_ConditionalBackEdgeBlocks  ok (50 us)
  Test-PostRAPeephole_Nop_Erased  ok (97 us)
  Test-PostRAPeephole_DoesNotForwardFromStoreClaimedByImmediateFold  ok (85 us)
  Test-PostRAPeephole_CopyForward_DoesNotCrossClaimedStoreReload  ok (60 us)
  Test-PostRAPeephole_ErasesStoreOverwrittenBeforeMemoryAccess  ok (69 us)
  Test-PostRAPeephole_DoesNotEraseOverwrittenNonFrameStore  ok (41 us)
  Test-PostRAPeephole_ErasesOwnStoreReloadOnConditionalFallthrough  ok (56 us)
  Test-PostRAPeephole_ForwardsStoredValueToReload  ok (49 us)
  Test-PostRAPeephole_CopyForward_StopsAtEncoderImplicitDef  ok (77 us)
  Test-Legalize_ScratchExcludesFirstReadsInAbiOrder  ok (110 us)
  Test-Legalize_ScratchExclusionsStopBeforeBarrierUses  ok (2 ms)
  Test-Legalize_DoesNotPreserveDeadShiftRegisterAcrossJump  ok (150 us)
  Test-Legalize_RewritesB8SignedMultiplyRegMemToRax  ok (178 us)
  Test-Legalize_ClearsPositiveFloatZero  ok (188 us)
  Test-Legalize_KeepsNonzeroFloatBitsAndAddresses  ok (650 us)
  Test-Legalize_KeepsMemoryDestinationAdd  ok (52 us)
  Test-Legalize_KeepsMemoryExchange  ok (42 us)
  Test-PostRAPeephole_DoesNotForwardB8SignedMultiplyImmediate  ok (115 us)
  Test-PostRAPeephole_FoldsIntegerReloadIntoBinary  ok (98 us)
  Test-PostRAPeephole_KeepsIntegerReloadReadAfterConsumer  ok (55 us)
  Test-PostRAPeephole_FoldsIntegerReloadIntoCompare  ok (60 us)
  Test-PostRAPeephole_KeepsByteMultiplyReload  ok (48 us)
  Test-PostRAPeephole_SelfCopy_B64_Erased  ok (43 us)
  Test-PostRAPeephole_SelfCopy_IntB32_Preserved  ok (41 us)
  Test-PostRAPeephole_FallthroughJumpSkipsTrivialGap  ok (59 us)
  Test-PostRAPeephole_DeadCompareBeforeRet_Erased  ok (45 us)
  Test-PostRAPeephole_DeadCompareAfterRedundantJump_Erased  ok (48 us)
  Test-PostRAPeephole_LiveCompareForBranch_Preserved  ok (44 us)
  Test-PostRAPeephole_LoadCondRegRegKeepsCopyBecauseDestinationIsUseDef  ok (62 us)
  Test-PostRAPeephole_FlagReuse_SubThenCompareZero_CompareErased  ok (52 us)
  Test-PostRAPeephole_FlagReuse_UnsafeCondition_ComparePreserved  ok (45 us)
  Test-PostRAPeephole_FlagReuse_NonFlagProducer_ComparePreserved  ok (44 us)
  Test-PostRAPeephole_ZeroToClear_LiveFlagsDead_Converted  ok (45 us)
  Test-PostRAPeephole_ZeroToClear_DeadReg_NotConverted  ok (42 us)
  Test-PostRAPeephole_ZeroToClear_FlagsLive_NotConverted  ok (45 us)
  Test-PostRAPeephole_SelfOperand_FoldsWhenDestinationHoldsTheSlot  ok (42 us)
  Test-PostRAPeephole_SelfOperand_KeepsMemoryOperandWhenWindowExhausted  ok (69 us)
  Test-PreRAPeephole_FloatBinary_DefinesIndependentResult  ok (455 us)
  Test-PreRAPeephole_FloatBinary_PreservesCopiedSecondOperand  ok (163 us)
  Test-PreRAPeephole_ForwardsLoadImmIntoStore  ok (52 us)
  Test-PreRAPeephole_ForwardsLoadImmIntoCmpMem  ok (112 us)
  Test-PreRAPeephole_ForwardsLoadImmIntoMemBinary  ok (45 us)
  Test-PreRAPeephole_ForwardsCopyIntoNextUseOnlySlots  ok (50 us)
  Test-PreRAPeephole_TransfersForbiddenPhysRegsAcrossCopyForward  ok (52 us)
  Test-PreRAPeephole_DoesNotRewriteExchangeUseDefConsumer  ok (45 us)
  Test-PreRAPeephole_ForwardsLoadImmIntoAmcStore  ok (47 us)
  Test-PreRAPeephole_ForwardsClearRegIntoImmediateCompare  ok (43 us)
  Test-PreRAPeephole_FoldsExtendOfImmediate  ok (38 us)
  Test-PreRAPeephole_FoldsPointerImmediateIntoAddress  ok (39 us)
  Test-PreRAPeephole_CombinesAdjacentRegImmAdd  ok (54 us)
  Test-PreRAPeephole_KeepsAdjacentRegImmAddWhenFlagsAreLive  ok (43 us)
  Test-PreRAPeephole_FoldsCopyAddIntoLoadAddress  ok (101 us)
  Test-PreRAPeephole_FoldsCopyAddIntoLoadAddressDespiteMismatchedForbiddenRegs  ok (59 us)
  Test-PreRAPeephole_KeepsCopyAddWhenFlagsAreLive  ok (53 us)
  Test-PreRAPeephole_FoldsAmcIndexImmediateIntoSimpleLoad  ok (53 us)
  Test-PreRAPeephole_FoldsAddressBaseIntoAmcStore  ok (55 us)
  Test-PreRAPeephole_FoldsAmcAddressIntoStore  ok (59 us)
  Test-MicroPrologEpilogSanitize_MergesAdjacentStackAdjustments  ok (147 us)
  Test-MicroPrologEpilogSanitize_DoesNotMergeOutsideEntryExitRegions  ok (58 us)
  Test-MicroPrologEpilogSanitize_ExpandsLargeWindowsStackAdjustIntoPageProbes  ok (265 us)
  Test-MicroPrologEpilogSanitize_KeepsOnlyLastFramePointerSetupInEntryProlog  ok (101 us)
  Test-MicroPrologEpilogSanitize_ReinsertsForcedFramePointerSetupWhenMissing  ok (57 us)
  Test-MicroPrologEpilogSanitize_DoesNotTouchFramePointerSetupAfterBodyStarts  ok (57 us)
  Test-MicroReg_SameClassMatchesVirtualAndPhysicalRegisters  ok (63 us)
  Test-RegAlloc_UsesDedicatedLocalStackBaseRegister  ok (1 ms)
  Test-RegAlloc_PersistentAcross  ok (3 ms)
  Test-RegAlloc_NoCalls       ok (1 ms)
  Test-RegAlloc_MixedIntFloat  ok (1 ms)
  Test-RegAlloc_LotsOfVirtualRegs  ok (20 ms)
  Test-RegAlloc_PreservePersistentRegs_Enabled  ok (729 us)
  Test-RegAlloc_PreservePersistentRegs_Disabled  ok (405 us)
  Test-RegAlloc_PreservePersistentRegs_NoNeed  ok (307 us)
  Test-RegAlloc_Spill_IntPressureAcrossCall  ok (12 ms)
  Test-RegAlloc_Spill_FloatAcrossCall_NoPersistent  ok (1 ms)
  Test-RegAlloc_VirtualRegForbiddenPhysRegs  ok (512 us)
  Test-RegAlloc_Spill_BalancedControlFlow  ok (2 ms)
  Test-RegAlloc_KnownComputedJumpKeepsIntervalAllocation  ok (1 ms)
  Test-RegAlloc_LoadBaseAddressAcrossCall  ok (800 us)
  Test-RegAlloc_ConcreteLoadDestAcrossCall  ok (713 us)
  Test-RegAlloc_VirtualDefAvoidsLiveConcreteReg  ok (448 us)
  Test-RegAlloc_UsesPersistentFallbackWhenTransientPoolExhausted  ok (410 us)
  Test-RegAlloc_CoalescesLinearVirtualCopies  ok (420 us)
  Test-RegAlloc_TransfersDeadCopySourcesAcrossBarriers  ok (772 us)
  Test-RegAlloc_RematerializesImmediateReloads  ok (476 us)
  Test-MicroInstr_FloatToIntReplacesItsDestination  ok (120 us)
  Test-MicroInstr_SqrtReplacesItsDestination  ok (44 us)
  Test-MicroInstr_SqrtDropsOnlyOverwrittenInitialization  ok (299 us)
  Test-MicroInstr_FloatToIntKeepsOnlyLiveFlagInitialization  ok (145 us)
  Test-RegAlloc_LiveIntervalAccessSearchBoundaries  ok (12 us)
  Test-RegAlloc_LiveIntervalEmptyAndSingleAccess  ok (3 us)
  Test-RegAlloc_LiveIntervalRangeStartSearchBoundaries  ok (3 us)
  Test-MicroSanity_RejectsStackAddressReturnedAsPointer  ok (150 us)
  Test-MicroSanity_AllowsKnownNonStackPointer  ok (102 us)
  Test-MicroSanity_IgnoresStackAddressReturnedAsInteger  ok (99 us)
  Test-SinkToUse_MovesDefinitionToItsConsumer  ok (108 us)
  Test-SinkToUse_LoadCannotCrossBaseRedefinition  ok (51 us)
  Test-SinkToUse_LoadCannotCrossMemoryWrite  ok (50 us)
  Test-SlpVectorize_UnpackableStores_DoesNotBuildSsa  ok (120 us)
  Test-SlpVectorize_MultipleBlocks_PreservesSnapshotAndFreshRegisters  ok (366 us)
  Test-MicroSsa_PhiAtJoin     ok (128 us)
  Test-MicroSsa_Dominators_HandleEntryAndDescendantJoin  ok (61 us)
  Test-MicroSsa_ReachingDef_BeforeWritesAndAtNonUses  ok (68 us)
  Test-MicroSsa_ReachingDef_DominatorSiblings  ok (69 us)
  Test-MicroSsa_ReachingDef_LoopAndUnreachableRoot  ok (66 us)
  Test-MicroSsa_PhiAtJoinWithSharedPredecessorDominator  ok (178 us)
  Test-MicroSsa_PhiInputsFollowManyPredecessors  ok (501 us)
  Test-MicroSsa_RebuildAddsFrontierAfterLinearBlocks  ok (132 us)
  Test-MicroStackAdjustNormalize_RemovesBodyAdjustsAndRebasesOffsets  ok (147 us)
  Test-MicroStackAdjustNormalize_HandlesBranchingDepths  ok (96 us)
  Test-MicroStorage_InsertedInstructionsUseExplicitDebugInsertionKinds  ok (4 us)
  Test-MicroStorage_InsertBeforePreservesExplicitNoStepWhenSourceIsInherited  ok (2 us)
  Test-MicroStackAdjustNormalize_SkipsCallsBelowMaxDepth  ok (65 us)
  Test-StrengthReduction_MultiplyPowerOfTwo  ok (83 us)
  Test-StrengthReduction_MultiplyPowerOfTwoKeepsLiveFlags  ok (85 us)
  Test-StrengthReduction_MultiplyByZero  ok (87 us)
  Test-StrengthReduction_MultiplyByOne  ok (41 us)
  Test-StrengthReduction_MultiplyNonPowerOfTwoUnchanged  ok (33 us)
  Test-StrengthReduction_UnsignedDivideMagicNoFixup  ok (56 us)
  Test-StrengthReduction_UnsignedDivideMagicFixup  ok (60 us)
  Test-StrengthReduction_SignedDividePow2  ok (48 us)
  Test-StrengthReduction_SignedDivideMagic  ok (47 us)
  Test-StrengthReduction_UnsignedModuloMagic  ok (48 us)
  Test-StrengthReduction_SignedDivideNegativeConstantUnchanged  ok (28 us)
  Test-StrengthReduction_DivideByZeroUnchanged  ok (30 us)
  Test-StrengthReduction_NarrowDivideUnchanged  ok (29 us)
  Test-StrengthReduction_RemoveAddZeroDeadAcrossJoin  ok (130 us)
  Test-StrengthReduction_UnsignedMultiplyRequiresLocalFlagRedefinition  ok (241 us)
  Test-StrengthReduction_AddSubZeroPreservesLiveResultsAndFlags  ok (314 us)
  Test-ValueNumbering_DedupIdenticalCompute  ok (226 us)
  Test-ValueNumbering_KeepsDifferentInputs  ok (108 us)
  Test-ValueNumbering_KeepsComputeWithLiveFlags  ok (96 us)
  Test-ValueNumbering_DedupLoadAddress  ok (73 us)
  Test-ValueNumbering_KeepsComputeWhenSourceClobbered  ok (74 us)
  Test-ValueNumbering_DedupRepeatedLoad  ok (86 us)
  Test-ValueNumbering_DedupRepeatedFieldLoad  ok (73 us)
  Test-ValueNumbering_KeepsLoadAcrossStore  ok (76 us)
  Test-ValueNumbering_KeepsLoadAcrossLabel  ok (112 us)
  Test-ValueNumbering_DedupLoadAcrossFallthroughBranch  ok (109 us)
  Test-ValueNumbering_DedupPlainLoadAfterExtendingLoad  ok (81 us)
  Test-ValueNumbering_ExtendsEarlierPlainLoad  ok (71 us)
  Test-ValueNumbering_KeepsFrameLoadsForMemToReg  ok (63 us)
  Test-ValueNumbering_SharesScalarFloatLiteralBits  ok (363 us)
  Test-ValueNumbering_KeepsCheapOrDistinctLiterals  ok (327 us)
  Test-ValueNumbering_KeepsSiblingComputesAndReusesJoinDefinition  ok (223 us)
  Test-VecLoopPromote_LoadStorePair_HoistsAndSinks  ok (105 us)
  Test-VecLoopPromote_OverlappingScalarStore_Blocks  ok (71 us)
  Test-VecLoopPromote_LoadOnlyChunk_HoistsWithoutStore  ok (73 us)
  Test-VecLoopPromote_StackPointerDefinitionInBody_Blocks  ok (63 us)
  Test-NativeArtifact_DefaultsToLocalOutputTree  ok (499 us)
  Test-NativeArtifact_ImportedApiKeepsLocalOutputTree  ok (259 us)
  Test-NativeArtifact_ModuleNamespaceDefaultsFromModulePath  ok (135 us)
  Test-NativeArtifact_ModuleNamespaceOverrideWins  ok (8 us)
  Test-NativeArtifact_ExplicitArtifactKindOverridesBuildCfgMutation  ok (6 us)
  Test-NativeArtifact_RDataKeepsGrowingCyclicDependencies  ok (3 ms)
  Test-NativeArtifact_CompilerRunExprInsideTestKeepsJitRunnable  ok (1 s 251 ms)
  Test-NativeArtifact_CompilerInstanceNativeRegistrationKeepsBucketsConsistent  ok (695 ms)
  Test-NativeArtifact_ExecutablePrunesUnreachableGeneratedFunctions  ok (1 s 829 ms)
  Test-NativeArtifact_SilentSpecOpProbeDoesNotDropStructCopyTests  ok (2 s 643 ms)
  Test-NativeArtifact_TestFileFilterKeepsReusableArtifactAndSelectsAtRunTime  ok (1 s 373 ms)
  Test-NativeArtifact_TestTagFilterKeepsReusableArtifactAndSelectsAtRunTime  ok (1 s 729 ms)
  Test-NativeArtifact_TestProgressProtocolIsStrict  ok (7 us)
  Test-NativeArtifact_ConcurrentCompilerInputsKeepEveryDependency  ok (21 s 480 ms)
  Test-PeWriter_CompressesEmbeddedDebugTable  ok (36 ms)
  Test-PeWriter_FoldsIdenticalUnwindInfo  ok (309 us)
  Test-PeWriter_Win32ApplicationResourcesUseConfig  ok (219 us)
  Test-Sema_OverloadRankingUsesOrderedConversionCriteria  ok (13 us)
  Test-Sema_MatchCandidateCollectionPreservesUniqueDiscoveryOrder  ok (340 us)
  Test-Sema_GenericInstanceStoragePreservesIdentityAcrossGrowth  ok (4 ms)
  Test-Sema_CastLegalityCoversScalarConversionKinds  ok (245 us)
  Test-Sema_GenericDeductionBindingHandlesConflictsAndDefaults  ok (1 ms)
  Test-Sema_CompletedFreesSummariesKeepDirectForwardingTransitive  ok (78 us)
  Test-Sema_CompletedFreesSummariesResolveGuardedAliasRoutes  ok (105 us)
  Test-SemaPurity_GlobalVariableReadIsNotConstFolded  ok (1 s 734 ms)
  Test-SemaPurity_NamespaceQualifiedGlobalFieldReadIsNotConstFolded  ok (825 ms)
  Test-JobManager_DebugStateReportsSleepingJobs  ok (102 us)
  Test-JobManager_ProgressiveWorkersDrainQueuedJobs  ok (11 ms)
  Test-JobManager_TargetedWakeBySymbol  ok (49 us)
  Test-AppendOnlyLookupTable_GrowsAcrossChunks  ok (100 us)
  Test-AppendOnlyLookupTable_ConcurrentReaderSeesPublishedEntries  ok (3 ms)
  Test-PagedStore_CopyToPreserveOffsetsKeepsSparseLayout  ok (66 us)
  Test-DataSegment_RelocationIndexHandlesInterleavedMonotonicAdds  ok (50 us)
  Test-DataSegment_RelocationIndexRebuildsAfterOutOfOrderAdd  ok (17 us)
  Test-DataSegment_RelocationRangesPreserveIndexedAndTailEntries  ok (258 us)
  Test-DataSegment_FindAllocationUsesPublishedAllocations  ok (15 us)
  Test-DataSegment_LargeBlockPointersPreservePagedPrefixAndAlignedAllocations  ok (411 us)
  Test-PagedStore_ReserveSpanReturnsWritableContiguousStorage  ok (11 us)
  Test-PagedStore_EmptyCopySpanDoesNotAllocateStorage  ok (6 us)
  Test-PagedStore_ReserveRangeSupportsOversizedZeroedBlocks  ok (16 us)
  Test-Logger_TestTalliesNameSuccessfulWork  ok (60 us)
  Test-Logger_NestedStagesDetailedChoiceDoesNotLeak  ok (0 us)
  Test-Logger_ProgressCanBeDisabledFromCommandLine  ok (271 us)
  Test-Os_FatalHostExceptionClassificationExcludesCppExceptions  ok (20 us)
  Test-Os_FileLockOwnersNameTheProcessMappingAnImage  ok (491 ms)
  Test-FileSystem_AppendFileUsersNamesThisCompilerProcess  ok (639 ms)
  Test-FileSystem_AppendFileUsersLeavesAnUnheldFileAlone  ok (319 ms)
  Test-Utf8_MoveOperationsTransferStorage  ok (5 us)
  Test-Utf8_FixedDecimalFormatting  ok (7 us)
  Test-WarningPolicy_ReadsWarningIdentifiers  ok (97 us)
  Test-WarningPolicy_ParsesLists  ok (29 us)
  Test-WarningPolicy_ResolvesLayerPrecedence  ok (2 us)
  Tests                       682 tests (47 s 360 ms)
  Skipped                     28 filesystem tests (run with --dev-full)
  Slow-01                     NativeArtifact_ConcurrentCompilerInputsKeepEveryDependency (21 s 480 ms)
  Slow-02                     NativeArtifact_SilentSpecOpProbeDoesNotDropStructCopyTests (2 s 643 ms)
  Slow-03                     DebugInfo_CompilerPrivateGlobalsReachCodeViewDataSymbols (2 s 590 ms)
  Slow-04                     NativeArtifact_ExecutablePrunesUnreachableGeneratedFunctions (1 s 829 ms)
  Slow-05                     SemaPurity_GlobalVariableReadIsNotConstFolded (1 s 734 ms)
  Slow-06                     NativeArtifact_TestTagFilterKeepsReusableArtifactAndSelectsAtRunTime (1 s 729 ms)
  Slow-07                     DebugInfo_RuntimeStorageLocalsStayOutOfCodeView (1 s 699 ms)
  Slow-08                     NativeArtifact_TestFileFilterKeepsReusableArtifactAndSelectsAtRunTime (1 s 373 ms)
  Slow-09                     NativeArtifact_CompilerRunExprInsideTestKeepsJitRunnable (1 s 251 ms)
  Slow-10                     DebugInfo_CompilerTestFunctionsPreserveStackDebugMetadata (984 ms)
  ✓  tested      682 passed • 47 s 568 ms
  ✓  clean       47 s 613 ms
