  ◆  swag        unittest • sources
  Test-ABI_AddressedNarrowIntegerHomeUsesNarrowLoad  ok (411 us)
  Test-ABI_SwagSimdArgsUseExtendedRegistersThenWideStackSlots  ok (0 us)
  Test-FFI_CallNativeNoArgBool  ok (730 us)
  Test-FFI_CallNativeU8       ok (234 us)
  Test-FFI_CallNativeI32      ok (61 us)
  Test-FFI_CallNativeF32      ok (55 us)
  Test-FFI_CallNativeF64      ok (52 us)
  Test-FFI_CallNativeF64StackArg  ok (190 us)
  Test-FFI_CallNativeMixedArgs  ok (65 us)
  Test-FFI_CallNativeStackArgs  ok (191 us)
  Test-FFI_CallNativePointerArg  ok (43 us)
  Test-ABI_SwagStructArgPassingMatchesNative  ok (0 us)
  Test-FFI_CallSwagStructByValueInteropDevMode  ok (510 ms)
  Test-FFI_CallSwagStructByValueInteropRelease  ok (391 ms)
  Test-FFI_CallNativeStructByValueRegister  ok (210 us)
  Test-FFI_CallNativeStructByValueStack  ok (127 us)
  Test-FFI_CallNativeStructByReferenceCopy  ok (104 us)
  Test-FFI_CallNativeStructReturnByValueRegister  ok (84 us)
  Test-FFI_CallNativeStructReturnByReference  ok (76 us)
  Test-ConstantManager_CopiesBorrowedStructPayloadOutsideDataSegment  ok (55 us)
  Test-ConstantManager_StoresNullableCStringFromBlockPointer  ok (7 us)
  Test-ConstantValue_MakesNullableCStringFromRuntimePointer  ok (2 us)
  Test-ConstantManager_CopiesBorrowedArrayPayloadOutsideDataSegment  ok (23 us)
  Test-ConstantManager_DeduplicatesBorrowedArrayPayloadsByValue  ok (3 us)
  Test-ConstantManager_CachesZeroPayloadConstantsByType  ok (31 us)
  Test-ConstantManager_CopiesBorrowedSlicePayloadOutsideDataSegment  ok (6 us)
  Test-ConstantManager_AcceptsEmptyBorrowedSlicePayloads  ok (11 us)
  Test-ConstantManager_DistinguishesPresentEmptySlicePayloads  ok (25 us)
  Test-ConstantManager_DeduplicatesMaterializedArrayPayloadConstants  ok (12 us)
  Test-ConstantManager_DoesNotDeduplicateMaterializedArrayPayloadsWithDifferentRelocations  ok (17 us)
  Test-ConstantManager_OwnsAggregateElementsAfterInputsAreDestroyed  ok (305 us)
  Test-ConstantManager_ReleasesOwnedAggregatePayloads  ok (8 ms)
  Test-ConstantManager_PreservesStringNormalizationOnRepeatedInputs  ok (216 us)
  Test-ConstantManager_PublishesCanonicalReferencesAcrossGrowth  ok (17 ms)
  Test-ConstantManager_EnrichesStorageReferencesWithoutMutatingInputs  ok (325 us)
  Test-ConstantManager_ConcurrentInterningKeepsCanonicalStorage  ok (5 ms)
  Test-Compiler_NewScriptCommandParsesDefaultPath  ok (88 us)
  Test-Compiler_CommandLineHelpStopsBeforeCompilation  ok (171 us)
  Test-Compiler_NewModuleCommandParsesWorkspace  ok (58 us)
  Test-Compiler_DocSearchPreservesLiteralCode  ok (17 us)
  Test-Compiler_DocCommandParsesOptions  ok (501 us)
  Test-Compiler_DocMarkdownRendersSupportedBlocks  ok (145 us)
  Test-Compiler_DocBlockCommentsPreserveCodeIndentation  ok (15 us)
  Test-Compiler_DocMarkdownRendersCompleteLists  ok (99 us)
  Test-Compiler_DocMarkdownRendersHeaderlessTableAndNestedInline  ok (25 us)
  Test-Compiler_LegacyStaticControlDirectivesAreNotKeywords  ok (7 us)
  Test-Compiler_AutoInlineCostPricesCallsAndRewardsOneModuleCallSite  ok (638 us)
  Test-Compiler_ExplicitInlineExpandsCrossFileBody  ok (268 ms)
  Test-Compiler_InMemorySourceRunsSemaWithoutDiskIO  ok (194 us)
  Test-Compiler_InMemorySourceKeepsFormatCommandGlobalIfDuringFormat  ok (112 us)
  Test-Compiler_InMemorySourceSkipsFalseGlobalIf  ok (70 us)
  Test-Compiler_InMemorySourceSkipsTestCommandGlobalIfOutsideTests  ok (108 us)
  Test-Compiler_InMemorySourceKeepsTestCommandGlobalIfDuringTests  ok (91 us)
  Test-Compiler_GenericUnionDeductionRemainsStableForHistoricalRandomSeed1002  ok (291 ms)
  Test-Compiler_GenericUnionDeductionRemainsStableForHistoricalRandomSeed1009  ok (304 ms)
  Test-Compiler_GenericUnionDeductionRemainsStableForHistoricalRandomSeed1032  ok (318 ms)
  Test-Compiler_GenericUnionDeductionRemainsStableForHistoricalRandomSeed1143  ok (309 ms)
  Test-Compiler_AstVisitPreservesSiblingsAcrossPauseSkipAndRestart  ok (227 us)
  Test-Compiler_AstVisitResolvesChildrenWithoutFollowingActiveAncestors  ok (167 us)
  Test-Compiler_SymbolLocationSortKeepsStableTokenOrderWithinOneFile  ok (154 us)
  Test-Compiler_SymbolLocationSortKeepsCompositeKeysAcrossFiles  ok (145 us)
  Test-Compiler_MessagePassSkipsWithoutListeners  ok (867 us)
  Test-Compiler_MessagePassQueuesOnlyOncePerListener  ok (685 us)
  Test-Compiler_MessageAliasPayloadUsesUnderlyingType  ok (12 us)
  Test-Compiler_DiagnosticWarningSeverityColorIsMagenta  ok (0 us)
  Test-Compiler_DiagnosticCatalogFollowsSwagMessageStyle  ok (895 us)
  Test-Compiler_AssertDiagnosticPreservesLiteralSuffixQuotes  ok (116 us)
  Test-Compiler_DiagnosticEscapesQuotedArgumentTicks  ok (27 us)
  Test-Compiler_DiagnosticArgumentCountDoesNotRepeatUnit  ok (164 us)
  Test-Compiler_DiagnosticRemovesUnexpandedWordPlaceholders  ok (25 us)
  Test-Compiler_NativeExitCodeDiagnosticShowsDecimalAndHex  ok (20 us)
  Test-Compiler_DiagnosticEscapesQuotedArgumentWithoutBreakingHelpSplit  ok (25 us)
  Test-NodePayload_ConcurrentUpdatesPreserveDisjointState  ok (16 ms)
  Test-Compiler_CommandLineTagsReachSema  ok (343 ms)
  Test-Compiler_InternalTagPrecedesUserOverride  ok (383 ms)
  Test-Compiler_TestCommandEnablesSourceDrivenModeWhenParsed  ok (230 us)
  Test-Compiler_DebugOptionEnablesDebugInformation  ok (128 us)
  Test-Compiler_ReleaseBuildDoesNotEnableDebugInformation  ok (108 us)
  Test-Compiler_TestCommandRegistersSwagTestCompilerTag  ok (401 ms)
  Test-Compiler_UnittestCommandKeepsSourceDrivenModeDisabledWhenParsed  ok (326 us)
  Test-Compiler_RunCommandParsesRunArgs  ok (160 us)
  Test-Compiler_TestCommandForcesSwagTestRunArg  ok (124 us)
  Test-Compiler_TestCommandDoesNotDuplicateSwagTestRunArg  ok (67 us)
  Test-Compiler_TestCommandKeepsExplicitSandboxRoot  ok (8 us)
  Test-Compiler_TestCommandGrantsTheModuleAsCorpus  ok (24 us)
  Test-Compiler_TestCommandGrantsTheWorkspaceWithoutAModule  ok (10 us)
  Test-Compiler_SmokeCommandGrantsNoCorpus  ok (8 us)
  Test-DebugInfo_EmitsWindowsSymbolAndTypeRecords  ok (279 us)
  Test-DebugInfo_PdbInfoEmitsWindowsBuildInfo  ok (102 us)
  Test-DebugInfo_EmitsWindowsVariableAndConstantRecords  ok (150 us)
  Test-DebugInfo_UsesPerVariableBaseRegistersForRegRelativeSymbols  ok (77 us)
  Test-DebugInfo_CollapsesConsecutiveSameLineEntries  ok (216 us)
  Test-DebugInfo_SkipsNoStepLineEntries  ok (163 us)
  Test-DebugInfo_FirstLineCoversEntry  ok (159 us)
  Test-DebugInfo_ResolvesNoStepBackendSourceInfo  ok (40 us)
  Test-DebugInfo_UsesOwnerSourceFileForGeneratedViews  ok (178 us)
  Test-DebugInfo_UsesDebugSourceCodeRefForGeneratedViewLines  ok (799 us)
  Test-DebugInfo_CompilerTestFunctionsPreserveStackDebugMetadata  ok (637 ms)
  Test-DebugInfo_RuntimeStorageLocalsStayOutOfCodeView  ok (637 ms)
  Test-DebugInfo_CompilerPrivateGlobalsReachCodeViewDataSymbols  ok (624 ms)
  Test-DebugInfo_EmitsWindowsSourceChecksums  ok (239 us)
  Test-EncodeX64_Flow         ok (1 ms)
  Test-EncodeX64_Load         ok (9 ms)
  Test-EncodeX64_CmpAndCond   ok (1 ms)
  Test-EncodeX64_VecPackedOps  ok (7 ms)
  Test-EncodeX64_LegalizeLargeCmpRegImmPreservesLhs  ok (151 us)
  Test-EncodeX64_UnaryOps     ok (315 us)
  Test-EncodeX64_BinaryRegRegOps  ok (3 ms)
  Test-EncodeX64_BinaryRegMemOps  ok (253 us)
  Test-EncodeX64_BinaryMemRegOps  ok (573 us)
  Test-EncodeX64_BinaryImmOps  ok (3 ms)
  Test-EncodeX64_TernaryAndConvert  ok (731 us)
  Test-EncodeX64_UnwindFromMicro  ok (132 us)
  Test-EncodeX64_UnwindFramePointerSetupAfterStackShape  ok (94 us)
  Test-EncodeX64_UnwindStopsBeforeStackStoreBody  ok (90 us)
  Test-EncodeX64_UnwindUpdatesFramePointerWhenAssignedTwice  ok (87 us)
  Test-EncodeX64_UnwindLocalStackBaseIsNotAFrameRegister  ok (80 us)
  Test-EncodeX64_UnwindStopsAfterBodyStart  ok (65 us)
  Test-FormatAlign_ConsecutiveAssignments  ok (990 us)
  Test-FormatAlign_ConsecutiveAliases  ok (702 us)
  Test-FormatAlign_AliasesAcrossAttributesAndBlankLines  ok (469 us)
  Test-FormatAlign_AssignmentsBreakOnIndentation  ok (592 us)
  Test-FormatAlign_AssignmentsBreakOnBlankLine  ok (408 us)
  Test-FormatAlign_AssignmentsAcrossBlanks  ok (389 us)
  Test-FormatAlign_ConsecutiveDeclarations  ok (391 us)
  Test-FormatAlign_ControlDeclarationsBreakDeclarationGroups  ok (459 us)
  Test-FormatAlign_ConsecutiveConstants  ok (346 us)
  Test-FormatAlign_StructFields  ok (408 us)
  Test-FormatAlign_EnumValues  ok (287 us)
  Test-FormatAlign_NoneRemovesAlignment  ok (233 us)
  Test-FormatAlign_TrailingComments  ok (300 us)
  Test-FormatAlign_TrailingCommentsBreakOnIndentation  ok (402 us)
  Test-FormatAlign_TrailingCommentsNormalized  ok (284 us)
  Test-FormatAlign_FatArrowsConsecutive  ok (325 us)
  Test-FormatAlign_FatArrowsBreakOnPlainFunction  ok (357 us)
  Test-FormatAlign_SingletonTightensStalePadding  ok (316 us)
  Test-FormatAlign_StructFieldsWithTypeQualifiers  ok (375 us)
  Test-FormatAlign_StructFieldGridMixed  ok (421 us)
  Test-FormatAlign_StructFieldGridOffKeepsSingleColumn  ok (214 us)
  Test-FormatAlign_DeclarationGridInitializers  ok (282 us)
  Test-FormatAlign_ConstantGridTypes  ok (279 us)
  Test-FormatAlign_QualifiedConstantGridTypes  ok (216 us)
  Test-FormatAlign_QualifiedDeclarationPrefixes  ok (448 us)
  Test-FormatAlign_CaseBodiesConsecutive  ok (470 us)
  Test-FormatAlign_ArrayColumns  ok (210 us)
  Test-FormatAlign_ArrayColumnsSkipsRaggedRows  ok (169 us)
  Test-FormatAlign_HangingLineFollowsAlignedAnchor  ok (303 us)
  Test-FormatAlign_AfterOpenBracketUsesLiteralBrace  ok (424 us)
  Test-FormatAlign_AfterOpenBracketKeepsDataTableRows  ok (183 us)
  Test-FormatAlign_OperandsInsideBracketAnchorOnBracket  ok (207 us)
  Test-FormatAlign_OperandsOutsideBracketAnchorOnStatement  ok (194 us)
  Test-FormatAlign_OutlierGapLeavesLongLineAlone  ok (199 us)
  Test-FormatAlign_OutlierGapKeepsGradedTable  ok (188 us)
  Test-FormatAlign_OutlierGapDropsBothEnds  ok (200 us)
  Test-FormatAlign_AcrossBlanksReadsTheCappedBlankCount  ok (184 us)
  Test-FormatAlign_AccessModifierLineDoesNotBreakTheGroup  ok (285 us)
  Test-FormatAlign_WrappedArgumentsFollowTheAlignedHead  ok (443 us)
  Test-FormatAttributes_OwnLine  ok (261 us)
  Test-FormatAttributes_Inline  ok (224 us)
  Test-FormatAttributes_BreakAfterAttribute  ok (222 us)
  Test-FormatAttributes_Grouped  ok (262 us)
  Test-FormatAttributes_SortArguments  ok (357 us)
  Test-FormatAttributes_SortArgumentsWithDifferentPieceCounts  ok (295 us)
  Test-FormatAttributes_SpaceAfterAttributeComma  ok (249 us)
  Test-FormatBlanks_MaxConsecutiveEmptyLinesUnlimited  ok (287 us)
  Test-FormatBlanks_MaxConsecutiveEmptyLinesCollapses  ok (245 us)
  Test-FormatBlanks_MaxConsecutiveEmptyLinesOne  ok (260 us)
  Test-FormatBlanks_AfterOpeningBraceNever  ok (234 us)
  Test-FormatBlanks_AfterOpeningBracePreserve  ok (231 us)
  Test-FormatBlanks_AfterOpeningBraceAlways  ok (300 us)
  Test-FormatBlanks_BeforeClosingBraceNever  ok (227 us)
  Test-FormatBlanks_BeforeClosingBracePreserve  ok (260 us)
  Test-FormatBlanks_BeforeClosingBraceAlways  ok (204 us)
  Test-FormatBlanks_AroundAccessBlocksAlways  ok (375 us)
  Test-FormatBlanks_AroundAccessBlocksNever  ok (437 us)
  Test-FormatBlanks_AroundAccessBlocksPreserve  ok (339 us)
  Test-FormatBlanks_TrimTrailingNewlinesCollapsesToOne  ok (279 us)
  Test-FormatBlanks_TrimTrailingNewlinesDisabled  ok (231 us)
  Test-FormatBlanks_CombinedBlockEdges  ok (268 us)
  Test-FormatBlanks_BeforeFunctionAlways  ok (315 us)
  Test-FormatBlanks_BeforeFunctionKeepsDocCommentAttached  ok (399 us)
  Test-FormatBlanks_BeforeFunctionKeepsShortFormsStacked  ok (372 us)
  Test-FormatBlanks_BeforeTypeAlways  ok (261 us)
  Test-FormatBlanks_BeforeCommentBlockAlways  ok (266 us)
  Test-FormatBlanks_BeforeCommentBlockKeepsBlockStartAndRuns  ok (232 us)
  Test-FormatBlanks_BeforeCommentBlockKeepsInlineBodyStart  ok (280 us)
  Test-FormatBlanks_AfterGlobalBlockInsertsBlank  ok (260 us)
  Test-FormatBlanks_AfterGlobalThenUsingBlocks  ok (179 us)
  Test-FormatBlanks_BetweenCasesMultiLine  ok (313 us)
  Test-FormatBlanks_BetweenCasesNeverRemovesBlanks  ok (234 us)
  Test-FormatBlanks_AfterStandaloneClosingBraceAlways  ok (319 us)
  Test-FormatBlanks_AfterStandaloneClosingBraceNever  ok (323 us)
  Test-FormatBlanks_AfterStandaloneClosingBracePreserve  ok (293 us)
  Test-FormatBlanks_AfterStandaloneClosingBraceKeepsElseAttached  ok (311 us)
  Test-FormatBraces_AllmanMovesBraceToOwnLine  ok (260 us)
  Test-FormatStatements_OneStatementPerLine  ok (550 us)
  Test-FormatStatements_UsingFieldPrefixStaysTogether  ok (370 us)
  Test-FormatStatements_OneEnumValuePerLine  ok (325 us)
  Test-FormatBraces_ShortInlineDoBodiesSplit  ok (422 us)
  Test-FormatBraces_DestructuringPatternsStayInlineAndIndentAsStatements  ok (797 us)
  Test-FormatBraces_AttachJoinsBrace  ok (334 us)
  Test-FormatBraces_AllmanOnControlBlocks  ok (389 us)
  Test-FormatBraces_BreakBeforeElse  ok (402 us)
  Test-FormatBraces_JoinElseToBrace  ok (347 us)
  Test-FormatBraces_CompactEmptyBraces  ok (326 us)
  Test-FormatBraces_ShortFunctionsNeverSplits  ok (330 us)
  Test-FormatBraces_ShortFunctionsNeverKeepsEmpty  ok (297 us)
  Test-FormatBraces_SourceSelectsDefinitionLayout  ok (1 ms)
  Test-FormatBraces_ShortBlocksInlineJoins  ok (377 us)
  Test-FormatBraces_ShortIfNeverSplits  ok (420 us)
  Test-FormatBraces_ShortLoopsJoin  ok (359 us)
  Test-FormatBraces_ShortEnumsSplit  ok (266 us)
  Test-FormatBraces_ShortCaseSplits  ok (425 us)
  Test-FormatBraces_ShortCaseJoins  ok (391 us)
  Test-FormatBraces_CaseUniformJoinsJumpTable  ok (456 us)
  Test-FormatBraces_CaseUniformExpandsMixedSwitch  ok (497 us)
  Test-FormatBraces_StaticIfChainAlignsAndBreaks  ok (456 us)
  Test-FormatBraces_StaticControl  ok (557 us)
  Test-FormatBraces_StaticIfSingleLineChainStaysInline  ok (425 us)
  Test-FormatBraces_MultiLineBlockContentLeavesBraceLines  ok (482 us)
  Test-FormatBraces_AllmanOnStaticIfBlocks  ok (330 us)
  Test-FormatBraces_ShortStructsKeepTupleTypes  ok (427 us)
  Test-FormatBraces_ShortStructsStillSplitDeclarations  ok (294 us)
  Test-FormatBraces_ShortFunctionsKeepClosureArguments  ok (600 us)
  Test-FormatBraces_ShortBlocksKeepInitializerLiterals  ok (955 us)
  Test-FormatBraces_ShortFunctionsInlineKeepsClosureBodies  ok (525 us)
  Test-FormatStatements_RemoveRedundantSemicolons  ok (393 us)
  Test-FormatStatements_RemoveConditionParentheses  ok (493 us)
  Test-FormatBraces_BreakBeforeWhere  ok (316 us)
  Test-FormatBraces_ShortClosuresNeverSplits  ok (385 us)
  Test-FormatBraces_UniformKeepsArmsWhoseCallIsWrapped  ok (594 us)
  Test-FormatBraces_UniformExpandsWhenAnArmCarriesABlock  ok (1 ms)
  Test-FormatBraces_SemicolonPushedToEndOfLineByWrappingIsRemoved  ok (263 us)
  Test-FormatBraces_AnonymousStructTypeKeepsItsShape  ok (250 us)
  Test-FormatComments_SpaceAfterLineCommentPrefix  ok (158 us)
  Test-FormatComments_NormalizeSectionSeparators  ok (241 us)
  Test-FormatComments_ReflowParagraph  ok (264 us)
  Test-FormatComments_ReflowJoinsShortLines  ok (162 us)
  Test-FormatComments_NormalizeMode  ok (136 us)
  Test-FormatComments_LastInBlockKeepsBlockIndent  ok (383 us)
  Test-FormatComments_LastInNestedBlockKeepsBlockIndent  ok (294 us)
  Test-FormatComments_LastInSwitchKeepsArmIndent  ok (299 us)
  Test-FormatComments_BeforeCaseLabelKeepsLabelIndent  ok (372 us)
  Test-FormatComments_InsideABracketSettleInOnePass  ok (681 us)
  Test-FormatFile_InlineBodyOwnsNestedBraceIndent  ok (492 us)
  Test-FormatFile_InlineIfBranchStopsBeforeElse  ok (441 us)
  Test-FormatFile_CatchHandlerAlignsAndIndents  ok (283 us)
  Test-FormatFile_InlineDestructuringIsNotABlock  ok (417 us)
  Test-FormatFile_InsertFinalNewline  ok (154 us)
  Test-FormatFile_TrimLeadingBlankLines  ok (153 us)
  Test-FormatFile_TrimLeadingBlankLinesDisabled  ok (136 us)
  Test-FormatFile_ReservedIdentifiersAreFormattable  ok (198 us)
  Test-FormatFile_IndentInsideParensEnforcesContinuation  ok (250 us)
  Test-FormatFile_AlignOperandsOnWrappedCondition  ok (232 us)
  Test-FormatFile_WhereClauseIndent  ok (263 us)
  Test-FormatFile_WhereBlockIndent  ok (239 us)
  Test-FormatFile_EndOfLineStyleLf  ok (162 us)
  Test-FormatFile_EndOfLineStyleCrLf  ok (148 us)
  Test-FormatFile_TrimTrailingWhitespace  ok (147 us)
  Test-FormatFile_BlankLineAfterUsingBlock  ok (193 us)
  Test-FormatFile_BlankLineBeforeFunctionDefinition  ok (237 us)
  Test-FormatFile_IndentStyleSpacesNormalizesTabs  ok (208 us)
  Test-FormatFile_IndentStyleTabs  ok (161 us)
  Test-FormatFile_ReindentFixesBadIndent  ok (252 us)
  Test-FormatFile_ElseBeforeNestedIfAligns  ok (543 us)
  Test-FormatFile_IndentNamespaceBodyOff  ok (382 us)
  Test-FormatFile_IndentCaseLabels  ok (757 us)
  Test-FormatLiteral_PreserveLeavesNumericLiteralsUntouched  ok (413 us)
  Test-FormatLiteral_PreserveCharacterTypeSuffix  ok (202 us)
  Test-FormatLiteral_HexDigitCaseUpperAndLower  ok (312 us)
  Test-FormatLiteral_HexPrefixCaseUpperAndLower  ok (266 us)
  Test-FormatLiteral_FloatExponentCaseUpperAndLower  ok (294 us)
  Test-FormatLiteral_NormalizeHexDigitSeparators  ok (213 us)
  Test-FormatLiteral_NormalizeBinaryDigitSeparators  ok (282 us)
  Test-FormatLiteral_NormalizeDecimalDigitSeparators  ok (209 us)
  Test-FormatLiteral_NormalizeFloatDigitSeparators  ok (488 us)
  Test-FormatLiteral_CombinedHexCaseAndNormalization  ok (202 us)
  Test-FormatOff_LineCommentDisablesNumberFormatting  ok (251 us)
  Test-FormatOff_NoOnComment_RestOfFileRaw  ok (238 us)
  Test-FormatOff_MultipleRegions  ok (274 us)
  Test-FormatOff_BlockComment  ok (274 us)
  Test-FormatOff_CustomMarkers  ok (445 us)
  Test-FormatOff_EolNotRewrittenInDisabledRegion  ok (360 us)
  Test-FormatSpacing_SpaceAfterComma  ok (380 us)
  Test-FormatSpacing_NormalizeHorizontalWhitespace  ok (236 us)
  Test-FormatSpacing_NamedArgumentColons  ok (234 us)
  Test-FormatSpacing_TrueOptionsKeepManualAlignment  ok (232 us)
  Test-FormatSpacing_NoSpaceAfterComma  ok (318 us)
  Test-FormatSpacing_SpaceAroundAssignment  ok (264 us)
  Test-FormatSpacing_NoSpaceAroundAssignment  ok (226 us)
  Test-FormatSpacing_SpaceAroundBinaryOperators  ok (208 us)
  Test-FormatSpacing_NoSpaceAroundBinaryOperators  ok (167 us)
  Test-FormatSpacing_SpaceAroundArrow  ok (419 us)
  Test-FormatSpacing_FatArrow  ok (660 us)
  Test-FormatSpacing_ColonInDeclarations  ok (293 us)
  Test-FormatSpacing_ColonInBaseClause  ok (260 us)
  Test-FormatSpacing_InsideParentheses  ok (577 us)
  Test-FormatSpacing_InEmptyParentheses  ok (404 us)
  Test-FormatSpacing_InsideBrackets  ok (1 ms)
  Test-FormatSpacing_AfterCast  ok (675 us)
  Test-FormatSpacing_AfterKeyword  ok (742 us)
  Test-FormatSpacing_AfterUnaryOperator  ok (405 us)
  Test-FormatSpacing_PostfixDereference  ok (402 us)
  Test-FormatSpacing_BeforeParenthesesControl  ok (923 us)
  Test-FormatSpacing_InsideBracesOfLiterals  ok (502 us)
  Test-FormatSpacing_FailClosesAFunctionTypeNotAnOperand  ok (349 us)
  Test-FormatStyle_PreserveNormalizesNothing  ok (538 us)
  Test-FormatStyle_DefaultOptionsArePreserve  ok (1 ms)
  Test-FormatStyle_SwagIsTheCanonicalLayout  ok (808 us)
  Test-FormatStyle_SwagIntrinsicCallsStayStable  ok (1 ms)
  Test-FormatStyle_SwagKeepsAccessModifiersWithTheirDeclarations  ok (498 us)
  Test-FormatStyle_SwagKeepsStorageAndAccessModifierOrders  ok (23 ms)
  Test-FormatStyle_SwagSeparatesAccessBlocks  ok (851 us)
  Test-FormatStyle_SwagLeavesLineEndingsAndColumnsAlone  ok (422 us)
  Test-FormatStyle_DescribeRendersEveryOption  ok (570 us)
  Test-FormatUsing_SortAscending  ok (472 us)
  Test-FormatUsing_SortCaseInsensitive  ok (315 us)
  Test-FormatUsing_BlankLineSplitsRuns  ok (218 us)
  Test-FormatUsing_Merge      ok (222 us)
  Test-FormatUsing_SortAndMerge  ok (162 us)
  Test-FormatWrap_BreaksAfterComma  ok (395 us)
  Test-FormatWrap_ForceSingleLineLists  ok (393 us)
  Test-FormatWrap_FormatterSelectsListLineMode  ok (696 us)
  Test-FormatWrap_SourceSelectsSingleLineLists  ok (379 us)
  Test-FormatWrap_SourceSelectsNestedSingleLineLists  ok (423 us)
  Test-FormatWrap_HangingIndentLists  ok (335 us)
  Test-FormatWrap_HangingAlignLists  ok (471 us)
  Test-FormatWrap_VerticalLists  ok (351 us)
  Test-FormatWrap_BlockLists  ok (419 us)
  Test-FormatWrap_ForceSingleLineLogicalExpressions  ok (438 us)
  Test-FormatWrap_SourceSelectsSingleLineLogicalExpressions  ok (338 us)
  Test-FormatWrap_LogicalOperatorsAfter  ok (352 us)
  Test-FormatWrap_LogicalOperatorsBefore  ok (315 us)
  Test-FormatWrap_LogicalOperandsOnePerLine  ok (298 us)
  Test-FormatWrap_LogicalHangingIndent  ok (349 us)
  Test-FormatWrap_LogicalOperandsPack  ok (295 us)
  Test-FormatWrap_FormatterSelectsLogicalExpressionLineMode  ok (368 us)
  Test-FormatWrap_NestedLogicalExpressions  ok (626 us)
  Test-FormatWrap_NormalizesAdversarialLists  ok (797 us)
  Test-FormatWrap_NormalizesAdversarialLogicalExpression  ok (506 us)
  Test-FormatWrap_AlignsMultilineArgumentContents  ok (513 us)
  Test-FormatWrap_ClosureCapturesStayInsideArgument  ok (782 us)
  Test-FormatWrap_NoWrapWhenDisabled  ok (453 us)
  Test-FormatWrap_BreakBeforeBinaryOperators  ok (330 us)
  Test-FormatWrap_BinPackLists  ok (418 us)
  Test-FormatWrap_BinPackParametersOnePerLine  ok (336 us)
  Test-FormatWrap_BinPackArgumentsOnePerLine  ok (407 us)
  Test-FormatWrap_NoColumnLimitNeverMovesAStatementBreak  ok (725 us)
  Test-FormatWrap_ColumnLimitBreaksHighestInTheExpression  ok (494 us)
  Test-FormatWrap_ColumnLimitAlignsNewOperandLinesInOnePass  ok (475 us)
  Test-FormatWrap_ColumnLimitBreaksAtTheLoosestOperator  ok (557 us)
  Test-FormatWrap_ColumnLimitKeepsOneIndentPerStatement  ok (428 us)
  Test-FormatWrap_ContinuationOutsideBracketsTakesCanonicalIndent  ok (349 us)
  Test-FormatWrap_ContinuationInsideBracketsKeepsRelativeIndent  ok (370 us)
  Test-FormatWrap_WrappedCaseValuesAlignUnderTheFirstValue  ok (519 us)
  Test-FormatWrap_SourceSelectsLiteralLayout  ok (585 us)
  Test-FormatWrap_HugTrailingTableArgument  ok (441 us)
  Test-FormatWrap_HugTrailingClosureArgument  ok (440 us)
  Test-FormatWrap_HugTrailingBlockLiteralItem  ok (457 us)
  Test-FormatWrap_HugSkipsEarlierMultilineArgument  ok (483 us)
  Test-JIT_Return42           ok (216 us)
  Test-JIT_RegAllocAvoidsFutureConcreteClobber  ok (181 us)
  Test-JIT_128BitStackCopy    ok (472 us)
  Test-JIT_PointerSpillRoundTrip  ok (347 us)
  Test-JIT_B32LoadAndZeroExtendKeepsUpperBitsClear  ok (256 us)
  Test-JIT_PackedIntegerOps   ok (211 us)
  Test-JIT_VecCodecOps        ok (578 us)
  Test-JIT_VecFloatOps        ok (205 us)
  Test-JIT_SlpVectorizedLanes  ok (3 ms)
  Test-JIT_ConstantDivisionBaseline  ok (6 ms)
  Test-JIT_ConstantDivisionStrengthReduced  ok (26 ms)
  Test-JIT_PersistentRegPreservedAcrossCall  ok (277 us)
  Test-BranchSimplify_ErasesJumpToImmediateLabel  ok (184 us)
  Test-BranchSimplify_ThreadsJumpThroughEmptyBlock  ok (187 us)
  Test-BranchSimplify_FoldsKnownTrueBranch  ok (146 us)
  Test-BranchSimplify_FoldsKnownFalseBranch  ok (120 us)
  Test-BranchSimplify_FoldsKnownSignedLessBranch  ok (114 us)
  Test-BranchSimplify_FoldsKnownUnsignedBelowBranch  ok (112 us)
  Test-BranchSimplify_ErasesDeadTailAfterRet  ok (82 us)
  Test-BranchSimplify_ConvertsMinPatternToCmov  ok (86 us)
  Test-BranchSimplify_ConvertsConditionalConstantToCmov  ok (82 us)
  Test-BranchSimplify_KeepsMultiInstructionBranchBody  ok (86 us)
  Test-BranchSimplify_ThreadsShortCircuitExit  ok (134 us)
  Test-BranchSimplify_KeepsReferencedLabel  ok (109 us)
  Test-BranchSimplify_KeepsByteSelectBranch  ok (78 us)
  Test-BranchSimplify_ConvertsDiamondSelectToCmov  ok (110 us)
  Test-BranchSimplify_ConvertsDiamondConstantsToCmov  ok (101 us)
  Test-BranchSimplify_SinksCompareBelowFlagWritingArm  ok (119 us)
  Test-BranchSimplify_KeepsDiamondWithGuardedLoad  ok (87 us)
  Test-BranchSimplify_KeepsDiamondWithSharedArmLabel  ok (106 us)
  Test-BranchSimplify_KeepsDiamondWhenArmReadsResultFirst  ok (91 us)
  Test-BranchSimplify_KeepsDiamondWhenArmClobbersCompareInput  ok (101 us)
  Test-BranchSimplify_KeepsByteDiamond  ok (91 us)
  Test-BranchSimplify_ConvertsEarlyReturnToCmov  ok (90 us)
  Test-BranchSimplify_ConvertsEarlyReturnChainToCmovs  ok (189 us)
  Test-BranchSimplify_KeepsEarlyReturnWithGuardedLoad  ok (73 us)
  Test-BranchSimplify_SinksCompareBelowFlagWritingEarlyReturn  ok (97 us)
  Test-BranchSimplify_InvertsJumpPairAfterImmediateJumpErasure  ok (108 us)
  Test-BranchSimplify_TriangleScratchPreservesAcceptedPlanOrder  ok (390 us)
  Test-ConstantFolding_FoldBinaryRegImm  ok (53 us)
  Test-ConstantFolding_FoldCopyFromKnown  ok (41 us)
  Test-ConstantFolding_ChainedFold  ok (49 us)
  Test-ConstantFolding_FoldFromClearReg  ok (39 us)
  Test-ConstantFolding_FoldAcrossJoinSameConstant  ok (64 us)
  Test-ConstantFolding_BinaryRequiresKnownInputsAndDeadFlags  ok (383 us)
  Test-CopyElim_SelfCopy_Erased  ok (80 us)
  Test-CopyElim_ChainedCopies_CanonicalizesSource  ok (60 us)
  Test-CopyElim_RewritesPureUseAcrossJoin  ok (89 us)
  Test-CopyElim_DoesNotPropagatePastSourceRedefinition  ok (45 us)
  Test-CopyElim_TransfersForbiddenPhysRegsToCanonicalSource  ok (47 us)
  Test-CopyElim_DoesNotRewriteUseDefOperand  ok (42 us)
  Test-DeadCodeElimination_RemovesEntireDeadChain  ok (1 ms)
  Test-DeadCodeElimination_JoinTracksSurvivingConsumers  ok (176 us)
  Test-DeadCodeElimination_PhiCyclesNeedAnInstructionConsumer  ok (178 us)
  Test-DeadCodeElimination_DeadFlagConsumerExposesArithmetic  ok (99 us)
  Test-InstCombine_Identity_AddZero_Erased  ok (107 us)
  Test-InstCombine_ConstantAddressLoad_FoldsToRip  ok (113 us)
  Test-InstCombine_RelocatedLoad_UsesExactTargetAndLiveMemory  ok (1 ms)
  Test-InstCombine_Absorbing_AndZero_BecomesClear  ok (44 us)
  Test-InstCombine_Absorbing_OrAllOnes_BecomesLoadImm  ok (72 us)
  Test-InstCombine_Reassociate_AddAdd  ok (76 us)
  Test-InstCombine_Reassociate_AddSub_PicksAdd  ok (47 us)
  Test-InstCombine_Reassociate_ShiftLeftChain  ok (50 us)
  Test-InstCombine_Reassociate_ShiftOverflow_NotFolded  ok (43 us)
  Test-InstCombine_RegReg_XorSelf_BecomesClear  ok (40 us)
  Test-InstCombine_RegReg_SubSelf_BecomesClear  ok (40 us)
  Test-InstCombine_RegReg_AndSelf_DeadErased  ok (39 us)
  Test-InstCombine_Reassociate_MulMulSigned  ok (56 us)
  Test-InstCombine_Reassociate_OrOr  ok (48 us)
  Test-InstCombine_MemFold_Imm_Consecutive  ok (80 us)
  Test-InstCombine_MemFold_Reg_Consecutive  ok (65 us)
  Test-InstCombine_MemFold_NonConsecutive  ok (61 us)
  Test-InstCombine_MemFold_VtReadAfterStore_NotFolded  ok (81 us)
  Test-InstCombine_MaskBeforeLeftShift_DroppedDirect  ok (57 us)
  Test-InstCombine_MaskBeforeLeftShift_DroppedThroughCopies  ok (118 us)
  Test-InstCombine_MaskBeforeLeftShift_KeptWhenMaskTooNarrow  ok (53 us)
  Test-InstCombine_MaskBeforeRightShift_Kept  ok (50 us)
  Test-InstCombine_ZeroExtendOfDwordLoad_BecomesCopy  ok (90 us)
  Test-InstCombine_ZeroExtendOfQwordLoad_Kept  ok (56 us)
  Test-InstCombine_MaskedAddOfZeroExtendedWords_NarrowsToDword  ok (85 us)
  Test-InstCombine_MaskedAddWithQwordReader_Kept  ok (76 us)
  Test-InstCombine_MaskedShift_Kept  ok (92 us)
  Test-InstCombine_MemoryFoldTriple_InsideLoop  ok (203 us)
  Test-InstCombine_MemoryFoldTriple_LeavesLoopFrameSlot  ok (161 us)
  Test-InstCombine_ZeroExtendOfDwordPhi_BecomesCopy  ok (164 us)
  Test-InstCombine_MultiplyAdd_BecomesTwoAddresses  ok (3 ms)
  Test-InstCombine_MultiplyAdd_PreservesObservedValuesAndFlags  ok (308 us)
  Test-InstCombine_AddressCopy_DefinesAccumulatorDirectly  ok (68 us)
  Test-InstCombine_FloatResultCopy_DefinesAccumulatorDirectly  ok (291 us)
  Test-InstCombine_SqrtResultCopy_PreservesPackedDestination  ok (109 us)
  Test-InstCombine_SqrtResultCopy_KeepsOtherUses  ok (82 us)
  Test-InstCombine_SharedAndInputs_PreservesValuesAndFlags  ok (1 ms)
  Test-InstructionCombine_FoldsBooleanSelect  ok (162 us)
  Test-InstructionCombine_KeepsUnsafeBooleanSelect  ok (186 us)
  Test-InstCombine_RangeProvedCompare_ClampErased  ok (97 us)
  Test-InstCombine_RangeProvedCompare_WideMaskKept  ok (60 us)
  Test-InstCombine_RangeProvedCompare_NarrowWriteKept  ok (55 us)
  Test-InstCombine_VectorPlans_KeepFreshRegistersAcrossRollback  ok (213 us)
  Test-MicroDominators_MatchReachabilityWithANodeRemoved  ok (75 us)
  Test-LICM_HoistsInvariantLoad  ok (123 us)
  Test-LICM_HoistsSingleUseLaneBroadcast  ok (93 us)
  Test-LICM_KeepsVolatileLoadInLoop  ok (45 us)
  Test-LICM_HoistsFloatConversionAcrossCallWithLiveIntegerFlags  ok (205 us)
  Test-LICM_KeepsIntegerClearWhenFlagsAreLiveAtEitherSite  ok (107 us)
  Test-LICM_HoistsScalarLiteralLoadsButKeepsZeroLocal  ok (389 us)
  Test-MicroDomTree_MatchesPathsThroughDiamondAndLoop  ok (196 us)
  Test-NaturalLoop_CollectBody_CountsMembersOnceAcrossTailsAndRebuilds  ok (15 us)
  Test-LoopUnroll_MultipleLoops_RebuildsIncomingJumpRanges  ok (98 us)
  Test-LoopUnroll_MultipleIncomingJumps_PreservesLoop  ok (34 us)
  Test-LoopUnroll_ExternalJumpToBody_PreservesLoop  ok (82 us)
  Test-MemToReg_PlainSlot_Promotes  ok (95 us)
  Test-MemToReg_RedefinedAddressRegister_BailsFunction  ok (54 us)
  Test-MemToReg_UnwrittenWideAccess_BlocksOverlapButNotAdjacentSlot  ok (53 us)
  Test-MemToReg_WrappingWideAccess_KeepsNarrowOverlap  ok (39 us)
  Test-MicroPassManager_PostRa_RechecksSuffixAfterEachMutation  ok (26 us)
  Test-MicroPassManager_PostRa_RechecksSuffixWhenFirstSweepPolicyChanges  ok (25 us)
  Test-PostRADeadCodeElim_PreservesAbiLiveOut  ok (52 us)
  Test-PostRADeadCodeElim_UnusedReturnRegistersAreDead  ok (36 us)
  Test-PostRADeadCodeElim_LoopBackEdgeKeepsCarriedDefinition  ok (44 us)
  Test-PostRALoopHoist_InvariantReload_MovesToPreheader  ok (144 us)
  Test-PostRALoopHoist_SlotWrittenInBody_Blocks  ok (68 us)
  Test-PostRALoopHoist_OpaqueStoreInBody_Blocks  ok (66 us)
  Test-PostRALoopHoist_OpaqueStoreOverPrivateFrame_Hoists  ok (89 us)
  Test-PostRALoopHoist_SecondReload_BecomesCopy  ok (89 us)
  Test-PostRALoopHoist_DestinationLiveAtPreheader_Blocks  ok (59 us)
  Test-PostRALoopHoist_CarriedSlot_LeavesTheLoop  ok (110 us)
  Test-PostRALoopHoist_CarriedRegisterReusedElsewhere_Blocks  ok (71 us)
  Test-PostRALoopHoist_SecondDefinitionOfDestinationBlocks  ok (64 us)
  Test-PostRALoopRotate_IndependentHeadersRotate  ok (74 us)
  Test-PostRALoopRotate_SecondIncomingJumpBlocks  ok (34 us)
  Test-PostRALoopRotate_ConditionalBackEdgeBlocks  ok (33 us)
  Test-PostRAPeephole_Nop_Erased  ok (55 us)
  Test-PostRAPeephole_DoesNotForwardFromStoreClaimedByImmediateFold  ok (55 us)
  Test-PostRAPeephole_CopyForward_DoesNotCrossClaimedStoreReload  ok (51 us)
  Test-PostRAPeephole_ErasesStoreOverwrittenBeforeMemoryAccess  ok (31 us)
  Test-PostRAPeephole_DoesNotEraseOverwrittenNonFrameStore  ok (27 us)
  Test-PostRAPeephole_ErasesOwnStoreReloadOnConditionalFallthrough  ok (38 us)
  Test-PostRAPeephole_ForwardsStoredValueToReload  ok (34 us)
  Test-PostRAPeephole_CopyForward_StopsAtEncoderImplicitDef  ok (49 us)
  Test-Legalize_ScratchExcludesFirstReadsInAbiOrder  ok (56 us)
  Test-Legalize_ScratchExclusionsStopBeforeBarrierUses  ok (114 us)
  Test-Legalize_DoesNotPreserveDeadShiftRegisterAcrossJump  ok (49 us)
  Test-Legalize_RewritesB8SignedMultiplyRegMemToRax  ok (44 us)
  Test-Legalize_ClearsPositiveFloatZero  ok (112 us)
  Test-Legalize_KeepsNonzeroFloatBitsAndAddresses  ok (164 us)
  Test-Legalize_KeepsMemoryDestinationAdd  ok (31 us)
  Test-Legalize_KeepsMemoryExchange  ok (25 us)
  Test-PostRAPeephole_DoesNotForwardB8SignedMultiplyImmediate  ok (28 us)
  Test-PostRAPeephole_FoldsIntegerReloadIntoBinary  ok (36 us)
  Test-PostRAPeephole_KeepsIntegerReloadReadAfterConsumer  ok (31 us)
  Test-PostRAPeephole_FoldsIntegerReloadIntoCompare  ok (35 us)
  Test-PostRAPeephole_KeepsByteMultiplyReload  ok (28 us)
  Test-PostRAPeephole_SelfCopy_B64_Erased  ok (24 us)
  Test-PostRAPeephole_SelfCopy_IntB32_Preserved  ok (23 us)
  Test-PostRAPeephole_FallthroughJumpSkipsTrivialGap  ok (32 us)
  Test-PostRAPeephole_DeadCompareBeforeRet_Erased  ok (24 us)
  Test-PostRAPeephole_DeadCompareAfterRedundantJump_Erased  ok (31 us)
  Test-PostRAPeephole_LiveCompareForBranch_Preserved  ok (28 us)
  Test-PostRAPeephole_LoadCondRegRegKeepsCopyBecauseDestinationIsUseDef  ok (38 us)
  Test-PostRAPeephole_FlagReuse_SubThenCompareZero_CompareErased  ok (31 us)
  Test-PostRAPeephole_FlagReuse_UnsafeCondition_ComparePreserved  ok (28 us)
  Test-PostRAPeephole_FlagReuse_NonFlagProducer_ComparePreserved  ok (28 us)
  Test-PostRAPeephole_ZeroToClear_LiveFlagsDead_Converted  ok (28 us)
  Test-PostRAPeephole_ZeroToClear_DeadReg_NotConverted  ok (26 us)
  Test-PostRAPeephole_ZeroToClear_FlagsLive_NotConverted  ok (28 us)
  Test-PostRAPeephole_SelfOperand_FoldsWhenDestinationHoldsTheSlot  ok (29 us)
  Test-PostRAPeephole_SelfOperand_KeepsMemoryOperandWhenWindowExhausted  ok (44 us)
  Test-PreRAPeephole_FloatBinary_DefinesIndependentResult  ok (287 us)
  Test-PreRAPeephole_FloatBinary_PreservesCopiedSecondOperand  ok (62 us)
  Test-PreRAPeephole_ForwardsLoadImmIntoStore  ok (51 us)
  Test-PreRAPeephole_ForwardsLoadImmIntoCmpMem  ok (65 us)
  Test-PreRAPeephole_ForwardsLoadImmIntoMemBinary  ok (38 us)
  Test-PreRAPeephole_ForwardsCopyIntoNextUseOnlySlots  ok (40 us)
  Test-PreRAPeephole_TransfersForbiddenPhysRegsAcrossCopyForward  ok (36 us)
  Test-PreRAPeephole_DoesNotRewriteExchangeUseDefConsumer  ok (31 us)
  Test-PreRAPeephole_ForwardsLoadImmIntoAmcStore  ok (33 us)
  Test-PreRAPeephole_ForwardsClearRegIntoImmediateCompare  ok (30 us)
  Test-PreRAPeephole_FoldsExtendOfImmediate  ok (28 us)
  Test-PreRAPeephole_FoldsPointerImmediateIntoAddress  ok (29 us)
  Test-PreRAPeephole_CombinesAdjacentRegImmAdd  ok (39 us)
  Test-PreRAPeephole_KeepsAdjacentRegImmAddWhenFlagsAreLive  ok (32 us)
  Test-PreRAPeephole_FoldsCopyAddIntoLoadAddress  ok (30 us)
  Test-PreRAPeephole_FoldsCopyAddIntoLoadAddressDespiteMismatchedForbiddenRegs  ok (30 us)
  Test-PreRAPeephole_KeepsCopyAddWhenFlagsAreLive  ok (30 us)
  Test-PreRAPeephole_FoldsAmcIndexImmediateIntoSimpleLoad  ok (30 us)
  Test-PreRAPeephole_FoldsAddressBaseIntoAmcStore  ok (32 us)
  Test-PreRAPeephole_FoldsAmcAddressIntoStore  ok (37 us)
  Test-MicroPrologEpilogSanitize_MergesAdjacentStackAdjustments  ok (51 us)
  Test-MicroPrologEpilogSanitize_DoesNotMergeOutsideEntryExitRegions  ok (38 us)
  Test-MicroPrologEpilogSanitize_ExpandsLargeWindowsStackAdjustIntoPageProbes  ok (32 us)
  Test-MicroPrologEpilogSanitize_KeepsOnlyLastFramePointerSetupInEntryProlog  ok (33 us)
  Test-MicroPrologEpilogSanitize_ReinsertsForcedFramePointerSetupWhenMissing  ok (28 us)
  Test-MicroPrologEpilogSanitize_DoesNotTouchFramePointerSetupAfterBodyStarts  ok (28 us)
  Test-MicroReg_SameClassMatchesVirtualAndPhysicalRegisters  ok (52 us)
  Test-RegAlloc_UsesDedicatedLocalStackBaseRegister  ok (458 us)
  Test-RegAlloc_PersistentAcross  ok (914 us)
  Test-RegAlloc_NoCalls       ok (509 us)
  Test-RegAlloc_MixedIntFloat  ok (788 us)
  Test-RegAlloc_LotsOfVirtualRegs  ok (12 ms)
  Test-RegAlloc_PreservePersistentRegs_Enabled  ok (355 us)
  Test-RegAlloc_PreservePersistentRegs_Disabled  ok (249 us)
  Test-RegAlloc_PreservePersistentRegs_NoNeed  ok (239 us)
  Test-RegAlloc_Spill_IntPressureAcrossCall  ok (1 ms)
  Test-RegAlloc_Spill_FloatAcrossCall_NoPersistent  ok (847 us)
  Test-RegAlloc_VirtualRegForbiddenPhysRegs  ok (290 us)
  Test-RegAlloc_Spill_BalancedControlFlow  ok (1 ms)
  Test-RegAlloc_KnownComputedJumpKeepsIntervalAllocation  ok (602 us)
  Test-RegAlloc_LoadBaseAddressAcrossCall  ok (258 us)
  Test-RegAlloc_ConcreteLoadDestAcrossCall  ok (602 us)
  Test-RegAlloc_VirtualDefAvoidsLiveConcreteReg  ok (345 us)
  Test-RegAlloc_UsesPersistentFallbackWhenTransientPoolExhausted  ok (255 us)
  Test-RegAlloc_CoalescesLinearVirtualCopies  ok (224 us)
  Test-RegAlloc_TransfersDeadCopySourcesAcrossBarriers  ok (327 us)
  Test-RegAlloc_RematerializesImmediateReloads  ok (296 us)
  Test-MicroInstr_FloatToIntReplacesItsDestination  ok (39 us)
  Test-MicroInstr_SqrtReplacesItsDestination  ok (26 us)
  Test-MicroInstr_SqrtDropsOnlyOverwrittenInitialization  ok (167 us)
  Test-MicroInstr_FloatToIntKeepsOnlyLiveFlagInitialization  ok (89 us)
  Test-RegAlloc_LiveIntervalAccessSearchBoundaries  ok (7 us)
  Test-RegAlloc_LiveIntervalEmptyAndSingleAccess  ok (2 us)
  Test-RegAlloc_LiveIntervalRangeStartSearchBoundaries  ok (2 us)
  Test-MicroSanity_RejectsStackAddressReturnedAsPointer  ok (89 us)
  Test-MicroSanity_AllowsKnownNonStackPointer  ok (56 us)
  Test-MicroSanity_IgnoresStackAddressReturnedAsInteger  ok (55 us)
  Test-SinkToUse_MovesDefinitionToItsConsumer  ok (59 us)
  Test-SinkToUse_LoadCannotCrossBaseRedefinition  ok (30 us)
  Test-SinkToUse_LoadCannotCrossMemoryWrite  ok (29 us)
  Test-SlpVectorize_UnpackableStores_DoesNotBuildSsa  ok (70 us)
  Test-SlpVectorize_MultipleBlocks_PreservesSnapshotAndFreshRegisters  ok (217 us)
  Test-MicroSsa_PhiAtJoin     ok (111 us)
  Test-MicroSsa_Dominators_HandleEntryAndDescendantJoin  ok (38 us)
  Test-MicroSsa_ReachingDef_BeforeWritesAndAtNonUses  ok (29 us)
  Test-MicroSsa_ReachingDef_DominatorSiblings  ok (44 us)
  Test-MicroSsa_ReachingDef_LoopAndUnreachableRoot  ok (39 us)
  Test-MicroSsa_PhiAtJoinWithSharedPredecessorDominator  ok (78 us)
  Test-MicroSsa_PhiInputsFollowManyPredecessors  ok (279 us)
  Test-MicroSsa_RebuildAddsFrontierAfterLinearBlocks  ok (79 us)
  Test-MicroStackAdjustNormalize_RemovesBodyAdjustsAndRebasesOffsets  ok (118 us)
  Test-MicroStackAdjustNormalize_HandlesBranchingDepths  ok (64 us)
  Test-MicroStorage_InsertedInstructionsUseExplicitDebugInsertionKinds  ok (2 us)
  Test-MicroStorage_InsertBeforePreservesExplicitNoStepWhenSourceIsInherited  ok (1 us)
  Test-MicroStackAdjustNormalize_SkipsCallsBelowMaxDepth  ok (42 us)
  Test-StrengthReduction_MultiplyPowerOfTwo  ok (51 us)
  Test-StrengthReduction_MultiplyPowerOfTwoKeepsLiveFlags  ok (28 us)
  Test-StrengthReduction_MultiplyByZero  ok (23 us)
  Test-StrengthReduction_MultiplyByOne  ok (22 us)
  Test-StrengthReduction_MultiplyNonPowerOfTwoUnchanged  ok (22 us)
  Test-StrengthReduction_UnsignedDivideMagicNoFixup  ok (33 us)
  Test-StrengthReduction_UnsignedDivideMagicFixup  ok (40 us)
  Test-StrengthReduction_SignedDividePow2  ok (34 us)
  Test-StrengthReduction_SignedDivideMagic  ok (34 us)
  Test-StrengthReduction_UnsignedModuloMagic  ok (35 us)
  Test-StrengthReduction_SignedDivideNegativeConstantUnchanged  ok (23 us)
  Test-StrengthReduction_DivideByZeroUnchanged  ok (22 us)
  Test-StrengthReduction_NarrowDivideUnchanged  ok (22 us)
  Test-StrengthReduction_RemoveAddZeroDeadAcrossJoin  ok (70 us)
  Test-StrengthReduction_UnsignedMultiplyRequiresLocalFlagRedefinition  ok (219 us)
  Test-StrengthReduction_AddSubZeroPreservesLiveResultsAndFlags  ok (242 us)
  Test-ValueNumbering_DedupIdenticalCompute  ok (108 us)
  Test-ValueNumbering_KeepsDifferentInputs  ok (75 us)
  Test-ValueNumbering_KeepsComputeWithLiveFlags  ok (72 us)
  Test-ValueNumbering_DedupLoadAddress  ok (53 us)
  Test-ValueNumbering_KeepsComputeWhenSourceClobbered  ok (56 us)
  Test-ValueNumbering_DedupRepeatedLoad  ok (64 us)
  Test-ValueNumbering_DedupRepeatedFieldLoad  ok (56 us)
  Test-ValueNumbering_KeepsLoadAcrossStore  ok (58 us)
  Test-ValueNumbering_KeepsLoadAcrossLabel  ok (81 us)
  Test-ValueNumbering_DedupLoadAcrossFallthroughBranch  ok (81 us)
  Test-ValueNumbering_DedupPlainLoadAfterExtendingLoad  ok (62 us)
  Test-ValueNumbering_ExtendsEarlierPlainLoad  ok (55 us)
  Test-ValueNumbering_KeepsFrameLoadsForMemToReg  ok (48 us)
  Test-ValueNumbering_SharesScalarFloatLiteralBits  ok (349 us)
  Test-ValueNumbering_KeepsCheapOrDistinctLiterals  ok (227 us)
  Test-ValueNumbering_KeepsSiblingComputesAndReusesJoinDefinition  ok (92 us)
  Test-VecLoopPromote_LoadStorePair_HoistsAndSinks  ok (71 us)
  Test-VecLoopPromote_OverlappingScalarStore_Blocks  ok (53 us)
  Test-VecLoopPromote_LoadOnlyChunk_HoistsWithoutStore  ok (53 us)
  Test-VecLoopPromote_StackPointerDefinitionInBody_Blocks  ok (45 us)
  Test-NativeArtifact_RuntimeDependencyOrderPreservesPriorityAndCycleFallback  ok (1 ms)
  Test-NativeArtifact_DefaultsToLocalOutputTree  ok (324 us)
  Test-NativeArtifact_ImportedApiKeepsLocalOutputTree  ok (217 us)
  Test-NativeArtifact_ModuleNamespaceDefaultsFromModulePath  ok (109 us)
  Test-NativeArtifact_ModuleNamespaceOverrideWins  ok (6 us)
  Test-NativeArtifact_ExplicitArtifactKindOverridesBuildCfgMutation  ok (4 us)
  Test-NativeArtifact_RDataKeepsGrowingCyclicDependencies  ok (2 ms)
  Test-NativeArtifact_CompilerRunExprInsideTestKeepsJitRunnable  ok (635 ms)
  Test-NativeArtifact_CompilerInstanceNativeRegistrationKeepsBucketsConsistent  ok (490 ms)
  Test-NativeArtifact_ExecutablePrunesUnreachableGeneratedFunctions  ok (816 ms)
  Test-NativeArtifact_ExecutableClosesAlternatingDependencies  ok (852 ms)
  Test-NativeArtifact_SilentSpecOpProbeDoesNotDropStructCopyTests  ok (826 ms)
  Test-NativeArtifact_TestFileFilterKeepsReusableArtifactAndSelectsAtRunTime  ok (494 ms)
  Test-NativeArtifact_TestTagFilterKeepsReusableArtifactAndSelectsAtRunTime  ok (515 ms)
  Test-NativeArtifact_TestProgressProtocolIsStrict  ok (29 us)
  Test-NativeArtifact_ConcurrentCompilerInputsKeepEveryDependency  ok (14 s 423 ms)
  Test-PeWriter_CompressesEmbeddedDebugTable  ok (4 ms)
  Test-PeWriter_FoldsIdenticalUnwindInfo  ok (52 us)
  Test-PeWriter_Win32ApplicationResourcesUseConfig  ok (48 us)
  Test-Sema_OverloadRankingUsesOrderedConversionCriteria  ok (7 us)
  Test-Sema_MatchCandidateCollectionPreservesUniqueDiscoveryOrder  ok (122 us)
  Test-Sema_GenericInstanceStoragePreservesIdentityAcrossGrowth  ok (1 ms)
  Test-Sema_AggregateTypeInterningUsesOrderedContents  ok (1 ms)
  Test-Sema_TypeManagerConcurrentInterningKeepsCanonicalStorage  ok (3 ms)
  Test-Sema_TypeManagerReleasesOwnedPayloads  ok (1 ms)
  Test-Sema_CastLegalityCoversScalarConversionKinds  ok (118 us)
  Test-Sema_GenericDeductionBindingHandlesConflictsAndDefaults  ok (62 us)
  Test-Sema_CompletedFreesSummariesKeepDirectForwardingTransitive  ok (15 us)
  Test-Sema_CompletedFreesSummariesResolveGuardedAliasRoutes  ok (34 us)
  Test-SemaPurity_GlobalVariableReadIsNotConstFolded  ok (191 ms)
  Test-SemaPurity_NamespaceQualifiedGlobalFieldReadIsNotConstFolded  ok (189 ms)
  Test-JobManager_DebugStateReportsSleepingJobs  ok (44 us)
  Test-JobManager_ProgressiveWorkersDrainQueuedJobs  ok (1 ms)
  Test-JobManager_TargetedWakeBySymbol  ok (14 us)
  Test-AppendOnlyLookupTable_GrowsAcrossChunks  ok (29 us)
  Test-AppendOnlyLookupTable_ConcurrentReaderSeesPublishedEntries  ok (336 us)
  Test-PagedStore_CopyToPreserveOffsetsKeepsSparseLayout  ok (27 us)
  Test-DataSegment_RelocationIndexHandlesInterleavedMonotonicAdds  ok (16 us)
  Test-DataSegment_RelocationIndexRebuildsAfterOutOfOrderAdd  ok (10 us)
  Test-DataSegment_RelocationRangesPreserveIndexedAndTailEntries  ok (38 us)
  Test-DataSegment_FindAllocationUsesPublishedAllocations  ok (5 us)
  Test-DataSegment_LargeBlockPointersPreservePagedPrefixAndAlignedAllocations  ok (128 us)
  Test-PagedStore_ReserveSpanReturnsWritableContiguousStorage  ok (4 us)
  Test-PagedStore_EmptyCopySpanDoesNotAllocateStorage  ok (2 us)
  Test-PagedStore_ReserveRangeSupportsOversizedZeroedBlocks  ok (5 us)
  Test-Logger_TestTalliesNameSuccessfulWork  ok (16 us)
  Test-Logger_NestedStagesDetailedChoiceDoesNotLeak  ok (0 us)
  Test-Logger_ProgressCanBeDisabledFromCommandLine  ok (78 us)
  Test-Os_FatalHostExceptionClassificationExcludesCppExceptions  ok (5 us)
  Test-Os_FileLockOwnersNameTheProcessMappingAnImage  ok (206 ms)
  Test-FileSystem_AppendFileUsersNamesThisCompilerProcess  ok (180 ms)
  Test-FileSystem_AppendFileUsersLeavesAnUnheldFileAlone  ok (18 ms)
  Test-Utf8_MoveOperationsTransferStorage  ok (3 us)
  Test-Utf8_FixedDecimalFormatting  ok (2 us)
  Test-WarningPolicy_ReadsWarningIdentifiers  ok (29 us)
  Test-WarningPolicy_ParsesLists  ok (7 us)
  Test-WarningPolicy_ResolvesLayerPrecedence  ok (0 us)
  Tests                       695 tests (25 s 580 ms)
  Skipped                     28 filesystem tests (run with --dev-full)
  Slow-01                     NativeArtifact_ConcurrentCompilerInputsKeepEveryDependency (14 s 423 ms)
  Slow-02                     NativeArtifact_ExecutableClosesAlternatingDependencies (852 ms)
  Slow-03                     NativeArtifact_SilentSpecOpProbeDoesNotDropStructCopyTests (826 ms)
  Slow-04                     NativeArtifact_ExecutablePrunesUnreachableGeneratedFunctions (816 ms)
  Slow-05                     DebugInfo_RuntimeStorageLocalsStayOutOfCodeView (637 ms)
  Slow-06                     DebugInfo_CompilerTestFunctionsPreserveStackDebugMetadata (637 ms)
  Slow-07                     NativeArtifact_CompilerRunExprInsideTestKeepsJitRunnable (635 ms)
  Slow-08                     DebugInfo_CompilerPrivateGlobalsReachCodeViewDataSymbols (624 ms)
  Slow-09                     NativeArtifact_TestTagFilterKeepsReusableArtifactAndSelectsAtRunTime (515 ms)
  Slow-10                     FFI_CallSwagStructByValueInteropDevMode (510 ms)
  ✓  tested      695 passed • 25 s 614 ms
  ✓  clean       25 s 619 ms
