  ◆  swag        unittest • sources
  Test-ABI_AddressedNarrowIntegerHomeUsesNarrowLoad  ok (738 us)
  Test-ABI_SwagSimdArgsUseExtendedRegistersThenWideStackSlots  ok (9 us)
  Test-FFI_CallNativeNoArgBool  ok (1 ms)
  Test-FFI_CallNativeU8       ok (604 us)
  Test-FFI_CallNativeI32      ok (142 us)
  Test-FFI_CallNativeF32      ok (167 us)
  Test-FFI_CallNativeF64      ok (115 us)
  Test-FFI_CallNativeF64StackArg  ok (160 us)
  Test-FFI_CallNativeMixedArgs  ok (149 us)
  Test-FFI_CallNativeStackArgs  ok (373 us)
  Test-FFI_CallNativePointerArg  ok (129 us)
  Test-ABI_SwagStructArgPassingMatchesNative  ok (0 us)
  Test-FFI_CallSwagStructByValueInteropDevMode  ok (538 ms)
  Test-FFI_CallSwagStructByValueInteropRelease  ok (441 ms)
  Test-FFI_CallNativeStructByValueRegister  ok (399 us)
  Test-FFI_CallNativeStructByValueStack  ok (260 us)
  Test-FFI_CallNativeStructByReferenceCopy  ok (142 us)
  Test-FFI_CallNativeStructReturnByValueRegister  ok (117 us)
  Test-FFI_CallNativeStructReturnByReference  ok (117 us)
  Test-ConstantManager_CopiesBorrowedStructPayloadOutsideDataSegment  ok (84 us)
  Test-ConstantManager_StoresNullableCStringFromBlockPointer  ok (18 us)
  Test-ConstantValue_MakesNullableCStringFromRuntimePointer  ok (2 us)
  Test-ConstantManager_CopiesBorrowedArrayPayloadOutsideDataSegment  ok (17 us)
  Test-ConstantManager_DeduplicatesBorrowedArrayPayloadsByValue  ok (2 us)
  Test-ConstantManager_CachesZeroPayloadConstantsByType  ok (28 us)
  Test-ConstantManager_CopiesBorrowedSlicePayloadOutsideDataSegment  ok (6 us)
  Test-ConstantManager_AcceptsEmptyBorrowedSlicePayloads  ok (11 us)
  Test-ConstantManager_DistinguishesPresentEmptySlicePayloads  ok (20 us)
  Test-ConstantManager_DeduplicatesMaterializedArrayPayloadConstants  ok (13 us)
  Test-ConstantManager_DoesNotDeduplicateMaterializedArrayPayloadsWithDifferentRelocations  ok (9 us)
  Test-ConstantManager_OwnsAggregateElementsAfterInputsAreDestroyed  ok (319 us)
  Test-ConstantManager_ReleasesOwnedAggregatePayloads  ok (13 ms)
  Test-ConstantManager_PreservesStringNormalizationOnRepeatedInputs  ok (305 us)
  Test-ConstantManager_PublishesCanonicalReferencesAcrossGrowth  ok (12 ms)
  Test-ConstantManager_EnrichesStorageReferencesWithoutMutatingInputs  ok (229 us)
  Test-ConstantManager_ConcurrentInterningKeepsCanonicalStorage  ok (7 ms)
  Test-Compiler_FormatCommandHonorsExplicitDotPaths  ok (27 ms)
  Test-Compiler_NewScriptCommandParsesDefaultPath  ok (156 us)
  Test-Compiler_CommandLineHelpStopsBeforeCompilation  ok (303 us)
  Test-Compiler_NewModuleCommandParsesWorkspace  ok (147 us)
  Test-Compiler_NewCommandCreatesRunnableScript  ok (11 ms)
  Test-Compiler_NewCommandCreatesAndExtendsWorkspace  ok (23 ms)
  Test-Compiler_DocSearchPreservesLiteralCode  ok (49 us)
  Test-Compiler_DocCommandParsesOptions  ok (761 us)
  Test-Compiler_DocMarkdownRendersSupportedBlocks  ok (200 us)
  Test-Compiler_DocBlockCommentsPreserveCodeIndentation  ok (33 us)
  Test-Compiler_DocMarkdownRendersCompleteLists  ok (183 us)
  Test-Compiler_DocMarkdownRendersHeaderlessTableAndNestedInline  ok (52 us)
  Test-Compiler_DocExamplesNestTableOfContentsLists  ok (776 ms)
  Test-Compiler_DocRuntimeExcludesPrivateDeclarations  ok (412 ms)
  Test-Compiler_DocGeneratesPublicApiAndHonorsNoDoc  ok (760 ms)
  Test-Compiler_GeneratedAstMaterializesPerThreadFiles  ok (486 ms)
  Test-Compiler_RuntimeLocationPicksGeneratedSourceViewMatchingLineOffset  ok (2 ms)
  Test-Compiler_LifecycleInitWrapperStaysOutOfGeneratedThreadFiles  ok (442 ms)
  Test-Compiler_LifecycleInitWrapperDoesNotCreateSyntheticSourceFilesUnderStress  ok (15 s 92 ms)
  Test-Compiler_GeneratedSpecOpsStayOutOfGeneratedThreadFiles  ok (604 ms)
  Test-Compiler_GeneratedSpecOpsDoNotCreateSyntheticSourceFilesUnderStress  ok (17 s 393 ms)
  Test-Compiler_GeneratedAstDiagnosticsUseMaterializedSourceFile  ok (398 ms)
  Test-Compiler_LegacyStaticControlDirectivesAreNotKeywords  ok (52 us)
  Test-Compiler_AutoInlineCostPricesCallsAndRewardsOneModuleCallSite  ok (1 ms)
  Test-Compiler_ExplicitInlineExpandsCrossFileBody  ok (398 ms)
  Test-Compiler_InMemorySourceRunsSemaWithoutDiskIO  ok (464 us)
  Test-Compiler_InMemorySourceKeepsFormatCommandGlobalIfDuringFormat  ok (336 us)
  Test-Compiler_InMemorySourceSkipsFalseGlobalIf  ok (229 us)
  Test-Compiler_InMemorySourceSkipsTestCommandGlobalIfOutsideTests  ok (192 us)
  Test-Compiler_InMemorySourceKeepsTestCommandGlobalIfDuringTests  ok (214 us)
  Test-Compiler_GenericUnionDeductionRemainsStableForHistoricalRandomSeed1002  ok (422 ms)
  Test-Compiler_GenericUnionDeductionRemainsStableForHistoricalRandomSeed1009  ok (409 ms)
  Test-Compiler_GenericUnionDeductionRemainsStableForHistoricalRandomSeed1032  ok (404 ms)
  Test-Compiler_GenericUnionDeductionRemainsStableForHistoricalRandomSeed1143  ok (422 ms)
  Test-Compiler_AstVisitPreservesSiblingsAcrossPauseSkipAndRestart  ok (444 us)
  Test-Compiler_AstVisitResolvesChildrenWithoutFollowingActiveAncestors  ok (331 us)
  Test-Compiler_SymbolLocationSortKeepsStableTokenOrderWithinOneFile  ok (183 us)
  Test-Compiler_SymbolLocationSortKeepsCompositeKeysAcrossFiles  ok (133 us)
  Test-Compiler_AstVisitKeepsDepthFirstOrderWithPendingSiblings  ok (124 us)
  Test-Compiler_AutoInlineBlockedCallsUseDirectEdgesAndOriginalNameScopes  ok (1 ms)
  Test-Compiler_MessagePassSkipsWithoutListeners  ok (783 us)
  Test-Compiler_MessagePassQueuesOnlyOncePerListener  ok (674 us)
  Test-Compiler_MessageAliasPayloadUsesUnderlyingType  ok (9 us)
  Test-Compiler_DiagnosticWarningSeverityColorIsMagenta  ok (0 us)
  Test-Compiler_DiagnosticCatalogFollowsSwagMessageStyle  ok (912 us)
  Test-Compiler_AssertDiagnosticPreservesLiteralSuffixQuotes  ok (44 us)
  Test-Compiler_DiagnosticEscapesQuotedArgumentTicks  ok (28 us)
  Test-Compiler_DiagnosticArgumentCountDoesNotRepeatUnit  ok (173 us)
  Test-Compiler_DiagnosticRemovesUnexpandedWordPlaceholders  ok (26 us)
  Test-Compiler_NativeExitCodeDiagnosticShowsDecimalAndHex  ok (22 us)
  Test-Compiler_DiagnosticEscapesQuotedArgumentWithoutBreakingHelpSplit  ok (26 us)
  Test-NodePayload_ConcurrentUpdatesPreserveDisjointState  ok (22 ms)
  Test-NodePayload_MutableAndConstSymbolListsPreserveFlagsAndOrder  ok (84 us)
  Test-Compiler_CommandLineTagsReachSema  ok (388 ms)
  Test-Compiler_InternalTagPrecedesUserOverride  ok (391 ms)
  Test-Compiler_TestCommandEnablesSourceDrivenModeWhenParsed  ok (199 us)
  Test-Compiler_DebugOptionEnablesDebugInformation  ok (103 us)
  Test-Compiler_ReleaseBuildDoesNotEnableDebugInformation  ok (105 us)
  Test-Compiler_TestCommandRegistersSwagTestCompilerTag  ok (401 ms)
  Test-Compiler_UnittestCommandKeepsSourceDrivenModeDisabledWhenParsed  ok (208 us)
  Test-Compiler_RunCommandParsesRunArgs  ok (295 us)
  Test-Compiler_TestCommandForcesSwagTestRunArg  ok (176 us)
  Test-Compiler_TestCommandDoesNotDuplicateSwagTestRunArg  ok (12 us)
  Test-Compiler_TestCommandKeepsExplicitSandboxRoot  ok (51 us)
  Test-Compiler_TestCommandGrantsTheModuleAsCorpus  ok (101 us)
  Test-Compiler_TestCommandGrantsTheWorkspaceWithoutAModule  ok (107 us)
  Test-Compiler_SmokeCommandGrantsNoCorpus  ok (16 us)
  Test-DebugInfo_EmitsWindowsSymbolAndTypeRecords  ok (412 us)
  Test-DebugInfo_PdbInfoEmitsWindowsBuildInfo  ok (115 us)
  Test-DebugInfo_EmitsWindowsVariableAndConstantRecords  ok (201 us)
  Test-DebugInfo_UsesPerVariableBaseRegistersForRegRelativeSymbols  ok (101 us)
  Test-DebugInfo_CollapsesConsecutiveSameLineEntries  ok (279 us)
  Test-DebugInfo_SkipsNoStepLineEntries  ok (221 us)
  Test-DebugInfo_FirstLineCoversEntry  ok (339 us)
  Test-DebugInfo_ResolvesNoStepBackendSourceInfo  ok (63 us)
  Test-DebugInfo_UsesOwnerSourceFileForGeneratedViews  ok (261 us)
  Test-DebugInfo_UsesDebugSourceCodeRefForGeneratedViewLines  ok (802 us)
  Test-DebugInfo_CompilerTestFunctionsPreserveStackDebugMetadata  ok (654 ms)
  Test-DebugInfo_RuntimeStorageLocalsStayOutOfCodeView  ok (632 ms)
  Test-DebugInfo_CompilerPrivateGlobalsReachCodeViewDataSymbols  ok (600 ms)
  Test-DebugInfo_EmitsWindowsSourceChecksums  ok (228 us)
  Test-EncodeX64_Flow         ok (1 ms)
  Test-EncodeX64_Load         ok (3 ms)
  Test-EncodeX64_CmpAndCond   ok (1 ms)
  Test-EncodeX64_VecPackedOps  ok (6 ms)
  Test-EncodeX64_LegalizeLargeCmpRegImmPreservesLhs  ok (171 us)
  Test-EncodeX64_UnaryOps     ok (624 us)
  Test-EncodeX64_BinaryRegRegOps  ok (5 ms)
  Test-EncodeX64_BinaryRegMemOps  ok (401 us)
  Test-EncodeX64_BinaryMemRegOps  ok (863 us)
  Test-EncodeX64_BinaryImmOps  ok (2 ms)
  Test-EncodeX64_TernaryAndConvert  ok (610 us)
  Test-EncodeX64_UnwindFromMicro  ok (145 us)
  Test-EncodeX64_UnwindFramePointerSetupAfterStackShape  ok (102 us)
  Test-EncodeX64_UnwindStopsBeforeStackStoreBody  ok (100 us)
  Test-EncodeX64_UnwindUpdatesFramePointerWhenAssignedTwice  ok (91 us)
  Test-EncodeX64_UnwindLocalStackBaseIsNotAFrameRegister  ok (78 us)
  Test-EncodeX64_UnwindStopsAfterBodyStart  ok (64 us)
  Test-FormatAlign_ConsecutiveAssignments  ok (626 us)
  Test-FormatAlign_ConsecutiveAliases  ok (329 us)
  Test-FormatAlign_AliasesAcrossAttributesAndBlankLines  ok (351 us)
  Test-FormatAlign_AssignmentsBreakOnIndentation  ok (553 us)
  Test-FormatAlign_AssignmentsBreakOnBlankLine  ok (396 us)
  Test-FormatAlign_AssignmentsAcrossBlanks  ok (335 us)
  Test-FormatAlign_ConsecutiveDeclarations  ok (347 us)
  Test-FormatAlign_ControlDeclarationsBreakDeclarationGroups  ok (483 us)
  Test-FormatAlign_ConsecutiveConstants  ok (286 us)
  Test-FormatAlign_StructFields  ok (364 us)
  Test-FormatAlign_EnumValues  ok (329 us)
  Test-FormatAlign_NoneRemovesAlignment  ok (252 us)
  Test-FormatAlign_TrailingComments  ok (349 us)
  Test-FormatAlign_TrailingCommentsBreakOnIndentation  ok (461 us)
  Test-FormatAlign_TrailingCommentsNormalized  ok (343 us)
  Test-FormatAlign_FatArrowsConsecutive  ok (387 us)
  Test-FormatAlign_FatArrowsBreakOnPlainFunction  ok (422 us)
  Test-FormatAlign_SingletonTightensStalePadding  ok (323 us)
  Test-FormatAlign_StructFieldsWithTypeQualifiers  ok (457 us)
  Test-FormatAlign_StructFieldGridMixed  ok (446 us)
  Test-FormatAlign_StructFieldGridOffKeepsSingleColumn  ok (325 us)
  Test-FormatAlign_DeclarationGridInitializers  ok (404 us)
  Test-FormatAlign_ConstantGridTypes  ok (363 us)
  Test-FormatAlign_QualifiedConstantGridTypes  ok (363 us)
  Test-FormatAlign_QualifiedDeclarationPrefixes  ok (631 us)
  Test-FormatAlign_CaseBodiesConsecutive  ok (426 us)
  Test-FormatAlign_ArrayColumns  ok (341 us)
  Test-FormatAlign_ArrayColumnsSkipsRaggedRows  ok (307 us)
  Test-FormatAlign_HangingLineFollowsAlignedAnchor  ok (468 us)
  Test-FormatAlign_AfterOpenBracketUsesLiteralBrace  ok (410 us)
  Test-FormatAlign_AfterOpenBracketKeepsDataTableRows  ok (302 us)
  Test-FormatAlign_OperandsInsideBracketAnchorOnBracket  ok (390 us)
  Test-FormatAlign_OperandsOutsideBracketAnchorOnStatement  ok (398 us)
  Test-FormatAlign_OutlierGapLeavesLongLineAlone  ok (327 us)
  Test-FormatAlign_OutlierGapKeepsGradedTable  ok (282 us)
  Test-FormatAlign_OutlierGapDropsBothEnds  ok (346 us)
  Test-FormatAlign_AcrossBlanksReadsTheCappedBlankCount  ok (283 us)
  Test-FormatAlign_AccessModifierLineDoesNotBreakTheGroup  ok (337 us)
  Test-FormatAlign_WrappedArgumentsFollowTheAlignedHead  ok (508 us)
  Test-FormatAttributes_OwnLine  ok (326 us)
  Test-FormatAttributes_Inline  ok (291 us)
  Test-FormatAttributes_BreakAfterAttribute  ok (312 us)
  Test-FormatAttributes_Grouped  ok (323 us)
  Test-FormatAttributes_SortArguments  ok (503 us)
  Test-FormatAttributes_SortArgumentsWithDifferentPieceCounts  ok (346 us)
  Test-FormatAttributes_SpaceAfterAttributeComma  ok (289 us)
  Test-FormatBlanks_MaxConsecutiveEmptyLinesUnlimited  ok (367 us)
  Test-FormatBlanks_MaxConsecutiveEmptyLinesCollapses  ok (292 us)
  Test-FormatBlanks_MaxConsecutiveEmptyLinesOne  ok (332 us)
  Test-FormatBlanks_AfterOpeningBraceNever  ok (287 us)
  Test-FormatBlanks_AfterOpeningBracePreserve  ok (258 us)
  Test-FormatBlanks_AfterOpeningBraceAlways  ok (261 us)
  Test-FormatBlanks_BeforeClosingBraceNever  ok (234 us)
  Test-FormatBlanks_BeforeClosingBracePreserve  ok (262 us)
  Test-FormatBlanks_BeforeClosingBraceAlways  ok (278 us)
  Test-FormatBlanks_AroundAccessBlocksAlways  ok (421 us)
  Test-FormatBlanks_AroundAccessBlocksNever  ok (255 us)
  Test-FormatBlanks_AroundAccessBlocksPreserve  ok (235 us)
  Test-FormatBlanks_TrimTrailingNewlinesCollapsesToOne  ok (515 us)
  Test-FormatBlanks_TrimTrailingNewlinesDisabled  ok (352 us)
  Test-FormatBlanks_CombinedBlockEdges  ok (380 us)
  Test-FormatBlanks_BeforeFunctionAlways  ok (588 us)
  Test-FormatBlanks_BeforeFunctionKeepsDocCommentAttached  ok (457 us)
  Test-FormatBlanks_BeforeFunctionKeepsShortFormsStacked  ok (512 us)
  Test-FormatBlanks_BeforeTypeAlways  ok (365 us)
  Test-FormatBlanks_BeforeCommentBlockAlways  ok (473 us)
  Test-FormatBlanks_BeforeCommentBlockKeepsBlockStartAndRuns  ok (355 us)
  Test-FormatBlanks_BeforeCommentBlockKeepsInlineBodyStart  ok (398 us)
  Test-FormatBlanks_AfterGlobalBlockInsertsBlank  ok (312 us)
  Test-FormatBlanks_AfterGlobalThenUsingBlocks  ok (340 us)
  Test-FormatBlanks_BetweenCasesMultiLine  ok (704 us)
  Test-FormatBlanks_BetweenCasesNeverRemovesBlanks  ok (489 us)
  Test-FormatBlanks_AfterStandaloneClosingBraceAlways  ok (405 us)
  Test-FormatBlanks_AfterStandaloneClosingBraceNever  ok (388 us)
  Test-FormatBlanks_AfterStandaloneClosingBracePreserve  ok (652 us)
  Test-FormatBlanks_AfterStandaloneClosingBraceKeepsElseAttached  ok (525 us)
  Test-FormatBraces_AllmanMovesBraceToOwnLine  ok (491 us)
  Test-FormatStatements_OneStatementPerLine  ok (722 us)
  Test-FormatStatements_UsingFieldPrefixStaysTogether  ok (444 us)
  Test-FormatStatements_OneEnumValuePerLine  ok (362 us)
  Test-FormatBraces_ShortInlineDoBodiesSplit  ok (582 us)
  Test-FormatBraces_DestructuringPatternsStayInlineAndIndentAsStatements  ok (809 us)
  Test-FormatBraces_AttachJoinsBrace  ok (316 us)
  Test-FormatBraces_AllmanOnControlBlocks  ok (374 us)
  Test-FormatBraces_BreakBeforeElse  ok (414 us)
  Test-FormatBraces_JoinElseToBrace  ok (688 us)
  Test-FormatBraces_CompactEmptyBraces  ok (347 us)
  Test-FormatBraces_ShortFunctionsNeverSplits  ok (707 us)
  Test-FormatBraces_ShortFunctionsNeverKeepsEmpty  ok (336 us)
  Test-FormatBraces_SourceSelectsDefinitionLayout  ok (961 us)
  Test-FormatBraces_ShortBlocksInlineJoins  ok (443 us)
  Test-FormatBraces_ShortIfNeverSplits  ok (456 us)
  Test-FormatBraces_ShortLoopsJoin  ok (415 us)
  Test-FormatBraces_ShortEnumsSplit  ok (463 us)
  Test-FormatBraces_ShortCaseSplits  ok (495 us)
  Test-FormatBraces_ShortCaseJoins  ok (464 us)
  Test-FormatBraces_CaseUniformJoinsJumpTable  ok (452 us)
  Test-FormatBraces_CaseUniformExpandsMixedSwitch  ok (498 us)
  Test-FormatBraces_StaticIfChainAlignsAndBreaks  ok (501 us)
  Test-FormatBraces_StaticControl  ok (619 us)
  Test-FormatBraces_StaticIfSingleLineChainStaysInline  ok (400 us)
  Test-FormatBraces_MultiLineBlockContentLeavesBraceLines  ok (466 us)
  Test-FormatBraces_AllmanOnStaticIfBlocks  ok (347 us)
  Test-FormatBraces_ShortStructsKeepTupleTypes  ok (445 us)
  Test-FormatBraces_ShortStructsStillSplitDeclarations  ok (321 us)
  Test-FormatBraces_ShortFunctionsKeepClosureArguments  ok (648 us)
  Test-FormatBraces_ShortBlocksKeepInitializerLiterals  ok (1 ms)
  Test-FormatBraces_ShortFunctionsInlineKeepsClosureBodies  ok (880 us)
  Test-FormatStatements_RemoveRedundantSemicolons  ok (924 us)
  Test-FormatStatements_RemoveConditionParentheses  ok (457 us)
  Test-FormatBraces_BreakBeforeWhere  ok (381 us)
  Test-FormatBraces_ShortClosuresNeverSplits  ok (409 us)
  Test-FormatBraces_UniformKeepsArmsWhoseCallIsWrapped  ok (763 us)
  Test-FormatBraces_UniformExpandsWhenAnArmCarriesABlock  ok (677 us)
  Test-FormatBraces_SemicolonPushedToEndOfLineByWrappingIsRemoved  ok (357 us)
  Test-FormatBraces_AnonymousStructTypeKeepsItsShape  ok (412 us)
  Test-FormatComments_SpaceAfterLineCommentPrefix  ok (1 ms)
  Test-FormatComments_NormalizeSectionSeparators  ok (392 us)
  Test-FormatComments_ReflowParagraph  ok (418 us)
  Test-FormatComments_ReflowJoinsShortLines  ok (358 us)
  Test-FormatComments_NormalizeMode  ok (648 us)
  Test-FormatComments_LastInBlockKeepsBlockIndent  ok (517 us)
  Test-FormatComments_LastInNestedBlockKeepsBlockIndent  ok (548 us)
  Test-FormatComments_LastInSwitchKeepsArmIndent  ok (731 us)
  Test-FormatComments_BeforeCaseLabelKeepsLabelIndent  ok (530 us)
  Test-FormatComments_InsideABracketSettleInOnePass  ok (916 us)
  Test-FormatFile_InlineBodyOwnsNestedBraceIndent  ok (1 ms)
  Test-FormatFile_InlineIfBranchStopsBeforeElse  ok (1 ms)
  Test-FormatFile_CatchHandlerAlignsAndIndents  ok (737 us)
  Test-FormatFile_InlineDestructuringIsNotABlock  ok (1 ms)
  Test-FormatFile_InsertFinalNewline  ok (430 us)
  Test-FormatFile_TrimLeadingBlankLines  ok (399 us)
  Test-FormatFile_TrimLeadingBlankLinesDisabled  ok (274 us)
  Test-FormatFile_ReservedIdentifiersAreFormattable  ok (213 us)
  Test-FormatFile_IndentInsideParensEnforcesContinuation  ok (301 us)
  Test-FormatFile_AlignOperandsOnWrappedCondition  ok (268 us)
  Test-FormatFile_WhereClauseIndent  ok (305 us)
  Test-FormatFile_WhereBlockIndent  ok (291 us)
  Test-FormatFile_EndOfLineStyleLf  ok (176 us)
  Test-FormatFile_EndOfLineStyleCrLf  ok (162 us)
  Test-FormatFile_TrimTrailingWhitespace  ok (164 us)
  Test-FormatFile_BlankLineAfterUsingBlock  ok (179 us)
  Test-FormatFile_BlankLineBeforeFunctionDefinition  ok (252 us)
  Test-FormatFile_IndentStyleSpacesNormalizesTabs  ok (184 us)
  Test-FormatFile_IndentStyleTabs  ok (173 us)
  Test-FormatFile_ReindentFixesBadIndent  ok (300 us)
  Test-FormatFile_ElseBeforeNestedIfAligns  ok (450 us)
  Test-FormatFile_IndentNamespaceBodyOff  ok (354 us)
  Test-FormatFile_IndentCaseLabels  ok (645 us)
  Test-FormatLiteral_PreserveLeavesNumericLiteralsUntouched  ok (383 us)
  Test-FormatLiteral_PreserveCharacterTypeSuffix  ok (312 us)
  Test-FormatLiteral_HexDigitCaseUpperAndLower  ok (452 us)
  Test-FormatLiteral_HexPrefixCaseUpperAndLower  ok (423 us)
  Test-FormatLiteral_FloatExponentCaseUpperAndLower  ok (398 us)
  Test-FormatLiteral_NormalizeHexDigitSeparators  ok (204 us)
  Test-FormatLiteral_NormalizeBinaryDigitSeparators  ok (262 us)
  Test-FormatLiteral_NormalizeDecimalDigitSeparators  ok (217 us)
  Test-FormatLiteral_NormalizeFloatDigitSeparators  ok (202 us)
  Test-FormatLiteral_CombinedHexCaseAndNormalization  ok (196 us)
  Test-FormatOff_LineCommentDisablesNumberFormatting  ok (244 us)
  Test-FormatOff_NoOnComment_RestOfFileRaw  ok (222 us)
  Test-FormatOff_MultipleRegions  ok (271 us)
  Test-FormatOff_BlockComment  ok (237 us)
  Test-FormatOff_CustomMarkers  ok (259 us)
  Test-FormatOff_EolNotRewrittenInDisabledRegion  ok (238 us)
  Test-FormatSpacing_SpaceAfterComma  ok (397 us)
  Test-FormatSpacing_NormalizeHorizontalWhitespace  ok (327 us)
  Test-FormatSpacing_NamedArgumentColons  ok (351 us)
  Test-FormatSpacing_TrueOptionsKeepManualAlignment  ok (285 us)
  Test-FormatSpacing_NoSpaceAfterComma  ok (326 us)
  Test-FormatSpacing_SpaceAroundAssignment  ok (294 us)
  Test-FormatSpacing_NoSpaceAroundAssignment  ok (209 us)
  Test-FormatSpacing_SpaceAroundBinaryOperators  ok (248 us)
  Test-FormatSpacing_NoSpaceAroundBinaryOperators  ok (213 us)
  Test-FormatSpacing_SpaceAroundArrow  ok (451 us)
  Test-FormatSpacing_FatArrow  ok (506 us)
  Test-FormatSpacing_ColonInDeclarations  ok (457 us)
  Test-FormatSpacing_ColonInBaseClause  ok (287 us)
  Test-FormatSpacing_InsideParentheses  ok (637 us)
  Test-FormatSpacing_InEmptyParentheses  ok (1 ms)
  Test-FormatSpacing_InsideBrackets  ok (813 us)
  Test-FormatSpacing_AfterCast  ok (1 ms)
  Test-FormatSpacing_AfterKeyword  ok (1 ms)
  Test-FormatSpacing_AfterUnaryOperator  ok (534 us)
  Test-FormatSpacing_PostfixDereference  ok (459 us)
  Test-FormatSpacing_BeforeParenthesesControl  ok (1 ms)
  Test-FormatSpacing_InsideBracesOfLiterals  ok (586 us)
  Test-FormatSpacing_FailClosesAFunctionTypeNotAnOperand  ok (467 us)
  Test-FormatStyle_PreserveNormalizesNothing  ok (744 us)
  Test-FormatStyle_DefaultOptionsArePreserve  ok (1 ms)
  Test-FormatStyle_SwagIsTheCanonicalLayout  ok (733 us)
  Test-FormatStyle_SwagIntrinsicCallsStayStable  ok (1 ms)
  Test-FormatStyle_SwagKeepsAccessModifiersWithTheirDeclarations  ok (825 us)
  Test-FormatStyle_SwagKeepsStorageAndAccessModifierOrders  ok (17 ms)
  Test-FormatStyle_SwagSeparatesAccessBlocks  ok (516 us)
  Test-FormatStyle_SwagLeavesLineEndingsAndColumnsAlone  ok (328 us)
  Test-FormatStyle_DescribeRendersEveryOption  ok (442 us)
  Test-FormatUsing_SortAscending  ok (438 us)
  Test-FormatUsing_SortCaseInsensitive  ok (224 us)
  Test-FormatUsing_BlankLineSplitsRuns  ok (201 us)
  Test-FormatUsing_Merge      ok (207 us)
  Test-FormatUsing_SortAndMerge  ok (239 us)
  Test-FormatWrap_BreaksAfterComma  ok (376 us)
  Test-FormatWrap_ForceSingleLineLists  ok (347 us)
  Test-FormatWrap_FormatterSelectsListLineMode  ok (536 us)
  Test-FormatWrap_SourceSelectsSingleLineLists  ok (328 us)
  Test-FormatWrap_SourceSelectsNestedSingleLineLists  ok (420 us)
  Test-FormatWrap_HangingIndentLists  ok (306 us)
  Test-FormatWrap_HangingAlignLists  ok (336 us)
  Test-FormatWrap_VerticalLists  ok (294 us)
  Test-FormatWrap_BlockLists  ok (290 us)
  Test-FormatWrap_ForceSingleLineLogicalExpressions  ok (327 us)
  Test-FormatWrap_SourceSelectsSingleLineLogicalExpressions  ok (312 us)
  Test-FormatWrap_LogicalOperatorsAfter  ok (278 us)
  Test-FormatWrap_LogicalOperatorsBefore  ok (277 us)
  Test-FormatWrap_LogicalOperandsOnePerLine  ok (275 us)
  Test-FormatWrap_LogicalHangingIndent  ok (261 us)
  Test-FormatWrap_LogicalOperandsPack  ok (266 us)
  Test-FormatWrap_FormatterSelectsLogicalExpressionLineMode  ok (2 ms)
  Test-FormatWrap_NestedLogicalExpressions  ok (414 us)
  Test-FormatWrap_NormalizesAdversarialLists  ok (593 us)
  Test-FormatWrap_NormalizesAdversarialLogicalExpression  ok (328 us)
  Test-FormatWrap_AlignsMultilineArgumentContents  ok (397 us)
  Test-FormatWrap_ClosureCapturesStayInsideArgument  ok (588 us)
  Test-FormatWrap_NoWrapWhenDisabled  ok (303 us)
  Test-FormatWrap_BreakBeforeBinaryOperators  ok (241 us)
  Test-FormatWrap_BinPackLists  ok (308 us)
  Test-FormatWrap_BinPackParametersOnePerLine  ok (239 us)
  Test-FormatWrap_BinPackArgumentsOnePerLine  ok (501 us)
  Test-FormatWrap_NoColumnLimitNeverMovesAStatementBreak  ok (550 us)
  Test-FormatWrap_ColumnLimitBreaksHighestInTheExpression  ok (387 us)
  Test-FormatWrap_ColumnLimitAlignsNewOperandLinesInOnePass  ok (411 us)
  Test-FormatWrap_ColumnLimitBreaksAtTheLoosestOperator  ok (416 us)
  Test-FormatWrap_ColumnLimitKeepsOneIndentPerStatement  ok (360 us)
  Test-FormatWrap_ContinuationOutsideBracketsTakesCanonicalIndent  ok (259 us)
  Test-FormatWrap_ContinuationInsideBracketsKeepsRelativeIndent  ok (290 us)
  Test-FormatWrap_WrappedCaseValuesAlignUnderTheFirstValue  ok (372 us)
  Test-FormatWrap_SourceSelectsLiteralLayout  ok (435 us)
  Test-FormatWrap_HugTrailingTableArgument  ok (345 us)
  Test-FormatWrap_HugTrailingClosureArgument  ok (363 us)
  Test-FormatWrap_HugTrailingBlockLiteralItem  ok (380 us)
  Test-FormatWrap_HugSkipsEarlierMultilineArgument  ok (346 us)
  Test-JIT_Return42           ok (214 us)
  Test-JIT_RegAllocAvoidsFutureConcreteClobber  ok (200 us)
  Test-JIT_128BitStackCopy    ok (662 us)
  Test-JIT_PointerSpillRoundTrip  ok (420 us)
  Test-JIT_B32LoadAndZeroExtendKeepsUpperBitsClear  ok (279 us)
  Test-JIT_PackedIntegerOps   ok (173 us)
  Test-JIT_VecCodecOps        ok (536 us)
  Test-JIT_VecFloatOps        ok (200 us)
  Test-JIT_SlpVectorizedLanes  ok (3 ms)
  Test-JIT_ConstantDivisionBaseline  ok (7 ms)
  Test-JIT_ConstantDivisionStrengthReduced  ok (39 ms)
  Test-JIT_PersistentRegPreservedAcrossCall  ok (381 us)
  Test-BranchSimplify_ErasesJumpToImmediateLabel  ok (165 us)
  Test-BranchSimplify_ThreadsJumpThroughEmptyBlock  ok (310 us)
  Test-BranchSimplify_FoldsKnownTrueBranch  ok (183 us)
  Test-BranchSimplify_FoldsKnownFalseBranch  ok (131 us)
  Test-BranchSimplify_FoldsKnownSignedLessBranch  ok (132 us)
  Test-BranchSimplify_FoldsKnownUnsignedBelowBranch  ok (125 us)
  Test-BranchSimplify_ErasesDeadTailAfterRet  ok (87 us)
  Test-BranchSimplify_ConvertsMinPatternToCmov  ok (99 us)
  Test-BranchSimplify_ConvertsConditionalConstantToCmov  ok (97 us)
  Test-BranchSimplify_KeepsMultiInstructionBranchBody  ok (132 us)
  Test-BranchSimplify_ThreadsShortCircuitExit  ok (157 us)
  Test-BranchSimplify_KeepsReferencedLabel  ok (92 us)
  Test-BranchSimplify_KeepsByteSelectBranch  ok (86 us)
  Test-BranchSimplify_ConvertsDiamondSelectToCmov  ok (130 us)
  Test-BranchSimplify_ConvertsDiamondConstantsToCmov  ok (235 us)
  Test-BranchSimplify_SinksCompareBelowFlagWritingArm  ok (230 us)
  Test-BranchSimplify_KeepsDiamondWithGuardedLoad  ok (133 us)
  Test-BranchSimplify_KeepsDiamondWithSharedArmLabel  ok (157 us)
  Test-BranchSimplify_KeepsDiamondWhenArmReadsResultFirst  ok (123 us)
  Test-BranchSimplify_KeepsDiamondWhenArmClobbersCompareInput  ok (131 us)
  Test-BranchSimplify_KeepsByteDiamond  ok (139 us)
  Test-BranchSimplify_ConvertsEarlyReturnToCmov  ok (280 us)
  Test-BranchSimplify_ConvertsEarlyReturnChainToCmovs  ok (263 us)
  Test-BranchSimplify_KeepsEarlyReturnWithGuardedLoad  ok (85 us)
  Test-BranchSimplify_SinksCompareBelowFlagWritingEarlyReturn  ok (117 us)
  Test-BranchSimplify_EarlyReturnChecksBothCompareInputs  ok (293 us)
  Test-BranchSimplify_InvertsJumpPairAfterImmediateJumpErasure  ok (108 us)
  Test-BranchSimplify_TriangleScratchPreservesAcceptedPlanOrder  ok (366 us)
  Test-ConstantFolding_FoldBinaryRegImm  ok (137 us)
  Test-ConstantFolding_FoldCopyFromKnown  ok (165 us)
  Test-ConstantFolding_ChainedFold  ok (116 us)
  Test-ConstantFolding_FoldFromClearReg  ok (246 us)
  Test-ConstantFolding_FoldAcrossJoinSameConstant  ok (153 us)
  Test-ConstantFolding_BinaryRequiresKnownInputsAndDeadFlags  ok (420 us)
  Test-ConstantFolding_RegImmResultsKeepWidthsFailuresAndFlags  ok (287 us)
  Test-ConstantFolding_RegRegResultsKeepAliasesWidthsAndUnknownInputs  ok (451 us)
  Test-ConstantFolding_ExtendResultsKeepSignWidthAndAliases  ok (1 ms)
  Test-ConstantFolding_PropagatesInDominatorOrderWithoutPhis  ok (61 us)
  Test-ConstantFolding_LazyAddressesKeepFilteredRelocationOrder  ok (120 us)
  Test-CopyElim_SelfCopy_Erased  ok (32 us)
  Test-CopyElim_ChainedCopies_CanonicalizesSource  ok (39 us)
  Test-CopyElim_RewritesPureUseAcrossJoin  ok (65 us)
  Test-CopyElim_DoesNotPropagatePastSourceRedefinition  ok (31 us)
  Test-CopyElim_TransfersForbiddenPhysRegsToCanonicalSource  ok (39 us)
  Test-CopyElim_DoesNotRewriteUseDefOperand  ok (30 us)
  Test-CopyElim_PropagatesInDominatorOrderWithoutPhis  ok (60 us)
  Test-DeadCodeElimination_RemovesEntireDeadChain  ok (682 us)
  Test-DeadCodeElimination_JoinTracksSurvivingConsumers  ok (114 us)
  Test-DeadCodeElimination_PhiCyclesNeedAnInstructionConsumer  ok (118 us)
  Test-DeadCodeElimination_DeadFlagConsumerExposesArithmetic  ok (65 us)
  Test-DeadCodeElimination_PreservesStreamsWithoutVirtualDefinitions  ok (23 us)
  Test-DeadCodeElimination_FanOutSkipsRemovedReadersAfterItsWitness  ok (104 us)
  Test-DeadCodeElimination_DeferredFlagConsumerKeepsSweepsRunning  ok (75 us)
  Test-InductionVariable_CountsDefinitionsAndUsesForCarriedSums  ok (190 us)
  Test-InductionVariable_ProductsKeepPriorityWhenCarrierIsRejected  ok (123 us)
  Test-InductionVariable_CopyThenOpUsesLiveLayoutAdjacency  ok (58 us)
  Test-InstCombine_Identity_AddZero_Erased  ok (46 us)
  Test-InstCombine_ConstantAddressLoad_FoldsToRip  ok (88 us)
  Test-InstCombine_RelocatedLoad_UsesExactTargetAndLiveMemory  ok (810 us)
  Test-InstCombine_ForwardingCacheKeepsClaimedLoadsOut  ok (35 us)
  Test-InstCombine_ForwardingCacheKeepsSurvivingProducers  ok (185 us)
  Test-InstCombine_RipForwardingInitializesBeforeFirstMatchedRelocation  ok (47 us)
  Test-InstCombine_Absorbing_AndZero_BecomesClear  ok (33 us)
  Test-InstCombine_Absorbing_OrAllOnes_BecomesLoadImm  ok (27 us)
  Test-InstCombine_Reassociate_AddAdd  ok (47 us)
  Test-InstCombine_Reassociate_AddSub_PicksAdd  ok (31 us)
  Test-InstCombine_Reassociate_ShiftLeftChain  ok (30 us)
  Test-InstCombine_Reassociate_ShiftOverflow_NotFolded  ok (29 us)
  Test-InstCombine_RegReg_XorSelf_BecomesClear  ok (29 us)
  Test-InstCombine_RegReg_SubSelf_BecomesClear  ok (27 us)
  Test-InstCombine_RegReg_AndSelf_DeadErased  ok (27 us)
  Test-InstCombine_Reassociate_MulMulSigned  ok (33 us)
  Test-InstCombine_Reassociate_OrOr  ok (31 us)
  Test-InstCombine_MemFold_Imm_Consecutive  ok (49 us)
  Test-InstCombine_MemFold_Reg_Consecutive  ok (42 us)
  Test-InstCombine_MemFold_NonConsecutive  ok (37 us)
  Test-InstCombine_MemFold_VtReadAfterStore_NotFolded  ok (86 us)
  Test-InstCombine_MaskBeforeLeftShift_DroppedDirect  ok (57 us)
  Test-InstCombine_MaskBeforeLeftShift_DroppedThroughCopies  ok (74 us)
  Test-InstCombine_MaskBeforeLeftShift_KeptWhenMaskTooNarrow  ok (31 us)
  Test-InstCombine_MaskBeforeRightShift_Kept  ok (28 us)
  Test-InstCombine_ZeroExtendOfDwordLoad_BecomesCopy  ok (45 us)
  Test-InstCombine_ZeroExtendOfQwordLoad_Kept  ok (31 us)
  Test-InstCombine_MaskedAddOfZeroExtendedWords_NarrowsToDword  ok (56 us)
  Test-InstCombine_MaskedAddWithQwordReader_Kept  ok (45 us)
  Test-InstCombine_MaskedShift_Kept  ok (38 us)
  Test-InstCombine_MemoryFoldTriple_InsideLoop  ok (84 us)
  Test-InstCombine_MemoryFoldTriple_LeavesLoopFrameSlot  ok (73 us)
  Test-InstCombine_MemoryFoldTriple_FrameWithoutBackEdgesKeepsCfgGuards  ok (118 us)
  Test-InstCombine_ZeroExtendOfDwordPhi_BecomesCopy  ok (75 us)
  Test-InstCombine_MultiplyAdd_BecomesTwoAddresses  ok (2 ms)
  Test-InstCombine_MultiplyAdd_PreservesObservedValuesAndFlags  ok (295 us)
  Test-InstCombine_AddressCopy_DefinesAccumulatorDirectly  ok (70 us)
  Test-InstCombine_FloatResultCopy_DefinesAccumulatorDirectly  ok (280 us)
  Test-InstCombine_SqrtResultCopy_PreservesPackedDestination  ok (84 us)
  Test-InstCombine_SqrtResultCopy_ReusesGlobalReadCheckByWidth  ok (381 us)
  Test-InstCombine_SqrtResultCopy_KeepsOtherUses  ok (69 us)
  Test-InstCombine_SharedAndInputs_PreservesValuesAndFlags  ok (1 ms)
  Test-InstructionCombine_FoldsBooleanSelect  ok (139 us)
  Test-InstructionCombine_KeepsUnsafeBooleanSelect  ok (164 us)
  Test-InstCombine_RangeProvedCompare_ClampErased  ok (56 us)
  Test-InstCombine_RangeProvedCompare_WideMaskKept  ok (46 us)
  Test-InstCombine_RangeProvedCompare_NarrowWriteKept  ok (43 us)
  Test-InstCombine_CompareRereadsKeepOriginalAddressValues  ok (80 us)
  Test-InstCombine_LoadFoldWindowStartsAfterAnchor  ok (132 us)
  Test-InstCombine_InPlaceWindowIncludesAnchor  ok (151 us)
  Test-InstCombine_VectorPlans_KeepFreshRegistersAcrossRollback  ok (179 us)
  Test-MicroDominators_MatchReachabilityWithANodeRemoved  ok (46 us)
  Test-LICM_RetargetsDuplicateRelocationsAndKeepsUnhoistedOnes  ok (138 us)
  Test-LICM_FramePrivacyResolvesBackwardLayoutChainsBeforeEscapeChecks  ok (210 us)
  Test-LICM_HoistsInvariantLoad  ok (77 us)
  Test-LICM_HoistsSingleUseLaneBroadcast  ok (95 us)
  Test-LICM_KeepsVolatileLoadInLoop  ok (68 us)
  Test-LICM_HoistsFloatConversionAcrossCallWithLiveIntegerFlags  ok (217 us)
  Test-LICM_KeepsIntegerClearWhenFlagsAreLiveAtEitherSite  ok (103 us)
  Test-LICM_HoistsScalarLiteralLoadsButKeepsZeroLocal  ok (253 us)
  Test-MicroDomTree_MatchesPathsThroughDiamondAndLoop  ok (238 us)
  Test-NaturalLoop_CollectBody_CountsMembersOnceAcrossTailsAndRebuilds  ok (10 us)
  Test-LoopUnroll_MultipleLoops_RebuildsIncomingJumpRanges  ok (94 us)
  Test-LoopUnroll_OutsideReadsAndCarriedValuesKeepTheirNames  ok (131 us)
  Test-LoopUnroll_FreshRegisterFilesRespectRenamingEligibility  ok (149 us)
  Test-LoopUnroll_MultipleIncomingJumps_PreservesLoop  ok (30 us)
  Test-LoopUnroll_ExternalJumpToBody_PreservesLoop  ok (33 us)
  Test-LoopUnroll_RejectedCandidateKeepsRelocationsForFollowingLoop  ok (56 us)
  Test-MemToReg_PlainSlot_Promotes  ok (39 us)
  Test-MemToReg_MixedSlotsKeepDistinctFreshRegisters  ok (52 us)
  Test-MemToReg_RedefinedAddressRegister_BailsFunction  ok (49 us)
  Test-MemToReg_UnwrittenWideAccess_BlocksOverlapButNotAdjacentSlot  ok (36 us)
  Test-MemToReg_WrappingWideAccess_KeepsNarrowOverlap  ok (29 us)
  Test-MemToReg_WidestAccessRespectsEscapedVariableExtents  ok (88 us)
  Test-MicroPassManager_PostRa_RechecksSuffixAfterEachMutation  ok (33 us)
  Test-MicroPassManager_PostRa_RechecksSuffixWhenFirstSweepPolicyChanges  ok (28 us)
  Test-MicroBuilder_PruneRelocationsBeforeRecyclingSlots  ok (18 us)
  Test-MicroControlFlowGraph_KeepsEdgeOrderAcrossRebuilds  ok (40 us)
  Test-PostRADeadCodeElim_PreservesAbiLiveOut  ok (39 us)
  Test-PostRADeadCodeElim_UnusedReturnRegistersAreDead  ok (25 us)
  Test-PostRADeadCodeElim_LoopBackEdgeKeepsCarriedDefinition  ok (31 us)
  Test-PostRALoopHoist_InvariantReload_MovesToPreheader  ok (360 us)
  Test-PostRALoopHoist_SlotWrittenInBody_Blocks  ok (121 us)
  Test-PostRALoopHoist_OpaqueStoreInBody_Blocks  ok (238 us)
  Test-PostRALoopHoist_OpaqueStoreOverPrivateFrame_Hoists  ok (162 us)
  Test-PostRALoopHoist_SecondReload_BecomesCopy  ok (142 us)
  Test-PostRALoopHoist_DestinationLiveAtPreheader_Blocks  ok (98 us)
  Test-PostRALoopHoist_CarriedSlot_LeavesTheLoop  ok (154 us)
  Test-PostRALoopHoist_CarriedRegisterReusedElsewhere_Blocks  ok (304 us)
  Test-PostRALoopHoist_SecondDefinitionOfDestinationBlocks  ok (144 us)
  Test-PostRALoopRotate_IndependentHeadersRotate  ok (244 us)
  Test-PostRALoopRotate_SecondIncomingJumpBlocks  ok (79 us)
  Test-PostRALoopRotate_ConditionalBackEdgeBlocks  ok (62 us)
  Test-PostRAPeephole_Nop_Erased  ok (96 us)
  Test-PostRAPeephole_DoesNotForwardFromStoreClaimedByImmediateFold  ok (82 us)
  Test-PostRAPeephole_CopyForward_DoesNotCrossClaimedStoreReload  ok (54 us)
  Test-PostRAPeephole_ErasesStoreOverwrittenBeforeMemoryAccess  ok (66 us)
  Test-PostRAPeephole_DoesNotEraseOverwrittenNonFrameStore  ok (40 us)
  Test-PostRAPeephole_ErasesOwnStoreReloadOnConditionalFallthrough  ok (49 us)
  Test-PostRAPeephole_ForwardsStoredValueToReload  ok (45 us)
  Test-PostRAPeephole_CopyForward_StopsAtEncoderImplicitDef  ok (72 us)
  Test-MicroPassHelpers_PhysicalLivenessReuseReplacesInstructionEffectsAndExitRoots  ok (225 us)
  Test-MicroPassHelpers_CombinedFreshIndicesMatchSingleClassBounds  ok (27 us)
  Test-Legalize_LateMixedIssuesPreserveScratchNames  ok (426 us)
  Test-Legalize_ScratchExcludesFirstReadsInAbiOrder  ok (210 us)
  Test-Legalize_ScratchExclusionsStopBeforeBarrierUses  ok (417 us)
  Test-Legalize_DoesNotPreserveDeadShiftRegisterAcrossJump  ok (106 us)
  Test-Legalize_RewritesB8SignedMultiplyRegMemToRax  ok (138 us)
  Test-Legalize_ClearsPositiveFloatZero  ok (263 us)
  Test-Legalize_KeepsNonzeroFloatBitsAndAddresses  ok (431 us)
  Test-Legalize_KeepsMemoryDestinationAdd  ok (39 us)
  Test-Legalize_KeepsMemoryExchange  ok (34 us)
  Test-PostRAPeephole_DoesNotForwardB8SignedMultiplyImmediate  ok (46 us)
  Test-PostRAPeephole_FoldsIntegerReloadIntoBinary  ok (58 us)
  Test-PostRAPeephole_KeepsIntegerReloadReadAfterConsumer  ok (46 us)
  Test-PostRAPeephole_FoldsIntegerReloadIntoCompare  ok (53 us)
  Test-PostRAPeephole_KeepsByteMultiplyReload  ok (89 us)
  Test-PostRAPeephole_SelfCopy_B64_Erased  ok (40 us)
  Test-PostRAPeephole_SelfCopy_IntB32_Preserved  ok (70 us)
  Test-PostRAPeephole_FallthroughJumpSkipsTrivialGap  ok (56 us)
  Test-PostRAPeephole_DeadCompareBeforeRet_Erased  ok (62 us)
  Test-PostRAPeephole_DeadCompareAfterRedundantJump_Erased  ok (81 us)
  Test-PostRAPeephole_LiveCompareForBranch_Preserved  ok (54 us)
  Test-PostRAPeephole_LoadCondRegRegKeepsCopyBecauseDestinationIsUseDef  ok (91 us)
  Test-PostRAPeephole_FlagReuse_SubThenCompareZero_CompareErased  ok (53 us)
  Test-PostRAPeephole_FlagReuse_UnsafeCondition_ComparePreserved  ok (99 us)
  Test-PostRAPeephole_FlagReuse_NonFlagProducer_ComparePreserved  ok (56 us)
  Test-PostRAPeephole_ZeroToClear_LiveFlagsDead_Converted  ok (42 us)
  Test-PostRAPeephole_ZeroToClear_DeadReg_NotConverted  ok (35 us)
  Test-PostRAPeephole_ZeroToClear_FlagsLive_NotConverted  ok (38 us)
  Test-PostRAPeephole_SelfOperand_FoldsWhenDestinationHoldsTheSlot  ok (38 us)
  Test-PostRAPeephole_SelfOperand_KeepsMemoryOperandWhenWindowExhausted  ok (65 us)
  Test-PreRAPeephole_FloatBinary_DefinesIndependentResult  ok (320 us)
  Test-PreRAPeephole_FloatBinary_PreservesCopiedSecondOperand  ok (76 us)
  Test-PreRAPeephole_ForwardsLoadImmIntoStore  ok (43 us)
  Test-PreRAPeephole_ForwardsLoadImmIntoCmpMem  ok (83 us)
  Test-PreRAPeephole_ForwardsLoadImmIntoMemBinary  ok (41 us)
  Test-PreRAPeephole_ForwardsCopyIntoNextUseOnlySlots  ok (53 us)
  Test-PreRAPeephole_TransfersForbiddenPhysRegsAcrossCopyForward  ok (53 us)
  Test-PreRAPeephole_DoesNotRewriteExchangeUseDefConsumer  ok (41 us)
  Test-PreRAPeephole_ForwardsLoadImmIntoAmcStore  ok (85 us)
  Test-PreRAPeephole_ForwardsClearRegIntoImmediateCompare  ok (83 us)
  Test-PreRAPeephole_FoldsExtendOfImmediate  ok (45 us)
  Test-PreRAPeephole_FoldsPointerImmediateIntoAddress  ok (38 us)
  Test-PreRAPeephole_CombinesAdjacentRegImmAdd  ok (57 us)
  Test-PreRAPeephole_KeepsAdjacentRegImmAddWhenFlagsAreLive  ok (38 us)
  Test-PreRAPeephole_FoldsCopyAddIntoLoadAddress  ok (34 us)
  Test-PreRAPeephole_FoldsCopyAddIntoLoadAddressDespiteMismatchedForbiddenRegs  ok (39 us)
  Test-PreRAPeephole_KeepsCopyAddWhenFlagsAreLive  ok (36 us)
  Test-PreRAPeephole_FoldsAmcIndexImmediateIntoSimpleLoad  ok (42 us)
  Test-PreRAPeephole_FoldsAddressBaseIntoAmcStore  ok (42 us)
  Test-PreRAPeephole_FoldsAmcAddressIntoStore  ok (48 us)
  Test-MicroPrologEpilog_FirstDefinitionsPreserveSaveOrderAcrossRegisterClasses  ok (126 us)
  Test-MicroPrologEpilog_RestoresEveryReturnFromOriginalAnchors  ok (44 us)
  Test-MicroPrologEpilogSanitize_MergesAdjacentStackAdjustments  ok (63 us)
  Test-MicroPrologEpilogSanitize_DoesNotMergeOutsideEntryExitRegions  ok (40 us)
  Test-MicroPrologEpilogSanitize_ExpandsLargeWindowsStackAdjustIntoPageProbes  ok (35 us)
  Test-MicroPrologEpilogSanitize_KeepsOnlyLastFramePointerSetupInEntryProlog  ok (37 us)
  Test-MicroPrologEpilogSanitize_ReinsertsForcedFramePointerSetupWhenMissing  ok (33 us)
  Test-MicroPrologEpilogSanitize_DoesNotTouchFramePointerSetupAfterBodyStarts  ok (33 us)
  Test-MicroPrologEpilogSanitize_MergesMultipleReturnSuffixesAfterRejectedPairs  ok (50 us)
  Test-MicroReg_SameClassMatchesVirtualAndPhysicalRegisters  ok (13 us)
  Test-RegAlloc_UsesDedicatedLocalStackBaseRegister  ok (397 us)
  Test-RegAlloc_PersistentAcross  ok (935 us)
  Test-RegAlloc_NoCalls       ok (452 us)
  Test-RegAlloc_MixedIntFloat  ok (788 us)
  Test-RegAlloc_LotsOfVirtualRegs  ok (10 ms)
  Test-RegAlloc_PreservePersistentRegs_Enabled  ok (319 us)
  Test-RegAlloc_PreservePersistentRegs_Disabled  ok (194 us)
  Test-RegAlloc_PreservePersistentRegs_NoNeed  ok (158 us)
  Test-RegAlloc_LeafRemapPreservesFramePriorityAndDistinctReplacements  ok (105 us)
  Test-RegAlloc_LeafRemapUsesFirstInstructionReadBeforeWrite  ok (54 us)
  Test-RegAlloc_PrologRetainsEntryBoundaryAfterLongStackRelease  ok (203 us)
  Test-RegAlloc_BorrowRestoresKeepOrderAfterMiddleRequestExpires  ok (91 us)
  Test-RegAlloc_ReusedPassRebuildsConcreteClaimsForChangedLiveRanges  ok (161 us)
  Test-RegAlloc_ReusedPassBorrowsCurrentCfgAcrossDifferentControlFlow  ok (5 ms)
  Test-RegAlloc_Spill_IntPressureAcrossCall  ok (866 us)
  Test-RegAlloc_Spill_FloatAcrossCall_NoPersistent  ok (618 us)
  Test-RegAlloc_VirtualRegForbiddenPhysRegs  ok (238 us)
  Test-RegAlloc_Spill_BalancedControlFlow  ok (1 ms)
  Test-RegAlloc_KnownComputedJumpKeepsIntervalAllocation  ok (659 us)
  Test-RegAlloc_LoadBaseAddressAcrossCall  ok (296 us)
  Test-RegAlloc_ConcreteLoadDestAcrossCall  ok (295 us)
  Test-RegAlloc_VirtualDefAvoidsLiveConcreteReg  ok (227 us)
  Test-RegAlloc_UsesPersistentFallbackWhenTransientPoolExhausted  ok (189 us)
  Test-RegAlloc_CoalescesLinearVirtualCopies  ok (171 us)
  Test-RegAlloc_TransfersDeadCopySourcesAcrossBarriers  ok (224 us)
  Test-RegAlloc_RematerializesImmediateReloads  ok (191 us)
  Test-MicroInstr_FloatToIntReplacesItsDestination  ok (56 us)
  Test-MicroInstr_SqrtReplacesItsDestination  ok (20 us)
  Test-MicroInstr_SqrtDropsOnlyOverwrittenInitialization  ok (144 us)
  Test-MicroInstr_FloatToIntKeepsOnlyLiveFlagInitialization  ok (76 us)
  Test-RegAlloc_LiveIntervalAccessSearchBoundaries  ok (5 us)
  Test-RegAlloc_LiveIntervalEmptyAndSingleAccess  ok (1 us)
  Test-RegAlloc_LiveIntervalRangeStartSearchBoundaries  ok (1 us)
  Test-MicroSanity_RejectsStackAddressReturnedAsPointer  ok (82 us)
  Test-MicroSanity_AllowsKnownNonStackPointer  ok (46 us)
  Test-MicroSanity_IgnoresStackAddressReturnedAsInteger  ok (44 us)
  Test-SinkToUse_MovesDefinitionToItsConsumer  ok (53 us)
  Test-SinkToUse_LoadCannotCrossBaseRedefinition  ok (30 us)
  Test-SinkToUse_LoadCannotCrossMemoryWrite  ok (26 us)
  Test-SinkToUse_ChainKeepsProducerOrderAcrossRounds  ok (75 us)
  Test-SinkToUse_OperandClusterKeepsStableOrder  ok (217 us)
  Test-SlpVectorize_UnpackableStores_DoesNotBuildSsa  ok (125 us)
  Test-SlpVectorize_KeepsSeedOrderAcrossRejectedMiddleGroup  ok (260 us)
  Test-SlpVectorize_PermutationsKeepTheFirstMaterializedTuple  ok (192 us)
  Test-SlpVectorize_PermutedLeafLoadsKeepCanonicalLaneOrder  ok (295 us)
  Test-SlpVectorize_StackAndOneParameterAreTheRootLimit  ok (304 us)
  Test-SlpVectorize_SurvivingStoresRespectPackedLoadInsertion  ok (264 us)
  Test-SlpVectorize_RejectedBlockKeepsFollowingBlockVectorizable  ok (402 us)
  Test-SlpVectorize_MultipleBlocks_PreservesSnapshotAndFreshRegisters  ok (167 us)
  Test-MicroSsa_PhiAtJoin     ok (50 us)
  Test-MicroSsa_Dominators_HandleEntryAndDescendantJoin  ok (62 us)
  Test-MicroSsa_ForkWithoutJoinKeepsSiblingAndRootScopes  ok (57 us)
  Test-MicroSsa_ReachingDef_BeforeWritesAndAtNonUses  ok (48 us)
  Test-MicroSsa_ReachingDef_DominatorSiblings  ok (59 us)
  Test-MicroSsa_ReachingDef_LoopAndUnreachableRoot  ok (43 us)
  Test-MicroSsa_PhiAtJoinWithSharedPredecessorDominator  ok (101 us)
  Test-MicroSsa_PhiInputsFollowManyPredecessors  ok (275 us)
  Test-MicroSsa_RebuildAddsFrontierAfterLinearBlocks  ok (67 us)
  Test-MicroSsa_RebuildForgetsErasedAndRecycledSlots  ok (66 us)
  Test-MicroSsa_PhiPropagationThroughNestedJoins  ok (62 us)
  Test-MicroSsa_RepeatedDefinitionsRestoreBlockEntryValues  ok (89 us)
  Test-MicroSsa_FinalBlockKeepsRepeatedDefinitionsAndBackedgeInputs  ok (272 us)
  Test-MicroSsa_RebuildWithOnlyPhysicalDefinitions  ok (61 us)
  Test-MicroSsa_DirectUseCountsAfterPhiRebuild  ok (57 us)
  Test-MicroSsa_IndirectTargetsKeepDistinctAdjacentBlocks  ok (55 us)
  Test-MicroSsa_ForwardOnlyRootsKeepComponentDominatorsSeparate  ok (52 us)
  Test-MicroStackAdjustNormalize_RemovesBodyAdjustsAndRebasesOffsets  ok (112 us)
  Test-MicroStackAdjustNormalize_HandlesBranchingDepths  ok (78 us)
  Test-MicroStorage_InsertedInstructionsUseExplicitDebugInsertionKinds  ok (2 us)
  Test-MicroStorage_InsertBeforePreservesExplicitNoStepWhenSourceIsInherited  ok (2 us)
  Test-MicroStackAdjustNormalize_SkipsCallsBelowMaxDepth  ok (57 us)
  Test-MicroStackAdjustNormalize_RebasesAdjacentCopiesWithRecycledRefs  ok (58 us)
  Test-MicroStackAdjustNormalize_HandlesMaximumDepthWithAndWithoutCalls  ok (85 us)
  Test-MicroStackAdjustNormalize_RestoresEveryReturnInOriginalOrder  ok (58 us)
  Test-StrengthReduction_MultiplyPowerOfTwo  ok (107 us)
  Test-StrengthReduction_MultiplyPowerOfTwoKeepsLiveFlags  ok (43 us)
  Test-StrengthReduction_MultiplyByZero  ok (27 us)
  Test-StrengthReduction_MultiplyByOne  ok (29 us)
  Test-StrengthReduction_MultiplyNonPowerOfTwoUnchanged  ok (27 us)
  Test-StrengthReduction_UnsignedDivideMagicNoFixup  ok (44 us)
  Test-StrengthReduction_UnsignedDivideMagicFixup  ok (46 us)
  Test-StrengthReduction_SignedDividePow2  ok (41 us)
  Test-StrengthReduction_SignedDivideMagic  ok (40 us)
  Test-StrengthReduction_UnsignedModuloMagic  ok (37 us)
  Test-StrengthReduction_SignedDivideNegativeConstantUnchanged  ok (24 us)
  Test-StrengthReduction_DivideByZeroUnchanged  ok (24 us)
  Test-StrengthReduction_NarrowDivideUnchanged  ok (24 us)
  Test-StrengthReduction_RemoveAddZeroDeadAcrossJoin  ok (81 us)
  Test-StrengthReduction_UnsignedMultiplyRequiresLocalFlagRedefinition  ok (220 us)
  Test-StrengthReduction_UnsignedPowerOfTwoKeepsBothFlagPolicies  ok (102 us)
  Test-StrengthReduction_AddSubZeroPreservesLiveResultsAndFlags  ok (264 us)
  Test-ValueNumbering_DedupIdenticalCompute  ok (89 us)
  Test-ValueNumbering_KeepsDifferentInputs  ok (83 us)
  Test-ValueNumbering_KeepsComputeWithLiveFlags  ok (74 us)
  Test-ValueNumbering_DedupLoadAddress  ok (70 us)
  Test-ValueNumbering_KeepsComputeWhenSourceClobbered  ok (52 us)
  Test-ValueNumbering_DedupRepeatedLoad  ok (69 us)
  Test-ValueNumbering_DedupRepeatedFieldLoad  ok (104 us)
  Test-ValueNumbering_KeepsLoadAcrossStore  ok (68 us)
  Test-ValueNumbering_KeepsLoadAcrossLabel  ok (86 us)
  Test-ValueNumbering_DedupLoadAcrossFallthroughBranch  ok (81 us)
  Test-ValueNumbering_DedupPlainLoadAfterExtendingLoad  ok (64 us)
  Test-ValueNumbering_ExtendsEarlierPlainLoad  ok (149 us)
  Test-ValueNumbering_KeepsFrameLoadsForMemToReg  ok (85 us)
  Test-ValueNumbering_PhysicalBasesStayOpaqueBeforeVirtualLoads  ok (164 us)
  Test-ValueNumbering_AddressWidthsStayDistinctBeforeAcceptedLoads  ok (100 us)
  Test-ValueNumbering_FrameClassificationIncludesLaterDefinitions  ok (174 us)
  Test-ValueNumbering_SharesScalarFloatLiteralBits  ok (371 us)
  Test-ValueNumbering_KeepsCheapOrDistinctLiterals  ok (310 us)
  Test-ValueNumbering_KeepsSiblingComputesAndReusesJoinDefinition  ok (136 us)
  Test-ValueNumbering_LazyRelocationsPreserveBothLookupsAndLastTarget  ok (390 us)
  Test-VecLoopPromote_LoadStorePair_HoistsAndSinks  ok (135 us)
  Test-VecLoopPromote_BackwardJumpWithoutCycleLeavesPackedAccesses  ok (69 us)
  Test-VecLoopPromote_StackAndOneParameterAreTheRootLimit  ok (220 us)
  Test-VecLoopPromote_OverlappingScalarStore_Blocks  ok (74 us)
  Test-VecLoopPromote_LoadOnlyChunk_HoistsWithoutStore  ok (76 us)
  Test-VecLoopPromote_StackPointerDefinitionInBody_Blocks  ok (63 us)
  Test-NativeArtifact_RuntimeDependencyOrderPreservesPriorityAndCycleFallback  ok (1 ms)
  Test-NativeArtifact_DefaultsToLocalOutputTree  ok (346 us)
  Test-NativeArtifact_ImportedApiKeepsLocalOutputTree  ok (190 us)
  Test-NativeArtifact_ModuleNamespaceDefaultsFromModulePath  ok (100 us)
  Test-NativeArtifact_ModuleNamespaceOverrideWins  ok (6 us)
  Test-NativeArtifact_ExplicitArtifactKindOverridesBuildCfgMutation  ok (5 us)
  Test-NativeArtifact_RDataKeepsOnlyReferencedConstants  ok (6 ms)
  Test-NativeArtifact_LargeSparseStructDefaultsStayComposable  ok (663 ms)
  Test-NativeArtifact_RDataAllowsInteriorConstantAddresses  ok (6 ms)
  Test-NativeArtifact_RDataKeepsGrowingCyclicDependencies  ok (2 ms)
  Test-NativeArtifact_CoffWriterUsesExtendedRelocations  ok (164 ms)
  Test-NativeArtifact_RDataKeepsReferencedDependencies  ok (7 ms)
  Test-NativeArtifact_RDataEmitsFunctionRelocations  ok (5 ms)
  Test-NativeArtifact_DataEmitsFunctionRelocations  ok (4 ms)
  Test-NativeArtifact_StartupCallsRuntimeSetupAndCloseWrappers  ok (1 ms)
  Test-NativeArtifact_CompilerRunExprInsideTestKeepsJitRunnable  ok (667 ms)
  Test-NativeArtifact_CompilerInstanceNativeRegistrationKeepsBucketsConsistent  ok (438 ms)
  Test-NativeArtifact_ExecutablePrunesUnreachableGeneratedFunctions  ok (695 ms)
  Test-NativeArtifact_ExecutableClosesAlternatingDependencies  ok (657 ms)
  Test-NativeArtifact_SilentSpecOpProbeDoesNotDropStructCopyTests  ok (779 ms)
  Test-NativeArtifact_TestFileFilterKeepsReusableArtifactAndSelectsAtRunTime  ok (504 ms)
  Test-NativeArtifact_TestTagFilterKeepsReusableArtifactAndSelectsAtRunTime  ok (510 ms)
  Test-NativeArtifact_TestProgressProtocolIsStrict  ok (5 us)
  Test-NativeArtifact_ConcurrentCompilerInputsKeepEveryDependency  ok (27 s 184 ms)
  Test-Linker_NativeTestsDiscardRejectedCallees  ok (1 s 591 ms)
  Test-Linker_MissingResourceDrainsParallelReaders  ok (959 ms)
  Test-PeWriter_CompressesEmbeddedDebugTable  ok (29 ms)
  Test-PeWriter_MinimalExecutableCallsExitProcess  ok (174 ms)
  Test-PeWriter_FoldsIdenticalUnwindInfo  ok (185 us)
  Test-Linker_NonDebugImageRemovesStalePdb  ok (7 ms)
  Test-PeWriter_Win32ApplicationResourcesUseConfig  ok (198 us)
  Test-Pdb_DbgHelpResolvesNamesAndLines  ok (94 ms)
  Test-Sema_OverloadRankingUsesOrderedConversionCriteria  ok (62 us)
  Test-Sema_MatchCandidateCollectionPreservesUniqueDiscoveryOrder  ok (360 us)
  Test-Sema_GenericInstanceStoragePreservesIdentityAcrossGrowth  ok (7 ms)
  Test-Sema_AggregateTypeInterningUsesOrderedContents  ok (3 ms)
  Test-Sema_TypeManagerConcurrentInterningKeepsCanonicalStorage  ok (80 ms)
  Test-Sema_TypeManagerReleasesOwnedPayloads  ok (5 ms)
  Test-Sema_CastLegalityCoversScalarConversionKinds  ok (303 us)
  Test-Sema_GenericDeductionBindingHandlesConflictsAndDefaults  ok (161 us)
  Test-Sema_CompletedFreesSummariesKeepDirectForwardingTransitive  ok (47 us)
  Test-Sema_CompletedFreesSummariesResolveGuardedAliasRoutes  ok (182 us)
  Test-Sema_NarrowRootKillsPreserveSurvivorOrder  ok (22 us)
  Test-SemaPurity_GlobalVariableReadIsNotConstFolded  ok (432 ms)
  Test-SemaPurity_NamespaceQualifiedGlobalFieldReadIsNotConstFolded  ok (461 ms)
  Test-JobManager_DebugStateReportsSleepingJobs  ok (39 us)
  Test-JobManager_ProgressiveWorkersDrainQueuedJobs  ok (3 ms)
  Test-JobManager_TargetedWakeBySymbol  ok (81 us)
  Test-AppendOnlyLookupTable_GrowsAcrossChunks  ok (43 us)
  Test-AppendOnlyLookupTable_ConcurrentReaderSeesPublishedEntries  ok (1 ms)
  Test-PagedStore_CopyToPreserveOffsetsKeepsSparseLayout  ok (65 us)
  Test-DataSegment_RelocationIndexHandlesInterleavedMonotonicAdds  ok (48 us)
  Test-DataSegment_RelocationIndexRebuildsAfterOutOfOrderAdd  ok (40 us)
  Test-DataSegment_RelocationRangesPreserveIndexedAndTailEntries  ok (94 us)
  Test-DataSegment_FindAllocationUsesPublishedAllocations  ok (13 us)
  Test-DataSegment_LargeBlockPointersPreservePagedPrefixAndAlignedAllocations  ok (311 us)
  Test-PagedStore_ReserveSpanReturnsWritableContiguousStorage  ok (11 us)
  Test-PagedStore_EmptyCopySpanDoesNotAllocateStorage  ok (6 us)
  Test-PagedStore_ReserveRangeSupportsOversizedZeroedBlocks  ok (15 us)
  Test-DataSegment_StringPoolOwnsInputsAndPreservesViewsAcrossGrowth  ok (1 ms)
  Test-DataSegment_StringPoolRelocationsRetainIndependentKeysAcrossRestore  ok (32 us)
  Test-Logger_TestTalliesNameSuccessfulWork  ok (62 us)
  Test-Logger_NestedStagesDetailedChoiceDoesNotLeak  ok (0 us)
  Test-Logger_ProgressCanBeDisabledFromCommandLine  ok (203 us)
  Test-Logger_BatchRedirectionKeepsPlainOutputAndExitCode  ok (236 ms)
  Test-Os_FatalHostExceptionClassificationExcludesCppExceptions  ok (56 us)
  Test-Os_FileLockOwnersNameTheProcessMappingAnImage  ok (607 ms)
  Test-FileSystem_AppendFileUsersNamesThisCompilerProcess  ok (407 ms)
  Test-FileSystem_AppendFileUsersLeavesAnUnheldFileAlone  ok (31 ms)
  Test-Os_RunProcessChildTreeDoesNotSurviveTheCall  ok (201 ms)
  Test-Utf8_MoveOperationsTransferStorage  ok (5 us)
  Test-Utf8_FixedDecimalFormatting  ok (6 us)
  Test-WarningPolicy_ReadsWarningIdentifiers  ok (67 us)
  Test-WarningPolicy_ParsesLists  ok (19 us)
  Test-WarningPolicy_ResolvesLayerPrecedence  ok (1 us)
  Tests                       798 tests (1 min 20 s)
  Slow-01                     NativeArtifact_ConcurrentCompilerInputsKeepEveryDependency (27 s 184 ms)
  Slow-02                     Compiler_GeneratedSpecOpsDoNotCreateSyntheticSourceFilesUnderStress (17 s 393 ms)
  Slow-03                     Compiler_LifecycleInitWrapperDoesNotCreateSyntheticSourceFilesUnderStress (15 s 92 ms)
  Slow-04                     Linker_NativeTestsDiscardRejectedCallees (1 s 591 ms)
  Slow-05                     Linker_MissingResourceDrainsParallelReaders (959 ms)
  Slow-06                     NativeArtifact_SilentSpecOpProbeDoesNotDropStructCopyTests (779 ms)
  Slow-07                     Compiler_DocExamplesNestTableOfContentsLists (776 ms)
  Slow-08                     Compiler_DocGeneratesPublicApiAndHonorsNoDoc (760 ms)
  Slow-09                     NativeArtifact_ExecutablePrunesUnreachableGeneratedFunctions (695 ms)
  Slow-10                     NativeArtifact_CompilerRunExprInsideTestKeepsJitRunnable (667 ms)
  ✓  tested      798 passed • 1 min 20 s
  ✓  clean       1 min 20 s
