  ◆  swag        unittest • sources
  Test-ABI_AddressedNarrowIntegerHomeUsesNarrowLoad  ok (242 us)
  Test-ABI_SwagSimdArgsUseExtendedRegistersThenWideStackSlots  ok (0 us)
  Test-FFI_CallNativeNoArgBool  ok (356 us)
  Test-FFI_CallNativeU8       ok (126 us)
  Test-FFI_CallNativeI32      ok (36 us)
  Test-FFI_CallNativeF32      ok (32 us)
  Test-FFI_CallNativeF64      ok (37 us)
  Test-FFI_CallNativeF64StackArg  ok (108 us)
  Test-FFI_CallNativeMixedArgs  ok (36 us)
  Test-FFI_CallNativeStackArgs  ok (103 us)
  Test-FFI_CallNativePointerArg  ok (31 us)
  Test-ABI_SwagStructArgPassingMatchesNative  ok (0 us)
  Test-FFI_CallSwagStructByValueInteropDevMode  ok (299 ms)
  Test-FFI_CallSwagStructByValueInteropRelease  ok (255 ms)
  Test-FFI_CallNativeStructByValueRegister  ok (134 us)
  Test-FFI_CallNativeStructByValueStack  ok (66 us)
  Test-FFI_CallNativeStructByReferenceCopy  ok (35 us)
  Test-FFI_CallNativeStructReturnByValueRegister  ok (33 us)
  Test-FFI_CallNativeStructReturnByReference  ok (31 us)
  Test-ConstantManager_CopiesBorrowedStructPayloadOutsideDataSegment  ok (40 us)
  Test-ConstantManager_StoresNullableCStringFromBlockPointer  ok (4 us)
  Test-ConstantValue_MakesNullableCStringFromRuntimePointer  ok (1 us)
  Test-ConstantManager_CopiesBorrowedArrayPayloadOutsideDataSegment  ok (8 us)
  Test-ConstantManager_DeduplicatesBorrowedArrayPayloadsByValue  ok (1 us)
  Test-ConstantManager_CachesZeroPayloadConstantsByType  ok (10 us)
  Test-ConstantManager_CopiesBorrowedSlicePayloadOutsideDataSegment  ok (3 us)
  Test-ConstantManager_AcceptsEmptyBorrowedSlicePayloads  ok (5 us)
  Test-ConstantManager_DistinguishesPresentEmptySlicePayloads  ok (12 us)
  Test-ConstantManager_DeduplicatesMaterializedArrayPayloadConstants  ok (8 us)
  Test-ConstantManager_DoesNotDeduplicateMaterializedArrayPayloadsWithDifferentRelocations  ok (7 us)
  Test-ConstantManager_OwnsAggregateElementsAfterInputsAreDestroyed  ok (136 us)
  Test-ConstantManager_ReleasesOwnedAggregatePayloads  ok (6 ms)
  Test-ConstantManager_PreservesStringNormalizationOnRepeatedInputs  ok (135 us)
  Test-ConstantManager_PublishesCanonicalReferencesAcrossGrowth  ok (5 ms)
  Test-ConstantManager_EnrichesStorageReferencesWithoutMutatingInputs  ok (94 us)
  Test-ConstantManager_ConcurrentInterningKeepsCanonicalStorage  ok (9 ms)
  Test-Compiler_NewScriptCommandParsesDefaultPath  ok (57 us)
  Test-Compiler_CommandLineHelpStopsBeforeCompilation  ok (97 us)
  Test-Compiler_NewModuleCommandParsesWorkspace  ok (37 us)
  Test-Compiler_DocSearchPreservesLiteralCode  ok (11 us)
  Test-Compiler_DocCommandParsesOptions  ok (434 us)
  Test-Compiler_DocMarkdownRendersSupportedBlocks  ok (104 us)
  Test-Compiler_DocBlockCommentsPreserveCodeIndentation  ok (9 us)
  Test-Compiler_DocMarkdownRendersCompleteLists  ok (52 us)
  Test-Compiler_DocMarkdownRendersHeaderlessTableAndNestedInline  ok (15 us)
  Test-Compiler_LegacyStaticControlDirectivesAreNotKeywords  ok (6 us)
  Test-Compiler_AutoInlineCostPricesCallsAndRewardsOneModuleCallSite  ok (391 us)
  Test-Compiler_ExplicitInlineExpandsCrossFileBody  ok (170 ms)
  Test-Compiler_InMemorySourceRunsSemaWithoutDiskIO  ok (146 us)
  Test-Compiler_InMemorySourceKeepsFormatCommandGlobalIfDuringFormat  ok (86 us)
  Test-Compiler_InMemorySourceSkipsFalseGlobalIf  ok (48 us)
  Test-Compiler_InMemorySourceSkipsTestCommandGlobalIfOutsideTests  ok (149 us)
  Test-Compiler_InMemorySourceKeepsTestCommandGlobalIfDuringTests  ok (57 us)
  Test-Compiler_GenericUnionDeductionRemainsStableForHistoricalRandomSeed1002  ok (198 ms)
  Test-Compiler_GenericUnionDeductionRemainsStableForHistoricalRandomSeed1009  ok (188 ms)
  Test-Compiler_GenericUnionDeductionRemainsStableForHistoricalRandomSeed1032  ok (182 ms)
  Test-Compiler_GenericUnionDeductionRemainsStableForHistoricalRandomSeed1143  ok (186 ms)
  Test-Compiler_AstVisitPreservesSiblingsAcrossPauseSkipAndRestart  ok (149 us)
  Test-Compiler_AstVisitResolvesChildrenWithoutFollowingActiveAncestors  ok (55 us)
  Test-Compiler_SymbolLocationSortKeepsStableTokenOrderWithinOneFile  ok (83 us)
  Test-Compiler_SymbolLocationSortKeepsCompositeKeysAcrossFiles  ok (56 us)
  Test-Compiler_MessagePassSkipsWithoutListeners  ok (434 us)
  Test-Compiler_MessagePassQueuesOnlyOncePerListener  ok (339 us)
  Test-Compiler_MessageAliasPayloadUsesUnderlyingType  ok (7 us)
  Test-Compiler_DiagnosticWarningSeverityColorIsMagenta  ok (0 us)
  Test-Compiler_DiagnosticCatalogFollowsSwagMessageStyle  ok (394 us)
  Test-Compiler_AssertDiagnosticPreservesLiteralSuffixQuotes  ok (70 us)
  Test-Compiler_DiagnosticEscapesQuotedArgumentTicks  ok (15 us)
  Test-Compiler_DiagnosticArgumentCountDoesNotRepeatUnit  ok (79 us)
  Test-Compiler_DiagnosticRemovesUnexpandedWordPlaceholders  ok (11 us)
  Test-Compiler_NativeExitCodeDiagnosticShowsDecimalAndHex  ok (10 us)
  Test-Compiler_DiagnosticEscapesQuotedArgumentWithoutBreakingHelpSplit  ok (11 us)
  Test-NodePayload_ConcurrentUpdatesPreserveDisjointState  ok (6 ms)
  Test-Compiler_CommandLineTagsReachSema  ok (185 ms)
  Test-Compiler_InternalTagPrecedesUserOverride  ok (188 ms)
  Test-Compiler_TestCommandEnablesSourceDrivenModeWhenParsed  ok (112 us)
  Test-Compiler_DebugOptionEnablesDebugInformation  ok (56 us)
  Test-Compiler_ReleaseBuildDoesNotEnableDebugInformation  ok (53 us)
  Test-Compiler_TestCommandRegistersSwagTestCompilerTag  ok (180 ms)
  Test-Compiler_UnittestCommandKeepsSourceDrivenModeDisabledWhenParsed  ok (76 us)
  Test-Compiler_RunCommandParsesRunArgs  ok (62 us)
  Test-Compiler_TestCommandForcesSwagTestRunArg  ok (45 us)
  Test-Compiler_TestCommandDoesNotDuplicateSwagTestRunArg  ok (2 us)
  Test-Compiler_TestCommandKeepsExplicitSandboxRoot  ok (2 us)
  Test-Compiler_TestCommandGrantsTheModuleAsCorpus  ok (13 us)
  Test-Compiler_TestCommandGrantsTheWorkspaceWithoutAModule  ok (3 us)
  Test-Compiler_SmokeCommandGrantsNoCorpus  ok (2 us)
  Test-DebugInfo_EmitsWindowsSymbolAndTypeRecords  ok (120 us)
  Test-DebugInfo_PdbInfoEmitsWindowsBuildInfo  ok (34 us)
  Test-DebugInfo_EmitsWindowsVariableAndConstantRecords  ok (61 us)
  Test-DebugInfo_UsesPerVariableBaseRegistersForRegRelativeSymbols  ok (38 us)
  Test-DebugInfo_CollapsesConsecutiveSameLineEntries  ok (82 us)
  Test-DebugInfo_SkipsNoStepLineEntries  ok (56 us)
  Test-DebugInfo_FirstLineCoversEntry  ok (43 us)
  Test-DebugInfo_ResolvesNoStepBackendSourceInfo  ok (11 us)
  Test-DebugInfo_UsesOwnerSourceFileForGeneratedViews  ok (56 us)
  Test-DebugInfo_UsesDebugSourceCodeRefForGeneratedViewLines  ok (231 us)
  Test-DebugInfo_CompilerTestFunctionsPreserveStackDebugMetadata  ok (259 ms)
  Test-DebugInfo_RuntimeStorageLocalsStayOutOfCodeView  ok (253 ms)
  Test-DebugInfo_CompilerPrivateGlobalsReachCodeViewDataSymbols  ok (299 ms)
  Test-DebugInfo_EmitsWindowsSourceChecksums  ok (128 us)
  Test-EncodeX64_Flow         ok (774 us)
  Test-EncodeX64_Load         ok (1 ms)
  Test-EncodeX64_CmpAndCond   ok (363 us)
  Test-EncodeX64_VecPackedOps  ok (2 ms)
  Test-EncodeX64_LegalizeLargeCmpRegImmPreservesLhs  ok (79 us)
  Test-EncodeX64_UnaryOps     ok (259 us)
  Test-EncodeX64_BinaryRegRegOps  ok (1 ms)
  Test-EncodeX64_BinaryRegMemOps  ok (87 us)
  Test-EncodeX64_BinaryMemRegOps  ok (183 us)
  Test-EncodeX64_BinaryImmOps  ok (721 us)
  Test-EncodeX64_TernaryAndConvert  ok (214 us)
  Test-EncodeX64_UnwindFromMicro  ok (46 us)
  Test-EncodeX64_UnwindFramePointerSetupAfterStackShape  ok (30 us)
  Test-EncodeX64_UnwindStopsBeforeStackStoreBody  ok (28 us)
  Test-EncodeX64_UnwindUpdatesFramePointerWhenAssignedTwice  ok (27 us)
  Test-EncodeX64_UnwindLocalStackBaseIsNotAFrameRegister  ok (25 us)
  Test-EncodeX64_UnwindStopsAfterBodyStart  ok (20 us)
  Test-FormatAlign_ConsecutiveAssignments  ok (427 us)
  Test-FormatAlign_ConsecutiveAliases  ok (127 us)
  Test-FormatAlign_AliasesAcrossAttributesAndBlankLines  ok (223 us)
  Test-FormatAlign_AssignmentsBreakOnIndentation  ok (194 us)
  Test-FormatAlign_AssignmentsBreakOnBlankLine  ok (161 us)
  Test-FormatAlign_AssignmentsAcrossBlanks  ok (128 us)
  Test-FormatAlign_ConsecutiveDeclarations  ok (138 us)
  Test-FormatAlign_ControlDeclarationsBreakDeclarationGroups  ok (157 us)
  Test-FormatAlign_ConsecutiveConstants  ok (105 us)
  Test-FormatAlign_StructFields  ok (114 us)
  Test-FormatAlign_EnumValues  ok (283 us)
  Test-FormatAlign_NoneRemovesAlignment  ok (167 us)
  Test-FormatAlign_TrailingComments  ok (141 us)
  Test-FormatAlign_TrailingCommentsBreakOnIndentation  ok (168 us)
  Test-FormatAlign_TrailingCommentsNormalized  ok (124 us)
  Test-FormatAlign_FatArrowsConsecutive  ok (146 us)
  Test-FormatAlign_FatArrowsBreakOnPlainFunction  ok (191 us)
  Test-FormatAlign_SingletonTightensStalePadding  ok (205 us)
  Test-FormatAlign_StructFieldsWithTypeQualifiers  ok (218 us)
  Test-FormatAlign_StructFieldGridMixed  ok (205 us)
  Test-FormatAlign_StructFieldGridOffKeepsSingleColumn  ok (129 us)
  Test-FormatAlign_DeclarationGridInitializers  ok (151 us)
  Test-FormatAlign_ConstantGridTypes  ok (131 us)
  Test-FormatAlign_QualifiedConstantGridTypes  ok (138 us)
  Test-FormatAlign_QualifiedDeclarationPrefixes  ok (244 us)
  Test-FormatAlign_CaseBodiesConsecutive  ok (177 us)
  Test-FormatAlign_ArrayColumns  ok (132 us)
  Test-FormatAlign_ArrayColumnsSkipsRaggedRows  ok (111 us)
  Test-FormatAlign_HangingLineFollowsAlignedAnchor  ok (191 us)
  Test-FormatAlign_AfterOpenBracketUsesLiteralBrace  ok (151 us)
  Test-FormatAlign_AfterOpenBracketKeepsDataTableRows  ok (138 us)
  Test-FormatAlign_OperandsInsideBracketAnchorOnBracket  ok (136 us)
  Test-FormatAlign_OperandsOutsideBracketAnchorOnStatement  ok (245 us)
  Test-FormatAlign_OutlierGapLeavesLongLineAlone  ok (135 us)
  Test-FormatAlign_OutlierGapKeepsGradedTable  ok (130 us)
  Test-FormatAlign_OutlierGapDropsBothEnds  ok (130 us)
  Test-FormatAlign_AcrossBlanksReadsTheCappedBlankCount  ok (102 us)
  Test-FormatAlign_AccessModifierLineDoesNotBreakTheGroup  ok (123 us)
  Test-FormatAlign_WrappedArgumentsFollowTheAlignedHead  ok (208 us)
  Test-FormatAttributes_OwnLine  ok (121 us)
  Test-FormatAttributes_Inline  ok (99 us)
  Test-FormatAttributes_BreakAfterAttribute  ok (97 us)
  Test-FormatAttributes_Grouped  ok (113 us)
  Test-FormatAttributes_SortArguments  ok (147 us)
  Test-FormatAttributes_SortArgumentsWithDifferentPieceCounts  ok (135 us)
  Test-FormatAttributes_SpaceAfterAttributeComma  ok (103 us)
  Test-FormatBlanks_MaxConsecutiveEmptyLinesUnlimited  ok (119 us)
  Test-FormatBlanks_MaxConsecutiveEmptyLinesCollapses  ok (104 us)
  Test-FormatBlanks_MaxConsecutiveEmptyLinesOne  ok (112 us)
  Test-FormatBlanks_AfterOpeningBraceNever  ok (124 us)
  Test-FormatBlanks_AfterOpeningBracePreserve  ok (98 us)
  Test-FormatBlanks_AfterOpeningBraceAlways  ok (95 us)
  Test-FormatBlanks_BeforeClosingBraceNever  ok (95 us)
  Test-FormatBlanks_BeforeClosingBracePreserve  ok (93 us)
  Test-FormatBlanks_BeforeClosingBraceAlways  ok (94 us)
  Test-FormatBlanks_AroundAccessBlocksAlways  ok (145 us)
  Test-FormatBlanks_AroundAccessBlocksNever  ok (117 us)
  Test-FormatBlanks_AroundAccessBlocksPreserve  ok (109 us)
  Test-FormatBlanks_TrimTrailingNewlinesCollapsesToOne  ok (188 us)
  Test-FormatBlanks_TrimTrailingNewlinesDisabled  ok (95 us)
  Test-FormatBlanks_CombinedBlockEdges  ok (185 us)
  Test-FormatBlanks_BeforeFunctionAlways  ok (119 us)
  Test-FormatBlanks_BeforeFunctionKeepsDocCommentAttached  ok (133 us)
  Test-FormatBlanks_BeforeFunctionKeepsShortFormsStacked  ok (184 us)
  Test-FormatBlanks_BeforeTypeAlways  ok (112 us)
  Test-FormatBlanks_BeforeCommentBlockAlways  ok (115 us)
  Test-FormatBlanks_BeforeCommentBlockKeepsBlockStartAndRuns  ok (105 us)
  Test-FormatBlanks_BeforeCommentBlockKeepsInlineBodyStart  ok (121 us)
  Test-FormatBlanks_AfterGlobalBlockInsertsBlank  ok (119 us)
  Test-FormatBlanks_AfterGlobalThenUsingBlocks  ok (117 us)
  Test-FormatBlanks_BetweenCasesMultiLine  ok (218 us)
  Test-FormatBlanks_BetweenCasesNeverRemovesBlanks  ok (151 us)
  Test-FormatBlanks_AfterStandaloneClosingBraceAlways  ok (133 us)
  Test-FormatBlanks_AfterStandaloneClosingBraceNever  ok (125 us)
  Test-FormatBlanks_AfterStandaloneClosingBracePreserve  ok (151 us)
  Test-FormatBlanks_AfterStandaloneClosingBraceKeepsElseAttached  ok (143 us)
  Test-FormatBraces_AllmanMovesBraceToOwnLine  ok (128 us)
  Test-FormatStatements_OneStatementPerLine  ok (177 us)
  Test-FormatStatements_UsingFieldPrefixStaysTogether  ok (417 us)
  Test-FormatStatements_OneEnumValuePerLine  ok (144 us)
  Test-FormatBraces_ShortInlineDoBodiesSplit  ok (192 us)
  Test-FormatBraces_DestructuringPatternsStayInlineAndIndentAsStatements  ok (537 us)
  Test-FormatBraces_AttachJoinsBrace  ok (168 us)
  Test-FormatBraces_AllmanOnControlBlocks  ok (183 us)
  Test-FormatBraces_BreakBeforeElse  ok (212 us)
  Test-FormatBraces_JoinElseToBrace  ok (177 us)
  Test-FormatBraces_CompactEmptyBraces  ok (137 us)
  Test-FormatBraces_ShortFunctionsNeverSplits  ok (169 us)
  Test-FormatBraces_ShortFunctionsNeverKeepsEmpty  ok (157 us)
  Test-FormatBraces_SourceSelectsDefinitionLayout  ok (418 us)
  Test-FormatBraces_ShortBlocksInlineJoins  ok (196 us)
  Test-FormatBraces_ShortIfNeverSplits  ok (189 us)
  Test-FormatBraces_ShortLoopsJoin  ok (180 us)
  Test-FormatBraces_ShortEnumsSplit  ok (141 us)
  Test-FormatBraces_ShortCaseSplits  ok (222 us)
  Test-FormatBraces_ShortCaseJoins  ok (237 us)
  Test-FormatBraces_CaseUniformJoinsJumpTable  ok (355 us)
  Test-FormatBraces_CaseUniformExpandsMixedSwitch  ok (278 us)
  Test-FormatBraces_StaticIfChainAlignsAndBreaks  ok (303 us)
  Test-FormatBraces_StaticControl  ok (329 us)
  Test-FormatBraces_StaticIfSingleLineChainStaysInline  ok (210 us)
  Test-FormatBraces_MultiLineBlockContentLeavesBraceLines  ok (256 us)
  Test-FormatBraces_AllmanOnStaticIfBlocks  ok (182 us)
  Test-FormatBraces_ShortStructsKeepTupleTypes  ok (277 us)
  Test-FormatBraces_ShortStructsStillSplitDeclarations  ok (185 us)
  Test-FormatBraces_ShortFunctionsKeepClosureArguments  ok (323 us)
  Test-FormatBraces_ShortBlocksKeepInitializerLiterals  ok (312 us)
  Test-FormatBraces_ShortFunctionsInlineKeepsClosureBodies  ok (263 us)
  Test-FormatStatements_RemoveRedundantSemicolons  ok (245 us)
  Test-FormatStatements_RemoveConditionParentheses  ok (224 us)
  Test-FormatBraces_BreakBeforeWhere  ok (184 us)
  Test-FormatBraces_ShortClosuresNeverSplits  ok (405 us)
  Test-FormatBraces_UniformKeepsArmsWhoseCallIsWrapped  ok (255 us)
  Test-FormatBraces_UniformExpandsWhenAnArmCarriesABlock  ok (1 ms)
  Test-FormatBraces_SemicolonPushedToEndOfLineByWrappingIsRemoved  ok (143 us)
  Test-FormatBraces_AnonymousStructTypeKeepsItsShape  ok (161 us)
  Test-FormatComments_SpaceAfterLineCommentPrefix  ok (101 us)
  Test-FormatComments_NormalizeSectionSeparators  ok (88 us)
  Test-FormatComments_ReflowParagraph  ok (104 us)
  Test-FormatComments_ReflowJoinsShortLines  ok (94 us)
  Test-FormatComments_NormalizeMode  ok (86 us)
  Test-FormatComments_LastInBlockKeepsBlockIndent  ok (127 us)
  Test-FormatComments_LastInNestedBlockKeepsBlockIndent  ok (149 us)
  Test-FormatComments_LastInSwitchKeepsArmIndent  ok (162 us)
  Test-FormatComments_BeforeCaseLabelKeepsLabelIndent  ok (152 us)
  Test-FormatComments_InsideABracketSettleInOnePass  ok (289 us)
  Test-FormatFile_InlineBodyOwnsNestedBraceIndent  ok (198 us)
  Test-FormatFile_InlineIfBranchStopsBeforeElse  ok (262 us)
  Test-FormatFile_CatchHandlerAlignsAndIndents  ok (158 us)
  Test-FormatFile_InlineDestructuringIsNotABlock  ok (240 us)
  Test-FormatFile_InsertFinalNewline  ok (90 us)
  Test-FormatFile_TrimLeadingBlankLines  ok (82 us)
  Test-FormatFile_TrimLeadingBlankLinesDisabled  ok (80 us)
  Test-FormatFile_ReservedIdentifiersAreFormattable  ok (100 us)
  Test-FormatFile_IndentInsideParensEnforcesContinuation  ok (146 us)
  Test-FormatFile_AlignOperandsOnWrappedCondition  ok (139 us)
  Test-FormatFile_WhereClauseIndent  ok (138 us)
  Test-FormatFile_WhereBlockIndent  ok (142 us)
  Test-FormatFile_EndOfLineStyleLf  ok (95 us)
  Test-FormatFile_EndOfLineStyleCrLf  ok (89 us)
  Test-FormatFile_TrimTrailingWhitespace  ok (87 us)
  Test-FormatFile_BlankLineAfterUsingBlock  ok (116 us)
  Test-FormatFile_BlankLineBeforeFunctionDefinition  ok (154 us)
  Test-FormatFile_IndentStyleSpacesNormalizesTabs  ok (127 us)
  Test-FormatFile_IndentStyleTabs  ok (96 us)
  Test-FormatFile_ReindentFixesBadIndent  ok (131 us)
  Test-FormatFile_ElseBeforeNestedIfAligns  ok (165 us)
  Test-FormatFile_IndentNamespaceBodyOff  ok (195 us)
  Test-FormatFile_IndentCaseLabels  ok (318 us)
  Test-FormatLiteral_PreserveLeavesNumericLiteralsUntouched  ok (182 us)
  Test-FormatLiteral_PreserveCharacterTypeSuffix  ok (123 us)
  Test-FormatLiteral_HexDigitCaseUpperAndLower  ok (203 us)
  Test-FormatLiteral_HexPrefixCaseUpperAndLower  ok (178 us)
  Test-FormatLiteral_FloatExponentCaseUpperAndLower  ok (188 us)
  Test-FormatLiteral_NormalizeHexDigitSeparators  ok (89 us)
  Test-FormatLiteral_NormalizeBinaryDigitSeparators  ok (91 us)
  Test-FormatLiteral_NormalizeDecimalDigitSeparators  ok (188 us)
  Test-FormatLiteral_NormalizeFloatDigitSeparators  ok (100 us)
  Test-FormatLiteral_CombinedHexCaseAndNormalization  ok (90 us)
  Test-FormatOff_LineCommentDisablesNumberFormatting  ok (112 us)
  Test-FormatOff_NoOnComment_RestOfFileRaw  ok (103 us)
  Test-FormatOff_MultipleRegions  ok (118 us)
  Test-FormatOff_BlockComment  ok (102 us)
  Test-FormatOff_CustomMarkers  ok (102 us)
  Test-FormatOff_EolNotRewrittenInDisabledRegion  ok (106 us)
  Test-FormatSpacing_SpaceAfterComma  ok (167 us)
  Test-FormatSpacing_NormalizeHorizontalWhitespace  ok (145 us)
  Test-FormatSpacing_NamedArgumentColons  ok (145 us)
  Test-FormatSpacing_TrueOptionsKeepManualAlignment  ok (115 us)
  Test-FormatSpacing_NoSpaceAfterComma  ok (127 us)
  Test-FormatSpacing_SpaceAroundAssignment  ok (112 us)
  Test-FormatSpacing_NoSpaceAroundAssignment  ok (85 us)
  Test-FormatSpacing_SpaceAroundBinaryOperators  ok (108 us)
  Test-FormatSpacing_NoSpaceAroundBinaryOperators  ok (90 us)
  Test-FormatSpacing_SpaceAroundArrow  ok (196 us)
  Test-FormatSpacing_FatArrow  ok (191 us)
  Test-FormatSpacing_ColonInDeclarations  ok (115 us)
  Test-FormatSpacing_ColonInBaseClause  ok (116 us)
  Test-FormatSpacing_InsideParentheses  ok (237 us)
  Test-FormatSpacing_InEmptyParentheses  ok (169 us)
  Test-FormatSpacing_InsideBrackets  ok (238 us)
  Test-FormatSpacing_AfterCast  ok (205 us)
  Test-FormatSpacing_AfterKeyword  ok (231 us)
  Test-FormatSpacing_AfterUnaryOperator  ok (129 us)
  Test-FormatSpacing_PostfixDereference  ok (171 us)
  Test-FormatSpacing_BeforeParenthesesControl  ok (215 us)
  Test-FormatSpacing_InsideBracesOfLiterals  ok (205 us)
  Test-FormatSpacing_FailClosesAFunctionTypeNotAnOperand  ok (116 us)
  Test-FormatStyle_PreserveNormalizesNothing  ok (167 us)
  Test-FormatStyle_DefaultOptionsArePreserve  ok (687 us)
  Test-FormatStyle_SwagIsTheCanonicalLayout  ok (355 us)
  Test-FormatStyle_SwagIntrinsicCallsStayStable  ok (451 us)
  Test-FormatStyle_SwagKeepsAccessModifiersWithTheirDeclarations  ok (228 us)
  Test-FormatStyle_SwagKeepsStorageAndAccessModifierOrders  ok (7 ms)
  Test-FormatStyle_SwagSeparatesAccessBlocks  ok (239 us)
  Test-FormatStyle_SwagLeavesLineEndingsAndColumnsAlone  ok (132 us)
  Test-FormatStyle_DescribeRendersEveryOption  ok (203 us)
  Test-FormatUsing_SortAscending  ok (402 us)
  Test-FormatUsing_SortCaseInsensitive  ok (163 us)
  Test-FormatUsing_BlankLineSplitsRuns  ok (141 us)
  Test-FormatUsing_Merge      ok (138 us)
  Test-FormatUsing_SortAndMerge  ok (137 us)
  Test-FormatWrap_BreaksAfterComma  ok (240 us)
  Test-FormatWrap_ForceSingleLineLists  ok (215 us)
  Test-FormatWrap_FormatterSelectsListLineMode  ok (427 us)
  Test-FormatWrap_SourceSelectsSingleLineLists  ok (239 us)
  Test-FormatWrap_SourceSelectsNestedSingleLineLists  ok (204 us)
  Test-FormatWrap_HangingIndentLists  ok (155 us)
  Test-FormatWrap_HangingAlignLists  ok (192 us)
  Test-FormatWrap_VerticalLists  ok (150 us)
  Test-FormatWrap_BlockLists  ok (156 us)
  Test-FormatWrap_ForceSingleLineLogicalExpressions  ok (169 us)
  Test-FormatWrap_SourceSelectsSingleLineLogicalExpressions  ok (150 us)
  Test-FormatWrap_LogicalOperatorsAfter  ok (171 us)
  Test-FormatWrap_LogicalOperatorsBefore  ok (144 us)
  Test-FormatWrap_LogicalOperandsOnePerLine  ok (147 us)
  Test-FormatWrap_LogicalHangingIndent  ok (138 us)
  Test-FormatWrap_LogicalOperandsPack  ok (140 us)
  Test-FormatWrap_FormatterSelectsLogicalExpressionLineMode  ok (315 us)
  Test-FormatWrap_NestedLogicalExpressions  ok (255 us)
  Test-FormatWrap_NormalizesAdversarialLists  ok (361 us)
  Test-FormatWrap_NormalizesAdversarialLogicalExpression  ok (191 us)
  Test-FormatWrap_AlignsMultilineArgumentContents  ok (200 us)
  Test-FormatWrap_ClosureCapturesStayInsideArgument  ok (301 us)
  Test-FormatWrap_NoWrapWhenDisabled  ok (153 us)
  Test-FormatWrap_BreakBeforeBinaryOperators  ok (137 us)
  Test-FormatWrap_BinPackLists  ok (423 us)
  Test-FormatWrap_BinPackParametersOnePerLine  ok (190 us)
  Test-FormatWrap_BinPackArgumentsOnePerLine  ok (217 us)
  Test-FormatWrap_NoColumnLimitNeverMovesAStatementBreak  ok (362 us)
  Test-FormatWrap_ColumnLimitBreaksHighestInTheExpression  ok (260 us)
  Test-FormatWrap_ColumnLimitAlignsNewOperandLinesInOnePass  ok (250 us)
  Test-FormatWrap_ColumnLimitBreaksAtTheLoosestOperator  ok (303 us)
  Test-FormatWrap_ColumnLimitKeepsOneIndentPerStatement  ok (229 us)
  Test-FormatWrap_ContinuationOutsideBracketsTakesCanonicalIndent  ok (235 us)
  Test-FormatWrap_ContinuationInsideBracketsKeepsRelativeIndent  ok (387 us)
  Test-FormatWrap_WrappedCaseValuesAlignUnderTheFirstValue  ok (551 us)
  Test-FormatWrap_SourceSelectsLiteralLayout  ok (605 us)
  Test-FormatWrap_HugTrailingTableArgument  ok (462 us)
  Test-FormatWrap_HugTrailingClosureArgument  ok (450 us)
  Test-FormatWrap_HugTrailingBlockLiteralItem  ok (479 us)
  Test-FormatWrap_HugSkipsEarlierMultilineArgument  ok (516 us)
  Test-JIT_Return42           ok (199 us)
  Test-JIT_RegAllocAvoidsFutureConcreteClobber  ok (192 us)
  Test-JIT_128BitStackCopy    ok (485 us)
  Test-JIT_PointerSpillRoundTrip  ok (384 us)
  Test-JIT_B32LoadAndZeroExtendKeepsUpperBitsClear  ok (258 us)
  Test-JIT_PackedIntegerOps   ok (182 us)
  Test-JIT_VecCodecOps        ok (603 us)
  Test-JIT_VecFloatOps        ok (210 us)
  Test-JIT_SlpVectorizedLanes  ok (3 ms)
  Test-JIT_ConstantDivisionBaseline  ok (7 ms)
  Test-JIT_ConstantDivisionStrengthReduced  ok (24 ms)
  Test-JIT_PersistentRegPreservedAcrossCall  ok (278 us)
  Test-BranchSimplify_ErasesJumpToImmediateLabel  ok (187 us)
  Test-BranchSimplify_ThreadsJumpThroughEmptyBlock  ok (191 us)
  Test-BranchSimplify_FoldsKnownTrueBranch  ok (159 us)
  Test-BranchSimplify_FoldsKnownFalseBranch  ok (120 us)
  Test-BranchSimplify_FoldsKnownSignedLessBranch  ok (117 us)
  Test-BranchSimplify_FoldsKnownUnsignedBelowBranch  ok (117 us)
  Test-BranchSimplify_ErasesDeadTailAfterRet  ok (81 us)
  Test-BranchSimplify_ConvertsMinPatternToCmov  ok (90 us)
  Test-BranchSimplify_ConvertsConditionalConstantToCmov  ok (131 us)
  Test-BranchSimplify_KeepsMultiInstructionBranchBody  ok (94 us)
  Test-BranchSimplify_ThreadsShortCircuitExit  ok (145 us)
  Test-BranchSimplify_KeepsReferencedLabel  ok (128 us)
  Test-BranchSimplify_KeepsByteSelectBranch  ok (85 us)
  Test-BranchSimplify_ConvertsDiamondSelectToCmov  ok (123 us)
  Test-BranchSimplify_ConvertsDiamondConstantsToCmov  ok (144 us)
  Test-BranchSimplify_SinksCompareBelowFlagWritingArm  ok (127 us)
  Test-BranchSimplify_KeepsDiamondWithGuardedLoad  ok (94 us)
  Test-BranchSimplify_KeepsDiamondWithSharedArmLabel  ok (189 us)
  Test-BranchSimplify_KeepsDiamondWhenArmReadsResultFirst  ok (98 us)
  Test-BranchSimplify_KeepsDiamondWhenArmClobbersCompareInput  ok (108 us)
  Test-BranchSimplify_KeepsByteDiamond  ok (93 us)
  Test-BranchSimplify_ConvertsEarlyReturnToCmov  ok (95 us)
  Test-BranchSimplify_ConvertsEarlyReturnChainToCmovs  ok (237 us)
  Test-BranchSimplify_KeepsEarlyReturnWithGuardedLoad  ok (76 us)
  Test-BranchSimplify_SinksCompareBelowFlagWritingEarlyReturn  ok (103 us)
  Test-BranchSimplify_InvertsJumpPairAfterImmediateJumpErasure  ok (115 us)
  Test-BranchSimplify_TriangleScratchPreservesAcceptedPlanOrder  ok (261 us)
  Test-ConstantFolding_FoldBinaryRegImm  ok (113 us)
  Test-ConstantFolding_FoldCopyFromKnown  ok (78 us)
  Test-ConstantFolding_ChainedFold  ok (29 us)
  Test-ConstantFolding_FoldFromClearReg  ok (16 us)
  Test-ConstantFolding_FoldAcrossJoinSameConstant  ok (32 us)
  Test-ConstantFolding_BinaryRequiresKnownInputsAndDeadFlags  ok (125 us)
  Test-CopyElim_SelfCopy_Erased  ok (52 us)
  Test-CopyElim_ChainedCopies_CanonicalizesSource  ok (43 us)
  Test-CopyElim_RewritesPureUseAcrossJoin  ok (63 us)
  Test-CopyElim_DoesNotPropagatePastSourceRedefinition  ok (106 us)
  Test-CopyElim_TransfersForbiddenPhysRegsToCanonicalSource  ok (89 us)
  Test-CopyElim_DoesNotRewriteUseDefOperand  ok (31 us)
  Test-DeadCodeElimination_RemovesEntireDeadChain  ok (590 us)
  Test-DeadCodeElimination_JoinTracksSurvivingConsumers  ok (101 us)
  Test-DeadCodeElimination_PhiCyclesNeedAnInstructionConsumer  ok (308 us)
  Test-DeadCodeElimination_DeadFlagConsumerExposesArithmetic  ok (101 us)
  Test-InstCombine_Identity_AddZero_Erased  ok (66 us)
  Test-InstCombine_ConstantAddressLoad_FoldsToRip  ok (106 us)
  Test-InstCombine_RelocatedLoad_UsesExactTargetAndLiveMemory  ok (692 us)
  Test-InstCombine_Absorbing_AndZero_BecomesClear  ok (26 us)
  Test-InstCombine_Absorbing_OrAllOnes_BecomesLoadImm  ok (21 us)
  Test-InstCombine_Reassociate_AddAdd  ok (45 us)
  Test-InstCombine_Reassociate_AddSub_PicksAdd  ok (25 us)
  Test-InstCombine_Reassociate_ShiftLeftChain  ok (26 us)
  Test-InstCombine_Reassociate_ShiftOverflow_NotFolded  ok (23 us)
  Test-InstCombine_RegReg_XorSelf_BecomesClear  ok (22 us)
  Test-InstCombine_RegReg_SubSelf_BecomesClear  ok (21 us)
  Test-InstCombine_RegReg_AndSelf_DeadErased  ok (22 us)
  Test-InstCombine_Reassociate_MulMulSigned  ok (28 us)
  Test-InstCombine_Reassociate_OrOr  ok (24 us)
  Test-InstCombine_MemFold_Imm_Consecutive  ok (45 us)
  Test-InstCombine_MemFold_Reg_Consecutive  ok (34 us)
  Test-InstCombine_MemFold_NonConsecutive  ok (31 us)
  Test-InstCombine_MemFold_VtReadAfterStore_NotFolded  ok (41 us)
  Test-InstCombine_MaskBeforeLeftShift_DroppedDirect  ok (25 us)
  Test-InstCombine_MaskBeforeLeftShift_DroppedThroughCopies  ok (52 us)
  Test-InstCombine_MaskBeforeLeftShift_KeptWhenMaskTooNarrow  ok (24 us)
  Test-InstCombine_MaskBeforeRightShift_Kept  ok (22 us)
  Test-InstCombine_ZeroExtendOfDwordLoad_BecomesCopy  ok (37 us)
  Test-InstCombine_ZeroExtendOfQwordLoad_Kept  ok (25 us)
  Test-InstCombine_MaskedAddOfZeroExtendedWords_NarrowsToDword  ok (43 us)
  Test-InstCombine_MaskedAddWithQwordReader_Kept  ok (35 us)
  Test-InstCombine_MaskedShift_Kept  ok (31 us)
  Test-InstCombine_MemoryFoldTriple_InsideLoop  ok (55 us)
  Test-InstCombine_MemoryFoldTriple_LeavesLoopFrameSlot  ok (59 us)
  Test-InstCombine_ZeroExtendOfDwordPhi_BecomesCopy  ok (59 us)
  Test-InstCombine_MultiplyAdd_BecomesTwoAddresses  ok (1 ms)
  Test-InstCombine_MultiplyAdd_PreservesObservedValuesAndFlags  ok (205 us)
  Test-InstCombine_AddressCopy_DefinesAccumulatorDirectly  ok (49 us)
  Test-InstCombine_FloatResultCopy_DefinesAccumulatorDirectly  ok (204 us)
  Test-InstCombine_SqrtResultCopy_PreservesPackedDestination  ok (65 us)
  Test-InstCombine_SqrtResultCopy_KeepsOtherUses  ok (51 us)
  Test-InstCombine_SharedAndInputs_PreservesValuesAndFlags  ok (934 us)
  Test-InstructionCombine_FoldsBooleanSelect  ok (99 us)
  Test-InstructionCombine_KeepsUnsafeBooleanSelect  ok (114 us)
  Test-InstCombine_RangeProvedCompare_ClampErased  ok (41 us)
  Test-InstCombine_RangeProvedCompare_WideMaskKept  ok (33 us)
  Test-InstCombine_RangeProvedCompare_NarrowWriteKept  ok (32 us)
  Test-InstCombine_VectorPlans_KeepFreshRegistersAcrossRollback  ok (152 us)
  Test-MicroDominators_MatchReachabilityWithANodeRemoved  ok (45 us)
  Test-LICM_HoistsInvariantLoad  ok (101 us)
  Test-LICM_HoistsSingleUseLaneBroadcast  ok (79 us)
  Test-LICM_KeepsVolatileLoadInLoop  ok (38 us)
  Test-LICM_HoistsFloatConversionAcrossCallWithLiveIntegerFlags  ok (175 us)
  Test-LICM_KeepsIntegerClearWhenFlagsAreLiveAtEitherSite  ok (75 us)
  Test-LICM_HoistsScalarLiteralLoadsButKeepsZeroLocal  ok (216 us)
  Test-MicroDomTree_MatchesPathsThroughDiamondAndLoop  ok (102 us)
  Test-NaturalLoop_CollectBody_CountsMembersOnceAcrossTailsAndRebuilds  ok (8 us)
  Test-LoopUnroll_MultipleLoops_RebuildsIncomingJumpRanges  ok (58 us)
  Test-LoopUnroll_MultipleIncomingJumps_PreservesLoop  ok (18 us)
  Test-LoopUnroll_ExternalJumpToBody_PreservesLoop  ok (20 us)
  Test-MemToReg_PlainSlot_Promotes  ok (62 us)
  Test-MemToReg_RedefinedAddressRegister_BailsFunction  ok (28 us)
  Test-MemToReg_UnwrittenWideAccess_BlocksOverlapButNotAdjacentSlot  ok (26 us)
  Test-MemToReg_WrappingWideAccess_KeepsNarrowOverlap  ok (20 us)
  Test-MicroPassManager_PostRa_RechecksSuffixAfterEachMutation  ok (13 us)
  Test-MicroPassManager_PostRa_RechecksSuffixWhenFirstSweepPolicyChanges  ok (11 us)
  Test-PostRADeadCodeElim_PreservesAbiLiveOut  ok (25 us)
  Test-PostRADeadCodeElim_UnusedReturnRegistersAreDead  ok (17 us)
  Test-PostRADeadCodeElim_LoopBackEdgeKeepsCarriedDefinition  ok (22 us)
  Test-PostRALoopHoist_InvariantReload_MovesToPreheader  ok (75 us)
  Test-PostRALoopHoist_SlotWrittenInBody_Blocks  ok (31 us)
  Test-PostRALoopHoist_OpaqueStoreInBody_Blocks  ok (32 us)
  Test-PostRALoopHoist_OpaqueStoreOverPrivateFrame_Hoists  ok (42 us)
  Test-PostRALoopHoist_SecondReload_BecomesCopy  ok (44 us)
  Test-PostRALoopHoist_DestinationLiveAtPreheader_Blocks  ok (28 us)
  Test-PostRALoopHoist_CarriedSlot_LeavesTheLoop  ok (53 us)
  Test-PostRALoopHoist_CarriedRegisterReusedElsewhere_Blocks  ok (36 us)
  Test-PostRALoopHoist_SecondDefinitionOfDestinationBlocks  ok (29 us)
  Test-PostRALoopRotate_IndependentHeadersRotate  ok (73 us)
  Test-PostRALoopRotate_SecondIncomingJumpBlocks  ok (34 us)
  Test-PostRALoopRotate_ConditionalBackEdgeBlocks  ok (32 us)
  Test-PostRAPeephole_Nop_Erased  ok (53 us)
  Test-PostRAPeephole_DoesNotForwardFromStoreClaimedByImmediateFold  ok (51 us)
  Test-PostRAPeephole_CopyForward_DoesNotCrossClaimedStoreReload  ok (48 us)
  Test-PostRAPeephole_ErasesStoreOverwrittenBeforeMemoryAccess  ok (31 us)
  Test-PostRAPeephole_DoesNotEraseOverwrittenNonFrameStore  ok (27 us)
  Test-PostRAPeephole_ErasesOwnStoreReloadOnConditionalFallthrough  ok (37 us)
  Test-PostRAPeephole_ForwardsStoredValueToReload  ok (33 us)
  Test-PostRAPeephole_CopyForward_StopsAtEncoderImplicitDef  ok (49 us)
  Test-Legalize_ScratchExcludesFirstReadsInAbiOrder  ok (58 us)
  Test-Legalize_ScratchExclusionsStopBeforeBarrierUses  ok (109 us)
  Test-Legalize_DoesNotPreserveDeadShiftRegisterAcrossJump  ok (51 us)
  Test-Legalize_RewritesB8SignedMultiplyRegMemToRax  ok (41 us)
  Test-Legalize_ClearsPositiveFloatZero  ok (106 us)
  Test-Legalize_KeepsNonzeroFloatBitsAndAddresses  ok (150 us)
  Test-Legalize_KeepsMemoryDestinationAdd  ok (25 us)
  Test-Legalize_KeepsMemoryExchange  ok (24 us)
  Test-PostRAPeephole_DoesNotForwardB8SignedMultiplyImmediate  ok (25 us)
  Test-PostRAPeephole_FoldsIntegerReloadIntoBinary  ok (35 us)
  Test-PostRAPeephole_KeepsIntegerReloadReadAfterConsumer  ok (30 us)
  Test-PostRAPeephole_FoldsIntegerReloadIntoCompare  ok (34 us)
  Test-PostRAPeephole_KeepsByteMultiplyReload  ok (28 us)
  Test-PostRAPeephole_SelfCopy_B64_Erased  ok (24 us)
  Test-PostRAPeephole_SelfCopy_IntB32_Preserved  ok (23 us)
  Test-PostRAPeephole_FallthroughJumpSkipsTrivialGap  ok (31 us)
  Test-PostRAPeephole_DeadCompareBeforeRet_Erased  ok (24 us)
  Test-PostRAPeephole_DeadCompareAfterRedundantJump_Erased  ok (29 us)
  Test-PostRAPeephole_LiveCompareForBranch_Preserved  ok (26 us)
  Test-PostRAPeephole_LoadCondRegRegKeepsCopyBecauseDestinationIsUseDef  ok (35 us)
  Test-PostRAPeephole_FlagReuse_SubThenCompareZero_CompareErased  ok (30 us)
  Test-PostRAPeephole_FlagReuse_UnsafeCondition_ComparePreserved  ok (27 us)
  Test-PostRAPeephole_FlagReuse_NonFlagProducer_ComparePreserved  ok (28 us)
  Test-PostRAPeephole_ZeroToClear_LiveFlagsDead_Converted  ok (27 us)
  Test-PostRAPeephole_ZeroToClear_DeadReg_NotConverted  ok (25 us)
  Test-PostRAPeephole_ZeroToClear_FlagsLive_NotConverted  ok (26 us)
  Test-PostRAPeephole_SelfOperand_FoldsWhenDestinationHoldsTheSlot  ok (27 us)
  Test-PostRAPeephole_SelfOperand_KeepsMemoryOperandWhenWindowExhausted  ok (41 us)
  Test-PreRAPeephole_FloatBinary_DefinesIndependentResult  ok (268 us)
  Test-PreRAPeephole_FloatBinary_PreservesCopiedSecondOperand  ok (56 us)
  Test-PreRAPeephole_ForwardsLoadImmIntoStore  ok (45 us)
  Test-PreRAPeephole_ForwardsLoadImmIntoCmpMem  ok (28 us)
  Test-PreRAPeephole_ForwardsLoadImmIntoMemBinary  ok (61 us)
  Test-PreRAPeephole_ForwardsCopyIntoNextUseOnlySlots  ok (42 us)
  Test-PreRAPeephole_TransfersForbiddenPhysRegsAcrossCopyForward  ok (35 us)
  Test-PreRAPeephole_DoesNotRewriteExchangeUseDefConsumer  ok (32 us)
  Test-PreRAPeephole_ForwardsLoadImmIntoAmcStore  ok (32 us)
  Test-PreRAPeephole_ForwardsClearRegIntoImmediateCompare  ok (31 us)
  Test-PreRAPeephole_FoldsExtendOfImmediate  ok (27 us)
  Test-PreRAPeephole_FoldsPointerImmediateIntoAddress  ok (28 us)
  Test-PreRAPeephole_CombinesAdjacentRegImmAdd  ok (38 us)
  Test-PreRAPeephole_KeepsAdjacentRegImmAddWhenFlagsAreLive  ok (31 us)
  Test-PreRAPeephole_FoldsCopyAddIntoLoadAddress  ok (30 us)
  Test-PreRAPeephole_FoldsCopyAddIntoLoadAddressDespiteMismatchedForbiddenRegs  ok (29 us)
  Test-PreRAPeephole_KeepsCopyAddWhenFlagsAreLive  ok (29 us)
  Test-PreRAPeephole_FoldsAmcIndexImmediateIntoSimpleLoad  ok (29 us)
  Test-PreRAPeephole_FoldsAddressBaseIntoAmcStore  ok (32 us)
  Test-PreRAPeephole_FoldsAmcAddressIntoStore  ok (35 us)
  Test-MicroPrologEpilogSanitize_MergesAdjacentStackAdjustments  ok (50 us)
  Test-MicroPrologEpilogSanitize_DoesNotMergeOutsideEntryExitRegions  ok (37 us)
  Test-MicroPrologEpilogSanitize_ExpandsLargeWindowsStackAdjustIntoPageProbes  ok (31 us)
  Test-MicroPrologEpilogSanitize_KeepsOnlyLastFramePointerSetupInEntryProlog  ok (32 us)
  Test-MicroPrologEpilogSanitize_ReinsertsForcedFramePointerSetupWhenMissing  ok (27 us)
  Test-MicroPrologEpilogSanitize_DoesNotTouchFramePointerSetupAfterBodyStarts  ok (28 us)
  Test-MicroReg_SameClassMatchesVirtualAndPhysicalRegisters  ok (1 us)
  Test-RegAlloc_UsesDedicatedLocalStackBaseRegister  ok (489 us)
  Test-RegAlloc_PersistentAcross  ok (915 us)
  Test-RegAlloc_NoCalls       ok (448 us)
  Test-RegAlloc_MixedIntFloat  ok (405 us)
  Test-RegAlloc_LotsOfVirtualRegs  ok (8 ms)
  Test-RegAlloc_PreservePersistentRegs_Enabled  ok (338 us)
  Test-RegAlloc_PreservePersistentRegs_Disabled  ok (238 us)
  Test-RegAlloc_PreservePersistentRegs_NoNeed  ok (188 us)
  Test-RegAlloc_Spill_IntPressureAcrossCall  ok (1 ms)
  Test-RegAlloc_Spill_FloatAcrossCall_NoPersistent  ok (795 us)
  Test-RegAlloc_VirtualRegForbiddenPhysRegs  ok (309 us)
  Test-RegAlloc_Spill_BalancedControlFlow  ok (1 ms)
  Test-RegAlloc_KnownComputedJumpKeepsIntervalAllocation  ok (938 us)
  Test-RegAlloc_LoadBaseAddressAcrossCall  ok (427 us)
  Test-RegAlloc_ConcreteLoadDestAcrossCall  ok (386 us)
  Test-RegAlloc_VirtualDefAvoidsLiveConcreteReg  ok (286 us)
  Test-RegAlloc_UsesPersistentFallbackWhenTransientPoolExhausted  ok (274 us)
  Test-RegAlloc_CoalescesLinearVirtualCopies  ok (221 us)
  Test-RegAlloc_TransfersDeadCopySourcesAcrossBarriers  ok (316 us)
  Test-RegAlloc_RematerializesImmediateReloads  ok (253 us)
  Test-MicroInstr_FloatToIntReplacesItsDestination  ok (39 us)
  Test-MicroInstr_SqrtReplacesItsDestination  ok (26 us)
  Test-MicroInstr_SqrtDropsOnlyOverwrittenInitialization  ok (167 us)
  Test-MicroInstr_FloatToIntKeepsOnlyLiveFlagInitialization  ok (90 us)
  Test-RegAlloc_LiveIntervalAccessSearchBoundaries  ok (6 us)
  Test-RegAlloc_LiveIntervalEmptyAndSingleAccess  ok (1 us)
  Test-RegAlloc_LiveIntervalRangeStartSearchBoundaries  ok (2 us)
  Test-MicroSanity_RejectsStackAddressReturnedAsPointer  ok (96 us)
  Test-MicroSanity_AllowsKnownNonStackPointer  ok (60 us)
  Test-MicroSanity_IgnoresStackAddressReturnedAsInteger  ok (58 us)
  Test-SinkToUse_MovesDefinitionToItsConsumer  ok (63 us)
  Test-SinkToUse_LoadCannotCrossBaseRedefinition  ok (31 us)
  Test-SinkToUse_LoadCannotCrossMemoryWrite  ok (63 us)
  Test-SlpVectorize_UnpackableStores_DoesNotBuildSsa  ok (74 us)
  Test-SlpVectorize_MultipleBlocks_PreservesSnapshotAndFreshRegisters  ok (222 us)
  Test-MicroSsa_PhiAtJoin     ok (100 us)
  Test-MicroSsa_Dominators_HandleEntryAndDescendantJoin  ok (38 us)
  Test-MicroSsa_ReachingDef_BeforeWritesAndAtNonUses  ok (30 us)
  Test-MicroSsa_ReachingDef_DominatorSiblings  ok (43 us)
  Test-MicroSsa_ReachingDef_LoopAndUnreachableRoot  ok (39 us)
  Test-MicroSsa_PhiAtJoinWithSharedPredecessorDominator  ok (85 us)
  Test-MicroSsa_PhiInputsFollowManyPredecessors  ok (296 us)
  Test-MicroSsa_RebuildAddsFrontierAfterLinearBlocks  ok (83 us)
  Test-MicroStackAdjustNormalize_RemovesBodyAdjustsAndRebasesOffsets  ok (130 us)
  Test-MicroStackAdjustNormalize_HandlesBranchingDepths  ok (65 us)
  Test-MicroStorage_InsertedInstructionsUseExplicitDebugInsertionKinds  ok (2 us)
  Test-MicroStorage_InsertBeforePreservesExplicitNoStepWhenSourceIsInherited  ok (1 us)
  Test-MicroStackAdjustNormalize_SkipsCallsBelowMaxDepth  ok (45 us)
  Test-StrengthReduction_MultiplyPowerOfTwo  ok (59 us)
  Test-StrengthReduction_MultiplyPowerOfTwoKeepsLiveFlags  ok (29 us)
  Test-StrengthReduction_MultiplyByZero  ok (24 us)
  Test-StrengthReduction_MultiplyByOne  ok (24 us)
  Test-StrengthReduction_MultiplyNonPowerOfTwoUnchanged  ok (24 us)
  Test-StrengthReduction_UnsignedDivideMagicNoFixup  ok (36 us)
  Test-StrengthReduction_UnsignedDivideMagicFixup  ok (40 us)
  Test-StrengthReduction_SignedDividePow2  ok (35 us)
  Test-StrengthReduction_SignedDivideMagic  ok (34 us)
  Test-StrengthReduction_UnsignedModuloMagic  ok (38 us)
  Test-StrengthReduction_SignedDivideNegativeConstantUnchanged  ok (24 us)
  Test-StrengthReduction_DivideByZeroUnchanged  ok (23 us)
  Test-StrengthReduction_NarrowDivideUnchanged  ok (23 us)
  Test-StrengthReduction_RemoveAddZeroDeadAcrossJoin  ok (108 us)
  Test-StrengthReduction_UnsignedMultiplyRequiresLocalFlagRedefinition  ok (189 us)
  Test-StrengthReduction_AddSubZeroPreservesLiveResultsAndFlags  ok (244 us)
  Test-ValueNumbering_DedupIdenticalCompute  ok (111 us)
  Test-ValueNumbering_KeepsDifferentInputs  ok (75 us)
  Test-ValueNumbering_KeepsComputeWithLiveFlags  ok (70 us)
  Test-ValueNumbering_DedupLoadAddress  ok (54 us)
  Test-ValueNumbering_KeepsComputeWhenSourceClobbered  ok (58 us)
  Test-ValueNumbering_DedupRepeatedLoad  ok (65 us)
  Test-ValueNumbering_DedupRepeatedFieldLoad  ok (57 us)
  Test-ValueNumbering_KeepsLoadAcrossStore  ok (57 us)
  Test-ValueNumbering_KeepsLoadAcrossLabel  ok (81 us)
  Test-ValueNumbering_DedupLoadAcrossFallthroughBranch  ok (82 us)
  Test-ValueNumbering_DedupPlainLoadAfterExtendingLoad  ok (63 us)
  Test-ValueNumbering_ExtendsEarlierPlainLoad  ok (56 us)
  Test-ValueNumbering_KeepsFrameLoadsForMemToReg  ok (80 us)
  Test-ValueNumbering_SharesScalarFloatLiteralBits  ok (287 us)
  Test-ValueNumbering_KeepsCheapOrDistinctLiterals  ok (242 us)
  Test-ValueNumbering_KeepsSiblingComputesAndReusesJoinDefinition  ok (96 us)
  Test-VecLoopPromote_LoadStorePair_HoistsAndSinks  ok (74 us)
  Test-VecLoopPromote_OverlappingScalarStore_Blocks  ok (53 us)
  Test-VecLoopPromote_LoadOnlyChunk_HoistsWithoutStore  ok (53 us)
  Test-VecLoopPromote_StackPointerDefinitionInBody_Blocks  ok (46 us)
  Test-NativeArtifact_RuntimeDependencyOrderPreservesPriorityAndCycleFallback  ok (1 ms)
  Test-NativeArtifact_DefaultsToLocalOutputTree  ok (414 us)
  Test-NativeArtifact_ImportedApiKeepsLocalOutputTree  ok (227 us)
  Test-NativeArtifact_ModuleNamespaceDefaultsFromModulePath  ok (111 us)
  Test-NativeArtifact_ModuleNamespaceOverrideWins  ok (6 us)
  Test-NativeArtifact_ExplicitArtifactKindOverridesBuildCfgMutation  ok (4 us)
  Test-NativeArtifact_RDataKeepsGrowingCyclicDependencies  ok (2 ms)
  Test-NativeArtifact_CompilerRunExprInsideTestKeepsJitRunnable  ok (400 ms)
  Test-NativeArtifact_CompilerInstanceNativeRegistrationKeepsBucketsConsistent  ok (253 ms)
  Test-NativeArtifact_ExecutablePrunesUnreachableGeneratedFunctions  ok (417 ms)
  Test-NativeArtifact_ExecutableClosesAlternatingDependencies  ok (381 ms)
  Test-NativeArtifact_SilentSpecOpProbeDoesNotDropStructCopyTests  ok (371 ms)
  Test-NativeArtifact_TestFileFilterKeepsReusableArtifactAndSelectsAtRunTime  ok (253 ms)
  Test-NativeArtifact_TestTagFilterKeepsReusableArtifactAndSelectsAtRunTime  ok (233 ms)
  Test-NativeArtifact_TestProgressProtocolIsStrict  ok (19 us)
  Test-NativeArtifact_ConcurrentCompilerInputsKeepEveryDependency  ok (9 s 145 ms)
  Test-PeWriter_CompressesEmbeddedDebugTable  ok (18 ms)
  Test-PeWriter_FoldsIdenticalUnwindInfo  ok (193 us)
  Test-PeWriter_Win32ApplicationResourcesUseConfig  ok (144 us)
  Test-Sema_OverloadRankingUsesOrderedConversionCriteria  ok (9 us)
  Test-Sema_MatchCandidateCollectionPreservesUniqueDiscoveryOrder  ok (247 us)
  Test-Sema_GenericInstanceStoragePreservesIdentityAcrossGrowth  ok (3 ms)
  Test-Sema_AggregateTypeInterningUsesOrderedContents  ok (3 ms)
  Test-Sema_TypeManagerConcurrentInterningKeepsCanonicalStorage  ok (61 ms)
  Test-Sema_TypeManagerReleasesOwnedPayloads  ok (4 ms)
  Test-Sema_CastLegalityCoversScalarConversionKinds  ok (285 us)
  Test-Sema_GenericDeductionBindingHandlesConflictsAndDefaults  ok (228 us)
  Test-Sema_CompletedFreesSummariesKeepDirectForwardingTransitive  ok (24 us)
  Test-Sema_CompletedFreesSummariesResolveGuardedAliasRoutes  ok (60 us)
  Test-SemaPurity_GlobalVariableReadIsNotConstFolded  ok (330 ms)
  Test-SemaPurity_NamespaceQualifiedGlobalFieldReadIsNotConstFolded  ok (310 ms)
  Test-JobManager_DebugStateReportsSleepingJobs  ok (68 us)
  Test-JobManager_ProgressiveWorkersDrainQueuedJobs  ok (1 ms)
  Test-JobManager_TargetedWakeBySymbol  ok (25 us)
  Test-AppendOnlyLookupTable_GrowsAcrossChunks  ok (49 us)
  Test-AppendOnlyLookupTable_ConcurrentReaderSeesPublishedEntries  ok (551 us)
  Test-PagedStore_CopyToPreserveOffsetsKeepsSparseLayout  ok (46 us)
  Test-DataSegment_RelocationIndexHandlesInterleavedMonotonicAdds  ok (25 us)
  Test-DataSegment_RelocationIndexRebuildsAfterOutOfOrderAdd  ok (20 us)
  Test-DataSegment_RelocationRangesPreserveIndexedAndTailEntries  ok (62 us)
  Test-DataSegment_FindAllocationUsesPublishedAllocations  ok (11 us)
  Test-DataSegment_LargeBlockPointersPreservePagedPrefixAndAlignedAllocations  ok (191 us)
  Test-PagedStore_ReserveSpanReturnsWritableContiguousStorage  ok (7 us)
  Test-PagedStore_EmptyCopySpanDoesNotAllocateStorage  ok (3 us)
  Test-PagedStore_ReserveRangeSupportsOversizedZeroedBlocks  ok (8 us)
  Test-Logger_TestTalliesNameSuccessfulWork  ok (35 us)
  Test-Logger_NestedStagesDetailedChoiceDoesNotLeak  ok (0 us)
  Test-Logger_ProgressCanBeDisabledFromCommandLine  ok (130 us)
  Test-Os_FatalHostExceptionClassificationExcludesCppExceptions  ok (11 us)
  Test-Os_FileLockOwnersNameTheProcessMappingAnImage  ok (249 ms)
  Test-FileSystem_AppendFileUsersNamesThisCompilerProcess  ok (222 ms)
  Test-FileSystem_AppendFileUsersLeavesAnUnheldFileAlone  ok (24 ms)
  Test-Utf8_MoveOperationsTransferStorage  ok (3 us)
  Test-Utf8_FixedDecimalFormatting  ok (4 us)
  Test-WarningPolicy_ReadsWarningIdentifiers  ok (57 us)
  Test-WarningPolicy_ParsesLists  ok (16 us)
  Test-WarningPolicy_ResolvesLayerPrecedence  ok (1 us)
  Tests                       695 tests (15 s 717 ms)
  Skipped                     28 filesystem tests (run with --dev-full)
  Slow-01                     NativeArtifact_ConcurrentCompilerInputsKeepEveryDependency (9 s 145 ms)
  Slow-02                     NativeArtifact_ExecutablePrunesUnreachableGeneratedFunctions (417 ms)
  Slow-03                     NativeArtifact_CompilerRunExprInsideTestKeepsJitRunnable (400 ms)
  Slow-04                     NativeArtifact_ExecutableClosesAlternatingDependencies (381 ms)
  Slow-05                     NativeArtifact_SilentSpecOpProbeDoesNotDropStructCopyTests (371 ms)
  Slow-06                     SemaPurity_GlobalVariableReadIsNotConstFolded (330 ms)
  Slow-07                     SemaPurity_NamespaceQualifiedGlobalFieldReadIsNotConstFolded (310 ms)
  Slow-08                     DebugInfo_CompilerPrivateGlobalsReachCodeViewDataSymbols (299 ms)
  Slow-09                     FFI_CallSwagStructByValueInteropDevMode (299 ms)
  Slow-10                     DebugInfo_CompilerTestFunctionsPreserveStackDebugMetadata (259 ms)
  ✓  tested      695 passed • 15 s 744 ms
  ✓  clean       15 s 758 ms
