  ◆  swag        unittest • sources
  Test-ABI_AddressedNarrowIntegerHomeUsesNarrowLoad  ok (540 us)
  Test-ABI_SwagSimdArgsUseExtendedRegistersThenWideStackSlots  ok (1 us)
  Test-FFI_CallNativeNoArgBool  ok (907 us)
  Test-FFI_CallNativeU8       ok (433 us)
  Test-FFI_CallNativeI32      ok (225 us)
  Test-FFI_CallNativeF32      ok (132 us)
  Test-FFI_CallNativeF64      ok (167 us)
  Test-FFI_CallNativeF64StackArg  ok (553 us)
  Test-FFI_CallNativeMixedArgs  ok (150 us)
  Test-FFI_CallNativeStackArgs  ok (557 us)
  Test-FFI_CallNativePointerArg  ok (166 us)
  Test-ABI_SwagStructArgPassingMatchesNative  ok (0 us)
  Test-FFI_CallSwagStructByValueInteropDevMode  ok (415 ms)
  Test-FFI_CallSwagStructByValueInteropRelease  ok (364 ms)
  Test-FFI_CallNativeStructByValueRegister  ok (211 us)
  Test-FFI_CallNativeStructByValueStack  ok (133 us)
  Test-FFI_CallNativeStructByReferenceCopy  ok (80 us)
  Test-FFI_CallNativeStructReturnByValueRegister  ok (75 us)
  Test-FFI_CallNativeStructReturnByReference  ok (96 us)
  Test-ConstantManager_CopiesBorrowedStructPayloadOutsideDataSegment  ok (57 us)
  Test-ConstantManager_StoresNullableCStringFromBlockPointer  ok (7 us)
  Test-ConstantValue_MakesNullableCStringFromRuntimePointer  ok (2 us)
  Test-ConstantManager_CopiesBorrowedArrayPayloadOutsideDataSegment  ok (14 us)
  Test-ConstantManager_DeduplicatesBorrowedArrayPayloadsByValue  ok (2 us)
  Test-ConstantManager_CachesZeroPayloadConstantsByType  ok (16 us)
  Test-ConstantManager_CopiesBorrowedSlicePayloadOutsideDataSegment  ok (5 us)
  Test-ConstantManager_AcceptsEmptyBorrowedSlicePayloads  ok (3 us)
  Test-ConstantManager_DistinguishesPresentEmptySlicePayloads  ok (11 us)
  Test-ConstantManager_DeduplicatesMaterializedArrayPayloadConstants  ok (10 us)
  Test-ConstantManager_DoesNotDeduplicateMaterializedArrayPayloadsWithDifferentRelocations  ok (8 us)
  Test-Compiler_NewScriptCommandParsesDefaultPath  ok (123 us)
  Test-Compiler_CommandLineHelpStopsBeforeCompilation  ok (205 us)
  Test-Compiler_NewModuleCommandParsesWorkspace  ok (83 us)
  Test-Compiler_DocSearchPreservesLiteralCode  ok (16 us)
  Test-Compiler_DocCommandParsesOptions  ok (736 us)
  Test-Compiler_DocMarkdownRendersSupportedBlocks  ok (226 us)
  Test-Compiler_DocBlockCommentsPreserveCodeIndentation  ok (20 us)
  Test-Compiler_DocMarkdownRendersCompleteLists  ok (101 us)
  Test-Compiler_DocMarkdownRendersHeaderlessTableAndNestedInline  ok (32 us)
  Test-Compiler_LegacyStaticControlDirectivesAreNotKeywords  ok (0 us)
  Test-Compiler_AutoInlineCostPricesCallsAndRewardsOneModuleCallSite  ok (779 us)
  Test-Compiler_ExplicitInlineExpandsCrossFileBody  ok (266 ms)
  Test-Compiler_InMemorySourceRunsSemaWithoutDiskIO  ok (203 us)
  Test-Compiler_InMemorySourceKeepsFormatCommandGlobalIfDuringFormat  ok (101 us)
  Test-Compiler_InMemorySourceSkipsFalseGlobalIf  ok (68 us)
  Test-Compiler_InMemorySourceSkipsTestCommandGlobalIfOutsideTests  ok (75 us)
  Test-Compiler_InMemorySourceKeepsTestCommandGlobalIfDuringTests  ok (122 us)
  Test-Compiler_GenericUnionDeductionRemainsStableForHistoricalRandomSeed1002  ok (329 ms)
  Test-Compiler_GenericUnionDeductionRemainsStableForHistoricalRandomSeed1009  ok (319 ms)
  Test-Compiler_GenericUnionDeductionRemainsStableForHistoricalRandomSeed1032  ok (341 ms)
  Test-Compiler_GenericUnionDeductionRemainsStableForHistoricalRandomSeed1143  ok (383 ms)
  Test-Compiler_AstVisitPreservesSiblingsAcrossPauseSkipAndRestart  ok (221 us)
  Test-Compiler_AstVisitResolvesChildrenWithoutFollowingActiveAncestors  ok (84 us)
  Test-Compiler_MessagePassSkipsWithoutListeners  ok (1 ms)
  Test-Compiler_MessagePassQueuesOnlyOncePerListener  ok (865 us)
  Test-Compiler_MessageAliasPayloadUsesUnderlyingType  ok (5 us)
  Test-Compiler_DiagnosticWarningSeverityColorIsMagenta  ok (0 us)
  Test-Compiler_DiagnosticCatalogFollowsSwagMessageStyle  ok (990 us)
  Test-Compiler_AssertDiagnosticPreservesLiteralSuffixQuotes  ok (151 us)
  Test-Compiler_DiagnosticEscapesQuotedArgumentTicks  ok (33 us)
  Test-Compiler_DiagnosticArgumentCountDoesNotRepeatUnit  ok (176 us)
  Test-Compiler_DiagnosticRemovesUnexpandedWordPlaceholders  ok (26 us)
  Test-Compiler_NativeExitCodeDiagnosticShowsDecimalAndHex  ok (42 us)
  Test-Compiler_DiagnosticEscapesQuotedArgumentWithoutBreakingHelpSplit  ok (30 us)
  Test-NodePayload_ConcurrentUpdatesPreserveDisjointState  ok (19 ms)
  Test-Compiler_CommandLineTagsReachSema  ok (331 ms)
  Test-Compiler_InternalTagPrecedesUserOverride  ok (327 ms)
  Test-Compiler_TestCommandEnablesSourceDrivenModeWhenParsed  ok (166 us)
  Test-Compiler_DebugOptionEnablesDebugInformation  ok (168 us)
  Test-Compiler_ReleaseBuildDoesNotEnableDebugInformation  ok (73 us)
  Test-Compiler_TestCommandRegistersSwagTestCompilerTag  ok (326 ms)
  Test-Compiler_UnittestCommandKeepsSourceDrivenModeDisabledWhenParsed  ok (143 us)
  Test-Compiler_RunCommandParsesRunArgs  ok (135 us)
  Test-Compiler_TestCommandForcesSwagTestRunArg  ok (85 us)
  Test-Compiler_TestCommandDoesNotDuplicateSwagTestRunArg  ok (4 us)
  Test-Compiler_TestCommandKeepsExplicitSandboxRoot  ok (5 us)
  Test-Compiler_TestCommandGrantsTheModuleAsCorpus  ok (20 us)
  Test-Compiler_TestCommandGrantsTheWorkspaceWithoutAModule  ok (7 us)
  Test-Compiler_SmokeCommandGrantsNoCorpus  ok (5 us)
  Test-DebugInfo_EmitsWindowsSymbolAndTypeRecords  ok (193 us)
  Test-DebugInfo_PdbInfoEmitsWindowsBuildInfo  ok (60 us)
  Test-DebugInfo_EmitsWindowsVariableAndConstantRecords  ok (142 us)
  Test-DebugInfo_UsesPerVariableBaseRegistersForRegRelativeSymbols  ok (60 us)
  Test-DebugInfo_CollapsesConsecutiveSameLineEntries  ok (209 us)
  Test-DebugInfo_SkipsNoStepLineEntries  ok (113 us)
  Test-DebugInfo_FirstLineCoversEntry  ok (100 us)
  Test-DebugInfo_ResolvesNoStepBackendSourceInfo  ok (29 us)
  Test-DebugInfo_UsesOwnerSourceFileForGeneratedViews  ok (125 us)
  Test-DebugInfo_UsesDebugSourceCodeRefForGeneratedViewLines  ok (500 us)
  Test-DebugInfo_CompilerTestFunctionsPreserveStackDebugMetadata  ok (531 ms)
  Test-DebugInfo_RuntimeStorageLocalsStayOutOfCodeView  ok (534 ms)
  Test-DebugInfo_CompilerPrivateGlobalsReachCodeViewDataSymbols  ok (538 ms)
  Test-DebugInfo_EmitsWindowsSourceChecksums  ok (259 us)
  Test-EncodeX64_Flow         ok (1 ms)
  Test-EncodeX64_Load         ok (2 ms)
  Test-EncodeX64_CmpAndCond   ok (834 us)
  Test-EncodeX64_VecPackedOps  ok (4 ms)
  Test-EncodeX64_LegalizeLargeCmpRegImmPreservesLhs  ok (114 us)
  Test-EncodeX64_UnaryOps     ok (221 us)
  Test-EncodeX64_BinaryRegRegOps  ok (2 ms)
  Test-EncodeX64_BinaryRegMemOps  ok (170 us)
  Test-EncodeX64_BinaryMemRegOps  ok (357 us)
  Test-EncodeX64_BinaryImmOps  ok (1 ms)
  Test-EncodeX64_TernaryAndConvert  ok (357 us)
  Test-EncodeX64_UnwindFromMicro  ok (83 us)
  Test-EncodeX64_UnwindFramePointerSetupAfterStackShape  ok (57 us)
  Test-EncodeX64_UnwindStopsBeforeStackStoreBody  ok (56 us)
  Test-EncodeX64_UnwindUpdatesFramePointerWhenAssignedTwice  ok (52 us)
  Test-EncodeX64_UnwindLocalStackBaseIsNotAFrameRegister  ok (67 us)
  Test-EncodeX64_UnwindStopsAfterBodyStart  ok (40 us)
  Test-FormatAlign_ConsecutiveAssignments  ok (824 us)
  Test-FormatAlign_ConsecutiveAliases  ok (302 us)
  Test-FormatAlign_AliasesAcrossAttributesAndBlankLines  ok (287 us)
  Test-FormatAlign_AssignmentsBreakOnIndentation  ok (405 us)
  Test-FormatAlign_AssignmentsBreakOnBlankLine  ok (269 us)
  Test-FormatAlign_AssignmentsAcrossBlanks  ok (252 us)
  Test-FormatAlign_ConsecutiveDeclarations  ok (276 us)
  Test-FormatAlign_ControlDeclarationsBreakDeclarationGroups  ok (378 us)
  Test-FormatAlign_ConsecutiveConstants  ok (407 us)
  Test-FormatAlign_StructFields  ok (289 us)
  Test-FormatAlign_EnumValues  ok (236 us)
  Test-FormatAlign_NoneRemovesAlignment  ok (215 us)
  Test-FormatAlign_TrailingComments  ok (268 us)
  Test-FormatAlign_TrailingCommentsBreakOnIndentation  ok (317 us)
  Test-FormatAlign_TrailingCommentsNormalized  ok (239 us)
  Test-FormatAlign_FatArrowsConsecutive  ok (279 us)
  Test-FormatAlign_FatArrowsBreakOnPlainFunction  ok (324 us)
  Test-FormatAlign_SingletonTightensStalePadding  ok (260 us)
  Test-FormatAlign_StructFieldsWithTypeQualifiers  ok (331 us)
  Test-FormatAlign_StructFieldGridMixed  ok (327 us)
  Test-FormatAlign_StructFieldGridOffKeepsSingleColumn  ok (388 us)
  Test-FormatAlign_DeclarationGridInitializers  ok (363 us)
  Test-FormatAlign_ConstantGridTypes  ok (265 us)
  Test-FormatAlign_QualifiedConstantGridTypes  ok (271 us)
  Test-FormatAlign_QualifiedDeclarationPrefixes  ok (701 us)
  Test-FormatAlign_CaseBodiesConsecutive  ok (433 us)
  Test-FormatAlign_ArrayColumns  ok (316 us)
  Test-FormatAlign_ArrayColumnsSkipsRaggedRows  ok (248 us)
  Test-FormatAlign_HangingLineFollowsAlignedAnchor  ok (537 us)
  Test-FormatAlign_AfterOpenBracketUsesLiteralBrace  ok (367 us)
  Test-FormatAlign_AfterOpenBracketKeepsDataTableRows  ok (275 us)
  Test-FormatAlign_OperandsInsideBracketAnchorOnBracket  ok (336 us)
  Test-FormatAlign_OperandsOutsideBracketAnchorOnStatement  ok (282 us)
  Test-FormatAlign_OutlierGapLeavesLongLineAlone  ok (285 us)
  Test-FormatAlign_OutlierGapKeepsGradedTable  ok (270 us)
  Test-FormatAlign_OutlierGapDropsBothEnds  ok (321 us)
  Test-FormatAlign_AcrossBlanksReadsTheCappedBlankCount  ok (242 us)
  Test-FormatAlign_AccessModifierLineDoesNotBreakTheGroup  ok (291 us)
  Test-FormatAlign_WrappedArgumentsFollowTheAlignedHead  ok (454 us)
  Test-FormatAttributes_OwnLine  ok (259 us)
  Test-FormatAttributes_Inline  ok (234 us)
  Test-FormatAttributes_BreakAfterAttribute  ok (254 us)
  Test-FormatAttributes_Grouped  ok (294 us)
  Test-FormatAttributes_SortArguments  ok (373 us)
  Test-FormatAttributes_SortArgumentsWithDifferentPieceCounts  ok (293 us)
  Test-FormatAttributes_SpaceAfterAttributeComma  ok (247 us)
  Test-FormatBlanks_MaxConsecutiveEmptyLinesUnlimited  ok (282 us)
  Test-FormatBlanks_MaxConsecutiveEmptyLinesCollapses  ok (309 us)
  Test-FormatBlanks_MaxConsecutiveEmptyLinesOne  ok (266 us)
  Test-FormatBlanks_AfterOpeningBraceNever  ok (285 us)
  Test-FormatBlanks_AfterOpeningBracePreserve  ok (250 us)
  Test-FormatBlanks_AfterOpeningBraceAlways  ok (237 us)
  Test-FormatBlanks_BeforeClosingBraceNever  ok (327 us)
  Test-FormatBlanks_BeforeClosingBracePreserve  ok (216 us)
  Test-FormatBlanks_BeforeClosingBraceAlways  ok (231 us)
  Test-FormatBlanks_AroundAccessBlocksAlways  ok (498 us)
  Test-FormatBlanks_AroundAccessBlocksNever  ok (263 us)
  Test-FormatBlanks_AroundAccessBlocksPreserve  ok (245 us)
  Test-FormatBlanks_TrimTrailingNewlinesCollapsesToOne  ok (259 us)
  Test-FormatBlanks_TrimTrailingNewlinesDisabled  ok (435 us)
  Test-FormatBlanks_CombinedBlockEdges  ok (711 us)
  Test-FormatBlanks_BeforeFunctionAlways  ok (468 us)
  Test-FormatBlanks_BeforeFunctionKeepsDocCommentAttached  ok (532 us)
  Test-FormatBlanks_BeforeFunctionKeepsShortFormsStacked  ok (437 us)
  Test-FormatBlanks_BeforeTypeAlways  ok (338 us)
  Test-FormatBlanks_BeforeCommentBlockAlways  ok (270 us)
  Test-FormatBlanks_BeforeCommentBlockKeepsBlockStartAndRuns  ok (229 us)
  Test-FormatBlanks_BeforeCommentBlockKeepsInlineBodyStart  ok (254 us)
  Test-FormatBlanks_AfterGlobalBlockInsertsBlank  ok (279 us)
  Test-FormatBlanks_AfterGlobalThenUsingBlocks  ok (259 us)
  Test-FormatBlanks_BetweenCasesMultiLine  ok (483 us)
  Test-FormatBlanks_BetweenCasesNeverRemovesBlanks  ok (310 us)
  Test-FormatBlanks_AfterStandaloneClosingBraceAlways  ok (270 us)
  Test-FormatBlanks_AfterStandaloneClosingBraceNever  ok (243 us)
  Test-FormatBlanks_AfterStandaloneClosingBracePreserve  ok (275 us)
  Test-FormatBlanks_AfterStandaloneClosingBraceKeepsElseAttached  ok (255 us)
  Test-FormatBraces_AllmanMovesBraceToOwnLine  ok (253 us)
  Test-FormatStatements_OneStatementPerLine  ok (303 us)
  Test-FormatStatements_UsingFieldPrefixStaysTogether  ok (393 us)
  Test-FormatStatements_OneEnumValuePerLine  ok (302 us)
  Test-FormatBraces_ShortInlineDoBodiesSplit  ok (464 us)
  Test-FormatBraces_DestructuringPatternsStayInlineAndIndentAsStatements  ok (500 us)
  Test-FormatBraces_AttachJoinsBrace  ok (339 us)
  Test-FormatBraces_AllmanOnControlBlocks  ok (296 us)
  Test-FormatBraces_BreakBeforeElse  ok (275 us)
  Test-FormatBraces_JoinElseToBrace  ok (224 us)
  Test-FormatBraces_CompactEmptyBraces  ok (194 us)
  Test-FormatBraces_ShortFunctionsNeverSplits  ok (223 us)
  Test-FormatBraces_ShortFunctionsNeverKeepsEmpty  ok (326 us)
  Test-FormatBraces_SourceSelectsDefinitionLayout  ok (773 us)
  Test-FormatBraces_ShortBlocksInlineJoins  ok (280 us)
  Test-FormatBraces_ShortIfNeverSplits  ok (322 us)
  Test-FormatBraces_ShortLoopsJoin  ok (234 us)
  Test-FormatBraces_ShortEnumsSplit  ok (167 us)
  Test-FormatBraces_ShortCaseSplits  ok (292 us)
  Test-FormatBraces_ShortCaseJoins  ok (248 us)
  Test-FormatBraces_CaseUniformJoinsJumpTable  ok (308 us)
  Test-FormatBraces_CaseUniformExpandsMixedSwitch  ok (306 us)
  Test-FormatBraces_StaticIfChainAlignsAndBreaks  ok (393 us)
  Test-FormatBraces_StaticControl  ok (410 us)
  Test-FormatBraces_StaticIfSingleLineChainStaysInline  ok (439 us)
  Test-FormatBraces_MultiLineBlockContentLeavesBraceLines  ok (465 us)
  Test-FormatBraces_AllmanOnStaticIfBlocks  ok (215 us)
  Test-FormatBraces_ShortStructsKeepTupleTypes  ok (313 us)
  Test-FormatBraces_ShortStructsStillSplitDeclarations  ok (201 us)
  Test-FormatBraces_ShortFunctionsKeepClosureArguments  ok (630 us)
  Test-FormatBraces_ShortBlocksKeepInitializerLiterals  ok (577 us)
  Test-FormatBraces_ShortFunctionsInlineKeepsClosureBodies  ok (376 us)
  Test-FormatStatements_RemoveRedundantSemicolons  ok (297 us)
  Test-FormatStatements_RemoveConditionParentheses  ok (277 us)
  Test-FormatBraces_BreakBeforeWhere  ok (235 us)
  Test-FormatBraces_ShortClosuresNeverSplits  ok (308 us)
  Test-FormatBraces_UniformKeepsArmsWhoseCallIsWrapped  ok (478 us)
  Test-FormatBraces_UniformExpandsWhenAnArmCarriesABlock  ok (422 us)
  Test-FormatBraces_SemicolonPushedToEndOfLineByWrappingIsRemoved  ok (254 us)
  Test-FormatBraces_AnonymousStructTypeKeepsItsShape  ok (368 us)
  Test-FormatComments_SpaceAfterLineCommentPrefix  ok (227 us)
  Test-FormatComments_NormalizeSectionSeparators  ok (174 us)
  Test-FormatComments_ReflowParagraph  ok (196 us)
  Test-FormatComments_ReflowJoinsShortLines  ok (172 us)
  Test-FormatComments_NormalizeMode  ok (169 us)
  Test-FormatComments_LastInBlockKeepsBlockIndent  ok (270 us)
  Test-FormatComments_LastInNestedBlockKeepsBlockIndent  ok (290 us)
  Test-FormatComments_LastInSwitchKeepsArmIndent  ok (299 us)
  Test-FormatComments_BeforeCaseLabelKeepsLabelIndent  ok (288 us)
  Test-FormatComments_InsideABracketSettleInOnePass  ok (426 us)
  Test-FormatFile_InlineBodyOwnsNestedBraceIndent  ok (397 us)
  Test-FormatFile_InlineIfBranchStopsBeforeElse  ok (469 us)
  Test-FormatFile_CatchHandlerAlignsAndIndents  ok (290 us)
  Test-FormatFile_InlineDestructuringIsNotABlock  ok (460 us)
  Test-FormatFile_InsertFinalNewline  ok (339 us)
  Test-FormatFile_TrimLeadingBlankLines  ok (271 us)
  Test-FormatFile_TrimLeadingBlankLinesDisabled  ok (169 us)
  Test-FormatFile_ReservedIdentifiersAreFormattable  ok (234 us)
  Test-FormatFile_IndentInsideParensEnforcesContinuation  ok (335 us)
  Test-FormatFile_AlignOperandsOnWrappedCondition  ok (317 us)
  Test-FormatFile_WhereClauseIndent  ok (314 us)
  Test-FormatFile_WhereBlockIndent  ok (277 us)
  Test-FormatFile_EndOfLineStyleLf  ok (234 us)
  Test-FormatFile_EndOfLineStyleCrLf  ok (189 us)
  Test-FormatFile_TrimTrailingWhitespace  ok (185 us)
  Test-FormatFile_BlankLineAfterUsingBlock  ok (198 us)
  Test-FormatFile_BlankLineBeforeFunctionDefinition  ok (336 us)
  Test-FormatFile_IndentStyleSpacesNormalizesTabs  ok (216 us)
  Test-FormatFile_IndentStyleTabs  ok (270 us)
  Test-FormatFile_ReindentFixesBadIndent  ok (277 us)
  Test-FormatFile_ElseBeforeNestedIfAligns  ok (353 us)
  Test-FormatFile_IndentNamespaceBodyOff  ok (243 us)
  Test-FormatFile_IndentCaseLabels  ok (561 us)
  Test-FormatLiteral_PreserveLeavesNumericLiteralsUntouched  ok (366 us)
  Test-FormatLiteral_PreserveCharacterTypeSuffix  ok (233 us)
  Test-FormatLiteral_HexDigitCaseUpperAndLower  ok (410 us)
  Test-FormatLiteral_HexPrefixCaseUpperAndLower  ok (476 us)
  Test-FormatLiteral_FloatExponentCaseUpperAndLower  ok (515 us)
  Test-FormatLiteral_NormalizeHexDigitSeparators  ok (175 us)
  Test-FormatLiteral_NormalizeBinaryDigitSeparators  ok (237 us)
  Test-FormatLiteral_NormalizeDecimalDigitSeparators  ok (179 us)
  Test-FormatLiteral_NormalizeFloatDigitSeparators  ok (596 us)
  Test-FormatLiteral_CombinedHexCaseAndNormalization  ok (366 us)
  Test-FormatOff_LineCommentDisablesNumberFormatting  ok (468 us)
  Test-FormatOff_NoOnComment_RestOfFileRaw  ok (598 us)
  Test-FormatOff_MultipleRegions  ok (504 us)
  Test-FormatOff_BlockComment  ok (396 us)
  Test-FormatOff_CustomMarkers  ok (376 us)
  Test-FormatOff_EolNotRewrittenInDisabledRegion  ok (434 us)
  Test-FormatSpacing_SpaceAfterComma  ok (659 us)
  Test-FormatSpacing_NormalizeHorizontalWhitespace  ok (526 us)
  Test-FormatSpacing_NamedArgumentColons  ok (722 us)
  Test-FormatSpacing_TrueOptionsKeepManualAlignment  ok (468 us)
  Test-FormatSpacing_NoSpaceAfterComma  ok (616 us)
  Test-FormatSpacing_SpaceAroundAssignment  ok (450 us)
  Test-FormatSpacing_NoSpaceAroundAssignment  ok (632 us)
  Test-FormatSpacing_SpaceAroundBinaryOperators  ok (551 us)
  Test-FormatSpacing_NoSpaceAroundBinaryOperators  ok (426 us)
  Test-FormatSpacing_SpaceAroundArrow  ok (2 ms)
  Test-FormatSpacing_FatArrow  ok (647 us)
  Test-FormatSpacing_ColonInDeclarations  ok (256 us)
  Test-FormatSpacing_ColonInBaseClause  ok (237 us)
  Test-FormatSpacing_InsideParentheses  ok (1 ms)
  Test-FormatSpacing_InEmptyParentheses  ok (436 us)
  Test-FormatSpacing_InsideBrackets  ok (594 us)
  Test-FormatSpacing_AfterCast  ok (438 us)
  Test-FormatSpacing_AfterKeyword  ok (484 us)
  Test-FormatSpacing_AfterUnaryOperator  ok (276 us)
  Test-FormatSpacing_PostfixDereference  ok (327 us)
  Test-FormatSpacing_BeforeParenthesesControl  ok (455 us)
  Test-FormatSpacing_InsideBracesOfLiterals  ok (326 us)
  Test-FormatSpacing_FailClosesAFunctionTypeNotAnOperand  ok (258 us)
  Test-FormatStyle_PreserveNormalizesNothing  ok (363 us)
  Test-FormatStyle_DefaultOptionsArePreserve  ok (1 ms)
  Test-FormatStyle_SwagIsTheCanonicalLayout  ok (517 us)
  Test-FormatStyle_SwagIntrinsicCallsStayStable  ok (861 us)
  Test-FormatStyle_SwagKeepsAccessModifiersWithTheirDeclarations  ok (513 us)
  Test-FormatStyle_SwagKeepsStorageAndAccessModifierOrders  ok (13 ms)
  Test-FormatStyle_SwagSeparatesAccessBlocks  ok (532 us)
  Test-FormatStyle_SwagLeavesLineEndingsAndColumnsAlone  ok (289 us)
  Test-FormatStyle_DescribeRendersEveryOption  ok (386 us)
  Test-FormatUsing_SortAscending  ok (297 us)
  Test-FormatUsing_SortCaseInsensitive  ok (203 us)
  Test-FormatUsing_BlankLineSplitsRuns  ok (219 us)
  Test-FormatUsing_Merge      ok (190 us)
  Test-FormatUsing_SortAndMerge  ok (207 us)
  Test-FormatWrap_BreaksAfterComma  ok (357 us)
  Test-FormatWrap_ForceSingleLineLists  ok (396 us)
  Test-FormatWrap_FormatterSelectsListLineMode  ok (523 us)
  Test-FormatWrap_SourceSelectsSingleLineLists  ok (345 us)
  Test-FormatWrap_SourceSelectsNestedSingleLineLists  ok (393 us)
  Test-FormatWrap_HangingIndentLists  ok (310 us)
  Test-FormatWrap_HangingAlignLists  ok (348 us)
  Test-FormatWrap_VerticalLists  ok (279 us)
  Test-FormatWrap_BlockLists  ok (331 us)
  Test-FormatWrap_ForceSingleLineLogicalExpressions  ok (330 us)
  Test-FormatWrap_SourceSelectsSingleLineLogicalExpressions  ok (291 us)
  Test-FormatWrap_LogicalOperatorsAfter  ok (282 us)
  Test-FormatWrap_LogicalOperatorsBefore  ok (473 us)
  Test-FormatWrap_LogicalOperandsOnePerLine  ok (275 us)
  Test-FormatWrap_LogicalHangingIndent  ok (255 us)
  Test-FormatWrap_LogicalOperandsPack  ok (267 us)
  Test-FormatWrap_FormatterSelectsLogicalExpressionLineMode  ok (325 us)
  Test-FormatWrap_NestedLogicalExpressions  ok (504 us)
  Test-FormatWrap_NormalizesAdversarialLists  ok (679 us)
  Test-FormatWrap_NormalizesAdversarialLogicalExpression  ok (344 us)
  Test-FormatWrap_AlignsMultilineArgumentContents  ok (377 us)
  Test-FormatWrap_ClosureCapturesStayInsideArgument  ok (626 us)
  Test-FormatWrap_NoWrapWhenDisabled  ok (300 us)
  Test-FormatWrap_BreakBeforeBinaryOperators  ok (622 us)
  Test-FormatWrap_BinPackLists  ok (696 us)
  Test-FormatWrap_BinPackParametersOnePerLine  ok (285 us)
  Test-FormatWrap_BinPackArgumentsOnePerLine  ok (311 us)
  Test-FormatWrap_NoColumnLimitNeverMovesAStatementBreak  ok (959 us)
  Test-FormatWrap_ColumnLimitBreaksHighestInTheExpression  ok (682 us)
  Test-FormatWrap_ColumnLimitAlignsNewOperandLinesInOnePass  ok (642 us)
  Test-FormatWrap_ColumnLimitBreaksAtTheLoosestOperator  ok (664 us)
  Test-FormatWrap_ColumnLimitKeepsOneIndentPerStatement  ok (502 us)
  Test-FormatWrap_ContinuationOutsideBracketsTakesCanonicalIndent  ok (469 us)
  Test-FormatWrap_ContinuationInsideBracketsKeepsRelativeIndent  ok (437 us)
  Test-FormatWrap_WrappedCaseValuesAlignUnderTheFirstValue  ok (580 us)
  Test-FormatWrap_SourceSelectsLiteralLayout  ok (989 us)
  Test-FormatWrap_HugTrailingTableArgument  ok (573 us)
  Test-FormatWrap_HugTrailingClosureArgument  ok (513 us)
  Test-FormatWrap_HugTrailingBlockLiteralItem  ok (601 us)
  Test-FormatWrap_HugSkipsEarlierMultilineArgument  ok (542 us)
  Test-JIT_Return42           ok (236 us)
  Test-JIT_RegAllocAvoidsFutureConcreteClobber  ok (213 us)
  Test-JIT_128BitStackCopy    ok (546 us)
  Test-JIT_PointerSpillRoundTrip  ok (409 us)
  Test-JIT_B32LoadAndZeroExtendKeepsUpperBitsClear  ok (269 us)
  Test-JIT_PackedIntegerOps   ok (227 us)
  Test-JIT_VecCodecOps        ok (673 us)
  Test-JIT_VecFloatOps        ok (225 us)
  Test-JIT_SlpVectorizedLanes  ok (3 ms)
  Test-JIT_ConstantDivisionBaseline  ok (9 ms)
  Test-JIT_ConstantDivisionStrengthReduced  ok (22 ms)
  Test-JIT_PersistentRegPreservedAcrossCall  ok (221 us)
  Test-BranchSimplify_ErasesJumpToImmediateLabel  ok (127 us)
  Test-BranchSimplify_ThreadsJumpThroughEmptyBlock  ok (150 us)
  Test-BranchSimplify_FoldsKnownTrueBranch  ok (96 us)
  Test-BranchSimplify_FoldsKnownFalseBranch  ok (79 us)
  Test-BranchSimplify_FoldsKnownSignedLessBranch  ok (79 us)
  Test-BranchSimplify_FoldsKnownUnsignedBelowBranch  ok (74 us)
  Test-BranchSimplify_ErasesDeadTailAfterRet  ok (73 us)
  Test-BranchSimplify_ConvertsMinPatternToCmov  ok (63 us)
  Test-BranchSimplify_ConvertsConditionalConstantToCmov  ok (62 us)
  Test-BranchSimplify_KeepsMultiInstructionBranchBody  ok (147 us)
  Test-BranchSimplify_ThreadsShortCircuitExit  ok (106 us)
  Test-BranchSimplify_KeepsReferencedLabel  ok (55 us)
  Test-BranchSimplify_KeepsByteSelectBranch  ok (62 us)
  Test-BranchSimplify_ConvertsDiamondSelectToCmov  ok (80 us)
  Test-BranchSimplify_ConvertsDiamondConstantsToCmov  ok (75 us)
  Test-BranchSimplify_SinksCompareBelowFlagWritingArm  ok (89 us)
  Test-BranchSimplify_KeepsDiamondWithGuardedLoad  ok (63 us)
  Test-BranchSimplify_KeepsDiamondWithSharedArmLabel  ok (79 us)
  Test-BranchSimplify_KeepsDiamondWhenArmReadsResultFirst  ok (98 us)
  Test-BranchSimplify_KeepsDiamondWhenArmClobbersCompareInput  ok (76 us)
  Test-BranchSimplify_KeepsByteDiamond  ok (69 us)
  Test-BranchSimplify_ConvertsEarlyReturnToCmov  ok (69 us)
  Test-BranchSimplify_ConvertsEarlyReturnChainToCmovs  ok (137 us)
  Test-BranchSimplify_KeepsEarlyReturnWithGuardedLoad  ok (52 us)
  Test-BranchSimplify_SinksCompareBelowFlagWritingEarlyReturn  ok (72 us)
  Test-BranchSimplify_InvertsJumpPairAfterImmediateJumpErasure  ok (84 us)
  Test-BranchSimplify_TriangleScratchPreservesAcceptedPlanOrder  ok (188 us)
  Test-ConstantFolding_FoldBinaryRegImm  ok (54 us)
  Test-ConstantFolding_FoldCopyFromKnown  ok (28 us)
  Test-ConstantFolding_ChainedFold  ok (87 us)
  Test-ConstantFolding_FoldFromClearReg  ok (26 us)
  Test-ConstantFolding_FoldAcrossJoinSameConstant  ok (47 us)
  Test-ConstantFolding_BinaryRequiresKnownInputsAndDeadFlags  ok (228 us)
  Test-CopyElim_SelfCopy_Erased  ok (28 us)
  Test-CopyElim_ChainedCopies_CanonicalizesSource  ok (38 us)
  Test-CopyElim_RewritesPureUseAcrossJoin  ok (58 us)
  Test-CopyElim_DoesNotPropagatePastSourceRedefinition  ok (31 us)
  Test-CopyElim_TransfersForbiddenPhysRegsToCanonicalSource  ok (37 us)
  Test-CopyElim_DoesNotRewriteUseDefOperand  ok (28 us)
  Test-DeadCodeElimination_RemovesEntireDeadChain  ok (670 us)
  Test-DeadCodeElimination_JoinTracksSurvivingConsumers  ok (94 us)
  Test-DeadCodeElimination_PhiCyclesNeedAnInstructionConsumer  ok (118 us)
  Test-DeadCodeElimination_DeadFlagConsumerExposesArithmetic  ok (64 us)
  Test-InstCombine_Identity_AddZero_Erased  ok (109 us)
  Test-InstCombine_ConstantAddressLoad_FoldsToRip  ok (82 us)
  Test-InstCombine_RelocatedLoad_UsesExactTargetAndLiveMemory  ok (789 us)
  Test-InstCombine_Absorbing_AndZero_BecomesClear  ok (29 us)
  Test-InstCombine_Absorbing_OrAllOnes_BecomesLoadImm  ok (31 us)
  Test-InstCombine_Reassociate_AddAdd  ok (51 us)
  Test-InstCombine_Reassociate_AddSub_PicksAdd  ok (31 us)
  Test-InstCombine_Reassociate_ShiftLeftChain  ok (32 us)
  Test-InstCombine_Reassociate_ShiftOverflow_NotFolded  ok (30 us)
  Test-InstCombine_RegReg_XorSelf_BecomesClear  ok (28 us)
  Test-InstCombine_RegReg_SubSelf_BecomesClear  ok (31 us)
  Test-InstCombine_RegReg_AndSelf_DeadErased  ok (27 us)
  Test-InstCombine_Reassociate_MulMulSigned  ok (35 us)
  Test-InstCombine_Reassociate_OrOr  ok (31 us)
  Test-InstCombine_MemFold_Imm_Consecutive  ok (56 us)
  Test-InstCombine_MemFold_Reg_Consecutive  ok (67 us)
  Test-InstCombine_MemFold_NonConsecutive  ok (41 us)
  Test-InstCombine_MemFold_VtReadAfterStore_NotFolded  ok (39 us)
  Test-InstCombine_MaskBeforeLeftShift_DroppedDirect  ok (32 us)
  Test-InstCombine_MaskBeforeLeftShift_DroppedThroughCopies  ok (339 us)
  Test-InstCombine_MaskBeforeLeftShift_KeptWhenMaskTooNarrow  ok (32 us)
  Test-InstCombine_MaskBeforeRightShift_Kept  ok (28 us)
  Test-InstCombine_ZeroExtendOfDwordLoad_BecomesCopy  ok (52 us)
  Test-InstCombine_ZeroExtendOfQwordLoad_Kept  ok (31 us)
  Test-InstCombine_MaskedAddOfZeroExtendedWords_NarrowsToDword  ok (89 us)
  Test-InstCombine_MaskedAddWithQwordReader_Kept  ok (50 us)
  Test-InstCombine_MaskedShift_Kept  ok (38 us)
  Test-InstCombine_MemoryFoldTriple_InsideLoop  ok (94 us)
  Test-InstCombine_MemoryFoldTriple_LeavesLoopFrameSlot  ok (104 us)
  Test-InstCombine_ZeroExtendOfDwordPhi_BecomesCopy  ok (100 us)
  Test-InstCombine_MultiplyAdd_BecomesTwoAddresses  ok (2 ms)
  Test-InstCombine_MultiplyAdd_PreservesObservedValuesAndFlags  ok (313 us)
  Test-InstCombine_AddressCopy_DefinesAccumulatorDirectly  ok (73 us)
  Test-InstCombine_FloatResultCopy_DefinesAccumulatorDirectly  ok (290 us)
  Test-InstCombine_SqrtResultCopy_PreservesPackedDestination  ok (88 us)
  Test-InstCombine_SqrtResultCopy_KeepsOtherUses  ok (70 us)
  Test-InstCombine_SharedAndInputs_PreservesValuesAndFlags  ok (1 ms)
  Test-InstructionCombine_FoldsBooleanSelect  ok (156 us)
  Test-InstructionCombine_KeepsUnsafeBooleanSelect  ok (160 us)
  Test-InstCombine_RangeProvedCompare_ClampErased  ok (63 us)
  Test-InstCombine_RangeProvedCompare_WideMaskKept  ok (47 us)
  Test-InstCombine_RangeProvedCompare_NarrowWriteKept  ok (48 us)
  Test-InstCombine_VectorPlans_KeepFreshRegistersAcrossRollback  ok (496 us)
  Test-MicroDominators_MatchReachabilityWithANodeRemoved  ok (102 us)
  Test-LICM_HoistsInvariantLoad  ok (173 us)
  Test-LICM_HoistsSingleUseLaneBroadcast  ok (148 us)
  Test-LICM_KeepsVolatileLoadInLoop  ok (59 us)
  Test-LICM_HoistsFloatConversionAcrossCallWithLiveIntegerFlags  ok (265 us)
  Test-LICM_KeepsIntegerClearWhenFlagsAreLiveAtEitherSite  ok (116 us)
  Test-LICM_HoistsScalarLiteralLoadsButKeepsZeroLocal  ok (332 us)
  Test-MicroDomTree_MatchesPathsThroughDiamondAndLoop  ok (163 us)
  Test-NaturalLoop_CollectBody_CountsMembersOnceAcrossTailsAndRebuilds  ok (11 us)
  Test-LoopUnroll_MultipleLoops_RebuildsIncomingJumpRanges  ok (109 us)
  Test-LoopUnroll_MultipleIncomingJumps_PreservesLoop  ok (27 us)
  Test-LoopUnroll_ExternalJumpToBody_PreservesLoop  ok (54 us)
  Test-MemToReg_PlainSlot_Promotes  ok (64 us)
  Test-MemToReg_RedefinedAddressRegister_BailsFunction  ok (35 us)
  Test-MemToReg_UnwrittenWideAccess_BlocksOverlapButNotAdjacentSlot  ok (34 us)
  Test-MemToReg_WrappingWideAccess_KeepsNarrowOverlap  ok (26 us)
  Test-MicroPassManager_PostRa_RechecksSuffixAfterEachMutation  ok (18 us)
  Test-MicroPassManager_PostRa_RechecksSuffixWhenFirstSweepPolicyChanges  ok (16 us)
  Test-PostRADeadCodeElim_PreservesAbiLiveOut  ok (47 us)
  Test-PostRADeadCodeElim_UnusedReturnRegistersAreDead  ok (25 us)
  Test-PostRADeadCodeElim_LoopBackEdgeKeepsCarriedDefinition  ok (29 us)
  Test-PostRALoopHoist_InvariantReload_MovesToPreheader  ok (233 us)
  Test-PostRALoopHoist_SlotWrittenInBody_Blocks  ok (78 us)
  Test-PostRALoopHoist_OpaqueStoreInBody_Blocks  ok (68 us)
  Test-PostRALoopHoist_OpaqueStoreOverPrivateFrame_Hoists  ok (87 us)
  Test-PostRALoopHoist_SecondReload_BecomesCopy  ok (87 us)
  Test-PostRALoopHoist_DestinationLiveAtPreheader_Blocks  ok (57 us)
  Test-PostRALoopHoist_CarriedSlot_LeavesTheLoop  ok (110 us)
  Test-PostRALoopHoist_CarriedRegisterReusedElsewhere_Blocks  ok (78 us)
  Test-PostRALoopHoist_SecondDefinitionOfDestinationBlocks  ok (61 us)
  Test-PostRALoopRotate_IndependentHeadersRotate  ok (72 us)
  Test-PostRALoopRotate_SecondIncomingJumpBlocks  ok (39 us)
  Test-PostRALoopRotate_ConditionalBackEdgeBlocks  ok (38 us)
  Test-PostRAPeephole_Nop_Erased  ok (52 us)
  Test-PostRAPeephole_DoesNotForwardFromStoreClaimedByImmediateFold  ok (51 us)
  Test-PostRAPeephole_CopyForward_DoesNotCrossClaimedStoreReload  ok (35 us)
  Test-PostRAPeephole_ErasesStoreOverwrittenBeforeMemoryAccess  ok (42 us)
  Test-PostRAPeephole_DoesNotEraseOverwrittenNonFrameStore  ok (26 us)
  Test-PostRAPeephole_ErasesOwnStoreReloadOnConditionalFallthrough  ok (35 us)
  Test-PostRAPeephole_ForwardsStoredValueToReload  ok (23 us)
  Test-PostRAPeephole_CopyForward_StopsAtEncoderImplicitDef  ok (35 us)
  Test-Legalize_ScratchExcludesFirstReadsInAbiOrder  ok (51 us)
  Test-Legalize_ScratchExclusionsStopBeforeBarrierUses  ok (76 us)
  Test-Legalize_DoesNotPreserveDeadShiftRegisterAcrossJump  ok (35 us)
  Test-Legalize_RewritesB8SignedMultiplyRegMemToRax  ok (29 us)
  Test-Legalize_ClearsPositiveFloatZero  ok (70 us)
  Test-Legalize_KeepsNonzeroFloatBitsAndAddresses  ok (121 us)
  Test-Legalize_KeepsMemoryDestinationAdd  ok (17 us)
  Test-Legalize_KeepsMemoryExchange  ok (16 us)
  Test-PostRAPeephole_DoesNotForwardB8SignedMultiplyImmediate  ok (24 us)
  Test-PostRAPeephole_FoldsIntegerReloadIntoBinary  ok (40 us)
  Test-PostRAPeephole_KeepsIntegerReloadReadAfterConsumer  ok (31 us)
  Test-PostRAPeephole_FoldsIntegerReloadIntoCompare  ok (33 us)
  Test-PostRAPeephole_KeepsByteMultiplyReload  ok (30 us)
  Test-PostRAPeephole_SelfCopy_B64_Erased  ok (25 us)
  Test-PostRAPeephole_SelfCopy_IntB32_Preserved  ok (24 us)
  Test-PostRAPeephole_FallthroughJumpSkipsTrivialGap  ok (32 us)
  Test-PostRAPeephole_DeadCompareBeforeRet_Erased  ok (26 us)
  Test-PostRAPeephole_DeadCompareAfterRedundantJump_Erased  ok (23 us)
  Test-PostRAPeephole_LiveCompareForBranch_Preserved  ok (18 us)
  Test-PostRAPeephole_LoadCondRegRegKeepsCopyBecauseDestinationIsUseDef  ok (26 us)
  Test-PostRAPeephole_FlagReuse_SubThenCompareZero_CompareErased  ok (21 us)
  Test-PostRAPeephole_FlagReuse_UnsafeCondition_ComparePreserved  ok (23 us)
  Test-PostRAPeephole_FlagReuse_NonFlagProducer_ComparePreserved  ok (19 us)
  Test-PostRAPeephole_ZeroToClear_LiveFlagsDead_Converted  ok (19 us)
  Test-PostRAPeephole_ZeroToClear_DeadReg_NotConverted  ok (16 us)
  Test-PostRAPeephole_ZeroToClear_FlagsLive_NotConverted  ok (18 us)
  Test-PostRAPeephole_SelfOperand_FoldsWhenDestinationHoldsTheSlot  ok (18 us)
  Test-PostRAPeephole_SelfOperand_KeepsMemoryOperandWhenWindowExhausted  ok (30 us)
  Test-PreRAPeephole_FloatBinary_DefinesIndependentResult  ok (184 us)
  Test-PreRAPeephole_FloatBinary_PreservesCopiedSecondOperand  ok (45 us)
  Test-PreRAPeephole_ForwardsLoadImmIntoStore  ok (22 us)
  Test-PreRAPeephole_ForwardsLoadImmIntoCmpMem  ok (30 us)
  Test-PreRAPeephole_ForwardsLoadImmIntoMemBinary  ok (19 us)
  Test-PreRAPeephole_ForwardsCopyIntoNextUseOnlySlots  ok (22 us)
  Test-PreRAPeephole_TransfersForbiddenPhysRegsAcrossCopyForward  ok (22 us)
  Test-PreRAPeephole_DoesNotRewriteExchangeUseDefConsumer  ok (31 us)
  Test-PreRAPeephole_ForwardsLoadImmIntoAmcStore  ok (21 us)
  Test-PreRAPeephole_ForwardsClearRegIntoImmediateCompare  ok (26 us)
  Test-PreRAPeephole_FoldsExtendOfImmediate  ok (33 us)
  Test-PreRAPeephole_FoldsPointerImmediateIntoAddress  ok (29 us)
  Test-PreRAPeephole_CombinesAdjacentRegImmAdd  ok (31 us)
  Test-PreRAPeephole_KeepsAdjacentRegImmAddWhenFlagsAreLive  ok (76 us)
  Test-PreRAPeephole_FoldsCopyAddIntoLoadAddress  ok (43 us)
  Test-PreRAPeephole_FoldsCopyAddIntoLoadAddressDespiteMismatchedForbiddenRegs  ok (35 us)
  Test-PreRAPeephole_KeepsCopyAddWhenFlagsAreLive  ok (35 us)
  Test-PreRAPeephole_FoldsAmcIndexImmediateIntoSimpleLoad  ok (34 us)
  Test-PreRAPeephole_FoldsAddressBaseIntoAmcStore  ok (36 us)
  Test-PreRAPeephole_FoldsAmcAddressIntoStore  ok (38 us)
  Test-MicroPrologEpilogSanitize_MergesAdjacentStackAdjustments  ok (103 us)
  Test-MicroPrologEpilogSanitize_DoesNotMergeOutsideEntryExitRegions  ok (41 us)
  Test-MicroPrologEpilogSanitize_ExpandsLargeWindowsStackAdjustIntoPageProbes  ok (36 us)
  Test-MicroPrologEpilogSanitize_KeepsOnlyLastFramePointerSetupInEntryProlog  ok (39 us)
  Test-MicroPrologEpilogSanitize_ReinsertsForcedFramePointerSetupWhenMissing  ok (30 us)
  Test-MicroPrologEpilogSanitize_DoesNotTouchFramePointerSetupAfterBodyStarts  ok (32 us)
  Test-MicroReg_SameClassMatchesVirtualAndPhysicalRegisters  ok (20 us)
  Test-RegAlloc_UsesDedicatedLocalStackBaseRegister  ok (469 us)
  Test-RegAlloc_PersistentAcross  ok (1 ms)
  Test-RegAlloc_NoCalls       ok (550 us)
  Test-RegAlloc_MixedIntFloat  ok (592 us)
  Test-RegAlloc_LotsOfVirtualRegs  ok (10 ms)
  Test-RegAlloc_PreservePersistentRegs_Enabled  ok (290 us)
  Test-RegAlloc_PreservePersistentRegs_Disabled  ok (190 us)
  Test-RegAlloc_PreservePersistentRegs_NoNeed  ok (139 us)
  Test-RegAlloc_Spill_IntPressureAcrossCall  ok (847 us)
  Test-RegAlloc_Spill_FloatAcrossCall_NoPersistent  ok (1 ms)
  Test-RegAlloc_VirtualRegForbiddenPhysRegs  ok (467 us)
  Test-RegAlloc_Spill_BalancedControlFlow  ok (1 ms)
  Test-RegAlloc_KnownComputedJumpKeepsIntervalAllocation  ok (674 us)
  Test-RegAlloc_LoadBaseAddressAcrossCall  ok (298 us)
  Test-RegAlloc_ConcreteLoadDestAcrossCall  ok (320 us)
  Test-RegAlloc_VirtualDefAvoidsLiveConcreteReg  ok (203 us)
  Test-RegAlloc_UsesPersistentFallbackWhenTransientPoolExhausted  ok (160 us)
  Test-RegAlloc_CoalescesLinearVirtualCopies  ok (157 us)
  Test-RegAlloc_TransfersDeadCopySourcesAcrossBarriers  ok (212 us)
  Test-RegAlloc_RematerializesImmediateReloads  ok (178 us)
  Test-MicroInstr_FloatToIntReplacesItsDestination  ok (63 us)
  Test-MicroInstr_SqrtReplacesItsDestination  ok (20 us)
  Test-MicroInstr_SqrtDropsOnlyOverwrittenInitialization  ok (121 us)
  Test-MicroInstr_FloatToIntKeepsOnlyLiveFlagInitialization  ok (63 us)
  Test-RegAlloc_LiveIntervalAccessSearchBoundaries  ok (18 us)
  Test-RegAlloc_LiveIntervalEmptyAndSingleAccess  ok (2 us)
  Test-RegAlloc_LiveIntervalRangeStartSearchBoundaries  ok (2 us)
  Test-MicroSanity_RejectsStackAddressReturnedAsPointer  ok (98 us)
  Test-MicroSanity_AllowsKnownNonStackPointer  ok (53 us)
  Test-MicroSanity_IgnoresStackAddressReturnedAsInteger  ok (50 us)
  Test-SinkToUse_MovesDefinitionToItsConsumer  ok (68 us)
  Test-SinkToUse_LoadCannotCrossBaseRedefinition  ok (32 us)
  Test-SinkToUse_LoadCannotCrossMemoryWrite  ok (31 us)
  Test-SlpVectorize_UnpackableStores_DoesNotBuildSsa  ok (73 us)
  Test-SlpVectorize_MultipleBlocks_PreservesSnapshotAndFreshRegisters  ok (186 us)
  Test-MicroSsa_PhiAtJoin     ok (69 us)
  Test-MicroSsa_Dominators_HandleEntryAndDescendantJoin  ok (30 us)
  Test-MicroSsa_ReachingDef_BeforeWritesAndAtNonUses  ok (32 us)
  Test-MicroSsa_ReachingDef_DominatorSiblings  ok (34 us)
  Test-MicroSsa_ReachingDef_LoopAndUnreachableRoot  ok (35 us)
  Test-MicroSsa_PhiAtJoinWithSharedPredecessorDominator  ok (35 us)
  Test-MicroSsa_PhiInputsFollowManyPredecessors  ok (211 us)
  Test-MicroSsa_RebuildAddsFrontierAfterLinearBlocks  ok (85 us)
  Test-MicroStackAdjustNormalize_RemovesBodyAdjustsAndRebasesOffsets  ok (60 us)
  Test-MicroStackAdjustNormalize_HandlesBranchingDepths  ok (46 us)
  Test-MicroStorage_InsertedInstructionsUseExplicitDebugInsertionKinds  ok (2 us)
  Test-MicroStorage_InsertBeforePreservesExplicitNoStepWhenSourceIsInherited  ok (1 us)
  Test-MicroStackAdjustNormalize_SkipsCallsBelowMaxDepth  ok (31 us)
  Test-StrengthReduction_MultiplyPowerOfTwo  ok (73 us)
  Test-StrengthReduction_MultiplyPowerOfTwoKeepsLiveFlags  ok (21 us)
  Test-StrengthReduction_MultiplyByZero  ok (16 us)
  Test-StrengthReduction_MultiplyByOne  ok (21 us)
  Test-StrengthReduction_MultiplyNonPowerOfTwoUnchanged  ok (15 us)
  Test-StrengthReduction_UnsignedDivideMagicNoFixup  ok (27 us)
  Test-StrengthReduction_UnsignedDivideMagicFixup  ok (30 us)
  Test-StrengthReduction_SignedDividePow2  ok (24 us)
  Test-StrengthReduction_SignedDivideMagic  ok (28 us)
  Test-StrengthReduction_UnsignedModuloMagic  ok (25 us)
  Test-StrengthReduction_SignedDivideNegativeConstantUnchanged  ok (15 us)
  Test-StrengthReduction_DivideByZeroUnchanged  ok (15 us)
  Test-StrengthReduction_NarrowDivideUnchanged  ok (18 us)
  Test-StrengthReduction_RemoveAddZeroDeadAcrossJoin  ok (67 us)
  Test-StrengthReduction_UnsignedMultiplyRequiresLocalFlagRedefinition  ok (126 us)
  Test-StrengthReduction_AddSubZeroPreservesLiveResultsAndFlags  ok (175 us)
  Test-ValueNumbering_DedupIdenticalCompute  ok (107 us)
  Test-ValueNumbering_KeepsDifferentInputs  ok (61 us)
  Test-ValueNumbering_KeepsComputeWithLiveFlags  ok (49 us)
  Test-ValueNumbering_DedupLoadAddress  ok (43 us)
  Test-ValueNumbering_KeepsComputeWhenSourceClobbered  ok (44 us)
  Test-ValueNumbering_DedupRepeatedLoad  ok (56 us)
  Test-ValueNumbering_DedupRepeatedFieldLoad  ok (44 us)
  Test-ValueNumbering_KeepsLoadAcrossStore  ok (45 us)
  Test-ValueNumbering_KeepsLoadAcrossLabel  ok (87 us)
  Test-ValueNumbering_DedupLoadAcrossFallthroughBranch  ok (78 us)
  Test-ValueNumbering_DedupPlainLoadAfterExtendingLoad  ok (64 us)
  Test-ValueNumbering_ExtendsEarlierPlainLoad  ok (52 us)
  Test-ValueNumbering_KeepsFrameLoadsForMemToReg  ok (47 us)
  Test-ValueNumbering_SharesScalarFloatLiteralBits  ok (281 us)
  Test-ValueNumbering_KeepsCheapOrDistinctLiterals  ok (143 us)
  Test-ValueNumbering_KeepsSiblingComputesAndReusesJoinDefinition  ok (83 us)
  Test-VecLoopPromote_LoadStorePair_HoistsAndSinks  ok (59 us)
  Test-VecLoopPromote_OverlappingScalarStore_Blocks  ok (39 us)
  Test-VecLoopPromote_LoadOnlyChunk_HoistsWithoutStore  ok (40 us)
  Test-VecLoopPromote_StackPointerDefinitionInBody_Blocks  ok (33 us)
  Test-NativeArtifact_DefaultsToLocalOutputTree  ok (339 us)
  Test-NativeArtifact_ImportedApiKeepsLocalOutputTree  ok (163 us)
  Test-NativeArtifact_ModuleNamespaceDefaultsFromModulePath  ok (123 us)
  Test-NativeArtifact_ModuleNamespaceOverrideWins  ok (6 us)
  Test-NativeArtifact_ExplicitArtifactKindOverridesBuildCfgMutation  ok (3 us)
  Test-NativeArtifact_RDataKeepsGrowingCyclicDependencies  ok (1 ms)
  Test-NativeArtifact_CompilerRunExprInsideTestKeepsJitRunnable  ok (575 ms)
  Test-NativeArtifact_CompilerInstanceNativeRegistrationKeepsBucketsConsistent  ok (390 ms)
  Test-NativeArtifact_ExecutablePrunesUnreachableGeneratedFunctions  ok (528 ms)
  Test-NativeArtifact_ExecutableClosesAlternatingDependencies  ok (529 ms)
  Test-NativeArtifact_SilentSpecOpProbeDoesNotDropStructCopyTests  ok (722 ms)
  Test-NativeArtifact_TestFileFilterKeepsReusableArtifactAndSelectsAtRunTime  ok (626 ms)
  Test-NativeArtifact_TestTagFilterKeepsReusableArtifactAndSelectsAtRunTime  ok (511 ms)
  Test-NativeArtifact_TestProgressProtocolIsStrict  ok (74 us)
  Test-NativeArtifact_ConcurrentCompilerInputsKeepEveryDependency  ok (22 s 625 ms)
  Test-PeWriter_CompressesEmbeddedDebugTable  ok (24 ms)
  Test-PeWriter_FoldsIdenticalUnwindInfo  ok (265 us)
  Test-PeWriter_Win32ApplicationResourcesUseConfig  ok (183 us)
  Test-Sema_OverloadRankingUsesOrderedConversionCriteria  ok (13 us)
  Test-Sema_MatchCandidateCollectionPreservesUniqueDiscoveryOrder  ok (366 us)
  Test-Sema_GenericInstanceStoragePreservesIdentityAcrossGrowth  ok (4 ms)
  Test-Sema_AggregateTypeInterningUsesOrderedContents  ok (5 ms)
  Test-Sema_TypeManagerReleasesOwnedPayloads  fail (6 ms)
  Test-Sema_CastLegalityCoversScalarConversionKinds  ok (293 us)
  Test-Sema_GenericDeductionBindingHandlesConflictsAndDefaults  ok (253 us)
  Test-Sema_CompletedFreesSummariesKeepDirectForwardingTransitive  ok (79 us)
  Test-Sema_CompletedFreesSummariesResolveGuardedAliasRoutes  ok (129 us)
  Test-SemaPurity_GlobalVariableReadIsNotConstFolded  ok (389 ms)
  Test-SemaPurity_NamespaceQualifiedGlobalFieldReadIsNotConstFolded  ok (372 ms)
  Test-JobManager_DebugStateReportsSleepingJobs  ok (39 us)
  Test-JobManager_ProgressiveWorkersDrainQueuedJobs  ok (2 ms)
  Test-JobManager_TargetedWakeBySymbol  ok (32 us)
  Test-AppendOnlyLookupTable_GrowsAcrossChunks  ok (79 us)
  Test-AppendOnlyLookupTable_ConcurrentReaderSeesPublishedEntries  ok (761 us)
  Test-PagedStore_CopyToPreserveOffsetsKeepsSparseLayout  ok (53 us)
  Test-DataSegment_RelocationIndexHandlesInterleavedMonotonicAdds  ok (36 us)
  Test-DataSegment_RelocationIndexRebuildsAfterOutOfOrderAdd  ok (22 us)
  Test-DataSegment_RelocationRangesPreserveIndexedAndTailEntries  ok (86 us)
  Test-DataSegment_FindAllocationUsesPublishedAllocations  ok (17 us)
  Test-DataSegment_LargeBlockPointersPreservePagedPrefixAndAlignedAllocations  ok (279 us)
  Test-PagedStore_ReserveSpanReturnsWritableContiguousStorage  ok (11 us)
  Test-PagedStore_EmptyCopySpanDoesNotAllocateStorage  ok (6 us)
  Test-PagedStore_ReserveRangeSupportsOversizedZeroedBlocks  ok (13 us)
  Test-Logger_TestTalliesNameSuccessfulWork  ok (46 us)
  Test-Logger_NestedStagesDetailedChoiceDoesNotLeak  ok (0 us)
  Test-Logger_ProgressCanBeDisabledFromCommandLine  ok (180 us)
  Test-Os_FatalHostExceptionClassificationExcludesCppExceptions  ok (17 us)
  Test-Os_FileLockOwnersNameTheProcessMappingAnImage  ok (308 ms)
  Test-FileSystem_AppendFileUsersNamesThisCompilerProcess  ok (287 ms)
  Test-FileSystem_AppendFileUsersLeavesAnUnheldFileAlone  ok (31 ms)
  Test-Utf8_MoveOperationsTransferStorage  ok (5 us)
  Test-Utf8_FixedDecimalFormatting  ok (6 us)
  Test-WarningPolicy_ReadsWarningIdentifiers  ok (74 us)
  Test-WarningPolicy_ParsesLists  ok (23 us)
  Test-WarningPolicy_ResolvesLayerPrecedence  ok (1 us)
  Tests                       685 tests (33 s 192 ms)
  Skipped                     28 filesystem tests (run with --dev-full)
  Slow-01                     NativeArtifact_ConcurrentCompilerInputsKeepEveryDependency (22 s 625 ms)
  Slow-02                     NativeArtifact_SilentSpecOpProbeDoesNotDropStructCopyTests (722 ms)
  Slow-03                     NativeArtifact_TestFileFilterKeepsReusableArtifactAndSelectsAtRunTime (626 ms)
  Slow-04                     NativeArtifact_CompilerRunExprInsideTestKeepsJitRunnable (575 ms)
  Slow-05                     DebugInfo_CompilerPrivateGlobalsReachCodeViewDataSymbols (538 ms)
  Slow-06                     DebugInfo_RuntimeStorageLocalsStayOutOfCodeView (534 ms)
  Slow-07                     DebugInfo_CompilerTestFunctionsPreserveStackDebugMetadata (531 ms)
  Slow-08                     NativeArtifact_ExecutableClosesAlternatingDependencies (529 ms)
  Slow-09                     NativeArtifact_ExecutablePrunesUnreachableGeneratedFunctions (528 ms)
  Slow-10                     NativeArtifact_TestTagFilterKeepsReusableArtifactAndSelectsAtRunTime (511 ms)
  ✖  testing     684 passed • 1 did not pass • 33 s 227 ms
  ✓  clean       33 s 250 ms
