  ◆  swag        unittest • sources
  Test-ABI_AddressedNarrowIntegerHomeUsesNarrowLoad  ok (199 us)
  Test-ABI_SwagSimdArgsUseExtendedRegistersThenWideStackSlots  ok (0 us)
  Test-FFI_CallNativeNoArgBool  ok (309 us)
  Test-FFI_CallNativeU8       ok (97 us)
  Test-FFI_CallNativeI32      ok (29 us)
  Test-FFI_CallNativeF32      ok (29 us)
  Test-FFI_CallNativeF64      ok (37 us)
  Test-FFI_CallNativeF64StackArg  ok (96 us)
  Test-FFI_CallNativeMixedArgs  ok (29 us)
  Test-FFI_CallNativeStackArgs  ok (95 us)
  Test-FFI_CallNativePointerArg  ok (26 us)
  Test-ABI_SwagStructArgPassingMatchesNative  ok (0 us)
  Test-FFI_CallSwagStructByValueInteropDevMode  ok (357 ms)
  Test-FFI_CallSwagStructByValueInteropRelease  ok (273 ms)
  Test-FFI_CallNativeStructByValueRegister  ok (121 us)
  Test-FFI_CallNativeStructByValueStack  ok (63 us)
  Test-FFI_CallNativeStructByReferenceCopy  ok (37 us)
  Test-FFI_CallNativeStructReturnByValueRegister  ok (35 us)
  Test-FFI_CallNativeStructReturnByReference  ok (32 us)
  Test-ConstantManager_CopiesBorrowedStructPayloadOutsideDataSegment  ok (23 us)
  Test-ConstantManager_StoresNullableCStringFromBlockPointer  ok (5 us)
  Test-ConstantValue_MakesNullableCStringFromRuntimePointer  ok (0 us)
  Test-ConstantManager_CopiesBorrowedArrayPayloadOutsideDataSegment  ok (3 us)
  Test-ConstantManager_DeduplicatesBorrowedArrayPayloadsByValue  ok (1 us)
  Test-ConstantManager_CachesZeroPayloadConstantsByType  ok (8 us)
  Test-ConstantManager_CopiesBorrowedSlicePayloadOutsideDataSegment  ok (3 us)
  Test-ConstantManager_AcceptsEmptyBorrowedSlicePayloads  ok (4 us)
  Test-ConstantManager_DistinguishesPresentEmptySlicePayloads  ok (29 us)
  Test-ConstantManager_DeduplicatesMaterializedArrayPayloadConstants  ok (6 us)
  Test-ConstantManager_DoesNotDeduplicateMaterializedArrayPayloadsWithDifferentRelocations  ok (3 us)
  Test-ConstantManager_OwnsAggregateElementsAfterInputsAreDestroyed  ok (164 us)
  Test-ConstantManager_EnrichesStorageReferencesWithoutMutatingInputs  ok (82 us)
  Test-Compiler_NewScriptCommandParsesDefaultPath  ok (57 us)
  Test-Compiler_CommandLineHelpStopsBeforeCompilation  ok (101 us)
  Test-Compiler_NewModuleCommandParsesWorkspace  ok (45 us)
  Test-Compiler_DocSearchPreservesLiteralCode  ok (10 us)
  Test-Compiler_DocCommandParsesOptions  ok (398 us)
  Test-Compiler_DocMarkdownRendersSupportedBlocks  ok (96 us)
  Test-Compiler_DocBlockCommentsPreserveCodeIndentation  ok (12 us)
  Test-Compiler_DocMarkdownRendersCompleteLists  ok (63 us)
  Test-Compiler_DocMarkdownRendersHeaderlessTableAndNestedInline  ok (15 us)
  Test-Compiler_LegacyStaticControlDirectivesAreNotKeywords  ok (2 us)
  Test-Compiler_AutoInlineCostPricesCallsAndRewardsOneModuleCallSite  ok (388 us)
  Test-Compiler_ExplicitInlineExpandsCrossFileBody  ok (197 ms)
  Test-Compiler_InMemorySourceRunsSemaWithoutDiskIO  ok (93 us)
  Test-Compiler_InMemorySourceKeepsFormatCommandGlobalIfDuringFormat  ok (50 us)
  Test-Compiler_InMemorySourceSkipsFalseGlobalIf  ok (31 us)
  Test-Compiler_InMemorySourceSkipsTestCommandGlobalIfOutsideTests  ok (31 us)
  Test-Compiler_InMemorySourceKeepsTestCommandGlobalIfDuringTests  ok (40 us)
  Test-Compiler_GenericUnionDeductionRemainsStableForHistoricalRandomSeed1002  ok (205 ms)
  Test-Compiler_GenericUnionDeductionRemainsStableForHistoricalRandomSeed1009  ok (186 ms)
  Test-Compiler_GenericUnionDeductionRemainsStableForHistoricalRandomSeed1032  ok (148 ms)
  Test-Compiler_GenericUnionDeductionRemainsStableForHistoricalRandomSeed1143  ok (151 ms)
  Test-Compiler_AstVisitPreservesSiblingsAcrossPauseSkipAndRestart  ok (124 us)
  Test-Compiler_AstVisitResolvesChildrenWithoutFollowingActiveAncestors  ok (51 us)
  Test-Compiler_MessagePassSkipsWithoutListeners  ok (426 us)
  Test-Compiler_MessagePassQueuesOnlyOncePerListener  ok (397 us)
  Test-Compiler_MessageAliasPayloadUsesUnderlyingType  ok (7 us)
  Test-Compiler_DiagnosticWarningSeverityColorIsMagenta  ok (0 us)
  Test-Compiler_DiagnosticCatalogFollowsSwagMessageStyle  ok (441 us)
  Test-Compiler_AssertDiagnosticPreservesLiteralSuffixQuotes  ok (57 us)
  Test-Compiler_DiagnosticEscapesQuotedArgumentTicks  ok (14 us)
  Test-Compiler_DiagnosticArgumentCountDoesNotRepeatUnit  ok (130 us)
  Test-Compiler_DiagnosticRemovesUnexpandedWordPlaceholders  ok (13 us)
  Test-Compiler_NativeExitCodeDiagnosticShowsDecimalAndHex  ok (11 us)
  Test-Compiler_DiagnosticEscapesQuotedArgumentWithoutBreakingHelpSplit  ok (12 us)
  Test-NodePayload_ConcurrentUpdatesPreserveDisjointState  ok (9 ms)
  Test-Compiler_CommandLineTagsReachSema  ok (154 ms)
  Test-Compiler_InternalTagPrecedesUserOverride  ok (161 ms)
  Test-Compiler_TestCommandEnablesSourceDrivenModeWhenParsed  ok (87 us)
  Test-Compiler_DebugOptionEnablesDebugInformation  ok (47 us)
  Test-Compiler_ReleaseBuildDoesNotEnableDebugInformation  ok (40 us)
  Test-Compiler_TestCommandRegistersSwagTestCompilerTag  ok (179 ms)
  Test-Compiler_UnittestCommandKeepsSourceDrivenModeDisabledWhenParsed  ok (79 us)
  Test-Compiler_RunCommandParsesRunArgs  ok (60 us)
  Test-Compiler_TestCommandForcesSwagTestRunArg  ok (48 us)
  Test-Compiler_TestCommandDoesNotDuplicateSwagTestRunArg  ok (2 us)
  Test-Compiler_TestCommandKeepsExplicitSandboxRoot  ok (2 us)
  Test-Compiler_TestCommandGrantsTheModuleAsCorpus  ok (11 us)
  Test-Compiler_TestCommandGrantsTheWorkspaceWithoutAModule  ok (4 us)
  Test-Compiler_SmokeCommandGrantsNoCorpus  ok (23 us)
  Test-DebugInfo_EmitsWindowsSymbolAndTypeRecords  ok (135 us)
  Test-DebugInfo_PdbInfoEmitsWindowsBuildInfo  ok (38 us)
  Test-DebugInfo_EmitsWindowsVariableAndConstantRecords  ok (58 us)
  Test-DebugInfo_UsesPerVariableBaseRegistersForRegRelativeSymbols  ok (25 us)
  Test-DebugInfo_CollapsesConsecutiveSameLineEntries  ok (84 us)
  Test-DebugInfo_SkipsNoStepLineEntries  ok (87 us)
  Test-DebugInfo_FirstLineCoversEntry  ok (48 us)
  Test-DebugInfo_ResolvesNoStepBackendSourceInfo  ok (13 us)
  Test-DebugInfo_UsesOwnerSourceFileForGeneratedViews  ok (63 us)
  Test-DebugInfo_UsesDebugSourceCodeRefForGeneratedViewLines  ok (263 us)
  Test-DebugInfo_CompilerTestFunctionsPreserveStackDebugMetadata  ok (283 ms)
  Test-DebugInfo_RuntimeStorageLocalsStayOutOfCodeView  ok (223 ms)
  Test-DebugInfo_CompilerPrivateGlobalsReachCodeViewDataSymbols  ok (215 ms)
  Test-DebugInfo_EmitsWindowsSourceChecksums  ok (92 us)
  Test-EncodeX64_Flow         ok (557 us)
  Test-EncodeX64_Load         ok (1 ms)
  Test-EncodeX64_CmpAndCond   ok (321 us)
  Test-EncodeX64_VecPackedOps  ok (1 ms)
  Test-EncodeX64_LegalizeLargeCmpRegImmPreservesLhs  ok (52 us)
  Test-EncodeX64_UnaryOps     ok (88 us)
  Test-EncodeX64_BinaryRegRegOps  ok (925 us)
  Test-EncodeX64_BinaryRegMemOps  ok (74 us)
  Test-EncodeX64_BinaryMemRegOps  ok (151 us)
  Test-EncodeX64_BinaryImmOps  ok (575 us)
  Test-EncodeX64_TernaryAndConvert  ok (145 us)
  Test-EncodeX64_UnwindFromMicro  ok (33 us)
  Test-EncodeX64_UnwindFramePointerSetupAfterStackShape  ok (24 us)
  Test-EncodeX64_UnwindStopsBeforeStackStoreBody  ok (23 us)
  Test-EncodeX64_UnwindUpdatesFramePointerWhenAssignedTwice  ok (25 us)
  Test-EncodeX64_UnwindLocalStackBaseIsNotAFrameRegister  ok (20 us)
  Test-EncodeX64_UnwindStopsAfterBodyStart  ok (16 us)
  Test-FormatAlign_ConsecutiveAssignments  ok (242 us)
  Test-FormatAlign_ConsecutiveAliases  ok (116 us)
  Test-FormatAlign_AliasesAcrossAttributesAndBlankLines  ok (118 us)
  Test-FormatAlign_AssignmentsBreakOnIndentation  ok (159 us)
  Test-FormatAlign_AssignmentsBreakOnBlankLine  ok (126 us)
  Test-FormatAlign_AssignmentsAcrossBlanks  ok (107 us)
  Test-FormatAlign_ConsecutiveDeclarations  ok (100 us)
  Test-FormatAlign_ControlDeclarationsBreakDeclarationGroups  ok (125 us)
  Test-FormatAlign_ConsecutiveConstants  ok (85 us)
  Test-FormatAlign_StructFields  ok (92 us)
  Test-FormatAlign_EnumValues  ok (87 us)
  Test-FormatAlign_NoneRemovesAlignment  ok (76 us)
  Test-FormatAlign_TrailingComments  ok (96 us)
  Test-FormatAlign_TrailingCommentsBreakOnIndentation  ok (115 us)
  Test-FormatAlign_TrailingCommentsNormalized  ok (95 us)
  Test-FormatAlign_FatArrowsConsecutive  ok (108 us)
  Test-FormatAlign_FatArrowsBreakOnPlainFunction  ok (117 us)
  Test-FormatAlign_SingletonTightensStalePadding  ok (110 us)
  Test-FormatAlign_StructFieldsWithTypeQualifiers  ok (198 us)
  Test-FormatAlign_StructFieldGridMixed  ok (135 us)
  Test-FormatAlign_StructFieldGridOffKeepsSingleColumn  ok (92 us)
  Test-FormatAlign_DeclarationGridInitializers  ok (117 us)
  Test-FormatAlign_ConstantGridTypes  ok (177 us)
  Test-FormatAlign_QualifiedConstantGridTypes  ok (106 us)
  Test-FormatAlign_QualifiedDeclarationPrefixes  ok (224 us)
  Test-FormatAlign_CaseBodiesConsecutive  ok (140 us)
  Test-FormatAlign_ArrayColumns  ok (103 us)
  Test-FormatAlign_ArrayColumnsSkipsRaggedRows  ok (86 us)
  Test-FormatAlign_HangingLineFollowsAlignedAnchor  ok (170 us)
  Test-FormatAlign_AfterOpenBracketUsesLiteralBrace  ok (228 us)
  Test-FormatAlign_AfterOpenBracketKeepsDataTableRows  ok (149 us)
  Test-FormatAlign_OperandsInsideBracketAnchorOnBracket  ok (157 us)
  Test-FormatAlign_OperandsOutsideBracketAnchorOnStatement  ok (151 us)
  Test-FormatAlign_OutlierGapLeavesLongLineAlone  ok (149 us)
  Test-FormatAlign_OutlierGapKeepsGradedTable  ok (143 us)
  Test-FormatAlign_OutlierGapDropsBothEnds  ok (151 us)
  Test-FormatAlign_AcrossBlanksReadsTheCappedBlankCount  ok (124 us)
  Test-FormatAlign_AccessModifierLineDoesNotBreakTheGroup  ok (139 us)
  Test-FormatAlign_WrappedArgumentsFollowTheAlignedHead  ok (202 us)
  Test-FormatAttributes_OwnLine  ok (148 us)
  Test-FormatAttributes_Inline  ok (109 us)
  Test-FormatAttributes_BreakAfterAttribute  ok (106 us)
  Test-FormatAttributes_Grouped  ok (119 us)
  Test-FormatAttributes_SortArguments  ok (157 us)
  Test-FormatAttributes_SortArgumentsWithDifferentPieceCounts  ok (119 us)
  Test-FormatAttributes_SpaceAfterAttributeComma  ok (110 us)
  Test-FormatBlanks_MaxConsecutiveEmptyLinesUnlimited  ok (125 us)
  Test-FormatBlanks_MaxConsecutiveEmptyLinesCollapses  ok (113 us)
  Test-FormatBlanks_MaxConsecutiveEmptyLinesOne  ok (121 us)
  Test-FormatBlanks_AfterOpeningBraceNever  ok (106 us)
  Test-FormatBlanks_AfterOpeningBracePreserve  ok (103 us)
  Test-FormatBlanks_AfterOpeningBraceAlways  ok (103 us)
  Test-FormatBlanks_BeforeClosingBraceNever  ok (102 us)
  Test-FormatBlanks_BeforeClosingBracePreserve  ok (99 us)
  Test-FormatBlanks_BeforeClosingBraceAlways  ok (101 us)
  Test-FormatBlanks_AroundAccessBlocksAlways  ok (157 us)
  Test-FormatBlanks_AroundAccessBlocksNever  ok (124 us)
  Test-FormatBlanks_AroundAccessBlocksPreserve  ok (117 us)
  Test-FormatBlanks_TrimTrailingNewlinesCollapsesToOne  ok (110 us)
  Test-FormatBlanks_TrimTrailingNewlinesDisabled  ok (107 us)
  Test-FormatBlanks_CombinedBlockEdges  ok (115 us)
  Test-FormatBlanks_BeforeFunctionAlways  ok (128 us)
  Test-FormatBlanks_BeforeFunctionKeepsDocCommentAttached  ok (141 us)
  Test-FormatBlanks_BeforeFunctionKeepsShortFormsStacked  ok (169 us)
  Test-FormatBlanks_BeforeTypeAlways  ok (116 us)
  Test-FormatBlanks_BeforeCommentBlockAlways  ok (125 us)
  Test-FormatBlanks_BeforeCommentBlockKeepsBlockStartAndRuns  ok (113 us)
  Test-FormatBlanks_BeforeCommentBlockKeepsInlineBodyStart  ok (132 us)
  Test-FormatBlanks_AfterGlobalBlockInsertsBlank  ok (114 us)
  Test-FormatBlanks_AfterGlobalThenUsingBlocks  ok (140 us)
  Test-FormatBlanks_BetweenCasesMultiLine  ok (227 us)
  Test-FormatBlanks_BetweenCasesNeverRemovesBlanks  ok (170 us)
  Test-FormatBlanks_AfterStandaloneClosingBraceAlways  ok (137 us)
  Test-FormatBlanks_AfterStandaloneClosingBraceNever  ok (132 us)
  Test-FormatBlanks_AfterStandaloneClosingBracePreserve  ok (138 us)
  Test-FormatBlanks_AfterStandaloneClosingBraceKeepsElseAttached  ok (138 us)
  Test-FormatBraces_AllmanMovesBraceToOwnLine  ok (122 us)
  Test-FormatStatements_OneStatementPerLine  ok (140 us)
  Test-FormatStatements_UsingFieldPrefixStaysTogether  ok (123 us)
  Test-FormatStatements_OneEnumValuePerLine  ok (113 us)
  Test-FormatBraces_ShortInlineDoBodiesSplit  ok (131 us)
  Test-FormatBraces_DestructuringPatternsStayInlineAndIndentAsStatements  ok (238 us)
  Test-FormatBraces_AttachJoinsBrace  ok (105 us)
  Test-FormatBraces_AllmanOnControlBlocks  ok (142 us)
  Test-FormatBraces_BreakBeforeElse  ok (142 us)
  Test-FormatBraces_JoinElseToBrace  ok (182 us)
  Test-FormatBraces_CompactEmptyBraces  ok (109 us)
  Test-FormatBraces_ShortFunctionsNeverSplits  ok (131 us)
  Test-FormatBraces_ShortFunctionsNeverKeepsEmpty  ok (103 us)
  Test-FormatBraces_SourceSelectsDefinitionLayout  ok (339 us)
  Test-FormatBraces_ShortBlocksInlineJoins  ok (153 us)
  Test-FormatBraces_ShortIfNeverSplits  ok (147 us)
  Test-FormatBraces_ShortLoopsJoin  ok (143 us)
  Test-FormatBraces_ShortEnumsSplit  ok (106 us)
  Test-FormatBraces_ShortCaseSplits  ok (169 us)
  Test-FormatBraces_ShortCaseJoins  ok (171 us)
  Test-FormatBraces_CaseUniformJoinsJumpTable  ok (169 us)
  Test-FormatBraces_CaseUniformExpandsMixedSwitch  ok (182 us)
  Test-FormatBraces_StaticIfChainAlignsAndBreaks  ok (182 us)
  Test-FormatBraces_StaticControl  ok (225 us)
  Test-FormatBraces_StaticIfSingleLineChainStaysInline  ok (280 us)
  Test-FormatBraces_MultiLineBlockContentLeavesBraceLines  ok (185 us)
  Test-FormatBraces_AllmanOnStaticIfBlocks  ok (129 us)
  Test-FormatBraces_ShortStructsKeepTupleTypes  ok (163 us)
  Test-FormatBraces_ShortStructsStillSplitDeclarations  ok (119 us)
  Test-FormatBraces_ShortFunctionsKeepClosureArguments  ok (238 us)
  Test-FormatBraces_ShortBlocksKeepInitializerLiterals  ok (212 us)
  Test-FormatBraces_ShortFunctionsInlineKeepsClosureBodies  ok (175 us)
  Test-FormatStatements_RemoveRedundantSemicolons  ok (163 us)
  Test-FormatStatements_RemoveConditionParentheses  ok (145 us)
  Test-FormatBraces_BreakBeforeWhere  ok (135 us)
  Test-FormatBraces_ShortClosuresNeverSplits  ok (179 us)
  Test-FormatBraces_UniformKeepsArmsWhoseCallIsWrapped  ok (216 us)
  Test-FormatBraces_UniformExpandsWhenAnArmCarriesABlock  ok (230 us)
  Test-FormatBraces_SemicolonPushedToEndOfLineByWrappingIsRemoved  ok (154 us)
  Test-FormatBraces_AnonymousStructTypeKeepsItsShape  ok (209 us)
  Test-FormatComments_SpaceAfterLineCommentPrefix  ok (106 us)
  Test-FormatComments_NormalizeSectionSeparators  ok (85 us)
  Test-FormatComments_ReflowParagraph  ok (87 us)
  Test-FormatComments_ReflowJoinsShortLines  ok (79 us)
  Test-FormatComments_NormalizeMode  ok (72 us)
  Test-FormatComments_LastInBlockKeepsBlockIndent  ok (107 us)
  Test-FormatComments_LastInNestedBlockKeepsBlockIndent  ok (123 us)
  Test-FormatComments_LastInSwitchKeepsArmIndent  ok (130 us)
  Test-FormatComments_BeforeCaseLabelKeepsLabelIndent  ok (121 us)
  Test-FormatComments_InsideABracketSettleInOnePass  ok (190 us)
  Test-FormatFile_InlineBodyOwnsNestedBraceIndent  ok (152 us)
  Test-FormatFile_InlineIfBranchStopsBeforeElse  ok (190 us)
  Test-FormatFile_CatchHandlerAlignsAndIndents  ok (129 us)
  Test-FormatFile_InlineDestructuringIsNotABlock  ok (211 us)
  Test-FormatFile_InsertFinalNewline  ok (73 us)
  Test-FormatFile_TrimLeadingBlankLines  ok (66 us)
  Test-FormatFile_TrimLeadingBlankLinesDisabled  ok (63 us)
  Test-FormatFile_ReservedIdentifiersAreFormattable  ok (78 us)
  Test-FormatFile_IndentInsideParensEnforcesContinuation  ok (113 us)
  Test-FormatFile_AlignOperandsOnWrappedCondition  ok (106 us)
  Test-FormatFile_WhereClauseIndent  ok (103 us)
  Test-FormatFile_WhereBlockIndent  ok (106 us)
  Test-FormatFile_EndOfLineStyleLf  ok (73 us)
  Test-FormatFile_EndOfLineStyleCrLf  ok (67 us)
  Test-FormatFile_TrimTrailingWhitespace  ok (67 us)
  Test-FormatFile_BlankLineAfterUsingBlock  ok (87 us)
  Test-FormatFile_BlankLineBeforeFunctionDefinition  ok (107 us)
  Test-FormatFile_IndentStyleSpacesNormalizesTabs  ok (76 us)
  Test-FormatFile_IndentStyleTabs  ok (72 us)
  Test-FormatFile_ReindentFixesBadIndent  ok (97 us)
  Test-FormatFile_ElseBeforeNestedIfAligns  ok (125 us)
  Test-FormatFile_IndentNamespaceBodyOff  ok (79 us)
  Test-FormatFile_IndentCaseLabels  ok (254 us)
  Test-FormatLiteral_PreserveLeavesNumericLiteralsUntouched  ok (146 us)
  Test-FormatLiteral_PreserveCharacterTypeSuffix  ok (88 us)
  Test-FormatLiteral_HexDigitCaseUpperAndLower  ok (143 us)
  Test-FormatLiteral_HexPrefixCaseUpperAndLower  ok (128 us)
  Test-FormatLiteral_FloatExponentCaseUpperAndLower  ok (124 us)
  Test-FormatLiteral_NormalizeHexDigitSeparators  ok (63 us)
  Test-FormatLiteral_NormalizeBinaryDigitSeparators  ok (93 us)
  Test-FormatLiteral_NormalizeDecimalDigitSeparators  ok (64 us)
  Test-FormatLiteral_NormalizeFloatDigitSeparators  ok (63 us)
  Test-FormatLiteral_CombinedHexCaseAndNormalization  ok (62 us)
  Test-FormatOff_LineCommentDisablesNumberFormatting  ok (92 us)
  Test-FormatOff_NoOnComment_RestOfFileRaw  ok (70 us)
  Test-FormatOff_MultipleRegions  ok (92 us)
  Test-FormatOff_BlockComment  ok (70 us)
  Test-FormatOff_CustomMarkers  ok (71 us)
  Test-FormatOff_EolNotRewrittenInDisabledRegion  ok (72 us)
  Test-FormatSpacing_SpaceAfterComma  ok (112 us)
  Test-FormatSpacing_NormalizeHorizontalWhitespace  ok (98 us)
  Test-FormatSpacing_NamedArgumentColons  ok (97 us)
  Test-FormatSpacing_TrueOptionsKeepManualAlignment  ok (75 us)
  Test-FormatSpacing_NoSpaceAfterComma  ok (73 us)
  Test-FormatSpacing_SpaceAroundAssignment  ok (71 us)
  Test-FormatSpacing_NoSpaceAroundAssignment  ok (56 us)
  Test-FormatSpacing_SpaceAroundBinaryOperators  ok (71 us)
  Test-FormatSpacing_NoSpaceAroundBinaryOperators  ok (60 us)
  Test-FormatSpacing_SpaceAroundArrow  ok (129 us)
  Test-FormatSpacing_FatArrow  ok (145 us)
  Test-FormatSpacing_ColonInDeclarations  ok (639 us)
  Test-FormatSpacing_ColonInBaseClause  ok (76 us)
  Test-FormatSpacing_InsideParentheses  ok (241 us)
  Test-FormatSpacing_InEmptyParentheses  ok (114 us)
  Test-FormatSpacing_InsideBrackets  ok (159 us)
  Test-FormatSpacing_AfterCast  ok (133 us)
  Test-FormatSpacing_AfterKeyword  ok (131 us)
  Test-FormatSpacing_AfterUnaryOperator  ok (79 us)
  Test-FormatSpacing_PostfixDereference  ok (81 us)
  Test-FormatSpacing_BeforeParenthesesControl  ok (126 us)
  Test-FormatSpacing_InsideBracesOfLiterals  ok (186 us)
  Test-FormatSpacing_FailClosesAFunctionTypeNotAnOperand  ok (74 us)
  Test-FormatStyle_PreserveNormalizesNothing  ok (98 us)
  Test-FormatStyle_DefaultOptionsArePreserve  ok (286 us)
  Test-FormatStyle_SwagIsTheCanonicalLayout  ok (126 us)
  Test-FormatStyle_SwagIntrinsicCallsStayStable  ok (234 us)
  Test-FormatStyle_SwagKeepsAccessModifiersWithTheirDeclarations  ok (119 us)
  Test-FormatStyle_SwagKeepsStorageAndAccessModifierOrders  ok (3 ms)
  Test-FormatStyle_SwagSeparatesAccessBlocks  ok (154 us)
  Test-FormatStyle_SwagLeavesLineEndingsAndColumnsAlone  ok (83 us)
  Test-FormatStyle_DescribeRendersEveryOption  ok (130 us)
  Test-FormatUsing_SortAscending  ok (105 us)
  Test-FormatUsing_SortCaseInsensitive  ok (67 us)
  Test-FormatUsing_BlankLineSplitsRuns  ok (62 us)
  Test-FormatUsing_Merge      ok (63 us)
  Test-FormatUsing_SortAndMerge  ok (64 us)
  Test-FormatWrap_BreaksAfterComma  ok (126 us)
  Test-FormatWrap_ForceSingleLineLists  ok (112 us)
  Test-FormatWrap_FormatterSelectsListLineMode  ok (162 us)
  Test-FormatWrap_SourceSelectsSingleLineLists  ok (107 us)
  Test-FormatWrap_SourceSelectsNestedSingleLineLists  ok (124 us)
  Test-FormatWrap_HangingIndentLists  ok (95 us)
  Test-FormatWrap_HangingAlignLists  ok (106 us)
  Test-FormatWrap_VerticalLists  ok (96 us)
  Test-FormatWrap_BlockLists  ok (97 us)
  Test-FormatWrap_ForceSingleLineLogicalExpressions  ok (106 us)
  Test-FormatWrap_SourceSelectsSingleLineLogicalExpressions  ok (96 us)
  Test-FormatWrap_LogicalOperatorsAfter  ok (93 us)
  Test-FormatWrap_LogicalOperatorsBefore  ok (89 us)
  Test-FormatWrap_LogicalOperandsOnePerLine  ok (92 us)
  Test-FormatWrap_LogicalHangingIndent  ok (87 us)
  Test-FormatWrap_LogicalOperandsPack  ok (89 us)
  Test-FormatWrap_FormatterSelectsLogicalExpressionLineMode  ok (112 us)
  Test-FormatWrap_NestedLogicalExpressions  ok (107 us)
  Test-FormatWrap_NormalizesAdversarialLists  ok (208 us)
  Test-FormatWrap_NormalizesAdversarialLogicalExpression  ok (109 us)
  Test-FormatWrap_AlignsMultilineArgumentContents  ok (130 us)
  Test-FormatWrap_ClosureCapturesStayInsideArgument  ok (188 us)
  Test-FormatWrap_NoWrapWhenDisabled  ok (97 us)
  Test-FormatWrap_BreakBeforeBinaryOperators  ok (75 us)
  Test-FormatWrap_BinPackLists  ok (101 us)
  Test-FormatWrap_BinPackParametersOnePerLine  ok (77 us)
  Test-FormatWrap_BinPackArgumentsOnePerLine  ok (123 us)
  Test-FormatWrap_NoColumnLimitNeverMovesAStatementBreak  ok (175 us)
  Test-FormatWrap_ColumnLimitBreaksHighestInTheExpression  ok (122 us)
  Test-FormatWrap_ColumnLimitAlignsNewOperandLinesInOnePass  ok (117 us)
  Test-FormatWrap_ColumnLimitBreaksAtTheLoosestOperator  ok (130 us)
  Test-FormatWrap_ColumnLimitKeepsOneIndentPerStatement  ok (105 us)
  Test-FormatWrap_ContinuationOutsideBracketsTakesCanonicalIndent  ok (81 us)
  Test-FormatWrap_ContinuationInsideBracketsKeepsRelativeIndent  ok (88 us)
  Test-FormatWrap_WrappedCaseValuesAlignUnderTheFirstValue  ok (123 us)
  Test-FormatWrap_SourceSelectsLiteralLayout  ok (138 us)
  Test-FormatWrap_HugTrailingTableArgument  ok (112 us)
  Test-FormatWrap_HugTrailingClosureArgument  ok (107 us)
  Test-FormatWrap_HugTrailingBlockLiteralItem  ok (121 us)
  Test-FormatWrap_HugSkipsEarlierMultilineArgument  ok (126 us)
  Test-JIT_Return42           ok (81 us)
  Test-JIT_RegAllocAvoidsFutureConcreteClobber  ok (56 us)
  Test-JIT_128BitStackCopy    ok (159 us)
  Test-JIT_PointerSpillRoundTrip  ok (89 us)
  Test-JIT_B32LoadAndZeroExtendKeepsUpperBitsClear  ok (59 us)
  Test-JIT_PackedIntegerOps   ok (43 us)
  Test-JIT_VecCodecOps        ok (149 us)
  Test-JIT_VecFloatOps        ok (49 us)
  Test-JIT_SlpVectorizedLanes  ok (850 us)
  Test-JIT_ConstantDivisionBaseline  ok (1 ms)
  Test-JIT_ConstantDivisionStrengthReduced  ok (7 ms)
  Test-JIT_PersistentRegPreservedAcrossCall  ok (60 us)
  Test-BranchSimplify_ErasesJumpToImmediateLabel  ok (44 us)
  Test-BranchSimplify_ThreadsJumpThroughEmptyBlock  ok (48 us)
  Test-BranchSimplify_FoldsKnownTrueBranch  ok (37 us)
  Test-BranchSimplify_FoldsKnownFalseBranch  ok (30 us)
  Test-BranchSimplify_FoldsKnownSignedLessBranch  ok (26 us)
  Test-BranchSimplify_FoldsKnownUnsignedBelowBranch  ok (25 us)
  Test-BranchSimplify_ErasesDeadTailAfterRet  ok (18 us)
  Test-BranchSimplify_ConvertsMinPatternToCmov  ok (21 us)
  Test-BranchSimplify_ConvertsConditionalConstantToCmov  ok (20 us)
  Test-BranchSimplify_KeepsMultiInstructionBranchBody  ok (21 us)
  Test-BranchSimplify_ThreadsShortCircuitExit  ok (35 us)
  Test-BranchSimplify_KeepsReferencedLabel  ok (19 us)
  Test-BranchSimplify_KeepsByteSelectBranch  ok (17 us)
  Test-BranchSimplify_ConvertsDiamondSelectToCmov  ok (27 us)
  Test-BranchSimplify_ConvertsDiamondConstantsToCmov  ok (24 us)
  Test-BranchSimplify_SinksCompareBelowFlagWritingArm  ok (30 us)
  Test-BranchSimplify_KeepsDiamondWithGuardedLoad  ok (22 us)
  Test-BranchSimplify_KeepsDiamondWithSharedArmLabel  ok (27 us)
  Test-BranchSimplify_KeepsDiamondWhenArmReadsResultFirst  ok (23 us)
  Test-BranchSimplify_KeepsDiamondWhenArmClobbersCompareInput  ok (26 us)
  Test-BranchSimplify_KeepsByteDiamond  ok (22 us)
  Test-BranchSimplify_ConvertsEarlyReturnToCmov  ok (23 us)
  Test-BranchSimplify_ConvertsEarlyReturnChainToCmovs  ok (48 us)
  Test-BranchSimplify_KeepsEarlyReturnWithGuardedLoad  ok (17 us)
  Test-BranchSimplify_SinksCompareBelowFlagWritingEarlyReturn  ok (24 us)
  Test-BranchSimplify_InvertsJumpPairAfterImmediateJumpErasure  ok (27 us)
  Test-BranchSimplify_TriangleScratchPreservesAcceptedPlanOrder  ok (63 us)
  Test-ConstantFolding_FoldBinaryRegImm  ok (12 us)
  Test-ConstantFolding_FoldCopyFromKnown  ok (9 us)
  Test-ConstantFolding_ChainedFold  ok (11 us)
  Test-ConstantFolding_FoldFromClearReg  ok (9 us)
  Test-ConstantFolding_FoldAcrossJoinSameConstant  ok (15 us)
  Test-ConstantFolding_BinaryRequiresKnownInputsAndDeadFlags  ok (77 us)
  Test-CopyElim_SelfCopy_Erased  ok (10 us)
  Test-CopyElim_ChainedCopies_CanonicalizesSource  ok (13 us)
  Test-CopyElim_RewritesPureUseAcrossJoin  ok (20 us)
  Test-CopyElim_DoesNotPropagatePastSourceRedefinition  ok (10 us)
  Test-CopyElim_TransfersForbiddenPhysRegsToCanonicalSource  ok (11 us)
  Test-CopyElim_DoesNotRewriteUseDefOperand  ok (10 us)
  Test-DeadCodeElimination_RemovesEntireDeadChain  ok (226 us)
  Test-DeadCodeElimination_JoinTracksSurvivingConsumers  ok (31 us)
  Test-DeadCodeElimination_PhiCyclesNeedAnInstructionConsumer  ok (41 us)
  Test-DeadCodeElimination_DeadFlagConsumerExposesArithmetic  ok (33 us)
  Test-InstCombine_Identity_AddZero_Erased  ok (22 us)
  Test-InstCombine_ConstantAddressLoad_FoldsToRip  ok (28 us)
  Test-InstCombine_RelocatedLoad_UsesExactTargetAndLiveMemory  ok (277 us)
  Test-InstCombine_Absorbing_AndZero_BecomesClear  ok (10 us)
  Test-InstCombine_Absorbing_OrAllOnes_BecomesLoadImm  ok (9 us)
  Test-InstCombine_Reassociate_AddAdd  ok (16 us)
  Test-InstCombine_Reassociate_AddSub_PicksAdd  ok (11 us)
  Test-InstCombine_Reassociate_ShiftLeftChain  ok (11 us)
  Test-InstCombine_Reassociate_ShiftOverflow_NotFolded  ok (10 us)
  Test-InstCombine_RegReg_XorSelf_BecomesClear  ok (10 us)
  Test-InstCombine_RegReg_SubSelf_BecomesClear  ok (9 us)
  Test-InstCombine_RegReg_AndSelf_DeadErased  ok (10 us)
  Test-InstCombine_Reassociate_MulMulSigned  ok (12 us)
  Test-InstCombine_Reassociate_OrOr  ok (11 us)
  Test-InstCombine_MemFold_Imm_Consecutive  ok (18 us)
  Test-InstCombine_MemFold_Reg_Consecutive  ok (15 us)
  Test-InstCombine_MemFold_NonConsecutive  ok (13 us)
  Test-InstCombine_MemFold_VtReadAfterStore_NotFolded  ok (17 us)
  Test-InstCombine_MaskBeforeLeftShift_DroppedDirect  ok (11 us)
  Test-InstCombine_MaskBeforeLeftShift_DroppedThroughCopies  ok (25 us)
  Test-InstCombine_MaskBeforeLeftShift_KeptWhenMaskTooNarrow  ok (11 us)
  Test-InstCombine_MaskBeforeRightShift_Kept  ok (10 us)
  Test-InstCombine_ZeroExtendOfDwordLoad_BecomesCopy  ok (15 us)
  Test-InstCombine_ZeroExtendOfQwordLoad_Kept  ok (11 us)
  Test-InstCombine_MaskedAddOfZeroExtendedWords_NarrowsToDword  ok (19 us)
  Test-InstCombine_MaskedAddWithQwordReader_Kept  ok (15 us)
  Test-InstCombine_MaskedShift_Kept  ok (21 us)
  Test-InstCombine_MemoryFoldTriple_InsideLoop  ok (26 us)
  Test-InstCombine_MemoryFoldTriple_LeavesLoopFrameSlot  ok (27 us)
  Test-InstCombine_ZeroExtendOfDwordPhi_BecomesCopy  ok (27 us)
  Test-InstCombine_MultiplyAdd_BecomesTwoAddresses  ok (877 us)
  Test-InstCombine_MultiplyAdd_PreservesObservedValuesAndFlags  ok (101 us)
  Test-InstCombine_AddressCopy_DefinesAccumulatorDirectly  ok (24 us)
  Test-InstCombine_FloatResultCopy_DefinesAccumulatorDirectly  ok (99 us)
  Test-InstCombine_SqrtResultCopy_PreservesPackedDestination  ok (28 us)
  Test-InstCombine_SqrtResultCopy_KeepsOtherUses  ok (26 us)
  Test-InstCombine_SharedAndInputs_PreservesValuesAndFlags  ok (424 us)
  Test-InstructionCombine_FoldsBooleanSelect  ok (47 us)
  Test-InstructionCombine_KeepsUnsafeBooleanSelect  ok (55 us)
  Test-InstCombine_RangeProvedCompare_ClampErased  ok (19 us)
  Test-InstCombine_RangeProvedCompare_WideMaskKept  ok (16 us)
  Test-InstCombine_RangeProvedCompare_NarrowWriteKept  ok (15 us)
  Test-InstCombine_VectorPlans_KeepFreshRegistersAcrossRollback  ok (78 us)
  Test-MicroDominators_MatchReachabilityWithANodeRemoved  ok (21 us)
  Test-LICM_HoistsInvariantLoad  ok (61 us)
  Test-LICM_HoistsSingleUseLaneBroadcast  ok (47 us)
  Test-LICM_KeepsVolatileLoadInLoop  ok (19 us)
  Test-LICM_HoistsFloatConversionAcrossCallWithLiveIntegerFlags  ok (88 us)
  Test-LICM_KeepsIntegerClearWhenFlagsAreLiveAtEitherSite  ok (40 us)
  Test-LICM_HoistsScalarLiteralLoadsButKeepsZeroLocal  ok (100 us)
  Test-MicroDomTree_MatchesPathsThroughDiamondAndLoop  ok (59 us)
  Test-NaturalLoop_CollectBody_CountsMembersOnceAcrossTailsAndRebuilds  ok (4 us)
  Test-LoopUnroll_MultipleLoops_RebuildsIncomingJumpRanges  ok (31 us)
  Test-LoopUnroll_MultipleIncomingJumps_PreservesLoop  ok (9 us)
  Test-LoopUnroll_ExternalJumpToBody_PreservesLoop  ok (10 us)
  Test-MemToReg_PlainSlot_Promotes  ok (23 us)
  Test-MemToReg_RedefinedAddressRegister_BailsFunction  ok (12 us)
  Test-MemToReg_UnwrittenWideAccess_BlocksOverlapButNotAdjacentSlot  ok (12 us)
  Test-MemToReg_WrappingWideAccess_KeepsNarrowOverlap  ok (9 us)
  Test-MicroPassManager_PostRa_RechecksSuffixAfterEachMutation  ok (6 us)
  Test-MicroPassManager_PostRa_RechecksSuffixWhenFirstSweepPolicyChanges  ok (5 us)
  Test-PostRADeadCodeElim_PreservesAbiLiveOut  ok (11 us)
  Test-PostRADeadCodeElim_UnusedReturnRegistersAreDead  ok (8 us)
  Test-PostRADeadCodeElim_LoopBackEdgeKeepsCarriedDefinition  ok (19 us)
  Test-PostRALoopHoist_InvariantReload_MovesToPreheader  ok (46 us)
  Test-PostRALoopHoist_SlotWrittenInBody_Blocks  ok (16 us)
  Test-PostRALoopHoist_OpaqueStoreInBody_Blocks  ok (16 us)
  Test-PostRALoopHoist_OpaqueStoreOverPrivateFrame_Hoists  ok (29 us)
  Test-PostRALoopHoist_SecondReload_BecomesCopy  ok (21 us)
  Test-PostRALoopHoist_DestinationLiveAtPreheader_Blocks  ok (14 us)
  Test-PostRALoopHoist_CarriedSlot_LeavesTheLoop  ok (27 us)
  Test-PostRALoopHoist_CarriedRegisterReusedElsewhere_Blocks  ok (17 us)
  Test-PostRALoopHoist_SecondDefinitionOfDestinationBlocks  ok (15 us)
  Test-PostRALoopRotate_IndependentHeadersRotate  ok (17 us)
  Test-PostRALoopRotate_SecondIncomingJumpBlocks  ok (8 us)
  Test-PostRALoopRotate_ConditionalBackEdgeBlocks  ok (8 us)
  Test-PostRAPeephole_Nop_Erased  ok (15 us)
  Test-PostRAPeephole_DoesNotForwardFromStoreClaimedByImmediateFold  ok (15 us)
  Test-PostRAPeephole_CopyForward_DoesNotCrossClaimedStoreReload  ok (13 us)
  Test-PostRAPeephole_ErasesStoreOverwrittenBeforeMemoryAccess  ok (7 us)
  Test-PostRAPeephole_DoesNotEraseOverwrittenNonFrameStore  ok (6 us)
  Test-PostRAPeephole_ErasesOwnStoreReloadOnConditionalFallthrough  ok (9 us)
  Test-PostRAPeephole_ForwardsStoredValueToReload  ok (8 us)
  Test-PostRAPeephole_CopyForward_StopsAtEncoderImplicitDef  ok (13 us)
  Test-Legalize_ScratchExcludesFirstReadsInAbiOrder  ok (15 us)
  Test-Legalize_ScratchExclusionsStopBeforeBarrierUses  ok (27 us)
  Test-Legalize_DoesNotPreserveDeadShiftRegisterAcrossJump  ok (12 us)
  Test-Legalize_RewritesB8SignedMultiplyRegMemToRax  ok (10 us)
  Test-Legalize_ClearsPositiveFloatZero  ok (26 us)
  Test-Legalize_KeepsNonzeroFloatBitsAndAddresses  ok (39 us)
  Test-Legalize_KeepsMemoryDestinationAdd  ok (6 us)
  Test-Legalize_KeepsMemoryExchange  ok (6 us)
  Test-PostRAPeephole_DoesNotForwardB8SignedMultiplyImmediate  ok (6 us)
  Test-PostRAPeephole_FoldsIntegerReloadIntoBinary  ok (9 us)
  Test-PostRAPeephole_KeepsIntegerReloadReadAfterConsumer  ok (7 us)
  Test-PostRAPeephole_FoldsIntegerReloadIntoCompare  ok (8 us)
  Test-PostRAPeephole_KeepsByteMultiplyReload  ok (6 us)
  Test-PostRAPeephole_SelfCopy_B64_Erased  ok (5 us)
  Test-PostRAPeephole_SelfCopy_IntB32_Preserved  ok (5 us)
  Test-PostRAPeephole_FallthroughJumpSkipsTrivialGap  ok (8 us)
  Test-PostRAPeephole_DeadCompareBeforeRet_Erased  ok (5 us)
  Test-PostRAPeephole_DeadCompareAfterRedundantJump_Erased  ok (7 us)
  Test-PostRAPeephole_LiveCompareForBranch_Preserved  ok (6 us)
  Test-PostRAPeephole_LoadCondRegRegKeepsCopyBecauseDestinationIsUseDef  ok (9 us)
  Test-PostRAPeephole_FlagReuse_SubThenCompareZero_CompareErased  ok (7 us)
  Test-PostRAPeephole_FlagReuse_UnsafeCondition_ComparePreserved  ok (6 us)
  Test-PostRAPeephole_FlagReuse_NonFlagProducer_ComparePreserved  ok (6 us)
  Test-PostRAPeephole_ZeroToClear_LiveFlagsDead_Converted  ok (6 us)
  Test-PostRAPeephole_ZeroToClear_DeadReg_NotConverted  ok (6 us)
  Test-PostRAPeephole_ZeroToClear_FlagsLive_NotConverted  ok (6 us)
  Test-PostRAPeephole_SelfOperand_FoldsWhenDestinationHoldsTheSlot  ok (7 us)
  Test-PostRAPeephole_SelfOperand_KeepsMemoryOperandWhenWindowExhausted  ok (11 us)
  Test-PreRAPeephole_FloatBinary_DefinesIndependentResult  ok (66 us)
  Test-PreRAPeephole_FloatBinary_PreservesCopiedSecondOperand  ok (15 us)
  Test-PreRAPeephole_ForwardsLoadImmIntoStore  ok (12 us)
  Test-PreRAPeephole_ForwardsLoadImmIntoCmpMem  ok (7 us)
  Test-PreRAPeephole_ForwardsLoadImmIntoMemBinary  ok (7 us)
  Test-PreRAPeephole_ForwardsCopyIntoNextUseOnlySlots  ok (8 us)
  Test-PreRAPeephole_TransfersForbiddenPhysRegsAcrossCopyForward  ok (7 us)
  Test-PreRAPeephole_DoesNotRewriteExchangeUseDefConsumer  ok (7 us)
  Test-PreRAPeephole_ForwardsLoadImmIntoAmcStore  ok (8 us)
  Test-PreRAPeephole_ForwardsClearRegIntoImmediateCompare  ok (7 us)
  Test-PreRAPeephole_FoldsExtendOfImmediate  ok (6 us)
  Test-PreRAPeephole_FoldsPointerImmediateIntoAddress  ok (6 us)
  Test-PreRAPeephole_CombinesAdjacentRegImmAdd  ok (9 us)
  Test-PreRAPeephole_KeepsAdjacentRegImmAddWhenFlagsAreLive  ok (15 us)
  Test-PreRAPeephole_FoldsCopyAddIntoLoadAddress  ok (8 us)
  Test-PreRAPeephole_FoldsCopyAddIntoLoadAddressDespiteMismatchedForbiddenRegs  ok (7 us)
  Test-PreRAPeephole_KeepsCopyAddWhenFlagsAreLive  ok (7 us)
  Test-PreRAPeephole_FoldsAmcIndexImmediateIntoSimpleLoad  ok (7 us)
  Test-PreRAPeephole_FoldsAddressBaseIntoAmcStore  ok (8 us)
  Test-PreRAPeephole_FoldsAmcAddressIntoStore  ok (9 us)
  Test-MicroPrologEpilogSanitize_MergesAdjacentStackAdjustments  ok (13 us)
  Test-MicroPrologEpilogSanitize_DoesNotMergeOutsideEntryExitRegions  ok (8 us)
  Test-MicroPrologEpilogSanitize_ExpandsLargeWindowsStackAdjustIntoPageProbes  ok (7 us)
  Test-MicroPrologEpilogSanitize_KeepsOnlyLastFramePointerSetupInEntryProlog  ok (8 us)
  Test-MicroPrologEpilogSanitize_ReinsertsForcedFramePointerSetupWhenMissing  ok (7 us)
  Test-MicroPrologEpilogSanitize_DoesNotTouchFramePointerSetupAfterBodyStarts  ok (7 us)
  Test-MicroReg_SameClassMatchesVirtualAndPhysicalRegisters  ok (7 us)
  Test-RegAlloc_UsesDedicatedLocalStackBaseRegister  ok (97 us)
  Test-RegAlloc_PersistentAcross  ok (228 us)
  Test-RegAlloc_NoCalls       ok (115 us)
  Test-RegAlloc_MixedIntFloat  ok (292 us)
  Test-RegAlloc_LotsOfVirtualRegs  ok (3 ms)
  Test-RegAlloc_PreservePersistentRegs_Enabled  ok (91 us)
  Test-RegAlloc_PreservePersistentRegs_Disabled  ok (60 us)
  Test-RegAlloc_PreservePersistentRegs_NoNeed  ok (47 us)
  Test-RegAlloc_Spill_IntPressureAcrossCall  ok (275 us)
  Test-RegAlloc_Spill_FloatAcrossCall_NoPersistent  ok (198 us)
  Test-RegAlloc_VirtualRegForbiddenPhysRegs  ok (62 us)
  Test-RegAlloc_Spill_BalancedControlFlow  ok (388 us)
  Test-RegAlloc_KnownComputedJumpKeepsIntervalAllocation  ok (229 us)
  Test-RegAlloc_LoadBaseAddressAcrossCall  ok (100 us)
  Test-RegAlloc_ConcreteLoadDestAcrossCall  ok (102 us)
  Test-RegAlloc_VirtualDefAvoidsLiveConcreteReg  ok (70 us)
  Test-RegAlloc_UsesPersistentFallbackWhenTransientPoolExhausted  ok (59 us)
  Test-RegAlloc_CoalescesLinearVirtualCopies  ok (52 us)
  Test-RegAlloc_TransfersDeadCopySourcesAcrossBarriers  ok (74 us)
  Test-RegAlloc_RematerializesImmediateReloads  ok (59 us)
  Test-MicroInstr_FloatToIntReplacesItsDestination  ok (10 us)
  Test-MicroInstr_SqrtReplacesItsDestination  ok (7 us)
  Test-MicroInstr_SqrtDropsOnlyOverwrittenInitialization  ok (41 us)
  Test-MicroInstr_FloatToIntKeepsOnlyLiveFlagInitialization  ok (32 us)
  Test-RegAlloc_LiveIntervalAccessSearchBoundaries  ok (2 us)
  Test-RegAlloc_LiveIntervalEmptyAndSingleAccess  ok (0 us)
  Test-RegAlloc_LiveIntervalRangeStartSearchBoundaries  ok (0 us)
  Test-MicroSanity_RejectsStackAddressReturnedAsPointer  ok (30 us)
  Test-MicroSanity_AllowsKnownNonStackPointer  ok (14 us)
  Test-MicroSanity_IgnoresStackAddressReturnedAsInteger  ok (14 us)
  Test-SinkToUse_MovesDefinitionToItsConsumer  ok (18 us)
  Test-SinkToUse_LoadCannotCrossBaseRedefinition  ok (7 us)
  Test-SinkToUse_LoadCannotCrossMemoryWrite  ok (7 us)
  Test-SlpVectorize_UnpackableStores_DoesNotBuildSsa  ok (23 us)
  Test-SlpVectorize_MultipleBlocks_PreservesSnapshotAndFreshRegisters  ok (60 us)
  Test-MicroSsa_PhiAtJoin     ok (28 us)
  Test-MicroSsa_Dominators_HandleEntryAndDescendantJoin  ok (10 us)
  Test-MicroSsa_ReachingDef_BeforeWritesAndAtNonUses  ok (7 us)
  Test-MicroSsa_ReachingDef_DominatorSiblings  ok (12 us)
  Test-MicroSsa_ReachingDef_LoopAndUnreachableRoot  ok (10 us)
  Test-MicroSsa_PhiAtJoinWithSharedPredecessorDominator  ok (12 us)
  Test-MicroSsa_PhiInputsFollowManyPredecessors  ok (74 us)
  Test-MicroSsa_RebuildAddsFrontierAfterLinearBlocks  ok (21 us)
  Test-MicroStackAdjustNormalize_RemovesBodyAdjustsAndRebasesOffsets  ok (24 us)
  Test-MicroStackAdjustNormalize_HandlesBranchingDepths  ok (16 us)
  Test-MicroStorage_InsertedInstructionsUseExplicitDebugInsertionKinds  ok (0 us)
  Test-MicroStorage_InsertBeforePreservesExplicitNoStepWhenSourceIsInherited  ok (0 us)
  Test-MicroStackAdjustNormalize_SkipsCallsBelowMaxDepth  ok (11 us)
  Test-StrengthReduction_MultiplyPowerOfTwo  ok (14 us)
  Test-StrengthReduction_MultiplyPowerOfTwoKeepsLiveFlags  ok (13 us)
  Test-StrengthReduction_MultiplyByZero  ok (6 us)
  Test-StrengthReduction_MultiplyByOne  ok (5 us)
  Test-StrengthReduction_MultiplyNonPowerOfTwoUnchanged  ok (5 us)
  Test-StrengthReduction_UnsignedDivideMagicNoFixup  ok (9 us)
  Test-StrengthReduction_UnsignedDivideMagicFixup  ok (10 us)
  Test-StrengthReduction_SignedDividePow2  ok (8 us)
  Test-StrengthReduction_SignedDivideMagic  ok (8 us)
  Test-StrengthReduction_UnsignedModuloMagic  ok (9 us)
  Test-StrengthReduction_SignedDivideNegativeConstantUnchanged  ok (5 us)
  Test-StrengthReduction_DivideByZeroUnchanged  ok (5 us)
  Test-StrengthReduction_NarrowDivideUnchanged  ok (5 us)
  Test-StrengthReduction_RemoveAddZeroDeadAcrossJoin  ok (21 us)
  Test-StrengthReduction_UnsignedMultiplyRequiresLocalFlagRedefinition  ok (45 us)
  Test-StrengthReduction_AddSubZeroPreservesLiveResultsAndFlags  ok (60 us)
  Test-ValueNumbering_DedupIdenticalCompute  ok (30 us)
  Test-ValueNumbering_KeepsDifferentInputs  ok (21 us)
  Test-ValueNumbering_KeepsComputeWithLiveFlags  ok (17 us)
  Test-ValueNumbering_DedupLoadAddress  ok (14 us)
  Test-ValueNumbering_KeepsComputeWhenSourceClobbered  ok (14 us)
  Test-ValueNumbering_DedupRepeatedLoad  ok (16 us)
  Test-ValueNumbering_DedupRepeatedFieldLoad  ok (14 us)
  Test-ValueNumbering_KeepsLoadAcrossStore  ok (14 us)
  Test-ValueNumbering_KeepsLoadAcrossLabel  ok (21 us)
  Test-ValueNumbering_DedupLoadAcrossFallthroughBranch  ok (20 us)
  Test-ValueNumbering_DedupPlainLoadAfterExtendingLoad  ok (15 us)
  Test-ValueNumbering_ExtendsEarlierPlainLoad  ok (13 us)
  Test-ValueNumbering_KeepsFrameLoadsForMemToReg  ok (12 us)
  Test-ValueNumbering_SharesScalarFloatLiteralBits  ok (80 us)
  Test-ValueNumbering_KeepsCheapOrDistinctLiterals  ok (49 us)
  Test-ValueNumbering_KeepsSiblingComputesAndReusesJoinDefinition  ok (26 us)
  Test-VecLoopPromote_LoadStorePair_HoistsAndSinks  ok (20 us)
  Test-VecLoopPromote_OverlappingScalarStore_Blocks  ok (14 us)
  Test-VecLoopPromote_LoadOnlyChunk_HoistsWithoutStore  ok (14 us)
  Test-VecLoopPromote_StackPointerDefinitionInBody_Blocks  ok (11 us)
  Test-NativeArtifact_RuntimeDependencyOrderPreservesPriorityAndCycleFallback  ok (440 us)
  Test-NativeArtifact_DefaultsToLocalOutputTree  ok (87 us)
  Test-NativeArtifact_ImportedApiKeepsLocalOutputTree  ok (54 us)
  Test-NativeArtifact_ModuleNamespaceDefaultsFromModulePath  ok (27 us)
  Test-NativeArtifact_ModuleNamespaceOverrideWins  ok (1 us)
  Test-NativeArtifact_ExplicitArtifactKindOverridesBuildCfgMutation  ok (1 us)
  Test-NativeArtifact_RDataKeepsGrowingCyclicDependencies  ok (564 us)
  Test-NativeArtifact_CompilerRunExprInsideTestKeepsJitRunnable  ok (247 ms)
  Test-NativeArtifact_CompilerInstanceNativeRegistrationKeepsBucketsConsistent  ok (181 ms)
  Test-NativeArtifact_ExecutablePrunesUnreachableGeneratedFunctions  ok (296 ms)
  Test-NativeArtifact_ExecutableClosesAlternatingDependencies  ok (257 ms)
  Test-NativeArtifact_SilentSpecOpProbeDoesNotDropStructCopyTests  ok (269 ms)
  Test-NativeArtifact_TestFileFilterKeepsReusableArtifactAndSelectsAtRunTime  ok (155 ms)
  Test-NativeArtifact_TestTagFilterKeepsReusableArtifactAndSelectsAtRunTime  ok (168 ms)
  Test-NativeArtifact_TestProgressProtocolIsStrict  ok (2 us)
  Test-NativeArtifact_ConcurrentCompilerInputsKeepEveryDependency  ok (6 s 653 ms)
  Test-PeWriter_CompressesEmbeddedDebugTable  ok (16 ms)
  Test-PeWriter_FoldsIdenticalUnwindInfo  ok (102 us)
  Test-PeWriter_Win32ApplicationResourcesUseConfig  ok (73 us)
  Test-Sema_OverloadRankingUsesOrderedConversionCriteria  ok (11 us)
  Test-Sema_MatchCandidateCollectionPreservesUniqueDiscoveryOrder  ok (143 us)
  Test-Sema_GenericInstanceStoragePreservesIdentityAcrossGrowth  ok (1 ms)
  Test-Sema_AggregateTypeInterningUsesOrderedContents  ok (3 ms)
  Test-Sema_TypeManagerConcurrentInterningKeepsCanonicalStorage  ok (3 ms)
  Test-Sema_TypeManagerReleasesOwnedPayloads  ok (1 ms)
  Test-Sema_CastLegalityCoversScalarConversionKinds  ok (90 us)
  Test-Sema_GenericDeductionBindingHandlesConflictsAndDefaults  ok (54 us)
  Test-Sema_CompletedFreesSummariesKeepDirectForwardingTransitive  ok (64 us)
  Test-Sema_CompletedFreesSummariesResolveGuardedAliasRoutes  ok (51 us)
  Test-SemaPurity_GlobalVariableReadIsNotConstFolded  ok (223 ms)
  Test-SemaPurity_NamespaceQualifiedGlobalFieldReadIsNotConstFolded  ok (266 ms)
  Test-JobManager_DebugStateReportsSleepingJobs  ok (70 us)
  Test-JobManager_ProgressiveWorkersDrainQueuedJobs  ok (2 ms)
  Test-JobManager_TargetedWakeBySymbol  ok (27 us)
  Test-AppendOnlyLookupTable_GrowsAcrossChunks  ok (62 us)
  Test-AppendOnlyLookupTable_ConcurrentReaderSeesPublishedEntries  ok (717 us)
  Test-PagedStore_CopyToPreserveOffsetsKeepsSparseLayout  ok (53 us)
  Test-DataSegment_RelocationIndexHandlesInterleavedMonotonicAdds  ok (29 us)
  Test-DataSegment_RelocationIndexRebuildsAfterOutOfOrderAdd  ok (17 us)
  Test-DataSegment_RelocationRangesPreserveIndexedAndTailEntries  ok (78 us)
  Test-DataSegment_FindAllocationUsesPublishedAllocations  ok (14 us)
  Test-DataSegment_LargeBlockPointersPreservePagedPrefixAndAlignedAllocations  ok (251 us)
  Test-PagedStore_ReserveSpanReturnsWritableContiguousStorage  ok (10 us)
  Test-PagedStore_EmptyCopySpanDoesNotAllocateStorage  ok (5 us)
  Test-PagedStore_ReserveRangeSupportsOversizedZeroedBlocks  ok (13 us)
  Test-Logger_TestTalliesNameSuccessfulWork  ok (36 us)
  Test-Logger_NestedStagesDetailedChoiceDoesNotLeak  ok (0 us)
  Test-Logger_ProgressCanBeDisabledFromCommandLine  ok (167 us)
  Test-Os_FatalHostExceptionClassificationExcludesCppExceptions  ok (8 us)
  Test-Os_FileLockOwnersNameTheProcessMappingAnImage  ok (188 ms)
  Test-FileSystem_AppendFileUsersNamesThisCompilerProcess  ok (151 ms)
  Test-FileSystem_AppendFileUsersLeavesAnUnheldFileAlone  ok (14 ms)
  Test-Utf8_MoveOperationsTransferStorage  ok (2 us)
  Test-Utf8_FixedDecimalFormatting  ok (4 us)
  Test-WarningPolicy_ReadsWarningIdentifiers  ok (40 us)
  Test-WarningPolicy_ParsesLists  ok (12 us)
  Test-WarningPolicy_ResolvesLayerPrecedence  ok (1 us)
  Tests                       689 tests (11 s 923 ms)
  Skipped                     28 filesystem tests (run with --dev-full)
  Slow-01                     NativeArtifact_ConcurrentCompilerInputsKeepEveryDependency (6 s 653 ms)
  Slow-02                     FFI_CallSwagStructByValueInteropDevMode (357 ms)
  Slow-03                     NativeArtifact_ExecutablePrunesUnreachableGeneratedFunctions (296 ms)
  Slow-04                     DebugInfo_CompilerTestFunctionsPreserveStackDebugMetadata (283 ms)
  Slow-05                     FFI_CallSwagStructByValueInteropRelease (273 ms)
  Slow-06                     NativeArtifact_SilentSpecOpProbeDoesNotDropStructCopyTests (269 ms)
  Slow-07                     SemaPurity_NamespaceQualifiedGlobalFieldReadIsNotConstFolded (266 ms)
  Slow-08                     NativeArtifact_ExecutableClosesAlternatingDependencies (257 ms)
  Slow-09                     NativeArtifact_CompilerRunExprInsideTestKeepsJitRunnable (247 ms)
  Slow-10                     DebugInfo_RuntimeStorageLocalsStayOutOfCodeView (223 ms)
  ✓  tested      689 passed • 11 s 940 ms
  ✓  clean       11 s 948 ms
