  ◆  swag        unittest • sources
  Test-ABI_AddressedNarrowIntegerHomeUsesNarrowLoad  ok (314 us)
  Test-ABI_SwagSimdArgsUseExtendedRegistersThenWideStackSlots  ok (0 us)
  Test-FFI_CallNativeNoArgBool  ok (532 us)
  Test-FFI_CallNativeU8       ok (145 us)
  Test-FFI_CallNativeI32      ok (42 us)
  Test-FFI_CallNativeF32      ok (45 us)
  Test-FFI_CallNativeF64      ok (41 us)
  Test-FFI_CallNativeF64StackArg  ok (139 us)
  Test-FFI_CallNativeMixedArgs  ok (51 us)
  Test-FFI_CallNativeStackArgs  ok (131 us)
  Test-FFI_CallNativePointerArg  ok (38 us)
  Test-ABI_SwagStructArgPassingMatchesNative  ok (0 us)
  Test-FFI_CallSwagStructByValueInteropDevMode  ok (245 ms)
  Test-FFI_CallSwagStructByValueInteropRelease  ok (195 ms)
  Test-FFI_CallNativeStructByValueRegister  ok (100 us)
  Test-FFI_CallNativeStructByValueStack  ok (47 us)
  Test-FFI_CallNativeStructByReferenceCopy  ok (43 us)
  Test-FFI_CallNativeStructReturnByValueRegister  ok (32 us)
  Test-FFI_CallNativeStructReturnByReference  ok (29 us)
  Test-ConstantManager_CopiesBorrowedStructPayloadOutsideDataSegment  ok (10 us)
  Test-ConstantManager_StoresNullableCStringFromBlockPointer  ok (7 us)
  Test-ConstantValue_MakesNullableCStringFromRuntimePointer  ok (4 us)
  Test-ConstantManager_CopiesBorrowedArrayPayloadOutsideDataSegment  ok (15 us)
  Test-ConstantManager_DeduplicatesBorrowedArrayPayloadsByValue  ok (1 us)
  Test-ConstantManager_CachesZeroPayloadConstantsByType  ok (8 us)
  Test-ConstantManager_CopiesBorrowedSlicePayloadOutsideDataSegment  ok (2 us)
  Test-ConstantManager_AcceptsEmptyBorrowedSlicePayloads  ok (4 us)
  Test-ConstantManager_DistinguishesPresentEmptySlicePayloads  ok (8 us)
  Test-ConstantManager_DeduplicatesMaterializedArrayPayloadConstants  ok (5 us)
  Test-ConstantManager_DoesNotDeduplicateMaterializedArrayPayloadsWithDifferentRelocations  ok (3 us)
  Test-ConstantManager_OwnsAggregateElementsAfterInputsAreDestroyed  ok (141 us)
  Test-ConstantManager_ReleasesOwnedAggregatePayloads  fail (5 ms)
  Test-ConstantManager_EnrichesStorageReferencesWithoutMutatingInputs  ok (157 us)
  Test-Compiler_NewScriptCommandParsesDefaultPath  ok (72 us)
  Test-Compiler_CommandLineHelpStopsBeforeCompilation  ok (114 us)
  Test-Compiler_NewModuleCommandParsesWorkspace  ok (44 us)
  Test-Compiler_DocSearchPreservesLiteralCode  ok (17 us)
  Test-Compiler_DocCommandParsesOptions  ok (470 us)
  Test-Compiler_DocMarkdownRendersSupportedBlocks  ok (175 us)
  Test-Compiler_DocBlockCommentsPreserveCodeIndentation  ok (18 us)
  Test-Compiler_DocMarkdownRendersCompleteLists  ok (81 us)
  Test-Compiler_DocMarkdownRendersHeaderlessTableAndNestedInline  ok (25 us)
  Test-Compiler_LegacyStaticControlDirectivesAreNotKeywords  ok (7 us)
  Test-Compiler_AutoInlineCostPricesCallsAndRewardsOneModuleCallSite  ok (620 us)
  Test-Compiler_ExplicitInlineExpandsCrossFileBody  ok (121 ms)
  Test-Compiler_InMemorySourceRunsSemaWithoutDiskIO  ok (104 us)
  Test-Compiler_InMemorySourceKeepsFormatCommandGlobalIfDuringFormat  ok (55 us)
  Test-Compiler_InMemorySourceSkipsFalseGlobalIf  ok (35 us)
  Test-Compiler_InMemorySourceSkipsTestCommandGlobalIfOutsideTests  ok (70 us)
  Test-Compiler_InMemorySourceKeepsTestCommandGlobalIfDuringTests  ok (42 us)
  Test-Compiler_GenericUnionDeductionRemainsStableForHistoricalRandomSeed1002  ok (122 ms)
  Test-Compiler_GenericUnionDeductionRemainsStableForHistoricalRandomSeed1009  ok (121 ms)
  Test-Compiler_GenericUnionDeductionRemainsStableForHistoricalRandomSeed1032  ok (126 ms)
  Test-Compiler_GenericUnionDeductionRemainsStableForHistoricalRandomSeed1143  ok (126 ms)
  Test-Compiler_AstVisitPreservesSiblingsAcrossPauseSkipAndRestart  ok (109 us)
  Test-Compiler_AstVisitResolvesChildrenWithoutFollowingActiveAncestors  ok (43 us)
  Test-Compiler_SymbolLocationSortKeepsStableTokenOrderWithinOneFile  ok (58 us)
  Test-Compiler_SymbolLocationSortKeepsCompositeKeysAcrossFiles  ok (46 us)
  Test-Compiler_MessagePassSkipsWithoutListeners  ok (314 us)
  Test-Compiler_MessagePassQueuesOnlyOncePerListener  ok (328 us)
  Test-Compiler_MessageAliasPayloadUsesUnderlyingType  ok (9 us)
  Test-Compiler_DiagnosticWarningSeverityColorIsMagenta  ok (0 us)
  Test-Compiler_DiagnosticCatalogFollowsSwagMessageStyle  ok (341 us)
  Test-Compiler_AssertDiagnosticPreservesLiteralSuffixQuotes  ok (60 us)
  Test-Compiler_DiagnosticEscapesQuotedArgumentTicks  ok (10 us)
  Test-Compiler_DiagnosticArgumentCountDoesNotRepeatUnit  ok (65 us)
  Test-Compiler_DiagnosticRemovesUnexpandedWordPlaceholders  ok (10 us)
  Test-Compiler_NativeExitCodeDiagnosticShowsDecimalAndHex  ok (8 us)
  Test-Compiler_DiagnosticEscapesQuotedArgumentWithoutBreakingHelpSplit  ok (9 us)
  Test-NodePayload_ConcurrentUpdatesPreserveDisjointState  ok (4 ms)
  Test-Compiler_CommandLineTagsReachSema  ok (119 ms)
  Test-Compiler_InternalTagPrecedesUserOverride  ok (117 ms)
  Test-Compiler_TestCommandEnablesSourceDrivenModeWhenParsed  ok (71 us)
  Test-Compiler_DebugOptionEnablesDebugInformation  ok (60 us)
  Test-Compiler_ReleaseBuildDoesNotEnableDebugInformation  ok (28 us)
  Test-Compiler_TestCommandRegistersSwagTestCompilerTag  ok (117 ms)
  Test-Compiler_UnittestCommandKeepsSourceDrivenModeDisabledWhenParsed  ok (71 us)
  Test-Compiler_RunCommandParsesRunArgs  ok (60 us)
  Test-Compiler_TestCommandForcesSwagTestRunArg  ok (69 us)
  Test-Compiler_TestCommandDoesNotDuplicateSwagTestRunArg  ok (1 us)
  Test-Compiler_TestCommandKeepsExplicitSandboxRoot  ok (2 us)
  Test-Compiler_TestCommandGrantsTheModuleAsCorpus  ok (10 us)
  Test-Compiler_TestCommandGrantsTheWorkspaceWithoutAModule  ok (3 us)
  Test-Compiler_SmokeCommandGrantsNoCorpus  ok (2 us)
  Test-DebugInfo_EmitsWindowsSymbolAndTypeRecords  ok (94 us)
  Test-DebugInfo_PdbInfoEmitsWindowsBuildInfo  ok (32 us)
  Test-DebugInfo_EmitsWindowsVariableAndConstantRecords  ok (98 us)
  Test-DebugInfo_UsesPerVariableBaseRegistersForRegRelativeSymbols  ok (22 us)
  Test-DebugInfo_CollapsesConsecutiveSameLineEntries  ok (73 us)
  Test-DebugInfo_SkipsNoStepLineEntries  ok (41 us)
  Test-DebugInfo_FirstLineCoversEntry  ok (33 us)
  Test-DebugInfo_ResolvesNoStepBackendSourceInfo  ok (8 us)
  Test-DebugInfo_UsesOwnerSourceFileForGeneratedViews  ok (58 us)
  Test-DebugInfo_UsesDebugSourceCodeRefForGeneratedViewLines  ok (179 us)
  Test-DebugInfo_CompilerTestFunctionsPreserveStackDebugMetadata  ok (202 ms)
  Test-DebugInfo_RuntimeStorageLocalsStayOutOfCodeView  ok (201 ms)
  Test-DebugInfo_CompilerPrivateGlobalsReachCodeViewDataSymbols  ok (193 ms)
  Test-DebugInfo_EmitsWindowsSourceChecksums  ok (91 us)
  Test-EncodeX64_Flow         ok (512 us)
  Test-EncodeX64_Load         ok (1 ms)
  Test-EncodeX64_CmpAndCond   ok (408 us)
  Test-EncodeX64_VecPackedOps  ok (2 ms)
  Test-EncodeX64_LegalizeLargeCmpRegImmPreservesLhs  ok (66 us)
  Test-EncodeX64_UnaryOps     ok (146 us)
  Test-EncodeX64_BinaryRegRegOps  ok (1 ms)
  Test-EncodeX64_BinaryRegMemOps  ok (126 us)
  Test-EncodeX64_BinaryMemRegOps  ok (260 us)
  Test-EncodeX64_BinaryImmOps  ok (1 ms)
  Test-EncodeX64_TernaryAndConvert  ok (273 us)
  Test-EncodeX64_UnwindFromMicro  ok (66 us)
  Test-EncodeX64_UnwindFramePointerSetupAfterStackShape  ok (55 us)
  Test-EncodeX64_UnwindStopsBeforeStackStoreBody  ok (44 us)
  Test-EncodeX64_UnwindUpdatesFramePointerWhenAssignedTwice  ok (40 us)
  Test-EncodeX64_UnwindLocalStackBaseIsNotAFrameRegister  ok (38 us)
  Test-EncodeX64_UnwindStopsAfterBodyStart  ok (32 us)
  Test-FormatAlign_ConsecutiveAssignments  ok (581 us)
  Test-FormatAlign_ConsecutiveAliases  ok (191 us)
  Test-FormatAlign_AliasesAcrossAttributesAndBlankLines  ok (254 us)
  Test-FormatAlign_AssignmentsBreakOnIndentation  ok (316 us)
  Test-FormatAlign_AssignmentsBreakOnBlankLine  ok (207 us)
  Test-FormatAlign_AssignmentsAcrossBlanks  ok (210 us)
  Test-FormatAlign_ConsecutiveDeclarations  ok (204 us)
  Test-FormatAlign_ControlDeclarationsBreakDeclarationGroups  ok (269 us)
  Test-FormatAlign_ConsecutiveConstants  ok (180 us)
  Test-FormatAlign_StructFields  ok (192 us)
  Test-FormatAlign_EnumValues  ok (185 us)
  Test-FormatAlign_NoneRemovesAlignment  ok (356 us)
  Test-FormatAlign_TrailingComments  ok (238 us)
  Test-FormatAlign_TrailingCommentsBreakOnIndentation  ok (284 us)
  Test-FormatAlign_TrailingCommentsNormalized  ok (111 us)
  Test-FormatAlign_FatArrowsConsecutive  ok (74 us)
  Test-FormatAlign_FatArrowsBreakOnPlainFunction  ok (75 us)
  Test-FormatAlign_SingletonTightensStalePadding  ok (72 us)
  Test-FormatAlign_StructFieldsWithTypeQualifiers  ok (78 us)
  Test-FormatAlign_StructFieldGridMixed  ok (80 us)
  Test-FormatAlign_StructFieldGridOffKeepsSingleColumn  ok (56 us)
  Test-FormatAlign_DeclarationGridInitializers  ok (70 us)
  Test-FormatAlign_ConstantGridTypes  ok (60 us)
  Test-FormatAlign_QualifiedConstantGridTypes  ok (64 us)
  Test-FormatAlign_QualifiedDeclarationPrefixes  ok (119 us)
  Test-FormatAlign_CaseBodiesConsecutive  ok (84 us)
  Test-FormatAlign_ArrayColumns  ok (68 us)
  Test-FormatAlign_ArrayColumnsSkipsRaggedRows  ok (54 us)
  Test-FormatAlign_HangingLineFollowsAlignedAnchor  ok (96 us)
  Test-FormatAlign_AfterOpenBracketUsesLiteralBrace  ok (75 us)
  Test-FormatAlign_AfterOpenBracketKeepsDataTableRows  ok (57 us)
  Test-FormatAlign_OperandsInsideBracketAnchorOnBracket  ok (66 us)
  Test-FormatAlign_OperandsOutsideBracketAnchorOnStatement  ok (62 us)
  Test-FormatAlign_OutlierGapLeavesLongLineAlone  ok (64 us)
  Test-FormatAlign_OutlierGapKeepsGradedTable  ok (64 us)
  Test-FormatAlign_OutlierGapDropsBothEnds  ok (220 us)
  Test-FormatAlign_AcrossBlanksReadsTheCappedBlankCount  ok (222 us)
  Test-FormatAlign_AccessModifierLineDoesNotBreakTheGroup  ok (241 us)
  Test-FormatAlign_WrappedArgumentsFollowTheAlignedHead  ok (414 us)
  Test-FormatAttributes_OwnLine  ok (235 us)
  Test-FormatAttributes_Inline  ok (190 us)
  Test-FormatAttributes_BreakAfterAttribute  ok (212 us)
  Test-FormatAttributes_Grouped  ok (227 us)
  Test-FormatAttributes_SortArguments  ok (280 us)
  Test-FormatAttributes_SortArgumentsWithDifferentPieceCounts  ok (225 us)
  Test-FormatAttributes_SpaceAfterAttributeComma  ok (203 us)
  Test-FormatBlanks_MaxConsecutiveEmptyLinesUnlimited  ok (231 us)
  Test-FormatBlanks_MaxConsecutiveEmptyLinesCollapses  ok (226 us)
  Test-FormatBlanks_MaxConsecutiveEmptyLinesOne  ok (220 us)
  Test-FormatBlanks_AfterOpeningBraceNever  ok (197 us)
  Test-FormatBlanks_AfterOpeningBracePreserve  ok (215 us)
  Test-FormatBlanks_AfterOpeningBraceAlways  ok (185 us)
  Test-FormatBlanks_BeforeClosingBraceNever  ok (186 us)
  Test-FormatBlanks_BeforeClosingBracePreserve  ok (183 us)
  Test-FormatBlanks_BeforeClosingBraceAlways  ok (203 us)
  Test-FormatBlanks_AroundAccessBlocksAlways  ok (290 us)
  Test-FormatBlanks_AroundAccessBlocksNever  ok (245 us)
  Test-FormatBlanks_AroundAccessBlocksPreserve  ok (237 us)
  Test-FormatBlanks_TrimTrailingNewlinesCollapsesToOne  ok (232 us)
  Test-FormatBlanks_TrimTrailingNewlinesDisabled  ok (188 us)
  Test-FormatBlanks_CombinedBlockEdges  ok (210 us)
  Test-FormatBlanks_BeforeFunctionAlways  ok (233 us)
  Test-FormatBlanks_BeforeFunctionKeepsDocCommentAttached  ok (259 us)
  Test-FormatBlanks_BeforeFunctionKeepsShortFormsStacked  ok (310 us)
  Test-FormatBlanks_BeforeTypeAlways  ok (213 us)
  Test-FormatBlanks_BeforeCommentBlockAlways  ok (219 us)
  Test-FormatBlanks_BeforeCommentBlockKeepsBlockStartAndRuns  ok (231 us)
  Test-FormatBlanks_BeforeCommentBlockKeepsInlineBodyStart  ok (241 us)
  Test-FormatBlanks_AfterGlobalBlockInsertsBlank  ok (193 us)
  Test-FormatBlanks_AfterGlobalThenUsingBlocks  ok (207 us)
  Test-FormatBlanks_BetweenCasesMultiLine  ok (388 us)
  Test-FormatBlanks_BetweenCasesNeverRemovesBlanks  ok (325 us)
  Test-FormatBlanks_AfterStandaloneClosingBraceAlways  ok (280 us)
  Test-FormatBlanks_AfterStandaloneClosingBraceNever  ok (286 us)
  Test-FormatBlanks_AfterStandaloneClosingBracePreserve  ok (259 us)
  Test-FormatBlanks_AfterStandaloneClosingBraceKeepsElseAttached  ok (279 us)
  Test-FormatBraces_AllmanMovesBraceToOwnLine  ok (239 us)
  Test-FormatStatements_OneStatementPerLine  ok (285 us)
  Test-FormatStatements_UsingFieldPrefixStaysTogether  ok (251 us)
  Test-FormatStatements_OneEnumValuePerLine  ok (224 us)
  Test-FormatBraces_ShortInlineDoBodiesSplit  ok (280 us)
  Test-FormatBraces_DestructuringPatternsStayInlineAndIndentAsStatements  ok (510 us)
  Test-FormatBraces_AttachJoinsBrace  ok (95 us)
  Test-FormatBraces_AllmanOnControlBlocks  ok (69 us)
  Test-FormatBraces_BreakBeforeElse  ok (77 us)
  Test-FormatBraces_JoinElseToBrace  ok (64 us)
  Test-FormatBraces_CompactEmptyBraces  ok (45 us)
  Test-FormatBraces_ShortFunctionsNeverSplits  ok (56 us)
  Test-FormatBraces_ShortFunctionsNeverKeepsEmpty  ok (47 us)
  Test-FormatBraces_SourceSelectsDefinitionLayout  ok (152 us)
  Test-FormatBraces_ShortBlocksInlineJoins  ok (66 us)
  Test-FormatBraces_ShortIfNeverSplits  ok (62 us)
  Test-FormatBraces_ShortLoopsJoin  ok (62 us)
  Test-FormatBraces_ShortEnumsSplit  ok (47 us)
  Test-FormatBraces_ShortCaseSplits  ok (77 us)
  Test-FormatBraces_ShortCaseJoins  ok (68 us)
  Test-FormatBraces_CaseUniformJoinsJumpTable  ok (77 us)
  Test-FormatBraces_CaseUniformExpandsMixedSwitch  ok (82 us)
  Test-FormatBraces_StaticIfChainAlignsAndBreaks  ok (93 us)
  Test-FormatBraces_StaticControl  ok (121 us)
  Test-FormatBraces_StaticIfSingleLineChainStaysInline  ok (74 us)
  Test-FormatBraces_MultiLineBlockContentLeavesBraceLines  ok (98 us)
  Test-FormatBraces_AllmanOnStaticIfBlocks  ok (65 us)
  Test-FormatBraces_ShortStructsKeepTupleTypes  ok (403 us)
  Test-FormatBraces_ShortStructsStillSplitDeclarations  ok (205 us)
  Test-FormatBraces_ShortFunctionsKeepClosureArguments  ok (414 us)
  Test-FormatBraces_ShortBlocksKeepInitializerLiterals  ok (424 us)
  Test-FormatBraces_ShortFunctionsInlineKeepsClosureBodies  ok (364 us)
  Test-FormatStatements_RemoveRedundantSemicolons  ok (299 us)
  Test-FormatStatements_RemoveConditionParentheses  ok (268 us)
  Test-FormatBraces_BreakBeforeWhere  ok (242 us)
  Test-FormatBraces_ShortClosuresNeverSplits  ok (327 us)
  Test-FormatBraces_UniformKeepsArmsWhoseCallIsWrapped  ok (429 us)
  Test-FormatBraces_UniformExpandsWhenAnArmCarriesABlock  ok (439 us)
  Test-FormatBraces_SemicolonPushedToEndOfLineByWrappingIsRemoved  ok (262 us)
  Test-FormatBraces_AnonymousStructTypeKeepsItsShape  ok (299 us)
  Test-FormatComments_SpaceAfterLineCommentPrefix  ok (193 us)
  Test-FormatComments_NormalizeSectionSeparators  ok (171 us)
  Test-FormatComments_ReflowParagraph  ok (204 us)
  Test-FormatComments_ReflowJoinsShortLines  ok (188 us)
  Test-FormatComments_NormalizeMode  ok (172 us)
  Test-FormatComments_LastInBlockKeepsBlockIndent  ok (275 us)
  Test-FormatComments_LastInNestedBlockKeepsBlockIndent  ok (295 us)
  Test-FormatComments_LastInSwitchKeepsArmIndent  ok (319 us)
  Test-FormatComments_BeforeCaseLabelKeepsLabelIndent  ok (305 us)
  Test-FormatComments_InsideABracketSettleInOnePass  ok (461 us)
  Test-FormatFile_InlineBodyOwnsNestedBraceIndent  ok (378 us)
  Test-FormatFile_InlineIfBranchStopsBeforeElse  ok (547 us)
  Test-FormatFile_CatchHandlerAlignsAndIndents  ok (333 us)
  Test-FormatFile_InlineDestructuringIsNotABlock  ok (512 us)
  Test-FormatFile_InsertFinalNewline  ok (191 us)
  Test-FormatFile_TrimLeadingBlankLines  ok (174 us)
  Test-FormatFile_TrimLeadingBlankLinesDisabled  ok (189 us)
  Test-FormatFile_ReservedIdentifiersAreFormattable  ok (208 us)
  Test-FormatFile_IndentInsideParensEnforcesContinuation  ok (297 us)
  Test-FormatFile_AlignOperandsOnWrappedCondition  ok (292 us)
  Test-FormatFile_WhereClauseIndent  ok (273 us)
  Test-FormatFile_WhereBlockIndent  ok (283 us)
  Test-FormatFile_EndOfLineStyleLf  ok (190 us)
  Test-FormatFile_EndOfLineStyleCrLf  ok (174 us)
  Test-FormatFile_TrimTrailingWhitespace  ok (196 us)
  Test-FormatFile_BlankLineAfterUsingBlock  ok (209 us)
  Test-FormatFile_BlankLineBeforeFunctionDefinition  ok (252 us)
  Test-FormatFile_IndentStyleSpacesNormalizesTabs  ok (191 us)
  Test-FormatFile_IndentStyleTabs  ok (173 us)
  Test-FormatFile_ReindentFixesBadIndent  ok (237 us)
  Test-FormatFile_ElseBeforeNestedIfAligns  ok (300 us)
  Test-FormatFile_IndentNamespaceBodyOff  ok (189 us)
  Test-FormatFile_IndentCaseLabels  ok (706 us)
  Test-FormatLiteral_PreserveLeavesNumericLiteralsUntouched  ok (301 us)
  Test-FormatLiteral_PreserveCharacterTypeSuffix  ok (212 us)
  Test-FormatLiteral_HexDigitCaseUpperAndLower  ok (428 us)
  Test-FormatLiteral_HexPrefixCaseUpperAndLower  ok (309 us)
  Test-FormatLiteral_FloatExponentCaseUpperAndLower  ok (337 us)
  Test-FormatLiteral_NormalizeHexDigitSeparators  ok (157 us)
  Test-FormatLiteral_NormalizeBinaryDigitSeparators  ok (159 us)
  Test-FormatLiteral_NormalizeDecimalDigitSeparators  ok (178 us)
  Test-FormatLiteral_NormalizeFloatDigitSeparators  ok (183 us)
  Test-FormatLiteral_CombinedHexCaseAndNormalization  ok (165 us)
  Test-FormatOff_LineCommentDisablesNumberFormatting  ok (234 us)
  Test-FormatOff_NoOnComment_RestOfFileRaw  ok (179 us)
  Test-FormatOff_MultipleRegions  ok (221 us)
  Test-FormatOff_BlockComment  ok (188 us)
  Test-FormatOff_CustomMarkers  ok (179 us)
  Test-FormatOff_EolNotRewrittenInDisabledRegion  ok (180 us)
  Test-FormatSpacing_SpaceAfterComma  ok (285 us)
  Test-FormatSpacing_NormalizeHorizontalWhitespace  ok (281 us)
  Test-FormatSpacing_NamedArgumentColons  ok (267 us)
  Test-FormatSpacing_TrueOptionsKeepManualAlignment  ok (206 us)
  Test-FormatSpacing_NoSpaceAfterComma  ok (217 us)
  Test-FormatSpacing_SpaceAroundAssignment  ok (202 us)
  Test-FormatSpacing_NoSpaceAroundAssignment  ok (1 ms)
  Test-FormatSpacing_SpaceAroundBinaryOperators  ok (211 us)
  Test-FormatSpacing_NoSpaceAroundBinaryOperators  ok (165 us)
  Test-FormatSpacing_SpaceAroundArrow  ok (349 us)
  Test-FormatSpacing_FatArrow  ok (348 us)
  Test-FormatSpacing_ColonInDeclarations  ok (207 us)
  Test-FormatSpacing_ColonInBaseClause  ok (188 us)
  Test-FormatSpacing_InsideParentheses  ok (452 us)
  Test-FormatSpacing_InEmptyParentheses  ok (309 us)
  Test-FormatSpacing_InsideBrackets  ok (406 us)
  Test-FormatSpacing_AfterCast  ok (370 us)
  Test-FormatSpacing_AfterKeyword  ok (377 us)
  Test-FormatSpacing_AfterUnaryOperator  ok (233 us)
  Test-FormatSpacing_PostfixDereference  ok (232 us)
  Test-FormatSpacing_BeforeParenthesesControl  ok (362 us)
  Test-FormatSpacing_InsideBracesOfLiterals  ok (226 us)
  Test-FormatSpacing_FailClosesAFunctionTypeNotAnOperand  ok (188 us)
  Test-FormatStyle_PreserveNormalizesNothing  ok (272 us)
  Test-FormatStyle_DefaultOptionsArePreserve  ok (864 us)
  Test-FormatStyle_SwagIsTheCanonicalLayout  ok (374 us)
  Test-FormatStyle_SwagIntrinsicCallsStayStable  ok (704 us)
  Test-FormatStyle_SwagKeepsAccessModifiersWithTheirDeclarations  ok (366 us)
  Test-FormatStyle_SwagKeepsStorageAndAccessModifierOrders  ok (10 ms)
  Test-FormatStyle_SwagSeparatesAccessBlocks  ok (379 us)
  Test-FormatStyle_SwagLeavesLineEndingsAndColumnsAlone  ok (204 us)
  Test-FormatStyle_DescribeRendersEveryOption  ok (331 us)
  Test-FormatUsing_SortAscending  ok (262 us)
  Test-FormatUsing_SortCaseInsensitive  ok (173 us)
  Test-FormatUsing_BlankLineSplitsRuns  ok (156 us)
  Test-FormatUsing_Merge      ok (185 us)
  Test-FormatUsing_SortAndMerge  ok (162 us)
  Test-FormatWrap_BreaksAfterComma  ok (281 us)
  Test-FormatWrap_ForceSingleLineLists  ok (268 us)
  Test-FormatWrap_FormatterSelectsListLineMode  ok (414 us)
  Test-FormatWrap_SourceSelectsSingleLineLists  ok (258 us)
  Test-FormatWrap_SourceSelectsNestedSingleLineLists  ok (453 us)
  Test-FormatWrap_HangingIndentLists  ok (260 us)
  Test-FormatWrap_HangingAlignLists  ok (264 us)
  Test-FormatWrap_VerticalLists  ok (237 us)
  Test-FormatWrap_BlockLists  ok (241 us)
  Test-FormatWrap_ForceSingleLineLogicalExpressions  ok (261 us)
  Test-FormatWrap_SourceSelectsSingleLineLogicalExpressions  ok (234 us)
  Test-FormatWrap_LogicalOperatorsAfter  ok (227 us)
  Test-FormatWrap_LogicalOperatorsBefore  ok (278 us)
  Test-FormatWrap_LogicalOperandsOnePerLine  ok (227 us)
  Test-FormatWrap_LogicalHangingIndent  ok (212 us)
  Test-FormatWrap_LogicalOperandsPack  ok (216 us)
  Test-FormatWrap_FormatterSelectsLogicalExpressionLineMode  ok (283 us)
  Test-FormatWrap_NestedLogicalExpressions  ok (278 us)
  Test-FormatWrap_NormalizesAdversarialLists  ok (468 us)
  Test-FormatWrap_NormalizesAdversarialLogicalExpression  ok (295 us)
  Test-FormatWrap_AlignsMultilineArgumentContents  ok (346 us)
  Test-FormatWrap_ClosureCapturesStayInsideArgument  ok (546 us)
  Test-FormatWrap_NoWrapWhenDisabled  ok (245 us)
  Test-FormatWrap_BreakBeforeBinaryOperators  ok (185 us)
  Test-FormatWrap_BinPackLists  ok (245 us)
  Test-FormatWrap_BinPackParametersOnePerLine  ok (189 us)
  Test-FormatWrap_BinPackArgumentsOnePerLine  ok (260 us)
  Test-FormatWrap_NoColumnLimitNeverMovesAStatementBreak  ok (429 us)
  Test-FormatWrap_ColumnLimitBreaksHighestInTheExpression  ok (299 us)
  Test-FormatWrap_ColumnLimitAlignsNewOperandLinesInOnePass  ok (283 us)
  Test-FormatWrap_ColumnLimitBreaksAtTheLoosestOperator  ok (316 us)
  Test-FormatWrap_ColumnLimitKeepsOneIndentPerStatement  ok (252 us)
  Test-FormatWrap_ContinuationOutsideBracketsTakesCanonicalIndent  ok (197 us)
  Test-FormatWrap_ContinuationInsideBracketsKeepsRelativeIndent  ok (239 us)
  Test-FormatWrap_WrappedCaseValuesAlignUnderTheFirstValue  ok (312 us)
  Test-FormatWrap_SourceSelectsLiteralLayout  ok (338 us)
  Test-FormatWrap_HugTrailingTableArgument  ok (271 us)
  Test-FormatWrap_HugTrailingClosureArgument  ok (263 us)
  Test-FormatWrap_HugTrailingBlockLiteralItem  ok (290 us)
  Test-FormatWrap_HugSkipsEarlierMultilineArgument  ok (300 us)
  Test-JIT_Return42           ok (128 us)
  Test-JIT_RegAllocAvoidsFutureConcreteClobber  ok (114 us)
  Test-JIT_128BitStackCopy    ok (313 us)
  Test-JIT_PointerSpillRoundTrip  ok (213 us)
  Test-JIT_B32LoadAndZeroExtendKeepsUpperBitsClear  ok (147 us)
  Test-JIT_PackedIntegerOps   ok (103 us)
  Test-JIT_VecCodecOps        ok (344 us)
  Test-JIT_VecFloatOps        ok (121 us)
  Test-JIT_SlpVectorizedLanes  ok (2 ms)
  Test-JIT_ConstantDivisionBaseline  ok (4 ms)
  Test-JIT_ConstantDivisionStrengthReduced  ok (16 ms)
  Test-JIT_PersistentRegPreservedAcrossCall  ok (134 us)
  Test-BranchSimplify_ErasesJumpToImmediateLabel  ok (98 us)
  Test-BranchSimplify_ThreadsJumpThroughEmptyBlock  ok (119 us)
  Test-BranchSimplify_FoldsKnownTrueBranch  ok (81 us)
  Test-BranchSimplify_FoldsKnownFalseBranch  ok (62 us)
  Test-BranchSimplify_FoldsKnownSignedLessBranch  ok (61 us)
  Test-BranchSimplify_FoldsKnownUnsignedBelowBranch  ok (58 us)
  Test-BranchSimplify_ErasesDeadTailAfterRet  ok (43 us)
  Test-BranchSimplify_ConvertsMinPatternToCmov  ok (49 us)
  Test-BranchSimplify_ConvertsConditionalConstantToCmov  ok (46 us)
  Test-BranchSimplify_KeepsMultiInstructionBranchBody  ok (49 us)
  Test-BranchSimplify_ThreadsShortCircuitExit  ok (80 us)
  Test-BranchSimplify_KeepsReferencedLabel  ok (43 us)
  Test-BranchSimplify_KeepsByteSelectBranch  ok (40 us)
  Test-BranchSimplify_ConvertsDiamondSelectToCmov  ok (63 us)
  Test-BranchSimplify_ConvertsDiamondConstantsToCmov  ok (56 us)
  Test-BranchSimplify_SinksCompareBelowFlagWritingArm  ok (69 us)
  Test-BranchSimplify_KeepsDiamondWithGuardedLoad  ok (50 us)
  Test-BranchSimplify_KeepsDiamondWithSharedArmLabel  ok (62 us)
  Test-BranchSimplify_KeepsDiamondWhenArmReadsResultFirst  ok (56 us)
  Test-BranchSimplify_KeepsDiamondWhenArmClobbersCompareInput  ok (59 us)
  Test-BranchSimplify_KeepsByteDiamond  ok (51 us)
  Test-BranchSimplify_ConvertsEarlyReturnToCmov  ok (51 us)
  Test-BranchSimplify_ConvertsEarlyReturnChainToCmovs  ok (120 us)
  Test-BranchSimplify_KeepsEarlyReturnWithGuardedLoad  ok (41 us)
  Test-BranchSimplify_SinksCompareBelowFlagWritingEarlyReturn  ok (55 us)
  Test-BranchSimplify_InvertsJumpPairAfterImmediateJumpErasure  ok (62 us)
  Test-BranchSimplify_TriangleScratchPreservesAcceptedPlanOrder  ok (142 us)
  Test-ConstantFolding_FoldBinaryRegImm  ok (29 us)
  Test-ConstantFolding_FoldCopyFromKnown  ok (21 us)
  Test-ConstantFolding_ChainedFold  ok (26 us)
  Test-ConstantFolding_FoldFromClearReg  ok (20 us)
  Test-ConstantFolding_FoldAcrossJoinSameConstant  ok (36 us)
  Test-ConstantFolding_BinaryRequiresKnownInputsAndDeadFlags  ok (173 us)
  Test-CopyElim_SelfCopy_Erased  ok (22 us)
  Test-CopyElim_ChainedCopies_CanonicalizesSource  ok (29 us)
  Test-CopyElim_RewritesPureUseAcrossJoin  ok (46 us)
  Test-CopyElim_DoesNotPropagatePastSourceRedefinition  ok (24 us)
  Test-CopyElim_TransfersForbiddenPhysRegsToCanonicalSource  ok (26 us)
  Test-CopyElim_DoesNotRewriteUseDefOperand  ok (39 us)
  Test-DeadCodeElimination_RemovesEntireDeadChain  ok (176 us)
  Test-DeadCodeElimination_JoinTracksSurvivingConsumers  ok (32 us)
  Test-DeadCodeElimination_PhiCyclesNeedAnInstructionConsumer  ok (35 us)
  Test-DeadCodeElimination_DeadFlagConsumerExposesArithmetic  ok (19 us)
  Test-InstCombine_Identity_AddZero_Erased  ok (21 us)
  Test-InstCombine_ConstantAddressLoad_FoldsToRip  ok (24 us)
  Test-InstCombine_RelocatedLoad_UsesExactTargetAndLiveMemory  ok (220 us)
  Test-InstCombine_Absorbing_AndZero_BecomesClear  ok (8 us)
  Test-InstCombine_Absorbing_OrAllOnes_BecomesLoadImm  ok (7 us)
  Test-InstCombine_Reassociate_AddAdd  ok (13 us)
  Test-InstCombine_Reassociate_AddSub_PicksAdd  ok (8 us)
  Test-InstCombine_Reassociate_ShiftLeftChain  ok (8 us)
  Test-InstCombine_Reassociate_ShiftOverflow_NotFolded  ok (8 us)
  Test-InstCombine_RegReg_XorSelf_BecomesClear  ok (8 us)
  Test-InstCombine_RegReg_SubSelf_BecomesClear  ok (7 us)
  Test-InstCombine_RegReg_AndSelf_DeadErased  ok (7 us)
  Test-InstCombine_Reassociate_MulMulSigned  ok (10 us)
  Test-InstCombine_Reassociate_OrOr  ok (9 us)
  Test-InstCombine_MemFold_Imm_Consecutive  ok (12 us)
  Test-InstCombine_MemFold_Reg_Consecutive  ok (11 us)
  Test-InstCombine_MemFold_NonConsecutive  ok (9 us)
  Test-InstCombine_MemFold_VtReadAfterStore_NotFolded  ok (12 us)
  Test-InstCombine_MaskBeforeLeftShift_DroppedDirect  ok (8 us)
  Test-InstCombine_MaskBeforeLeftShift_DroppedThroughCopies  ok (17 us)
  Test-InstCombine_MaskBeforeLeftShift_KeptWhenMaskTooNarrow  ok (7 us)
  Test-InstCombine_MaskBeforeRightShift_Kept  ok (7 us)
  Test-InstCombine_ZeroExtendOfDwordLoad_BecomesCopy  ok (11 us)
  Test-InstCombine_ZeroExtendOfQwordLoad_Kept  ok (8 us)
  Test-InstCombine_MaskedAddOfZeroExtendedWords_NarrowsToDword  ok (13 us)
  Test-InstCombine_MaskedAddWithQwordReader_Kept  ok (11 us)
  Test-InstCombine_MaskedShift_Kept  ok (9 us)
  Test-InstCombine_MemoryFoldTriple_InsideLoop  ok (18 us)
  Test-InstCombine_MemoryFoldTriple_LeavesLoopFrameSlot  ok (19 us)
  Test-InstCombine_ZeroExtendOfDwordPhi_BecomesCopy  ok (20 us)
  Test-InstCombine_MultiplyAdd_BecomesTwoAddresses  ok (619 us)
  Test-InstCombine_MultiplyAdd_PreservesObservedValuesAndFlags  ok (142 us)
  Test-InstCombine_AddressCopy_DefinesAccumulatorDirectly  ok (69 us)
  Test-InstCombine_FloatResultCopy_DefinesAccumulatorDirectly  ok (212 us)
  Test-InstCombine_SqrtResultCopy_PreservesPackedDestination  ok (69 us)
  Test-InstCombine_SqrtResultCopy_KeepsOtherUses  ok (52 us)
  Test-InstCombine_SharedAndInputs_PreservesValuesAndFlags  ok (884 us)
  Test-InstructionCombine_FoldsBooleanSelect  ok (101 us)
  Test-InstructionCombine_KeepsUnsafeBooleanSelect  ok (118 us)
  Test-InstCombine_RangeProvedCompare_ClampErased  ok (53 us)
  Test-InstCombine_RangeProvedCompare_WideMaskKept  ok (53 us)
  Test-InstCombine_RangeProvedCompare_NarrowWriteKept  ok (33 us)
  Test-InstCombine_VectorPlans_KeepFreshRegistersAcrossRollback  ok (162 us)
  Test-MicroDominators_MatchReachabilityWithANodeRemoved  ok (47 us)
  Test-LICM_HoistsInvariantLoad  ok (99 us)
  Test-LICM_HoistsSingleUseLaneBroadcast  ok (86 us)
  Test-LICM_KeepsVolatileLoadInLoop  ok (40 us)
  Test-LICM_HoistsFloatConversionAcrossCallWithLiveIntegerFlags  ok (185 us)
  Test-LICM_KeepsIntegerClearWhenFlagsAreLiveAtEitherSite  ok (82 us)
  Test-LICM_HoistsScalarLiteralLoadsButKeepsZeroLocal  ok (212 us)
  Test-MicroDomTree_MatchesPathsThroughDiamondAndLoop  ok (120 us)
  Test-NaturalLoop_CollectBody_CountsMembersOnceAcrossTailsAndRebuilds  ok (8 us)
  Test-LoopUnroll_MultipleLoops_RebuildsIncomingJumpRanges  ok (59 us)
  Test-LoopUnroll_MultipleIncomingJumps_PreservesLoop  ok (19 us)
  Test-LoopUnroll_ExternalJumpToBody_PreservesLoop  ok (21 us)
  Test-MemToReg_PlainSlot_Promotes  ok (37 us)
  Test-MemToReg_RedefinedAddressRegister_BailsFunction  ok (26 us)
  Test-MemToReg_UnwrittenWideAccess_BlocksOverlapButNotAdjacentSlot  ok (26 us)
  Test-MemToReg_WrappingWideAccess_KeepsNarrowOverlap  ok (19 us)
  Test-MicroPassManager_PostRa_RechecksSuffixAfterEachMutation  ok (21 us)
  Test-MicroPassManager_PostRa_RechecksSuffixWhenFirstSweepPolicyChanges  ok (12 us)
  Test-PostRADeadCodeElim_PreservesAbiLiveOut  ok (26 us)
  Test-PostRADeadCodeElim_UnusedReturnRegistersAreDead  ok (17 us)
  Test-PostRADeadCodeElim_LoopBackEdgeKeepsCarriedDefinition  ok (22 us)
  Test-PostRALoopHoist_InvariantReload_MovesToPreheader  ok (77 us)
  Test-PostRALoopHoist_SlotWrittenInBody_Blocks  ok (34 us)
  Test-PostRALoopHoist_OpaqueStoreInBody_Blocks  ok (34 us)
  Test-PostRALoopHoist_OpaqueStoreOverPrivateFrame_Hoists  ok (45 us)
  Test-PostRALoopHoist_SecondReload_BecomesCopy  ok (46 us)
  Test-PostRALoopHoist_DestinationLiveAtPreheader_Blocks  ok (30 us)
  Test-PostRALoopHoist_CarriedSlot_LeavesTheLoop  ok (57 us)
  Test-PostRALoopHoist_CarriedRegisterReusedElsewhere_Blocks  ok (37 us)
  Test-PostRALoopHoist_SecondDefinitionOfDestinationBlocks  ok (30 us)
  Test-PostRALoopRotate_IndependentHeadersRotate  ok (34 us)
  Test-PostRALoopRotate_SecondIncomingJumpBlocks  ok (18 us)
  Test-PostRALoopRotate_ConditionalBackEdgeBlocks  ok (16 us)
  Test-PostRAPeephole_Nop_Erased  ok (25 us)
  Test-PostRAPeephole_DoesNotForwardFromStoreClaimedByImmediateFold  ok (27 us)
  Test-PostRAPeephole_CopyForward_DoesNotCrossClaimedStoreReload  ok (24 us)
  Test-PostRAPeephole_ErasesStoreOverwrittenBeforeMemoryAccess  ok (15 us)
  Test-PostRAPeephole_DoesNotEraseOverwrittenNonFrameStore  ok (13 us)
  Test-PostRAPeephole_ErasesOwnStoreReloadOnConditionalFallthrough  ok (18 us)
  Test-PostRAPeephole_ForwardsStoredValueToReload  ok (16 us)
  Test-PostRAPeephole_CopyForward_StopsAtEncoderImplicitDef  ok (24 us)
  Test-Legalize_ScratchExcludesFirstReadsInAbiOrder  ok (30 us)
  Test-Legalize_ScratchExclusionsStopBeforeBarrierUses  ok (58 us)
  Test-Legalize_DoesNotPreserveDeadShiftRegisterAcrossJump  ok (24 us)
  Test-Legalize_RewritesB8SignedMultiplyRegMemToRax  ok (20 us)
  Test-Legalize_ClearsPositiveFloatZero  ok (52 us)
  Test-Legalize_KeepsNonzeroFloatBitsAndAddresses  ok (77 us)
  Test-Legalize_KeepsMemoryDestinationAdd  ok (13 us)
  Test-Legalize_KeepsMemoryExchange  ok (12 us)
  Test-PostRAPeephole_DoesNotForwardB8SignedMultiplyImmediate  ok (13 us)
  Test-PostRAPeephole_FoldsIntegerReloadIntoBinary  ok (17 us)
  Test-PostRAPeephole_KeepsIntegerReloadReadAfterConsumer  ok (15 us)
  Test-PostRAPeephole_FoldsIntegerReloadIntoCompare  ok (18 us)
  Test-PostRAPeephole_KeepsByteMultiplyReload  ok (14 us)
  Test-PostRAPeephole_SelfCopy_B64_Erased  ok (12 us)
  Test-PostRAPeephole_SelfCopy_IntB32_Preserved  ok (11 us)
  Test-PostRAPeephole_FallthroughJumpSkipsTrivialGap  ok (16 us)
  Test-PostRAPeephole_DeadCompareBeforeRet_Erased  ok (11 us)
  Test-PostRAPeephole_DeadCompareAfterRedundantJump_Erased  ok (14 us)
  Test-PostRAPeephole_LiveCompareForBranch_Preserved  ok (13 us)
  Test-PostRAPeephole_LoadCondRegRegKeepsCopyBecauseDestinationIsUseDef  ok (19 us)
  Test-PostRAPeephole_FlagReuse_SubThenCompareZero_CompareErased  ok (15 us)
  Test-PostRAPeephole_FlagReuse_UnsafeCondition_ComparePreserved  ok (14 us)
  Test-PostRAPeephole_FlagReuse_NonFlagProducer_ComparePreserved  ok (32 us)
  Test-PostRAPeephole_ZeroToClear_LiveFlagsDead_Converted  ok (14 us)
  Test-PostRAPeephole_ZeroToClear_DeadReg_NotConverted  ok (12 us)
  Test-PostRAPeephole_ZeroToClear_FlagsLive_NotConverted  ok (13 us)
  Test-PostRAPeephole_SelfOperand_FoldsWhenDestinationHoldsTheSlot  ok (14 us)
  Test-PostRAPeephole_SelfOperand_KeepsMemoryOperandWhenWindowExhausted  ok (23 us)
  Test-PreRAPeephole_FloatBinary_DefinesIndependentResult  ok (135 us)
  Test-PreRAPeephole_FloatBinary_PreservesCopiedSecondOperand  ok (29 us)
  Test-PreRAPeephole_ForwardsLoadImmIntoStore  ok (23 us)
  Test-PreRAPeephole_ForwardsLoadImmIntoCmpMem  ok (15 us)
  Test-PreRAPeephole_ForwardsLoadImmIntoMemBinary  ok (14 us)
  Test-PreRAPeephole_ForwardsCopyIntoNextUseOnlySlots  ok (16 us)
  Test-PreRAPeephole_TransfersForbiddenPhysRegsAcrossCopyForward  ok (16 us)
  Test-PreRAPeephole_DoesNotRewriteExchangeUseDefConsumer  ok (15 us)
  Test-PreRAPeephole_ForwardsLoadImmIntoAmcStore  ok (24 us)
  Test-PreRAPeephole_ForwardsClearRegIntoImmediateCompare  ok (11 us)
  Test-PreRAPeephole_FoldsExtendOfImmediate  ok (9 us)
  Test-PreRAPeephole_FoldsPointerImmediateIntoAddress  ok (9 us)
  Test-PreRAPeephole_CombinesAdjacentRegImmAdd  ok (14 us)
  Test-PreRAPeephole_KeepsAdjacentRegImmAddWhenFlagsAreLive  ok (10 us)
  Test-PreRAPeephole_FoldsCopyAddIntoLoadAddress  ok (10 us)
  Test-PreRAPeephole_FoldsCopyAddIntoLoadAddressDespiteMismatchedForbiddenRegs  ok (10 us)
  Test-PreRAPeephole_KeepsCopyAddWhenFlagsAreLive  ok (10 us)
  Test-PreRAPeephole_FoldsAmcIndexImmediateIntoSimpleLoad  ok (11 us)
  Test-PreRAPeephole_FoldsAddressBaseIntoAmcStore  ok (11 us)
  Test-PreRAPeephole_FoldsAmcAddressIntoStore  ok (12 us)
  Test-MicroPrologEpilogSanitize_MergesAdjacentStackAdjustments  ok (18 us)
  Test-MicroPrologEpilogSanitize_DoesNotMergeOutsideEntryExitRegions  ok (12 us)
  Test-MicroPrologEpilogSanitize_ExpandsLargeWindowsStackAdjustIntoPageProbes  ok (11 us)
  Test-MicroPrologEpilogSanitize_KeepsOnlyLastFramePointerSetupInEntryProlog  ok (12 us)
  Test-MicroPrologEpilogSanitize_ReinsertsForcedFramePointerSetupWhenMissing  ok (9 us)
  Test-MicroPrologEpilogSanitize_DoesNotTouchFramePointerSetupAfterBodyStarts  ok (10 us)
  Test-MicroReg_SameClassMatchesVirtualAndPhysicalRegisters  ok (10 us)
  Test-RegAlloc_UsesDedicatedLocalStackBaseRegister  ok (128 us)
  Test-RegAlloc_PersistentAcross  ok (310 us)
  Test-RegAlloc_NoCalls       ok (150 us)
  Test-RegAlloc_MixedIntFloat  ok (243 us)
  Test-RegAlloc_LotsOfVirtualRegs  ok (3 ms)
  Test-RegAlloc_PreservePersistentRegs_Enabled  ok (100 us)
  Test-RegAlloc_PreservePersistentRegs_Disabled  ok (69 us)
  Test-RegAlloc_PreservePersistentRegs_NoNeed  ok (56 us)
  Test-RegAlloc_Spill_IntPressureAcrossCall  ok (316 us)
  Test-RegAlloc_Spill_FloatAcrossCall_NoPersistent  ok (230 us)
  Test-RegAlloc_VirtualRegForbiddenPhysRegs  ok (89 us)
  Test-RegAlloc_Spill_BalancedControlFlow  ok (451 us)
  Test-RegAlloc_KnownComputedJumpKeepsIntervalAllocation  ok (267 us)
  Test-RegAlloc_LoadBaseAddressAcrossCall  ok (116 us)
  Test-RegAlloc_ConcreteLoadDestAcrossCall  ok (103 us)
  Test-RegAlloc_VirtualDefAvoidsLiveConcreteReg  ok (82 us)
  Test-RegAlloc_UsesPersistentFallbackWhenTransientPoolExhausted  ok (68 us)
  Test-RegAlloc_CoalescesLinearVirtualCopies  ok (60 us)
  Test-RegAlloc_TransfersDeadCopySourcesAcrossBarriers  ok (83 us)
  Test-RegAlloc_RematerializesImmediateReloads  ok (69 us)
  Test-MicroInstr_FloatToIntReplacesItsDestination  ok (13 us)
  Test-MicroInstr_SqrtReplacesItsDestination  ok (8 us)
  Test-MicroInstr_SqrtDropsOnlyOverwrittenInitialization  ok (52 us)
  Test-MicroInstr_FloatToIntKeepsOnlyLiveFlagInitialization  ok (25 us)
  Test-RegAlloc_LiveIntervalAccessSearchBoundaries  ok (2 us)
  Test-RegAlloc_LiveIntervalEmptyAndSingleAccess  ok (0 us)
  Test-RegAlloc_LiveIntervalRangeStartSearchBoundaries  ok (0 us)
  Test-MicroSanity_RejectsStackAddressReturnedAsPointer  ok (41 us)
  Test-MicroSanity_AllowsKnownNonStackPointer  ok (17 us)
  Test-MicroSanity_IgnoresStackAddressReturnedAsInteger  ok (17 us)
  Test-SinkToUse_MovesDefinitionToItsConsumer  ok (24 us)
  Test-SinkToUse_LoadCannotCrossBaseRedefinition  ok (9 us)
  Test-SinkToUse_LoadCannotCrossMemoryWrite  ok (8 us)
  Test-SlpVectorize_UnpackableStores_DoesNotBuildSsa  ok (30 us)
  Test-SlpVectorize_MultipleBlocks_PreservesSnapshotAndFreshRegisters  ok (71 us)
  Test-MicroSsa_PhiAtJoin     ok (34 us)
  Test-MicroSsa_Dominators_HandleEntryAndDescendantJoin  ok (12 us)
  Test-MicroSsa_ReachingDef_BeforeWritesAndAtNonUses  ok (9 us)
  Test-MicroSsa_ReachingDef_DominatorSiblings  ok (14 us)
  Test-MicroSsa_ReachingDef_LoopAndUnreachableRoot  ok (12 us)
  Test-MicroSsa_PhiAtJoinWithSharedPredecessorDominator  ok (14 us)
  Test-MicroSsa_PhiInputsFollowManyPredecessors  ok (103 us)
  Test-MicroSsa_RebuildAddsFrontierAfterLinearBlocks  ok (26 us)
  Test-MicroStackAdjustNormalize_RemovesBodyAdjustsAndRebasesOffsets  ok (33 us)
  Test-MicroStackAdjustNormalize_HandlesBranchingDepths  ok (20 us)
  Test-MicroStorage_InsertedInstructionsUseExplicitDebugInsertionKinds  ok (1 us)
  Test-MicroStorage_InsertBeforePreservesExplicitNoStepWhenSourceIsInherited  ok (0 us)
  Test-MicroStackAdjustNormalize_SkipsCallsBelowMaxDepth  ok (22 us)
  Test-StrengthReduction_MultiplyPowerOfTwo  ok (23 us)
  Test-StrengthReduction_MultiplyPowerOfTwoKeepsLiveFlags  ok (8 us)
  Test-StrengthReduction_MultiplyByZero  ok (6 us)
  Test-StrengthReduction_MultiplyByOne  ok (6 us)
  Test-StrengthReduction_MultiplyNonPowerOfTwoUnchanged  ok (6 us)
  Test-StrengthReduction_UnsignedDivideMagicNoFixup  ok (11 us)
  Test-StrengthReduction_UnsignedDivideMagicFixup  ok (11 us)
  Test-StrengthReduction_SignedDividePow2  ok (9 us)
  Test-StrengthReduction_SignedDivideMagic  ok (9 us)
  Test-StrengthReduction_UnsignedModuloMagic  ok (10 us)
  Test-StrengthReduction_SignedDivideNegativeConstantUnchanged  ok (6 us)
  Test-StrengthReduction_DivideByZeroUnchanged  ok (6 us)
  Test-StrengthReduction_NarrowDivideUnchanged  ok (6 us)
  Test-StrengthReduction_RemoveAddZeroDeadAcrossJoin  ok (25 us)
  Test-StrengthReduction_UnsignedMultiplyRequiresLocalFlagRedefinition  ok (54 us)
  Test-StrengthReduction_AddSubZeroPreservesLiveResultsAndFlags  ok (68 us)
  Test-ValueNumbering_DedupIdenticalCompute  ok (38 us)
  Test-ValueNumbering_KeepsDifferentInputs  ok (22 us)
  Test-ValueNumbering_KeepsComputeWithLiveFlags  ok (21 us)
  Test-ValueNumbering_DedupLoadAddress  ok (15 us)
  Test-ValueNumbering_KeepsComputeWhenSourceClobbered  ok (16 us)
  Test-ValueNumbering_DedupRepeatedLoad  ok (19 us)
  Test-ValueNumbering_DedupRepeatedFieldLoad  ok (16 us)
  Test-ValueNumbering_KeepsLoadAcrossStore  ok (17 us)
  Test-ValueNumbering_KeepsLoadAcrossLabel  ok (24 us)
  Test-ValueNumbering_DedupLoadAcrossFallthroughBranch  ok (24 us)
  Test-ValueNumbering_DedupPlainLoadAfterExtendingLoad  ok (18 us)
  Test-ValueNumbering_ExtendsEarlierPlainLoad  ok (16 us)
  Test-ValueNumbering_KeepsFrameLoadsForMemToReg  ok (14 us)
  Test-ValueNumbering_SharesScalarFloatLiteralBits  ok (81 us)
  Test-ValueNumbering_KeepsCheapOrDistinctLiterals  ok (57 us)
  Test-ValueNumbering_KeepsSiblingComputesAndReusesJoinDefinition  ok (30 us)
  Test-VecLoopPromote_LoadStorePair_HoistsAndSinks  ok (26 us)
  Test-VecLoopPromote_OverlappingScalarStore_Blocks  ok (16 us)
  Test-VecLoopPromote_LoadOnlyChunk_HoistsWithoutStore  ok (17 us)
  Test-VecLoopPromote_StackPointerDefinitionInBody_Blocks  ok (14 us)
  Test-NativeArtifact_RuntimeDependencyOrderPreservesPriorityAndCycleFallback  ok (590 us)
  Test-NativeArtifact_DefaultsToLocalOutputTree  ok (131 us)
  Test-NativeArtifact_ImportedApiKeepsLocalOutputTree  ok (69 us)
  Test-NativeArtifact_ModuleNamespaceDefaultsFromModulePath  ok (36 us)
  Test-NativeArtifact_ModuleNamespaceOverrideWins  ok (1 us)
  Test-NativeArtifact_ExplicitArtifactKindOverridesBuildCfgMutation  ok (1 us)
  Test-NativeArtifact_RDataKeepsGrowingCyclicDependencies  ok (731 us)
  Test-NativeArtifact_CompilerRunExprInsideTestKeepsJitRunnable  ok (219 ms)
  Test-NativeArtifact_CompilerInstanceNativeRegistrationKeepsBucketsConsistent  ok (118 ms)
  Test-NativeArtifact_ExecutablePrunesUnreachableGeneratedFunctions  ok (206 ms)
  Test-NativeArtifact_ExecutableClosesAlternatingDependencies  ok (202 ms)
  Test-NativeArtifact_SilentSpecOpProbeDoesNotDropStructCopyTests  ok (283 ms)
  Test-NativeArtifact_TestFileFilterKeepsReusableArtifactAndSelectsAtRunTime  ok (169 ms)
  Test-NativeArtifact_TestTagFilterKeepsReusableArtifactAndSelectsAtRunTime  ok (163 ms)
  Test-NativeArtifact_TestProgressProtocolIsStrict  ok (35 us)
  Test-NativeArtifact_ConcurrentCompilerInputsKeepEveryDependency  ok (9 s 856 ms)
  Test-PeWriter_CompressesEmbeddedDebugTable  ok (5 ms)
  Test-PeWriter_FoldsIdenticalUnwindInfo  ok (78 us)
  Test-PeWriter_Win32ApplicationResourcesUseConfig  ok (60 us)
  Test-Sema_OverloadRankingUsesOrderedConversionCriteria  ok (13 us)
  Test-Sema_MatchCandidateCollectionPreservesUniqueDiscoveryOrder  ok (104 us)
  Test-Sema_GenericInstanceStoragePreservesIdentityAcrossGrowth  ok (1 ms)
  Test-Sema_AggregateTypeInterningUsesOrderedContents  ok (1 ms)
  Test-Sema_TypeManagerConcurrentInterningKeepsCanonicalStorage  ok (2 ms)
  Test-Sema_TypeManagerReleasesOwnedPayloads  ok (899 us)
  Test-Sema_CastLegalityCoversScalarConversionKinds  ok (61 us)
  Test-Sema_GenericDeductionBindingHandlesConflictsAndDefaults  ok (54 us)
  Test-Sema_CompletedFreesSummariesKeepDirectForwardingTransitive  ok (18 us)
  Test-Sema_CompletedFreesSummariesResolveGuardedAliasRoutes  ok (28 us)
  Test-SemaPurity_GlobalVariableReadIsNotConstFolded  ok (1 s 378 ms)
  Test-SemaPurity_NamespaceQualifiedGlobalFieldReadIsNotConstFolded  ok (354 ms)
  Test-JobManager_DebugStateReportsSleepingJobs  ok (30 us)
  Test-JobManager_ProgressiveWorkersDrainQueuedJobs  ok (889 us)
  Test-JobManager_TargetedWakeBySymbol  ok (11 us)
  Test-AppendOnlyLookupTable_GrowsAcrossChunks  ok (26 us)
  Test-AppendOnlyLookupTable_ConcurrentReaderSeesPublishedEntries  ok (260 us)
  Test-PagedStore_CopyToPreserveOffsetsKeepsSparseLayout  ok (23 us)
  Test-DataSegment_RelocationIndexHandlesInterleavedMonotonicAdds  ok (11 us)
  Test-DataSegment_RelocationIndexRebuildsAfterOutOfOrderAdd  ok (7 us)
  Test-DataSegment_RelocationRangesPreserveIndexedAndTailEntries  ok (47 us)
  Test-DataSegment_FindAllocationUsesPublishedAllocations  ok (4 us)
  Test-DataSegment_LargeBlockPointersPreservePagedPrefixAndAlignedAllocations  ok (96 us)
  Test-PagedStore_ReserveSpanReturnsWritableContiguousStorage  ok (17 us)
  Test-PagedStore_EmptyCopySpanDoesNotAllocateStorage  ok (2 us)
  Test-PagedStore_ReserveRangeSupportsOversizedZeroedBlocks  ok (4 us)
  Test-Logger_TestTalliesNameSuccessfulWork  ok (18 us)
  Test-Logger_NestedStagesDetailedChoiceDoesNotLeak  ok (0 us)
  Test-Logger_ProgressCanBeDisabledFromCommandLine  ok (94 us)
  Test-Os_FatalHostExceptionClassificationExcludesCppExceptions  ok (8 us)
  Test-Os_FileLockOwnersNameTheProcessMappingAnImage  ok (133 ms)
  Test-FileSystem_AppendFileUsersNamesThisCompilerProcess  ok (116 ms)
  Test-FileSystem_AppendFileUsersLeavesAnUnheldFileAlone  ok (8 ms)
  Test-Utf8_MoveOperationsTransferStorage  ok (1 us)
  Test-Utf8_FixedDecimalFormatting  ok (2 us)
  Test-WarningPolicy_ReadsWarningIdentifiers  ok (18 us)
  Test-WarningPolicy_ParsesLists  ok (5 us)
  Test-WarningPolicy_ResolvesLayerPrecedence  ok (0 us)
  Tests                       692 tests (15 s 376 ms)
  Skipped                     28 filesystem tests (run with --dev-full)
  Slow-01                     NativeArtifact_ConcurrentCompilerInputsKeepEveryDependency (9 s 856 ms)
  Slow-02                     SemaPurity_GlobalVariableReadIsNotConstFolded (1 s 378 ms)
  Slow-03                     SemaPurity_NamespaceQualifiedGlobalFieldReadIsNotConstFolded (354 ms)
  Slow-04                     NativeArtifact_SilentSpecOpProbeDoesNotDropStructCopyTests (283 ms)
  Slow-05                     FFI_CallSwagStructByValueInteropDevMode (245 ms)
  Slow-06                     NativeArtifact_CompilerRunExprInsideTestKeepsJitRunnable (219 ms)
  Slow-07                     NativeArtifact_ExecutablePrunesUnreachableGeneratedFunctions (206 ms)
  Slow-08                     NativeArtifact_ExecutableClosesAlternatingDependencies (202 ms)
  Slow-09                     DebugInfo_CompilerTestFunctionsPreserveStackDebugMetadata (202 ms)
  Slow-10                     DebugInfo_RuntimeStorageLocalsStayOutOfCodeView (201 ms)
  ✖  testing     691 passed • 1 did not pass • 15 s 397 ms
  ✓  clean       15 s 401 ms
