  ◆  swag        unittest • sources
  Test-ABI_AddressedNarrowIntegerHomeUsesNarrowLoad  ok (1 ms)
  Test-ABI_SwagSimdArgsUseExtendedRegistersThenWideStackSlots  ok (2 us)
  Test-FFI_CallNativeNoArgBool  ok (1 ms)
  Test-FFI_CallNativeU8       ok (459 us)
  Test-FFI_CallNativeI32      ok (179 us)
  Test-FFI_CallNativeF32      ok (173 us)
  Test-FFI_CallNativeF64      ok (130 us)
  Test-FFI_CallNativeF64StackArg  ok (528 us)
  Test-FFI_CallNativeMixedArgs  ok (159 us)
  Test-FFI_CallNativeStackArgs  ok (367 us)
  Test-FFI_CallNativePointerArg  ok (101 us)
  Test-ABI_SwagStructArgPassingMatchesNative  ok (0 us)
  Test-FFI_CallSwagStructByValueInteropDevMode  ok (1 s 230 ms)
  Test-FFI_CallSwagStructByValueInteropRelease  ok (923 ms)
  Test-FFI_CallNativeStructByValueRegister  ok (409 us)
  Test-FFI_CallNativeStructByValueStack  ok (270 us)
  Test-FFI_CallNativeStructByReferenceCopy  ok (221 us)
  Test-FFI_CallNativeStructReturnByValueRegister  ok (210 us)
  Test-FFI_CallNativeStructReturnByReference  ok (215 us)
  Test-ConstantManager_CopiesBorrowedStructPayloadOutsideDataSegment  ok (167 us)
  Test-ConstantManager_StoresNullableCStringFromBlockPointer  ok (26 us)
  Test-ConstantValue_MakesNullableCStringFromRuntimePointer  ok (7 us)
  Test-ConstantManager_CopiesBorrowedArrayPayloadOutsideDataSegment  ok (29 us)
  Test-ConstantManager_DeduplicatesBorrowedArrayPayloadsByValue  ok (11 us)
  Test-ConstantManager_CachesZeroPayloadConstantsByType  ok (38 us)
  Test-ConstantManager_CopiesBorrowedSlicePayloadOutsideDataSegment  ok (11 us)
  Test-ConstantManager_AcceptsEmptyBorrowedSlicePayloads  ok (24 us)
  Test-ConstantManager_DistinguishesPresentEmptySlicePayloads  ok (24 us)
  Test-ConstantManager_DeduplicatesMaterializedArrayPayloadConstants  ok (22 us)
  Test-ConstantManager_DoesNotDeduplicateMaterializedArrayPayloadsWithDifferentRelocations  ok (18 us)
  Test-Compiler_NewScriptCommandParsesDefaultPath  ok (263 us)
  Test-Compiler_CommandLineHelpStopsBeforeCompilation  ok (444 us)
  Test-Compiler_NewModuleCommandParsesWorkspace  ok (297 us)
  Test-Compiler_DocSearchPreservesLiteralCode  ok (29 us)
  Test-Compiler_DocCommandParsesOptions  ok (3 ms)
  Test-Compiler_DocMarkdownRendersSupportedBlocks  ok (514 us)
  Test-Compiler_DocBlockCommentsPreserveCodeIndentation  ok (48 us)
  Test-Compiler_DocMarkdownRendersCompleteLists  ok (258 us)
  Test-Compiler_DocMarkdownRendersHeaderlessTableAndNestedInline  ok (83 us)
  Test-Compiler_LegacyStaticControlDirectivesAreNotKeywords  ok (2 us)
  Test-Compiler_AutoInlineCostPricesCallsAndRewardsOneModuleCallSite  ok (2 ms)
  Test-Compiler_ExplicitInlineExpandsCrossFileBody  ok (734 ms)
  Test-Compiler_InMemorySourceRunsSemaWithoutDiskIO  ok (396 us)
  Test-Compiler_InMemorySourceKeepsFormatCommandGlobalIfDuringFormat  ok (243 us)
  Test-Compiler_InMemorySourceSkipsFalseGlobalIf  ok (97 us)
  Test-Compiler_InMemorySourceSkipsTestCommandGlobalIfOutsideTests  ok (89 us)
  Test-Compiler_InMemorySourceKeepsTestCommandGlobalIfDuringTests  ok (113 us)
  Test-Compiler_GenericUnionDeductionRemainsStableForHistoricalRandomSeed1002  ok (677 ms)
  Test-Compiler_GenericUnionDeductionRemainsStableForHistoricalRandomSeed1009  ok (573 ms)
  Test-Compiler_GenericUnionDeductionRemainsStableForHistoricalRandomSeed1032  ok (558 ms)
  Test-Compiler_GenericUnionDeductionRemainsStableForHistoricalRandomSeed1143  ok (542 ms)
  Test-Compiler_AstVisitPreservesSiblingsAcrossPauseSkipAndRestart  ok (264 us)
  Test-Compiler_AstVisitResolvesChildrenWithoutFollowingActiveAncestors  ok (174 us)
  Test-Compiler_MessagePassSkipsWithoutListeners  ok (1 ms)
  Test-Compiler_MessagePassQueuesOnlyOncePerListener  ok (1 ms)
  Test-Compiler_MessageAliasPayloadUsesUnderlyingType  ok (8 us)
  Test-Compiler_DiagnosticWarningSeverityColorIsMagenta  ok (0 us)
  Test-Compiler_DiagnosticCatalogFollowsSwagMessageStyle  ok (1 ms)
  Test-Compiler_AssertDiagnosticPreservesLiteralSuffixQuotes  ok (156 us)
  Test-Compiler_DiagnosticEscapesQuotedArgumentTicks  ok (33 us)
  Test-Compiler_DiagnosticArgumentCountDoesNotRepeatUnit  ok (295 us)
  Test-Compiler_DiagnosticRemovesUnexpandedWordPlaceholders  ok (32 us)
  Test-Compiler_NativeExitCodeDiagnosticShowsDecimalAndHex  ok (56 us)
  Test-Compiler_DiagnosticEscapesQuotedArgumentWithoutBreakingHelpSplit  ok (41 us)
  Test-NodePayload_ConcurrentUpdatesPreserveDisjointState  ok (31 ms)
  Test-Compiler_CommandLineTagsReachSema  ok (472 ms)
  Test-Compiler_InternalTagPrecedesUserOverride  ok (519 ms)
  Test-Compiler_TestCommandEnablesSourceDrivenModeWhenParsed  ok (732 us)
  Test-Compiler_DebugOptionEnablesDebugInformation  ok (239 us)
  Test-Compiler_ReleaseBuildDoesNotEnableDebugInformation  ok (178 us)
  Test-Compiler_TestCommandRegistersSwagTestCompilerTag  ok (523 ms)
  Test-Compiler_UnittestCommandKeepsSourceDrivenModeDisabledWhenParsed  ok (163 us)
  Test-Compiler_RunCommandParsesRunArgs  ok (152 us)
  Test-Compiler_TestCommandForcesSwagTestRunArg  ok (97 us)
  Test-Compiler_TestCommandDoesNotDuplicateSwagTestRunArg  ok (4 us)
  Test-Compiler_TestCommandKeepsExplicitSandboxRoot  ok (6 us)
  Test-Compiler_TestCommandGrantsTheModuleAsCorpus  ok (22 us)
  Test-Compiler_TestCommandGrantsTheWorkspaceWithoutAModule  ok (8 us)
  Test-Compiler_SmokeCommandGrantsNoCorpus  ok (5 us)
  Test-DebugInfo_EmitsWindowsSymbolAndTypeRecords  ok (409 us)
  Test-DebugInfo_PdbInfoEmitsWindowsBuildInfo  ok (74 us)
  Test-DebugInfo_EmitsWindowsVariableAndConstantRecords  ok (158 us)
  Test-DebugInfo_UsesPerVariableBaseRegistersForRegRelativeSymbols  ok (64 us)
  Test-DebugInfo_CollapsesConsecutiveSameLineEntries  ok (213 us)
  Test-DebugInfo_SkipsNoStepLineEntries  ok (138 us)
  Test-DebugInfo_FirstLineCoversEntry  ok (110 us)
  Test-DebugInfo_ResolvesNoStepBackendSourceInfo  ok (36 us)
  Test-DebugInfo_UsesOwnerSourceFileForGeneratedViews  ok (142 us)
  Test-DebugInfo_UsesDebugSourceCodeRefForGeneratedViewLines  ok (563 us)
  Test-DebugInfo_CompilerTestFunctionsPreserveStackDebugMetadata  ok (1 s 127 ms)
  Test-DebugInfo_RuntimeStorageLocalsStayOutOfCodeView  ok (935 ms)
  Test-DebugInfo_CompilerPrivateGlobalsReachCodeViewDataSymbols  ok (843 ms)
  Test-DebugInfo_EmitsWindowsSourceChecksums  ok (232 us)
  Test-EncodeX64_Flow         ok (1 ms)
  Test-EncodeX64_Load         ok (3 ms)
  Test-EncodeX64_CmpAndCond   ok (1 ms)
  Test-EncodeX64_VecPackedOps  ok (4 ms)
  Test-EncodeX64_LegalizeLargeCmpRegImmPreservesLhs  ok (128 us)
  Test-EncodeX64_UnaryOps     ok (225 us)
  Test-EncodeX64_BinaryRegRegOps  ok (4 ms)
  Test-EncodeX64_BinaryRegMemOps  ok (189 us)
  Test-EncodeX64_BinaryMemRegOps  ok (380 us)
  Test-EncodeX64_BinaryImmOps  ok (2 ms)
  Test-EncodeX64_TernaryAndConvert  ok (475 us)
  Test-EncodeX64_UnwindFromMicro  ok (86 us)
  Test-EncodeX64_UnwindFramePointerSetupAfterStackShape  ok (66 us)
  Test-EncodeX64_UnwindStopsBeforeStackStoreBody  ok (63 us)
  Test-EncodeX64_UnwindUpdatesFramePointerWhenAssignedTwice  ok (62 us)
  Test-EncodeX64_UnwindLocalStackBaseIsNotAFrameRegister  ok (57 us)
  Test-EncodeX64_UnwindStopsAfterBodyStart  ok (46 us)
  Test-FormatAlign_ConsecutiveAssignments  ok (1 ms)
  Test-FormatAlign_ConsecutiveAliases  ok (276 us)
  Test-FormatAlign_AliasesAcrossAttributesAndBlankLines  ok (314 us)
  Test-FormatAlign_AssignmentsBreakOnIndentation  ok (455 us)
  Test-FormatAlign_AssignmentsBreakOnBlankLine  ok (359 us)
  Test-FormatAlign_AssignmentsAcrossBlanks  ok (290 us)
  Test-FormatAlign_ConsecutiveDeclarations  ok (265 us)
  Test-FormatAlign_ControlDeclarationsBreakDeclarationGroups  ok (361 us)
  Test-FormatAlign_ConsecutiveConstants  ok (253 us)
  Test-FormatAlign_StructFields  ok (238 us)
  Test-FormatAlign_EnumValues  ok (227 us)
  Test-FormatAlign_NoneRemovesAlignment  ok (237 us)
  Test-FormatAlign_TrailingComments  ok (258 us)
  Test-FormatAlign_TrailingCommentsBreakOnIndentation  ok (359 us)
  Test-FormatAlign_TrailingCommentsNormalized  ok (271 us)
  Test-FormatAlign_FatArrowsConsecutive  ok (319 us)
  Test-FormatAlign_FatArrowsBreakOnPlainFunction  ok (329 us)
  Test-FormatAlign_SingletonTightensStalePadding  ok (290 us)
  Test-FormatAlign_StructFieldsWithTypeQualifiers  ok (366 us)
  Test-FormatAlign_StructFieldGridMixed  ok (355 us)
  Test-FormatAlign_StructFieldGridOffKeepsSingleColumn  ok (443 us)
  Test-FormatAlign_DeclarationGridInitializers  ok (344 us)
  Test-FormatAlign_ConstantGridTypes  ok (310 us)
  Test-FormatAlign_QualifiedConstantGridTypes  ok (348 us)
  Test-FormatAlign_QualifiedDeclarationPrefixes  ok (683 us)
  Test-FormatAlign_CaseBodiesConsecutive  ok (500 us)
  Test-FormatAlign_ArrayColumns  ok (354 us)
  Test-FormatAlign_ArrayColumnsSkipsRaggedRows  ok (308 us)
  Test-FormatAlign_HangingLineFollowsAlignedAnchor  ok (603 us)
  Test-FormatAlign_AfterOpenBracketUsesLiteralBrace  ok (429 us)
  Test-FormatAlign_AfterOpenBracketKeepsDataTableRows  ok (346 us)
  Test-FormatAlign_OperandsInsideBracketAnchorOnBracket  ok (341 us)
  Test-FormatAlign_OperandsOutsideBracketAnchorOnStatement  ok (295 us)
  Test-FormatAlign_OutlierGapLeavesLongLineAlone  ok (358 us)
  Test-FormatAlign_OutlierGapKeepsGradedTable  ok (840 us)
  Test-FormatAlign_OutlierGapDropsBothEnds  ok (292 us)
  Test-FormatAlign_AcrossBlanksReadsTheCappedBlankCount  ok (223 us)
  Test-FormatAlign_AccessModifierLineDoesNotBreakTheGroup  ok (307 us)
  Test-FormatAlign_WrappedArgumentsFollowTheAlignedHead  ok (1 ms)
  Test-FormatAttributes_OwnLine  ok (559 us)
  Test-FormatAttributes_Inline  ok (638 us)
  Test-FormatAttributes_BreakAfterAttribute  ok (470 us)
  Test-FormatAttributes_Grouped  ok (593 us)
  Test-FormatAttributes_SortArguments  ok (692 us)
  Test-FormatAttributes_SortArgumentsWithDifferentPieceCounts  ok (289 us)
  Test-FormatAttributes_SpaceAfterAttributeComma  ok (237 us)
  Test-FormatBlanks_MaxConsecutiveEmptyLinesUnlimited  ok (285 us)
  Test-FormatBlanks_MaxConsecutiveEmptyLinesCollapses  ok (229 us)
  Test-FormatBlanks_MaxConsecutiveEmptyLinesOne  ok (264 us)
  Test-FormatBlanks_AfterOpeningBraceNever  ok (238 us)
  Test-FormatBlanks_AfterOpeningBracePreserve  ok (213 us)
  Test-FormatBlanks_AfterOpeningBraceAlways  ok (203 us)
  Test-FormatBlanks_BeforeClosingBraceNever  ok (205 us)
  Test-FormatBlanks_BeforeClosingBracePreserve  ok (199 us)
  Test-FormatBlanks_BeforeClosingBraceAlways  ok (203 us)
  Test-FormatBlanks_AroundAccessBlocksAlways  ok (322 us)
  Test-FormatBlanks_AroundAccessBlocksNever  ok (290 us)
  Test-FormatBlanks_AroundAccessBlocksPreserve  ok (323 us)
  Test-FormatBlanks_TrimTrailingNewlinesCollapsesToOne  ok (438 us)
  Test-FormatBlanks_TrimTrailingNewlinesDisabled  ok (254 us)
  Test-FormatBlanks_CombinedBlockEdges  ok (238 us)
  Test-FormatBlanks_BeforeFunctionAlways  ok (266 us)
  Test-FormatBlanks_BeforeFunctionKeepsDocCommentAttached  ok (324 us)
  Test-FormatBlanks_BeforeFunctionKeepsShortFormsStacked  ok (956 us)
  Test-FormatBlanks_BeforeTypeAlways  ok (494 us)
  Test-FormatBlanks_BeforeCommentBlockAlways  ok (571 us)
  Test-FormatBlanks_BeforeCommentBlockKeepsBlockStartAndRuns  ok (446 us)
  Test-FormatBlanks_BeforeCommentBlockKeepsInlineBodyStart  ok (1 ms)
  Test-FormatBlanks_AfterGlobalBlockInsertsBlank  ok (468 us)
  Test-FormatBlanks_AfterGlobalThenUsingBlocks  ok (625 us)
  Test-FormatBlanks_BetweenCasesMultiLine  ok (644 us)
  Test-FormatBlanks_BetweenCasesNeverRemovesBlanks  ok (358 us)
  Test-FormatBlanks_AfterStandaloneClosingBraceAlways  ok (293 us)
  Test-FormatBlanks_AfterStandaloneClosingBraceNever  ok (265 us)
  Test-FormatBlanks_AfterStandaloneClosingBracePreserve  ok (296 us)
  Test-FormatBlanks_AfterStandaloneClosingBraceKeepsElseAttached  ok (282 us)
  Test-FormatBraces_AllmanMovesBraceToOwnLine  ok (267 us)
  Test-FormatStatements_OneStatementPerLine  ok (318 us)
  Test-FormatStatements_UsingFieldPrefixStaysTogether  ok (260 us)
  Test-FormatStatements_OneEnumValuePerLine  ok (231 us)
  Test-FormatBraces_ShortInlineDoBodiesSplit  ok (286 us)
  Test-FormatBraces_DestructuringPatternsStayInlineAndIndentAsStatements  ok (488 us)
  Test-FormatBraces_AttachJoinsBrace  ok (207 us)
  Test-FormatBraces_AllmanOnControlBlocks  ok (276 us)
  Test-FormatBraces_BreakBeforeElse  ok (290 us)
  Test-FormatBraces_JoinElseToBrace  ok (244 us)
  Test-FormatBraces_CompactEmptyBraces  ok (191 us)
  Test-FormatBraces_ShortFunctionsNeverSplits  ok (242 us)
  Test-FormatBraces_ShortFunctionsNeverKeepsEmpty  ok (294 us)
  Test-FormatBraces_SourceSelectsDefinitionLayout  ok (646 us)
  Test-FormatBraces_ShortBlocksInlineJoins  ok (293 us)
  Test-FormatBraces_ShortIfNeverSplits  ok (277 us)
  Test-FormatBraces_ShortLoopsJoin  ok (358 us)
  Test-FormatBraces_ShortEnumsSplit  ok (203 us)
  Test-FormatBraces_ShortCaseSplits  ok (464 us)
  Test-FormatBraces_ShortCaseJoins  ok (409 us)
  Test-FormatBraces_CaseUniformJoinsJumpTable  ok (473 us)
  Test-FormatBraces_CaseUniformExpandsMixedSwitch  ok (533 us)
  Test-FormatBraces_StaticIfChainAlignsAndBreaks  ok (560 us)
  Test-FormatBraces_StaticControl  ok (644 us)
  Test-FormatBraces_StaticIfSingleLineChainStaysInline  ok (417 us)
  Test-FormatBraces_MultiLineBlockContentLeavesBraceLines  ok (392 us)
  Test-FormatBraces_AllmanOnStaticIfBlocks  ok (250 us)
  Test-FormatBraces_ShortStructsKeepTupleTypes  ok (639 us)
  Test-FormatBraces_ShortStructsStillSplitDeclarations  ok (526 us)
  Test-FormatBraces_ShortFunctionsKeepClosureArguments  ok (1 ms)
  Test-FormatBraces_ShortBlocksKeepInitializerLiterals  ok (567 us)
  Test-FormatBraces_ShortFunctionsInlineKeepsClosureBodies  ok (519 us)
  Test-FormatStatements_RemoveRedundantSemicolons  ok (1 ms)
  Test-FormatStatements_RemoveConditionParentheses  ok (609 us)
  Test-FormatBraces_BreakBeforeWhere  ok (564 us)
  Test-FormatBraces_ShortClosuresNeverSplits  ok (647 us)
  Test-FormatBraces_UniformKeepsArmsWhoseCallIsWrapped  ok (1 ms)
  Test-FormatBraces_UniformExpandsWhenAnArmCarriesABlock  ok (638 us)
  Test-FormatBraces_SemicolonPushedToEndOfLineByWrappingIsRemoved  ok (344 us)
  Test-FormatBraces_AnonymousStructTypeKeepsItsShape  ok (374 us)
  Test-FormatComments_SpaceAfterLineCommentPrefix  ok (267 us)
  Test-FormatComments_NormalizeSectionSeparators  ok (190 us)
  Test-FormatComments_ReflowParagraph  ok (239 us)
  Test-FormatComments_ReflowJoinsShortLines  ok (205 us)
  Test-FormatComments_NormalizeMode  ok (187 us)
  Test-FormatComments_LastInBlockKeepsBlockIndent  ok (270 us)
  Test-FormatComments_LastInNestedBlockKeepsBlockIndent  ok (317 us)
  Test-FormatComments_LastInSwitchKeepsArmIndent  ok (392 us)
  Test-FormatComments_BeforeCaseLabelKeepsLabelIndent  ok (361 us)
  Test-FormatComments_InsideABracketSettleInOnePass  ok (523 us)
  Test-FormatFile_InlineBodyOwnsNestedBraceIndent  ok (409 us)
  Test-FormatFile_InlineIfBranchStopsBeforeElse  ok (816 us)
  Test-FormatFile_CatchHandlerAlignsAndIndents  ok (398 us)
  Test-FormatFile_InlineDestructuringIsNotABlock  ok (565 us)
  Test-FormatFile_InsertFinalNewline  ok (250 us)
  Test-FormatFile_TrimLeadingBlankLines  ok (184 us)
  Test-FormatFile_TrimLeadingBlankLinesDisabled  ok (175 us)
  Test-FormatFile_ReservedIdentifiersAreFormattable  ok (216 us)
  Test-FormatFile_IndentInsideParensEnforcesContinuation  ok (323 us)
  Test-FormatFile_AlignOperandsOnWrappedCondition  ok (315 us)
  Test-FormatFile_WhereClauseIndent  ok (295 us)
  Test-FormatFile_WhereBlockIndent  ok (347 us)
  Test-FormatFile_EndOfLineStyleLf  ok (213 us)
  Test-FormatFile_EndOfLineStyleCrLf  ok (193 us)
  Test-FormatFile_TrimTrailingWhitespace  ok (190 us)
  Test-FormatFile_BlankLineAfterUsingBlock  ok (210 us)
  Test-FormatFile_BlankLineBeforeFunctionDefinition  ok (346 us)
  Test-FormatFile_IndentStyleSpacesNormalizesTabs  ok (223 us)
  Test-FormatFile_IndentStyleTabs  ok (207 us)
  Test-FormatFile_ReindentFixesBadIndent  ok (358 us)
  Test-FormatFile_ElseBeforeNestedIfAligns  ok (360 us)
  Test-FormatFile_IndentNamespaceBodyOff  ok (240 us)
  Test-FormatFile_IndentCaseLabels  ok (612 us)
  Test-FormatLiteral_PreserveLeavesNumericLiteralsUntouched  ok (373 us)
  Test-FormatLiteral_PreserveCharacterTypeSuffix  ok (326 us)
  Test-FormatLiteral_HexDigitCaseUpperAndLower  ok (438 us)
  Test-FormatLiteral_HexPrefixCaseUpperAndLower  ok (369 us)
  Test-FormatLiteral_FloatExponentCaseUpperAndLower  ok (366 us)
  Test-FormatLiteral_NormalizeHexDigitSeparators  ok (196 us)
  Test-FormatLiteral_NormalizeBinaryDigitSeparators  ok (190 us)
  Test-FormatLiteral_NormalizeDecimalDigitSeparators  ok (213 us)
  Test-FormatLiteral_NormalizeFloatDigitSeparators  ok (356 us)
  Test-FormatLiteral_CombinedHexCaseAndNormalization  ok (199 us)
  Test-FormatOff_LineCommentDisablesNumberFormatting  ok (243 us)
  Test-FormatOff_NoOnComment_RestOfFileRaw  ok (256 us)
  Test-FormatOff_MultipleRegions  ok (253 us)
  Test-FormatOff_BlockComment  ok (212 us)
  Test-FormatOff_CustomMarkers  ok (258 us)
  Test-FormatOff_EolNotRewrittenInDisabledRegion  ok (228 us)
  Test-FormatSpacing_SpaceAfterComma  ok (381 us)
  Test-FormatSpacing_NormalizeHorizontalWhitespace  ok (325 us)
  Test-FormatSpacing_NamedArgumentColons  ok (317 us)
  Test-FormatSpacing_TrueOptionsKeepManualAlignment  ok (256 us)
  Test-FormatSpacing_NoSpaceAfterComma  ok (276 us)
  Test-FormatSpacing_SpaceAroundAssignment  ok (240 us)
  Test-FormatSpacing_NoSpaceAroundAssignment  ok (186 us)
  Test-FormatSpacing_SpaceAroundBinaryOperators  ok (238 us)
  Test-FormatSpacing_NoSpaceAroundBinaryOperators  ok (201 us)
  Test-FormatSpacing_SpaceAroundArrow  ok (554 us)
  Test-FormatSpacing_FatArrow  ok (1 ms)
  Test-FormatSpacing_ColonInDeclarations  ok (584 us)
  Test-FormatSpacing_ColonInBaseClause  ok (3 ms)
  Test-FormatSpacing_InsideParentheses  ok (1 ms)
  Test-FormatSpacing_InEmptyParentheses  ok (858 us)
  Test-FormatSpacing_InsideBrackets  ok (1 ms)
  Test-FormatSpacing_AfterCast  ok (1 ms)
  Test-FormatSpacing_AfterKeyword  ok (1 ms)
  Test-FormatSpacing_AfterUnaryOperator  ok (674 us)
  Test-FormatSpacing_PostfixDereference  ok (393 us)
  Test-FormatSpacing_BeforeParenthesesControl  ok (763 us)
  Test-FormatSpacing_InsideBracesOfLiterals  ok (326 us)
  Test-FormatSpacing_FailClosesAFunctionTypeNotAnOperand  ok (265 us)
  Test-FormatStyle_PreserveNormalizesNothing  ok (821 us)
  Test-FormatStyle_DefaultOptionsArePreserve  ok (1 ms)
  Test-FormatStyle_SwagIsTheCanonicalLayout  ok (498 us)
  Test-FormatStyle_SwagIntrinsicCallsStayStable  ok (1 ms)
  Test-FormatStyle_SwagKeepsAccessModifiersWithTheirDeclarations  ok (600 us)
  Test-FormatStyle_SwagKeepsStorageAndAccessModifierOrders  ok (24 ms)
  Test-FormatStyle_SwagSeparatesAccessBlocks  ok (745 us)
  Test-FormatStyle_SwagLeavesLineEndingsAndColumnsAlone  ok (316 us)
  Test-FormatStyle_DescribeRendersEveryOption  ok (428 us)
  Test-FormatUsing_SortAscending  ok (507 us)
  Test-FormatUsing_SortCaseInsensitive  ok (246 us)
  Test-FormatUsing_BlankLineSplitsRuns  ok (210 us)
  Test-FormatUsing_Merge      ok (372 us)
  Test-FormatUsing_SortAndMerge  ok (326 us)
  Test-FormatWrap_BreaksAfterComma  ok (415 us)
  Test-FormatWrap_ForceSingleLineLists  ok (411 us)
  Test-FormatWrap_FormatterSelectsListLineMode  ok (554 us)
  Test-FormatWrap_SourceSelectsSingleLineLists  ok (349 us)
  Test-FormatWrap_SourceSelectsNestedSingleLineLists  ok (401 us)
  Test-FormatWrap_HangingIndentLists  ok (315 us)
  Test-FormatWrap_HangingAlignLists  ok (353 us)
  Test-FormatWrap_VerticalLists  ok (326 us)
  Test-FormatWrap_BlockLists  ok (351 us)
  Test-FormatWrap_ForceSingleLineLogicalExpressions  ok (345 us)
  Test-FormatWrap_SourceSelectsSingleLineLogicalExpressions  ok (307 us)
  Test-FormatWrap_LogicalOperatorsAfter  ok (300 us)
  Test-FormatWrap_LogicalOperatorsBefore  ok (291 us)
  Test-FormatWrap_LogicalOperandsOnePerLine  ok (318 us)
  Test-FormatWrap_LogicalHangingIndent  ok (625 us)
  Test-FormatWrap_LogicalOperandsPack  ok (470 us)
  Test-FormatWrap_FormatterSelectsLogicalExpressionLineMode  ok (440 us)
  Test-FormatWrap_NestedLogicalExpressions  ok (473 us)
  Test-FormatWrap_NormalizesAdversarialLists  ok (771 us)
  Test-FormatWrap_NormalizesAdversarialLogicalExpression  ok (482 us)
  Test-FormatWrap_AlignsMultilineArgumentContents  ok (497 us)
  Test-FormatWrap_ClosureCapturesStayInsideArgument  ok (802 us)
  Test-FormatWrap_NoWrapWhenDisabled  ok (411 us)
  Test-FormatWrap_BreakBeforeBinaryOperators  ok (565 us)
  Test-FormatWrap_BinPackLists  ok (751 us)
  Test-FormatWrap_BinPackParametersOnePerLine  ok (451 us)
  Test-FormatWrap_BinPackArgumentsOnePerLine  ok (583 us)
  Test-FormatWrap_NoColumnLimitNeverMovesAStatementBreak  ok (820 us)
  Test-FormatWrap_ColumnLimitBreaksHighestInTheExpression  ok (918 us)
  Test-FormatWrap_ColumnLimitAlignsNewOperandLinesInOnePass  ok (844 us)
  Test-FormatWrap_ColumnLimitBreaksAtTheLoosestOperator  ok (944 us)
  Test-FormatWrap_ColumnLimitKeepsOneIndentPerStatement  ok (366 us)
  Test-FormatWrap_ContinuationOutsideBracketsTakesCanonicalIndent  ok (279 us)
  Test-FormatWrap_ContinuationInsideBracketsKeepsRelativeIndent  ok (289 us)
  Test-FormatWrap_WrappedCaseValuesAlignUnderTheFirstValue  ok (426 us)
  Test-FormatWrap_SourceSelectsLiteralLayout  ok (702 us)
  Test-FormatWrap_HugTrailingTableArgument  ok (467 us)
  Test-FormatWrap_HugTrailingClosureArgument  ok (1 ms)
  Test-FormatWrap_HugTrailingBlockLiteralItem  ok (914 us)
  Test-FormatWrap_HugSkipsEarlierMultilineArgument  ok (415 us)
  Test-JIT_Return42           ok (260 us)
  Test-JIT_RegAllocAvoidsFutureConcreteClobber  ok (285 us)
  Test-JIT_128BitStackCopy    ok (421 us)
  Test-JIT_PointerSpillRoundTrip  ok (282 us)
  Test-JIT_B32LoadAndZeroExtendKeepsUpperBitsClear  ok (213 us)
  Test-JIT_PackedIntegerOps   ok (169 us)
  Test-JIT_VecCodecOps        ok (800 us)
  Test-JIT_VecFloatOps        ok (172 us)
  Test-JIT_SlpVectorizedLanes  ok (3 ms)
  Test-JIT_ConstantDivisionBaseline  ok (8 ms)
  Test-JIT_ConstantDivisionStrengthReduced  ok (30 ms)
  Test-JIT_PersistentRegPreservedAcrossCall  ok (344 us)
  Test-BranchSimplify_ErasesJumpToImmediateLabel  ok (197 us)
  Test-BranchSimplify_ThreadsJumpThroughEmptyBlock  ok (235 us)
  Test-BranchSimplify_FoldsKnownTrueBranch  ok (167 us)
  Test-BranchSimplify_FoldsKnownFalseBranch  ok (180 us)
  Test-BranchSimplify_FoldsKnownSignedLessBranch  ok (230 us)
  Test-BranchSimplify_FoldsKnownUnsignedBelowBranch  ok (107 us)
  Test-BranchSimplify_ErasesDeadTailAfterRet  ok (99 us)
  Test-BranchSimplify_ConvertsMinPatternToCmov  ok (74 us)
  Test-BranchSimplify_ConvertsConditionalConstantToCmov  ok (66 us)
  Test-BranchSimplify_KeepsMultiInstructionBranchBody  ok (87 us)
  Test-BranchSimplify_ThreadsShortCircuitExit  ok (314 us)
  Test-BranchSimplify_KeepsReferencedLabel  ok (106 us)
  Test-BranchSimplify_KeepsByteSelectBranch  ok (68 us)
  Test-BranchSimplify_ConvertsDiamondSelectToCmov  ok (105 us)
  Test-BranchSimplify_ConvertsDiamondConstantsToCmov  ok (86 us)
  Test-BranchSimplify_SinksCompareBelowFlagWritingArm  ok (103 us)
  Test-BranchSimplify_KeepsDiamondWithGuardedLoad  ok (74 us)
  Test-BranchSimplify_KeepsDiamondWithSharedArmLabel  ok (88 us)
  Test-BranchSimplify_KeepsDiamondWhenArmReadsResultFirst  ok (75 us)
  Test-BranchSimplify_KeepsDiamondWhenArmClobbersCompareInput  ok (84 us)
  Test-BranchSimplify_KeepsByteDiamond  ok (71 us)
  Test-BranchSimplify_ConvertsEarlyReturnToCmov  ok (70 us)
  Test-BranchSimplify_ConvertsEarlyReturnChainToCmovs  ok (152 us)
  Test-BranchSimplify_KeepsEarlyReturnWithGuardedLoad  ok (56 us)
  Test-BranchSimplify_SinksCompareBelowFlagWritingEarlyReturn  ok (77 us)
  Test-BranchSimplify_InvertsJumpPairAfterImmediateJumpErasure  ok (86 us)
  Test-BranchSimplify_TriangleScratchPreservesAcceptedPlanOrder  ok (243 us)
  Test-ConstantFolding_FoldBinaryRegImm  ok (74 us)
  Test-ConstantFolding_FoldCopyFromKnown  ok (31 us)
  Test-ConstantFolding_ChainedFold  ok (38 us)
  Test-ConstantFolding_FoldFromClearReg  ok (29 us)
  Test-ConstantFolding_FoldAcrossJoinSameConstant  ok (52 us)
  Test-ConstantFolding_BinaryRequiresKnownInputsAndDeadFlags  ok (429 us)
  Test-CopyElim_SelfCopy_Erased  ok (35 us)
  Test-CopyElim_ChainedCopies_CanonicalizesSource  ok (46 us)
  Test-CopyElim_RewritesPureUseAcrossJoin  ok (83 us)
  Test-CopyElim_DoesNotPropagatePastSourceRedefinition  ok (37 us)
  Test-CopyElim_TransfersForbiddenPhysRegsToCanonicalSource  ok (38 us)
  Test-CopyElim_DoesNotRewriteUseDefOperand  ok (34 us)
  Test-DeadCodeElimination_RemovesEntireDeadChain  ok (672 us)
  Test-DeadCodeElimination_JoinTracksSurvivingConsumers  ok (104 us)
  Test-DeadCodeElimination_PhiCyclesNeedAnInstructionConsumer  ok (133 us)
  Test-DeadCodeElimination_DeadFlagConsumerExposesArithmetic  ok (107 us)
  Test-InstCombine_Identity_AddZero_Erased  ok (391 us)
  Test-InstCombine_ConstantAddressLoad_FoldsToRip  ok (130 us)
  Test-InstCombine_RelocatedLoad_UsesExactTargetAndLiveMemory  ok (2 ms)
  Test-InstCombine_Absorbing_AndZero_BecomesClear  ok (124 us)
  Test-InstCombine_Absorbing_OrAllOnes_BecomesLoadImm  ok (69 us)
  Test-InstCombine_Reassociate_AddAdd  ok (83 us)
  Test-InstCombine_Reassociate_AddSub_PicksAdd  ok (37 us)
  Test-InstCombine_Reassociate_ShiftLeftChain  ok (38 us)
  Test-InstCombine_Reassociate_ShiftOverflow_NotFolded  ok (34 us)
  Test-InstCombine_RegReg_XorSelf_BecomesClear  ok (85 us)
  Test-InstCombine_RegReg_SubSelf_BecomesClear  ok (39 us)
  Test-InstCombine_RegReg_AndSelf_DeadErased  ok (36 us)
  Test-InstCombine_Reassociate_MulMulSigned  ok (51 us)
  Test-InstCombine_Reassociate_OrOr  ok (38 us)
  Test-InstCombine_MemFold_Imm_Consecutive  ok (85 us)
  Test-InstCombine_MemFold_Reg_Consecutive  ok (52 us)
  Test-InstCombine_MemFold_NonConsecutive  ok (44 us)
  Test-InstCombine_MemFold_VtReadAfterStore_NotFolded  ok (46 us)
  Test-InstCombine_MaskBeforeLeftShift_DroppedDirect  ok (38 us)
  Test-InstCombine_MaskBeforeLeftShift_DroppedThroughCopies  ok (81 us)
  Test-InstCombine_MaskBeforeLeftShift_KeptWhenMaskTooNarrow  ok (35 us)
  Test-InstCombine_MaskBeforeRightShift_Kept  ok (32 us)
  Test-InstCombine_ZeroExtendOfDwordLoad_BecomesCopy  ok (87 us)
  Test-InstCombine_ZeroExtendOfQwordLoad_Kept  ok (36 us)
  Test-InstCombine_MaskedAddOfZeroExtendedWords_NarrowsToDword  ok (64 us)
  Test-InstCombine_MaskedAddWithQwordReader_Kept  ok (51 us)
  Test-InstCombine_MaskedShift_Kept  ok (42 us)
  Test-InstCombine_MemoryFoldTriple_InsideLoop  ok (87 us)
  Test-InstCombine_MemoryFoldTriple_LeavesLoopFrameSlot  ok (88 us)
  Test-InstCombine_ZeroExtendOfDwordPhi_BecomesCopy  ok (86 us)
  Test-InstCombine_MultiplyAdd_BecomesTwoAddresses  ok (3 ms)
  Test-InstCombine_MultiplyAdd_PreservesObservedValuesAndFlags  ok (335 us)
  Test-InstCombine_AddressCopy_DefinesAccumulatorDirectly  ok (78 us)
  Test-InstCombine_FloatResultCopy_DefinesAccumulatorDirectly  ok (355 us)
  Test-InstCombine_SqrtResultCopy_PreservesPackedDestination  ok (107 us)
  Test-InstCombine_SqrtResultCopy_KeepsOtherUses  ok (78 us)
  Test-InstCombine_SharedAndInputs_PreservesValuesAndFlags  ok (1 ms)
  Test-InstructionCombine_FoldsBooleanSelect  ok (171 us)
  Test-InstructionCombine_KeepsUnsafeBooleanSelect  ok (178 us)
  Test-InstCombine_RangeProvedCompare_ClampErased  ok (65 us)
  Test-InstCombine_RangeProvedCompare_WideMaskKept  ok (51 us)
  Test-InstCombine_RangeProvedCompare_NarrowWriteKept  ok (49 us)
  Test-InstCombine_VectorPlans_KeepFreshRegistersAcrossRollback  ok (240 us)
  Test-MicroDominators_MatchReachabilityWithANodeRemoved  ok (73 us)
  Test-LICM_HoistsInvariantLoad  ok (221 us)
  Test-LICM_HoistsSingleUseLaneBroadcast  ok (153 us)
  Test-LICM_KeepsVolatileLoadInLoop  ok (60 us)
  Test-LICM_HoistsFloatConversionAcrossCallWithLiveIntegerFlags  ok (273 us)
  Test-LICM_KeepsIntegerClearWhenFlagsAreLiveAtEitherSite  ok (141 us)
  Test-LICM_HoistsScalarLiteralLoadsButKeepsZeroLocal  ok (332 us)
  Test-MicroDomTree_MatchesPathsThroughDiamondAndLoop  ok (183 us)
  Test-NaturalLoop_CollectBody_CountsMembersOnceAcrossTailsAndRebuilds  ok (13 us)
  Test-LoopUnroll_MultipleLoops_RebuildsIncomingJumpRanges  ok (110 us)
  Test-LoopUnroll_MultipleIncomingJumps_PreservesLoop  ok (29 us)
  Test-LoopUnroll_ExternalJumpToBody_PreservesLoop  ok (57 us)
  Test-MemToReg_PlainSlot_Promotes  ok (44 us)
  Test-MemToReg_RedefinedAddressRegister_BailsFunction  ok (38 us)
  Test-MemToReg_UnwrittenWideAccess_BlocksOverlapButNotAdjacentSlot  ok (38 us)
  Test-MemToReg_WrappingWideAccess_KeepsNarrowOverlap  ok (29 us)
  Test-MicroPassManager_PostRa_RechecksSuffixAfterEachMutation  ok (19 us)
  Test-MicroPassManager_PostRa_RechecksSuffixWhenFirstSweepPolicyChanges  ok (18 us)
  Test-PostRADeadCodeElim_PreservesAbiLiveOut  ok (49 us)
  Test-PostRADeadCodeElim_UnusedReturnRegistersAreDead  ok (26 us)
  Test-PostRADeadCodeElim_LoopBackEdgeKeepsCarriedDefinition  ok (33 us)
  Test-PostRALoopHoist_InvariantReload_MovesToPreheader  ok (161 us)
  Test-PostRALoopHoist_SlotWrittenInBody_Blocks  ok (56 us)
  Test-PostRALoopHoist_OpaqueStoreInBody_Blocks  ok (54 us)
  Test-PostRALoopHoist_OpaqueStoreOverPrivateFrame_Hoists  ok (70 us)
  Test-PostRALoopHoist_SecondReload_BecomesCopy  ok (193 us)
  Test-PostRALoopHoist_DestinationLiveAtPreheader_Blocks  ok (53 us)
  Test-PostRALoopHoist_CarriedSlot_LeavesTheLoop  ok (88 us)
  Test-PostRALoopHoist_CarriedRegisterReusedElsewhere_Blocks  ok (55 us)
  Test-PostRALoopHoist_SecondDefinitionOfDestinationBlocks  ok (46 us)
  Test-PostRALoopRotate_IndependentHeadersRotate  ok (67 us)
  Test-PostRALoopRotate_SecondIncomingJumpBlocks  ok (27 us)
  Test-PostRALoopRotate_ConditionalBackEdgeBlocks  ok (25 us)
  Test-PostRAPeephole_Nop_Erased  ok (40 us)
  Test-PostRAPeephole_DoesNotForwardFromStoreClaimedByImmediateFold  ok (41 us)
  Test-PostRAPeephole_CopyForward_DoesNotCrossClaimedStoreReload  ok (29 us)
  Test-PostRAPeephole_ErasesStoreOverwrittenBeforeMemoryAccess  ok (32 us)
  Test-PostRAPeephole_DoesNotEraseOverwrittenNonFrameStore  ok (20 us)
  Test-PostRAPeephole_ErasesOwnStoreReloadOnConditionalFallthrough  ok (27 us)
  Test-PostRAPeephole_ForwardsStoredValueToReload  ok (24 us)
  Test-PostRAPeephole_CopyForward_StopsAtEncoderImplicitDef  ok (95 us)
  Test-Legalize_ScratchExcludesFirstReadsInAbiOrder  ok (59 us)
  Test-Legalize_ScratchExclusionsStopBeforeBarrierUses  ok (90 us)
  Test-Legalize_DoesNotPreserveDeadShiftRegisterAcrossJump  ok (38 us)
  Test-Legalize_RewritesB8SignedMultiplyRegMemToRax  ok (32 us)
  Test-Legalize_ClearsPositiveFloatZero  ok (78 us)
  Test-Legalize_KeepsNonzeroFloatBitsAndAddresses  ok (120 us)
  Test-Legalize_KeepsMemoryDestinationAdd  ok (19 us)
  Test-Legalize_KeepsMemoryExchange  ok (18 us)
  Test-PostRAPeephole_DoesNotForwardB8SignedMultiplyImmediate  ok (19 us)
  Test-PostRAPeephole_FoldsIntegerReloadIntoBinary  ok (27 us)
  Test-PostRAPeephole_KeepsIntegerReloadReadAfterConsumer  ok (23 us)
  Test-PostRAPeephole_FoldsIntegerReloadIntoCompare  ok (27 us)
  Test-PostRAPeephole_KeepsByteMultiplyReload  ok (40 us)
  Test-PostRAPeephole_SelfCopy_B64_Erased  ok (18 us)
  Test-PostRAPeephole_SelfCopy_IntB32_Preserved  ok (16 us)
  Test-PostRAPeephole_FallthroughJumpSkipsTrivialGap  ok (24 us)
  Test-PostRAPeephole_DeadCompareBeforeRet_Erased  ok (17 us)
  Test-PostRAPeephole_DeadCompareAfterRedundantJump_Erased  ok (22 us)
  Test-PostRAPeephole_LiveCompareForBranch_Preserved  ok (20 us)
  Test-PostRAPeephole_LoadCondRegRegKeepsCopyBecauseDestinationIsUseDef  ok (30 us)
  Test-PostRAPeephole_FlagReuse_SubThenCompareZero_CompareErased  ok (23 us)
  Test-PostRAPeephole_FlagReuse_UnsafeCondition_ComparePreserved  ok (21 us)
  Test-PostRAPeephole_FlagReuse_NonFlagProducer_ComparePreserved  ok (21 us)
  Test-PostRAPeephole_ZeroToClear_LiveFlagsDead_Converted  ok (21 us)
  Test-PostRAPeephole_ZeroToClear_DeadReg_NotConverted  ok (18 us)
  Test-PostRAPeephole_ZeroToClear_FlagsLive_NotConverted  ok (20 us)
  Test-PostRAPeephole_SelfOperand_FoldsWhenDestinationHoldsTheSlot  ok (20 us)
  Test-PostRAPeephole_SelfOperand_KeepsMemoryOperandWhenWindowExhausted  ok (34 us)
  Test-PreRAPeephole_FloatBinary_DefinesIndependentResult  ok (190 us)
  Test-PreRAPeephole_FloatBinary_PreservesCopiedSecondOperand  ok (44 us)
  Test-PreRAPeephole_ForwardsLoadImmIntoStore  ok (24 us)
  Test-PreRAPeephole_ForwardsLoadImmIntoCmpMem  ok (31 us)
  Test-PreRAPeephole_ForwardsLoadImmIntoMemBinary  ok (21 us)
  Test-PreRAPeephole_ForwardsCopyIntoNextUseOnlySlots  ok (23 us)
  Test-PreRAPeephole_TransfersForbiddenPhysRegsAcrossCopyForward  ok (24 us)
  Test-PreRAPeephole_DoesNotRewriteExchangeUseDefConsumer  ok (23 us)
  Test-PreRAPeephole_ForwardsLoadImmIntoAmcStore  ok (24 us)
  Test-PreRAPeephole_ForwardsClearRegIntoImmediateCompare  ok (21 us)
  Test-PreRAPeephole_FoldsExtendOfImmediate  ok (20 us)
  Test-PreRAPeephole_FoldsPointerImmediateIntoAddress  ok (19 us)
  Test-PreRAPeephole_CombinesAdjacentRegImmAdd  ok (26 us)
  Test-PreRAPeephole_KeepsAdjacentRegImmAddWhenFlagsAreLive  ok (83 us)
  Test-PreRAPeephole_FoldsCopyAddIntoLoadAddress  ok (113 us)
  Test-PreRAPeephole_FoldsCopyAddIntoLoadAddressDespiteMismatchedForbiddenRegs  ok (39 us)
  Test-PreRAPeephole_KeepsCopyAddWhenFlagsAreLive  ok (28 us)
  Test-PreRAPeephole_FoldsAmcIndexImmediateIntoSimpleLoad  ok (28 us)
  Test-PreRAPeephole_FoldsAddressBaseIntoAmcStore  ok (27 us)
  Test-PreRAPeephole_FoldsAmcAddressIntoStore  ok (27 us)
  Test-MicroPrologEpilogSanitize_MergesAdjacentStackAdjustments  ok (72 us)
  Test-MicroPrologEpilogSanitize_DoesNotMergeOutsideEntryExitRegions  ok (30 us)
  Test-MicroPrologEpilogSanitize_ExpandsLargeWindowsStackAdjustIntoPageProbes  ok (26 us)
  Test-MicroPrologEpilogSanitize_KeepsOnlyLastFramePointerSetupInEntryProlog  ok (28 us)
  Test-MicroPrologEpilogSanitize_ReinsertsForcedFramePointerSetupWhenMissing  ok (21 us)
  Test-MicroPrologEpilogSanitize_DoesNotTouchFramePointerSetupAfterBodyStarts  ok (23 us)
  Test-MicroReg_SameClassMatchesVirtualAndPhysicalRegisters  ok (11 us)
  Test-RegAlloc_UsesDedicatedLocalStackBaseRegister  ok (292 us)
  Test-RegAlloc_PersistentAcross  ok (725 us)
  Test-RegAlloc_NoCalls       ok (394 us)
  Test-RegAlloc_MixedIntFloat  ok (575 us)
  Test-RegAlloc_LotsOfVirtualRegs  ok (10 ms)
  Test-RegAlloc_PreservePersistentRegs_Enabled  ok (296 us)
  Test-RegAlloc_PreservePersistentRegs_Disabled  ok (186 us)
  Test-RegAlloc_PreservePersistentRegs_NoNeed  ok (143 us)
  Test-RegAlloc_Spill_IntPressureAcrossCall  ok (843 us)
  Test-RegAlloc_Spill_FloatAcrossCall_NoPersistent  ok (623 us)
  Test-RegAlloc_VirtualRegForbiddenPhysRegs  ok (268 us)
  Test-RegAlloc_Spill_BalancedControlFlow  ok (1 ms)
  Test-RegAlloc_KnownComputedJumpKeepsIntervalAllocation  ok (666 us)
  Test-RegAlloc_LoadBaseAddressAcrossCall  ok (359 us)
  Test-RegAlloc_ConcreteLoadDestAcrossCall  ok (284 us)
  Test-RegAlloc_VirtualDefAvoidsLiveConcreteReg  ok (223 us)
  Test-RegAlloc_UsesPersistentFallbackWhenTransientPoolExhausted  ok (176 us)
  Test-RegAlloc_CoalescesLinearVirtualCopies  ok (164 us)
  Test-RegAlloc_TransfersDeadCopySourcesAcrossBarriers  ok (236 us)
  Test-RegAlloc_RematerializesImmediateReloads  ok (187 us)
  Test-MicroInstr_FloatToIntReplacesItsDestination  ok (63 us)
  Test-MicroInstr_SqrtReplacesItsDestination  ok (21 us)
  Test-MicroInstr_SqrtDropsOnlyOverwrittenInitialization  ok (134 us)
  Test-MicroInstr_FloatToIntKeepsOnlyLiveFlagInitialization  ok (70 us)
  Test-RegAlloc_LiveIntervalAccessSearchBoundaries  ok (17 us)
  Test-RegAlloc_LiveIntervalEmptyAndSingleAccess  ok (1 us)
  Test-RegAlloc_LiveIntervalRangeStartSearchBoundaries  ok (1 us)
  Test-MicroSanity_RejectsStackAddressReturnedAsPointer  ok (103 us)
  Test-MicroSanity_AllowsKnownNonStackPointer  ok (45 us)
  Test-MicroSanity_IgnoresStackAddressReturnedAsInteger  ok (43 us)
  Test-SinkToUse_MovesDefinitionToItsConsumer  ok (49 us)
  Test-SinkToUse_LoadCannotCrossBaseRedefinition  ok (24 us)
  Test-SinkToUse_LoadCannotCrossMemoryWrite  ok (23 us)
  Test-SlpVectorize_UnpackableStores_DoesNotBuildSsa  ok (65 us)
  Test-SlpVectorize_MultipleBlocks_PreservesSnapshotAndFreshRegisters  ok (187 us)
  Test-MicroSsa_PhiAtJoin     ok (63 us)
  Test-MicroSsa_Dominators_HandleEntryAndDescendantJoin  ok (31 us)
  Test-MicroSsa_ReachingDef_BeforeWritesAndAtNonUses  ok (33 us)
  Test-MicroSsa_ReachingDef_DominatorSiblings  ok (37 us)
  Test-MicroSsa_ReachingDef_LoopAndUnreachableRoot  ok (33 us)
  Test-MicroSsa_PhiAtJoinWithSharedPredecessorDominator  ok (38 us)
  Test-MicroSsa_PhiInputsFollowManyPredecessors  ok (231 us)
  Test-MicroSsa_RebuildAddsFrontierAfterLinearBlocks  ok (65 us)
  Test-MicroStackAdjustNormalize_RemovesBodyAdjustsAndRebasesOffsets  ok (64 us)
  Test-MicroStackAdjustNormalize_HandlesBranchingDepths  ok (50 us)
  Test-MicroStorage_InsertedInstructionsUseExplicitDebugInsertionKinds  ok (2 us)
  Test-MicroStorage_InsertBeforePreservesExplicitNoStepWhenSourceIsInherited  ok (1 us)
  Test-MicroStackAdjustNormalize_SkipsCallsBelowMaxDepth  ok (34 us)
  Test-StrengthReduction_MultiplyPowerOfTwo  ok (39 us)
  Test-StrengthReduction_MultiplyPowerOfTwoKeepsLiveFlags  ok (54 us)
  Test-StrengthReduction_MultiplyByZero  ok (23 us)
  Test-StrengthReduction_MultiplyByOne  ok (19 us)
  Test-StrengthReduction_MultiplyNonPowerOfTwoUnchanged  ok (18 us)
  Test-StrengthReduction_UnsignedDivideMagicNoFixup  ok (30 us)
  Test-StrengthReduction_UnsignedDivideMagicFixup  ok (33 us)
  Test-StrengthReduction_SignedDividePow2  ok (28 us)
  Test-StrengthReduction_SignedDivideMagic  ok (26 us)
  Test-StrengthReduction_UnsignedModuloMagic  ok (28 us)
  Test-StrengthReduction_SignedDivideNegativeConstantUnchanged  ok (17 us)
  Test-StrengthReduction_DivideByZeroUnchanged  ok (17 us)
  Test-StrengthReduction_NarrowDivideUnchanged  ok (16 us)
  Test-StrengthReduction_RemoveAddZeroDeadAcrossJoin  ok (76 us)
  Test-StrengthReduction_UnsignedMultiplyRequiresLocalFlagRedefinition  ok (142 us)
  Test-StrengthReduction_AddSubZeroPreservesLiveResultsAndFlags  ok (189 us)
  Test-ValueNumbering_DedupIdenticalCompute  ok (120 us)
  Test-ValueNumbering_KeepsDifferentInputs  ok (59 us)
  Test-ValueNumbering_KeepsComputeWithLiveFlags  ok (56 us)
  Test-ValueNumbering_DedupLoadAddress  ok (43 us)
  Test-ValueNumbering_KeepsComputeWhenSourceClobbered  ok (44 us)
  Test-ValueNumbering_DedupRepeatedLoad  ok (52 us)
  Test-ValueNumbering_DedupRepeatedFieldLoad  ok (44 us)
  Test-ValueNumbering_KeepsLoadAcrossStore  ok (45 us)
  Test-ValueNumbering_KeepsLoadAcrossLabel  ok (68 us)
  Test-ValueNumbering_DedupLoadAcrossFallthroughBranch  ok (100 us)
  Test-ValueNumbering_DedupPlainLoadAfterExtendingLoad  ok (53 us)
  Test-ValueNumbering_ExtendsEarlierPlainLoad  ok (44 us)
  Test-ValueNumbering_KeepsFrameLoadsForMemToReg  ok (37 us)
  Test-ValueNumbering_SharesScalarFloatLiteralBits  ok (254 us)
  Test-ValueNumbering_KeepsCheapOrDistinctLiterals  ok (152 us)
  Test-ValueNumbering_KeepsSiblingComputesAndReusesJoinDefinition  ok (82 us)
  Test-VecLoopPromote_LoadStorePair_HoistsAndSinks  ok (62 us)
  Test-VecLoopPromote_OverlappingScalarStore_Blocks  ok (43 us)
  Test-VecLoopPromote_LoadOnlyChunk_HoistsWithoutStore  ok (43 us)
  Test-VecLoopPromote_StackPointerDefinitionInBody_Blocks  ok (35 us)
  Test-NativeArtifact_DefaultsToLocalOutputTree  ok (329 us)
  Test-NativeArtifact_ImportedApiKeepsLocalOutputTree  ok (160 us)
  Test-NativeArtifact_ModuleNamespaceDefaultsFromModulePath  ok (80 us)
  Test-NativeArtifact_ModuleNamespaceOverrideWins  ok (5 us)
  Test-NativeArtifact_ExplicitArtifactKindOverridesBuildCfgMutation  ok (3 us)
  Test-NativeArtifact_RDataKeepsGrowingCyclicDependencies  ok (2 ms)
  Test-NativeArtifact_CompilerRunExprInsideTestKeepsJitRunnable  ok (808 ms)
  Test-NativeArtifact_CompilerInstanceNativeRegistrationKeepsBucketsConsistent  ok (595 ms)
  Test-NativeArtifact_ExecutablePrunesUnreachableGeneratedFunctions  ok (986 ms)
  Test-NativeArtifact_ExecutableClosesAlternatingDependencies  ok (1 s 556 ms)
  Test-NativeArtifact_SilentSpecOpProbeDoesNotDropStructCopyTests  ok (1 s 72 ms)
  Test-NativeArtifact_TestFileFilterKeepsReusableArtifactAndSelectsAtRunTime  ok (697 ms)
  Test-NativeArtifact_TestTagFilterKeepsReusableArtifactAndSelectsAtRunTime  ok (656 ms)
  Test-NativeArtifact_TestProgressProtocolIsStrict  ok (70 us)
  Test-NativeArtifact_ConcurrentCompilerInputsKeepEveryDependency  ok (16 s 731 ms)
  Test-PeWriter_CompressesEmbeddedDebugTable  ok (9 ms)
  Test-PeWriter_FoldsIdenticalUnwindInfo  ok (125 us)
  Test-PeWriter_Win32ApplicationResourcesUseConfig  ok (120 us)
  Test-Sema_OverloadRankingUsesOrderedConversionCriteria  ok (10 us)
  Test-Sema_MatchCandidateCollectionPreservesUniqueDiscoveryOrder  ok (262 us)
  Test-Sema_GenericInstanceStoragePreservesIdentityAcrossGrowth  ok (2 ms)
  Test-Sema_AggregateTypeInterningUsesOrderedContents  ok (5 ms)
  Test-Sema_CastLegalityCoversScalarConversionKinds  ok (358 us)
  Test-Sema_GenericDeductionBindingHandlesConflictsAndDefaults  ok (129 us)
  Test-Sema_CompletedFreesSummariesKeepDirectForwardingTransitive  ok (40 us)
  Test-Sema_CompletedFreesSummariesResolveGuardedAliasRoutes  ok (448 us)
  Test-SemaPurity_GlobalVariableReadIsNotConstFolded  ok (316 ms)
  Test-SemaPurity_NamespaceQualifiedGlobalFieldReadIsNotConstFolded  ok (363 ms)
  Test-JobManager_DebugStateReportsSleepingJobs  ok (31 us)
  Test-JobManager_ProgressiveWorkersDrainQueuedJobs  ok (2 ms)
  Test-JobManager_TargetedWakeBySymbol  ok (32 us)
  Test-AppendOnlyLookupTable_GrowsAcrossChunks  ok (78 us)
  Test-AppendOnlyLookupTable_ConcurrentReaderSeesPublishedEntries  ok (990 us)
  Test-PagedStore_CopyToPreserveOffsetsKeepsSparseLayout  ok (40 us)
  Test-DataSegment_RelocationIndexHandlesInterleavedMonotonicAdds  ok (25 us)
  Test-DataSegment_RelocationIndexRebuildsAfterOutOfOrderAdd  ok (11 us)
  Test-DataSegment_RelocationRangesPreserveIndexedAndTailEntries  ok (87 us)
  Test-DataSegment_FindAllocationUsesPublishedAllocations  ok (9 us)
  Test-DataSegment_LargeBlockPointersPreservePagedPrefixAndAlignedAllocations  ok (184 us)
  Test-PagedStore_ReserveSpanReturnsWritableContiguousStorage  ok (6 us)
  Test-PagedStore_EmptyCopySpanDoesNotAllocateStorage  ok (3 us)
  Test-PagedStore_ReserveRangeSupportsOversizedZeroedBlocks  ok (8 us)
  Test-Logger_TestTalliesNameSuccessfulWork  ok (24 us)
  Test-Logger_NestedStagesDetailedChoiceDoesNotLeak  ok (0 us)
  Test-Logger_ProgressCanBeDisabledFromCommandLine  ok (138 us)
  Test-Os_FatalHostExceptionClassificationExcludesCppExceptions  ok (9 us)
  Test-Os_FileLockOwnersNameTheProcessMappingAnImage  ok (257 ms)
  Test-FileSystem_AppendFileUsersNamesThisCompilerProcess  ok (234 ms)
  Test-FileSystem_AppendFileUsersLeavesAnUnheldFileAlone  ok (27 ms)
  Test-Utf8_MoveOperationsTransferStorage  ok (3 us)
  Test-Utf8_FixedDecimalFormatting  ok (4 us)
  Test-WarningPolicy_ReadsWarningIdentifiers  ok (42 us)
  Test-WarningPolicy_ParsesLists  ok (13 us)
  Test-WarningPolicy_ResolvesLayerPrecedence  ok (1 us)
  Tests                       684 tests (34 s 285 ms)
  Skipped                     28 filesystem tests (run with --dev-full)
  Slow-01                     NativeArtifact_ConcurrentCompilerInputsKeepEveryDependency (16 s 731 ms)
  Slow-02                     NativeArtifact_ExecutableClosesAlternatingDependencies (1 s 556 ms)
  Slow-03                     FFI_CallSwagStructByValueInteropDevMode (1 s 230 ms)
  Slow-04                     DebugInfo_CompilerTestFunctionsPreserveStackDebugMetadata (1 s 127 ms)
  Slow-05                     NativeArtifact_SilentSpecOpProbeDoesNotDropStructCopyTests (1 s 72 ms)
  Slow-06                     NativeArtifact_ExecutablePrunesUnreachableGeneratedFunctions (986 ms)
  Slow-07                     DebugInfo_RuntimeStorageLocalsStayOutOfCodeView (935 ms)
  Slow-08                     FFI_CallSwagStructByValueInteropRelease (923 ms)
  Slow-09                     DebugInfo_CompilerPrivateGlobalsReachCodeViewDataSymbols (843 ms)
  Slow-10                     NativeArtifact_CompilerRunExprInsideTestKeepsJitRunnable (808 ms)
  ✓  tested      684 passed • 34 s 322 ms
  ✓  clean       34 s 344 ms
