  ◆  swag        unittest • sources
  Test-ABI_AddressedNarrowIntegerHomeUsesNarrowLoad  ok (220 us)
  Test-ABI_SwagSimdArgsUseExtendedRegistersThenWideStackSlots  ok (2 us)
  Test-FFI_CallNativeNoArgBool  ok (338 us)
  Test-FFI_CallNativeU8       ok (99 us)
  Test-FFI_CallNativeI32      ok (39 us)
  Test-FFI_CallNativeF32      ok (27 us)
  Test-FFI_CallNativeF64      ok (30 us)
  Test-FFI_CallNativeF64StackArg  ok (92 us)
  Test-FFI_CallNativeMixedArgs  ok (30 us)
  Test-FFI_CallNativeStackArgs  ok (84 us)
  Test-FFI_CallNativePointerArg  ok (19 us)
  Test-ABI_SwagStructArgPassingMatchesNative  ok (0 us)
  Test-FFI_CallSwagStructByValueInteropDevMode  ok (231 ms)
  Test-FFI_CallSwagStructByValueInteropRelease  ok (178 ms)
  Test-FFI_CallNativeStructByValueRegister  ok (128 us)
  Test-FFI_CallNativeStructByValueStack  ok (81 us)
  Test-FFI_CallNativeStructByReferenceCopy  ok (55 us)
  Test-FFI_CallNativeStructReturnByValueRegister  ok (53 us)
  Test-FFI_CallNativeStructReturnByReference  ok (51 us)
  Test-ConstantManager_CopiesBorrowedStructPayloadOutsideDataSegment  ok (49 us)
  Test-ConstantManager_StoresNullableCStringFromBlockPointer  ok (8 us)
  Test-ConstantValue_MakesNullableCStringFromRuntimePointer  ok (1 us)
  Test-ConstantManager_CopiesBorrowedArrayPayloadOutsideDataSegment  ok (12 us)
  Test-ConstantManager_DeduplicatesBorrowedArrayPayloadsByValue  ok (2 us)
  Test-ConstantManager_CachesZeroPayloadConstantsByType  ok (21 us)
  Test-ConstantManager_CopiesBorrowedSlicePayloadOutsideDataSegment  ok (4 us)
  Test-ConstantManager_AcceptsEmptyBorrowedSlicePayloads  ok (8 us)
  Test-ConstantManager_DistinguishesPresentEmptySlicePayloads  ok (9 us)
  Test-ConstantManager_DeduplicatesMaterializedArrayPayloadConstants  ok (9 us)
  Test-ConstantManager_DoesNotDeduplicateMaterializedArrayPayloadsWithDifferentRelocations  ok (4 us)
  Test-ConstantManager_OwnsAggregateElementsAfterInputsAreDestroyed  ok (271 us)
  Test-ConstantManager_ReleasesOwnedAggregatePayloads  ok (8 ms)
  Test-ConstantManager_PreservesStringNormalizationOnRepeatedInputs  ok (114 us)
  Test-ConstantManager_PublishesCanonicalReferencesAcrossGrowth  ok (5 ms)
  Test-ConstantManager_EnrichesStorageReferencesWithoutMutatingInputs  ok (115 us)
  Test-ConstantManager_ConcurrentInterningKeepsCanonicalStorage  ok (3 ms)
  Test-Compiler_NewScriptCommandParsesDefaultPath  ok (61 us)
  Test-Compiler_CommandLineHelpStopsBeforeCompilation  ok (116 us)
  Test-Compiler_NewModuleCommandParsesWorkspace  ok (39 us)
  Test-Compiler_DocSearchPreservesLiteralCode  ok (16 us)
  Test-Compiler_DocCommandParsesOptions  ok (404 us)
  Test-Compiler_DocMarkdownRendersSupportedBlocks  ok (106 us)
  Test-Compiler_DocBlockCommentsPreserveCodeIndentation  ok (11 us)
  Test-Compiler_DocMarkdownRendersCompleteLists  ok (61 us)
  Test-Compiler_DocMarkdownRendersHeaderlessTableAndNestedInline  ok (17 us)
  Test-Compiler_LegacyStaticControlDirectivesAreNotKeywords  ok (3 us)
  Test-Compiler_AutoInlineCostPricesCallsAndRewardsOneModuleCallSite  ok (452 us)
  Test-Compiler_ExplicitInlineExpandsCrossFileBody  ok (121 ms)
  Test-Compiler_InMemorySourceRunsSemaWithoutDiskIO  ok (124 us)
  Test-Compiler_InMemorySourceKeepsFormatCommandGlobalIfDuringFormat  ok (54 us)
  Test-Compiler_InMemorySourceSkipsFalseGlobalIf  ok (32 us)
  Test-Compiler_InMemorySourceSkipsTestCommandGlobalIfOutsideTests  ok (33 us)
  Test-Compiler_InMemorySourceKeepsTestCommandGlobalIfDuringTests  ok (43 us)
  Test-Compiler_GenericUnionDeductionRemainsStableForHistoricalRandomSeed1002  ok (142 ms)
  Test-Compiler_GenericUnionDeductionRemainsStableForHistoricalRandomSeed1009  ok (146 ms)
  Test-Compiler_GenericUnionDeductionRemainsStableForHistoricalRandomSeed1032  ok (146 ms)
  Test-Compiler_GenericUnionDeductionRemainsStableForHistoricalRandomSeed1143  ok (128 ms)
  Test-Compiler_AstVisitPreservesSiblingsAcrossPauseSkipAndRestart  ok (149 us)
  Test-Compiler_AstVisitResolvesChildrenWithoutFollowingActiveAncestors  ok (41 us)
  Test-Compiler_SymbolLocationSortKeepsStableTokenOrderWithinOneFile  ok (59 us)
  Test-Compiler_SymbolLocationSortKeepsCompositeKeysAcrossFiles  ok (64 us)
  Test-Compiler_MessagePassSkipsWithoutListeners  ok (483 us)
  Test-Compiler_MessagePassQueuesOnlyOncePerListener  ok (341 us)
  Test-Compiler_MessageAliasPayloadUsesUnderlyingType  ok (2 us)
  Test-Compiler_DiagnosticWarningSeverityColorIsMagenta  ok (0 us)
  Test-Compiler_DiagnosticCatalogFollowsSwagMessageStyle  ok (361 us)
  Test-Compiler_AssertDiagnosticPreservesLiteralSuffixQuotes  ok (54 us)
  Test-Compiler_DiagnosticEscapesQuotedArgumentTicks  ok (12 us)
  Test-Compiler_DiagnosticArgumentCountDoesNotRepeatUnit  ok (70 us)
  Test-Compiler_DiagnosticRemovesUnexpandedWordPlaceholders  ok (11 us)
  Test-Compiler_NativeExitCodeDiagnosticShowsDecimalAndHex  ok (9 us)
  Test-Compiler_DiagnosticEscapesQuotedArgumentWithoutBreakingHelpSplit  ok (10 us)
  Test-NodePayload_ConcurrentUpdatesPreserveDisjointState  ok (6 ms)
  Test-NodePayload_MutableAndConstSymbolListsPreserveFlagsAndOrder  ok (31 us)
  Test-Compiler_CommandLineTagsReachSema  ok (141 ms)
  Test-Compiler_InternalTagPrecedesUserOverride  ok (146 ms)
  Test-Compiler_TestCommandEnablesSourceDrivenModeWhenParsed  ok (86 us)
  Test-Compiler_DebugOptionEnablesDebugInformation  ok (43 us)
  Test-Compiler_ReleaseBuildDoesNotEnableDebugInformation  ok (35 us)
  Test-Compiler_TestCommandRegistersSwagTestCompilerTag  ok (154 ms)
  Test-Compiler_UnittestCommandKeepsSourceDrivenModeDisabledWhenParsed  ok (63 us)
  Test-Compiler_RunCommandParsesRunArgs  ok (49 us)
  Test-Compiler_TestCommandForcesSwagTestRunArg  ok (36 us)
  Test-Compiler_TestCommandDoesNotDuplicateSwagTestRunArg  ok (1 us)
  Test-Compiler_TestCommandKeepsExplicitSandboxRoot  ok (17 us)
  Test-Compiler_TestCommandGrantsTheModuleAsCorpus  ok (8 us)
  Test-Compiler_TestCommandGrantsTheWorkspaceWithoutAModule  ok (3 us)
  Test-Compiler_SmokeCommandGrantsNoCorpus  ok (2 us)
  Test-DebugInfo_EmitsWindowsSymbolAndTypeRecords  ok (94 us)
  Test-DebugInfo_PdbInfoEmitsWindowsBuildInfo  ok (28 us)
  Test-DebugInfo_EmitsWindowsVariableAndConstantRecords  ok (49 us)
  Test-DebugInfo_UsesPerVariableBaseRegistersForRegRelativeSymbols  ok (28 us)
  Test-DebugInfo_CollapsesConsecutiveSameLineEntries  ok (67 us)
  Test-DebugInfo_SkipsNoStepLineEntries  ok (53 us)
  Test-DebugInfo_FirstLineCoversEntry  ok (38 us)
  Test-DebugInfo_ResolvesNoStepBackendSourceInfo  ok (10 us)
  Test-DebugInfo_UsesOwnerSourceFileForGeneratedViews  ok (52 us)
  Test-DebugInfo_UsesDebugSourceCodeRefForGeneratedViewLines  ok (193 us)
  Test-DebugInfo_CompilerTestFunctionsPreserveStackDebugMetadata  ok (223 ms)
  Test-DebugInfo_RuntimeStorageLocalsStayOutOfCodeView  ok (217 ms)
  Test-DebugInfo_CompilerPrivateGlobalsReachCodeViewDataSymbols  ok (179 ms)
  Test-DebugInfo_EmitsWindowsSourceChecksums  ok (98 us)
  Test-EncodeX64_Flow         ok (489 us)
  Test-EncodeX64_Load         ok (1 ms)
  Test-EncodeX64_CmpAndCond   ok (223 us)
  Test-EncodeX64_VecPackedOps  ok (1 ms)
  Test-EncodeX64_LegalizeLargeCmpRegImmPreservesLhs  ok (49 us)
  Test-EncodeX64_UnaryOps     ok (71 us)
  Test-EncodeX64_BinaryRegRegOps  ok (689 us)
  Test-EncodeX64_BinaryRegMemOps  ok (55 us)
  Test-EncodeX64_BinaryMemRegOps  ok (120 us)
  Test-EncodeX64_BinaryImmOps  ok (466 us)
  Test-EncodeX64_TernaryAndConvert  ok (114 us)
  Test-EncodeX64_UnwindFromMicro  ok (80 us)
  Test-EncodeX64_UnwindFramePointerSetupAfterStackShape  ok (16 us)
  Test-EncodeX64_UnwindStopsBeforeStackStoreBody  ok (16 us)
  Test-EncodeX64_UnwindUpdatesFramePointerWhenAssignedTwice  ok (15 us)
  Test-EncodeX64_UnwindLocalStackBaseIsNotAFrameRegister  ok (15 us)
  Test-EncodeX64_UnwindStopsAfterBodyStart  ok (12 us)
  Test-FormatAlign_ConsecutiveAssignments  ok (234 us)
  Test-FormatAlign_ConsecutiveAliases  ok (97 us)
  Test-FormatAlign_AliasesAcrossAttributesAndBlankLines  ok (92 us)
  Test-FormatAlign_AssignmentsBreakOnIndentation  ok (128 us)
  Test-FormatAlign_AssignmentsBreakOnBlankLine  ok (87 us)
  Test-FormatAlign_AssignmentsAcrossBlanks  ok (82 us)
  Test-FormatAlign_ConsecutiveDeclarations  ok (81 us)
  Test-FormatAlign_ControlDeclarationsBreakDeclarationGroups  ok (104 us)
  Test-FormatAlign_ConsecutiveConstants  ok (145 us)
  Test-FormatAlign_StructFields  ok (104 us)
  Test-FormatAlign_EnumValues  ok (103 us)
  Test-FormatAlign_NoneRemovesAlignment  ok (113 us)
  Test-FormatAlign_TrailingComments  ok (252 us)
  Test-FormatAlign_TrailingCommentsBreakOnIndentation  ok (205 us)
  Test-FormatAlign_TrailingCommentsNormalized  ok (155 us)
  Test-FormatAlign_FatArrowsConsecutive  ok (177 us)
  Test-FormatAlign_FatArrowsBreakOnPlainFunction  ok (226 us)
  Test-FormatAlign_SingletonTightensStalePadding  ok (206 us)
  Test-FormatAlign_StructFieldsWithTypeQualifiers  ok (190 us)
  Test-FormatAlign_StructFieldGridMixed  ok (224 us)
  Test-FormatAlign_StructFieldGridOffKeepsSingleColumn  ok (114 us)
  Test-FormatAlign_DeclarationGridInitializers  ok (295 us)
  Test-FormatAlign_ConstantGridTypes  ok (363 us)
  Test-FormatAlign_QualifiedConstantGridTypes  ok (193 us)
  Test-FormatAlign_QualifiedDeclarationPrefixes  ok (272 us)
  Test-FormatAlign_CaseBodiesConsecutive  ok (170 us)
  Test-FormatAlign_ArrayColumns  ok (193 us)
  Test-FormatAlign_ArrayColumnsSkipsRaggedRows  ok (245 us)
  Test-FormatAlign_HangingLineFollowsAlignedAnchor  ok (190 us)
  Test-FormatAlign_AfterOpenBracketUsesLiteralBrace  ok (141 us)
  Test-FormatAlign_AfterOpenBracketKeepsDataTableRows  ok (87 us)
  Test-FormatAlign_OperandsInsideBracketAnchorOnBracket  ok (99 us)
  Test-FormatAlign_OperandsOutsideBracketAnchorOnStatement  ok (111 us)
  Test-FormatAlign_OutlierGapLeavesLongLineAlone  ok (112 us)
  Test-FormatAlign_OutlierGapKeepsGradedTable  ok (138 us)
  Test-FormatAlign_OutlierGapDropsBothEnds  ok (166 us)
  Test-FormatAlign_AcrossBlanksReadsTheCappedBlankCount  ok (91 us)
  Test-FormatAlign_AccessModifierLineDoesNotBreakTheGroup  ok (122 us)
  Test-FormatAlign_WrappedArgumentsFollowTheAlignedHead  ok (195 us)
  Test-FormatAttributes_OwnLine  ok (88 us)
  Test-FormatAttributes_Inline  ok (75 us)
  Test-FormatAttributes_BreakAfterAttribute  ok (72 us)
  Test-FormatAttributes_Grouped  ok (85 us)
  Test-FormatAttributes_SortArguments  ok (114 us)
  Test-FormatAttributes_SortArgumentsWithDifferentPieceCounts  ok (89 us)
  Test-FormatAttributes_SpaceAfterAttributeComma  ok (162 us)
  Test-FormatBlanks_MaxConsecutiveEmptyLinesUnlimited  ok (112 us)
  Test-FormatBlanks_MaxConsecutiveEmptyLinesCollapses  ok (81 us)
  Test-FormatBlanks_MaxConsecutiveEmptyLinesOne  ok (82 us)
  Test-FormatBlanks_AfterOpeningBraceNever  ok (81 us)
  Test-FormatBlanks_AfterOpeningBracePreserve  ok (75 us)
  Test-FormatBlanks_AfterOpeningBraceAlways  ok (73 us)
  Test-FormatBlanks_BeforeClosingBraceNever  ok (75 us)
  Test-FormatBlanks_BeforeClosingBracePreserve  ok (70 us)
  Test-FormatBlanks_BeforeClosingBraceAlways  ok (70 us)
  Test-FormatBlanks_AroundAccessBlocksAlways  ok (114 us)
  Test-FormatBlanks_AroundAccessBlocksNever  ok (90 us)
  Test-FormatBlanks_AroundAccessBlocksPreserve  ok (82 us)
  Test-FormatBlanks_TrimTrailingNewlinesCollapsesToOne  ok (76 us)
  Test-FormatBlanks_TrimTrailingNewlinesDisabled  ok (80 us)
  Test-FormatBlanks_CombinedBlockEdges  ok (84 us)
  Test-FormatBlanks_BeforeFunctionAlways  ok (103 us)
  Test-FormatBlanks_BeforeFunctionKeepsDocCommentAttached  ok (104 us)
  Test-FormatBlanks_BeforeFunctionKeepsShortFormsStacked  ok (133 us)
  Test-FormatBlanks_BeforeTypeAlways  ok (89 us)
  Test-FormatBlanks_BeforeCommentBlockAlways  ok (84 us)
  Test-FormatBlanks_BeforeCommentBlockKeepsBlockStartAndRuns  ok (203 us)
  Test-FormatBlanks_BeforeCommentBlockKeepsInlineBodyStart  ok (130 us)
  Test-FormatBlanks_AfterGlobalBlockInsertsBlank  ok (93 us)
  Test-FormatBlanks_AfterGlobalThenUsingBlocks  ok (201 us)
  Test-FormatBlanks_BetweenCasesMultiLine  ok (188 us)
  Test-FormatBlanks_BetweenCasesNeverRemovesBlanks  ok (140 us)
  Test-FormatBlanks_AfterStandaloneClosingBraceAlways  ok (125 us)
  Test-FormatBlanks_AfterStandaloneClosingBraceNever  ok (112 us)
  Test-FormatBlanks_AfterStandaloneClosingBracePreserve  ok (110 us)
  Test-FormatBlanks_AfterStandaloneClosingBraceKeepsElseAttached  ok (156 us)
  Test-FormatBraces_AllmanMovesBraceToOwnLine  ok (123 us)
  Test-FormatStatements_OneStatementPerLine  ok (283 us)
  Test-FormatStatements_UsingFieldPrefixStaysTogether  ok (178 us)
  Test-FormatStatements_OneEnumValuePerLine  ok (154 us)
  Test-FormatBraces_ShortInlineDoBodiesSplit  ok (165 us)
  Test-FormatBraces_DestructuringPatternsStayInlineAndIndentAsStatements  ok (293 us)
  Test-FormatBraces_AttachJoinsBrace  ok (126 us)
  Test-FormatBraces_AllmanOnControlBlocks  ok (141 us)
  Test-FormatBraces_BreakBeforeElse  ok (146 us)
  Test-FormatBraces_JoinElseToBrace  ok (167 us)
  Test-FormatBraces_CompactEmptyBraces  ok (160 us)
  Test-FormatBraces_ShortFunctionsNeverSplits  ok (140 us)
  Test-FormatBraces_ShortFunctionsNeverKeepsEmpty  ok (109 us)
  Test-FormatBraces_SourceSelectsDefinitionLayout  ok (356 us)
  Test-FormatBraces_ShortBlocksInlineJoins  ok (173 us)
  Test-FormatBraces_ShortIfNeverSplits  ok (161 us)
  Test-FormatBraces_ShortLoopsJoin  ok (162 us)
  Test-FormatBraces_ShortEnumsSplit  ok (126 us)
  Test-FormatBraces_ShortCaseSplits  ok (196 us)
  Test-FormatBraces_ShortCaseJoins  ok (177 us)
  Test-FormatBraces_CaseUniformJoinsJumpTable  ok (222 us)
  Test-FormatBraces_CaseUniformExpandsMixedSwitch  ok (217 us)
  Test-FormatBraces_StaticIfChainAlignsAndBreaks  ok (216 us)
  Test-FormatBraces_StaticControl  ok (273 us)
  Test-FormatBraces_StaticIfSingleLineChainStaysInline  ok (193 us)
  Test-FormatBraces_MultiLineBlockContentLeavesBraceLines  ok (227 us)
  Test-FormatBraces_AllmanOnStaticIfBlocks  ok (154 us)
  Test-FormatBraces_ShortStructsKeepTupleTypes  ok (201 us)
  Test-FormatBraces_ShortStructsStillSplitDeclarations  ok (151 us)
  Test-FormatBraces_ShortFunctionsKeepClosureArguments  ok (451 us)
  Test-FormatBraces_ShortBlocksKeepInitializerLiterals  ok (241 us)
  Test-FormatBraces_ShortFunctionsInlineKeepsClosureBodies  ok (193 us)
  Test-FormatStatements_RemoveRedundantSemicolons  ok (169 us)
  Test-FormatStatements_RemoveConditionParentheses  ok (130 us)
  Test-FormatBraces_BreakBeforeWhere  ok (115 us)
  Test-FormatBraces_ShortClosuresNeverSplits  ok (137 us)
  Test-FormatBraces_UniformKeepsArmsWhoseCallIsWrapped  ok (197 us)
  Test-FormatBraces_UniformExpandsWhenAnArmCarriesABlock  ok (206 us)
  Test-FormatBraces_SemicolonPushedToEndOfLineByWrappingIsRemoved  ok (130 us)
  Test-FormatBraces_AnonymousStructTypeKeepsItsShape  ok (143 us)
  Test-FormatComments_SpaceAfterLineCommentPrefix  ok (91 us)
  Test-FormatComments_NormalizeSectionSeparators  ok (86 us)
  Test-FormatComments_ReflowParagraph  ok (93 us)
  Test-FormatComments_ReflowJoinsShortLines  ok (86 us)
  Test-FormatComments_NormalizeMode  ok (97 us)
  Test-FormatComments_LastInBlockKeepsBlockIndent  ok (114 us)
  Test-FormatComments_LastInNestedBlockKeepsBlockIndent  ok (134 us)
  Test-FormatComments_LastInSwitchKeepsArmIndent  ok (822 us)
  Test-FormatComments_BeforeCaseLabelKeepsLabelIndent  ok (155 us)
  Test-FormatComments_InsideABracketSettleInOnePass  ok (198 us)
  Test-FormatFile_InlineBodyOwnsNestedBraceIndent  ok (176 us)
  Test-FormatFile_InlineIfBranchStopsBeforeElse  ok (217 us)
  Test-FormatFile_CatchHandlerAlignsAndIndents  ok (175 us)
  Test-FormatFile_InlineDestructuringIsNotABlock  ok (219 us)
  Test-FormatFile_InsertFinalNewline  ok (81 us)
  Test-FormatFile_TrimLeadingBlankLines  ok (72 us)
  Test-FormatFile_TrimLeadingBlankLinesDisabled  ok (87 us)
  Test-FormatFile_ReservedIdentifiersAreFormattable  ok (89 us)
  Test-FormatFile_IndentInsideParensEnforcesContinuation  ok (131 us)
  Test-FormatFile_AlignOperandsOnWrappedCondition  ok (122 us)
  Test-FormatFile_WhereClauseIndent  ok (131 us)
  Test-FormatFile_WhereBlockIndent  ok (123 us)
  Test-FormatFile_EndOfLineStyleLf  ok (97 us)
  Test-FormatFile_EndOfLineStyleCrLf  ok (75 us)
  Test-FormatFile_TrimTrailingWhitespace  ok (75 us)
  Test-FormatFile_BlankLineAfterUsingBlock  ok (81 us)
  Test-FormatFile_BlankLineBeforeFunctionDefinition  ok (221 us)
  Test-FormatFile_IndentStyleSpacesNormalizesTabs  ok (85 us)
  Test-FormatFile_IndentStyleTabs  ok (82 us)
  Test-FormatFile_ReindentFixesBadIndent  ok (109 us)
  Test-FormatFile_ElseBeforeNestedIfAligns  ok (205 us)
  Test-FormatFile_IndentNamespaceBodyOff  ok (87 us)
  Test-FormatFile_IndentCaseLabels  ok (211 us)
  Test-FormatLiteral_PreserveLeavesNumericLiteralsUntouched  ok (132 us)
  Test-FormatLiteral_PreserveCharacterTypeSuffix  ok (87 us)
  Test-FormatLiteral_HexDigitCaseUpperAndLower  ok (144 us)
  Test-FormatLiteral_HexPrefixCaseUpperAndLower  ok (135 us)
  Test-FormatLiteral_FloatExponentCaseUpperAndLower  ok (123 us)
  Test-FormatLiteral_NormalizeHexDigitSeparators  ok (59 us)
  Test-FormatLiteral_NormalizeBinaryDigitSeparators  ok (60 us)
  Test-FormatLiteral_NormalizeDecimalDigitSeparators  ok (58 us)
  Test-FormatLiteral_NormalizeFloatDigitSeparators  ok (58 us)
  Test-FormatLiteral_CombinedHexCaseAndNormalization  ok (59 us)
  Test-FormatOff_LineCommentDisablesNumberFormatting  ok (72 us)
  Test-FormatOff_NoOnComment_RestOfFileRaw  ok (65 us)
  Test-FormatOff_MultipleRegions  ok (95 us)
  Test-FormatOff_BlockComment  ok (70 us)
  Test-FormatOff_CustomMarkers  ok (66 us)
  Test-FormatOff_EolNotRewrittenInDisabledRegion  ok (82 us)
  Test-FormatSpacing_SpaceAfterComma  ok (117 us)
  Test-FormatSpacing_NormalizeHorizontalWhitespace  ok (97 us)
  Test-FormatSpacing_NamedArgumentColons  ok (104 us)
  Test-FormatSpacing_TrueOptionsKeepManualAlignment  ok (77 us)
  Test-FormatSpacing_NoSpaceAfterComma  ok (73 us)
  Test-FormatSpacing_SpaceAroundAssignment  ok (78 us)
  Test-FormatSpacing_NoSpaceAroundAssignment  ok (56 us)
  Test-FormatSpacing_SpaceAroundBinaryOperators  ok (71 us)
  Test-FormatSpacing_NoSpaceAroundBinaryOperators  ok (60 us)
  Test-FormatSpacing_SpaceAroundArrow  ok (128 us)
  Test-FormatSpacing_FatArrow  ok (128 us)
  Test-FormatSpacing_ColonInDeclarations  ok (76 us)
  Test-FormatSpacing_ColonInBaseClause  ok (61 us)
  Test-FormatSpacing_InsideParentheses  ok (165 us)
  Test-FormatSpacing_InEmptyParentheses  ok (116 us)
  Test-FormatSpacing_InsideBrackets  ok (160 us)
  Test-FormatSpacing_AfterCast  ok (155 us)
  Test-FormatSpacing_AfterKeyword  ok (167 us)
  Test-FormatSpacing_AfterUnaryOperator  ok (92 us)
  Test-FormatSpacing_PostfixDereference  ok (92 us)
  Test-FormatSpacing_BeforeParenthesesControl  ok (142 us)
  Test-FormatSpacing_InsideBracesOfLiterals  ok (94 us)
  Test-FormatSpacing_FailClosesAFunctionTypeNotAnOperand  ok (77 us)
  Test-FormatStyle_PreserveNormalizesNothing  ok (112 us)
  Test-FormatStyle_DefaultOptionsArePreserve  ok (363 us)
  Test-FormatStyle_SwagIsTheCanonicalLayout  ok (155 us)
  Test-FormatStyle_SwagIntrinsicCallsStayStable  ok (291 us)
  Test-FormatStyle_SwagKeepsAccessModifiersWithTheirDeclarations  ok (150 us)
  Test-FormatStyle_SwagKeepsStorageAndAccessModifierOrders  ok (4 ms)
  Test-FormatStyle_SwagSeparatesAccessBlocks  ok (159 us)
  Test-FormatStyle_SwagLeavesLineEndingsAndColumnsAlone  ok (87 us)
  Test-FormatStyle_DescribeRendersEveryOption  ok (139 us)
  Test-FormatUsing_SortAscending  ok (118 us)
  Test-FormatUsing_SortCaseInsensitive  ok (81 us)
  Test-FormatUsing_BlankLineSplitsRuns  ok (66 us)
  Test-FormatUsing_Merge      ok (68 us)
  Test-FormatUsing_SortAndMerge  ok (67 us)
  Test-FormatWrap_BreaksAfterComma  ok (129 us)
  Test-FormatWrap_ForceSingleLineLists  ok (110 us)
  Test-FormatWrap_FormatterSelectsListLineMode  ok (179 us)
  Test-FormatWrap_SourceSelectsSingleLineLists  ok (117 us)
  Test-FormatWrap_SourceSelectsNestedSingleLineLists  ok (128 us)
  Test-FormatWrap_HangingIndentLists  ok (98 us)
  Test-FormatWrap_HangingAlignLists  ok (121 us)
  Test-FormatWrap_VerticalLists  ok (102 us)
  Test-FormatWrap_BlockLists  ok (121 us)
  Test-FormatWrap_ForceSingleLineLogicalExpressions  ok (113 us)
  Test-FormatWrap_SourceSelectsSingleLineLogicalExpressions  ok (96 us)
  Test-FormatWrap_LogicalOperatorsAfter  ok (92 us)
  Test-FormatWrap_LogicalOperatorsBefore  ok (90 us)
  Test-FormatWrap_LogicalOperandsOnePerLine  ok (90 us)
  Test-FormatWrap_LogicalHangingIndent  ok (87 us)
  Test-FormatWrap_LogicalOperandsPack  ok (87 us)
  Test-FormatWrap_FormatterSelectsLogicalExpressionLineMode  ok (112 us)
  Test-FormatWrap_NestedLogicalExpressions  ok (172 us)
  Test-FormatWrap_NormalizesAdversarialLists  ok (228 us)
  Test-FormatWrap_NormalizesAdversarialLogicalExpression  ok (120 us)
  Test-FormatWrap_AlignsMultilineArgumentContents  ok (140 us)
  Test-FormatWrap_ClosureCapturesStayInsideArgument  ok (197 us)
  Test-FormatWrap_NoWrapWhenDisabled  ok (104 us)
  Test-FormatWrap_BreakBeforeBinaryOperators  ok (82 us)
  Test-FormatWrap_BinPackLists  ok (101 us)
  Test-FormatWrap_BinPackParametersOnePerLine  ok (77 us)
  Test-FormatWrap_BinPackArgumentsOnePerLine  ok (92 us)
  Test-FormatWrap_NoColumnLimitNeverMovesAStatementBreak  ok (170 us)
  Test-FormatWrap_ColumnLimitBreaksHighestInTheExpression  ok (120 us)
  Test-FormatWrap_ColumnLimitAlignsNewOperandLinesInOnePass  ok (147 us)
  Test-FormatWrap_ColumnLimitBreaksAtTheLoosestOperator  ok (131 us)
  Test-FormatWrap_ColumnLimitKeepsOneIndentPerStatement  ok (103 us)
  Test-FormatWrap_ContinuationOutsideBracketsTakesCanonicalIndent  ok (82 us)
  Test-FormatWrap_ContinuationInsideBracketsKeepsRelativeIndent  ok (91 us)
  Test-FormatWrap_WrappedCaseValuesAlignUnderTheFirstValue  ok (118 us)
  Test-FormatWrap_SourceSelectsLiteralLayout  ok (138 us)
  Test-FormatWrap_HugTrailingTableArgument  ok (111 us)
  Test-FormatWrap_HugTrailingClosureArgument  ok (122 us)
  Test-FormatWrap_HugTrailingBlockLiteralItem  ok (115 us)
  Test-FormatWrap_HugSkipsEarlierMultilineArgument  ok (113 us)
  Test-JIT_Return42           ok (75 us)
  Test-JIT_RegAllocAvoidsFutureConcreteClobber  ok (49 us)
  Test-JIT_128BitStackCopy    ok (145 us)
  Test-JIT_PointerSpillRoundTrip  ok (78 us)
  Test-JIT_B32LoadAndZeroExtendKeepsUpperBitsClear  ok (57 us)
  Test-JIT_PackedIntegerOps   ok (41 us)
  Test-JIT_VecCodecOps        ok (126 us)
  Test-JIT_VecFloatOps        ok (42 us)
  Test-JIT_SlpVectorizedLanes  ok (784 us)
  Test-JIT_ConstantDivisionBaseline  ok (1 ms)
  Test-JIT_ConstantDivisionStrengthReduced  ok (6 ms)
  Test-JIT_PersistentRegPreservedAcrossCall  ok (65 us)
  Test-BranchSimplify_ErasesJumpToImmediateLabel  ok (55 us)
  Test-BranchSimplify_ThreadsJumpThroughEmptyBlock  ok (77 us)
  Test-BranchSimplify_FoldsKnownTrueBranch  ok (40 us)
  Test-BranchSimplify_FoldsKnownFalseBranch  ok (26 us)
  Test-BranchSimplify_FoldsKnownSignedLessBranch  ok (26 us)
  Test-BranchSimplify_FoldsKnownUnsignedBelowBranch  ok (25 us)
  Test-BranchSimplify_ErasesDeadTailAfterRet  ok (18 us)
  Test-BranchSimplify_ConvertsMinPatternToCmov  ok (22 us)
  Test-BranchSimplify_ConvertsConditionalConstantToCmov  ok (19 us)
  Test-BranchSimplify_KeepsMultiInstructionBranchBody  ok (27 us)
  Test-BranchSimplify_ThreadsShortCircuitExit  ok (37 us)
  Test-BranchSimplify_KeepsReferencedLabel  ok (19 us)
  Test-BranchSimplify_KeepsByteSelectBranch  ok (26 us)
  Test-BranchSimplify_ConvertsDiamondSelectToCmov  ok (28 us)
  Test-BranchSimplify_ConvertsDiamondConstantsToCmov  ok (25 us)
  Test-BranchSimplify_SinksCompareBelowFlagWritingArm  ok (32 us)
  Test-BranchSimplify_KeepsDiamondWithGuardedLoad  ok (22 us)
  Test-BranchSimplify_KeepsDiamondWithSharedArmLabel  ok (29 us)
  Test-BranchSimplify_KeepsDiamondWhenArmReadsResultFirst  ok (22 us)
  Test-BranchSimplify_KeepsDiamondWhenArmClobbersCompareInput  ok (25 us)
  Test-BranchSimplify_KeepsByteDiamond  ok (21 us)
  Test-BranchSimplify_ConvertsEarlyReturnToCmov  ok (20 us)
  Test-BranchSimplify_ConvertsEarlyReturnChainToCmovs  ok (44 us)
  Test-BranchSimplify_KeepsEarlyReturnWithGuardedLoad  ok (15 us)
  Test-BranchSimplify_SinksCompareBelowFlagWritingEarlyReturn  ok (23 us)
  Test-BranchSimplify_EarlyReturnChecksBothCompareInputs  ok (62 us)
  Test-BranchSimplify_InvertsJumpPairAfterImmediateJumpErasure  ok (23 us)
  Test-BranchSimplify_TriangleScratchPreservesAcceptedPlanOrder  ok (64 us)
  Test-ConstantFolding_FoldBinaryRegImm  ok (25 us)
  Test-ConstantFolding_FoldCopyFromKnown  ok (10 us)
  Test-ConstantFolding_ChainedFold  ok (11 us)
  Test-ConstantFolding_FoldFromClearReg  ok (8 us)
  Test-ConstantFolding_FoldAcrossJoinSameConstant  ok (16 us)
  Test-ConstantFolding_BinaryRequiresKnownInputsAndDeadFlags  ok (75 us)
  Test-ConstantFolding_RegImmResultsKeepWidthsFailuresAndFlags  ok (111 us)
  Test-ConstantFolding_RegRegResultsKeepAliasesWidthsAndUnknownInputs  ok (142 us)
  Test-ConstantFolding_ExtendResultsKeepSignWidthAndAliases  ok (345 us)
  Test-ConstantFolding_PropagatesInDominatorOrderWithoutPhis  ok (19 us)
  Test-ConstantFolding_LazyAddressesKeepFilteredRelocationOrder  ok (45 us)
  Test-CopyElim_SelfCopy_Erased  ok (10 us)
  Test-CopyElim_ChainedCopies_CanonicalizesSource  ok (12 us)
  Test-CopyElim_RewritesPureUseAcrossJoin  ok (20 us)
  Test-CopyElim_DoesNotPropagatePastSourceRedefinition  ok (10 us)
  Test-CopyElim_TransfersForbiddenPhysRegsToCanonicalSource  ok (11 us)
  Test-CopyElim_DoesNotRewriteUseDefOperand  ok (9 us)
  Test-CopyElim_PropagatesInDominatorOrderWithoutPhis  ok (19 us)
  Test-DeadCodeElimination_RemovesEntireDeadChain  ok (310 us)
  Test-DeadCodeElimination_JoinTracksSurvivingConsumers  ok (29 us)
  Test-DeadCodeElimination_PhiCyclesNeedAnInstructionConsumer  ok (38 us)
  Test-DeadCodeElimination_DeadFlagConsumerExposesArithmetic  ok (21 us)
  Test-DeadCodeElimination_PreservesStreamsWithoutVirtualDefinitions  ok (7 us)
  Test-DeadCodeElimination_FanOutSkipsRemovedReadersAfterItsWitness  ok (34 us)
  Test-DeadCodeElimination_DeferredFlagConsumerKeepsSweepsRunning  ok (23 us)
  Test-InductionVariable_CountsDefinitionsAndUsesForCarriedSums  ok (70 us)
  Test-InductionVariable_ProductsKeepPriorityWhenCarrierIsRejected  ok (46 us)
  Test-InductionVariable_CopyThenOpUsesLiveLayoutAdjacency  ok (22 us)
  Test-InstCombine_Identity_AddZero_Erased  ok (18 us)
  Test-InstCombine_ConstantAddressLoad_FoldsToRip  ok (20 us)
  Test-InstCombine_RelocatedLoad_UsesExactTargetAndLiveMemory  ok (275 us)
  Test-InstCombine_ForwardingCacheKeepsClaimedLoadsOut  ok (13 us)
  Test-InstCombine_ForwardingCacheKeepsSurvivingProducers  ok (64 us)
  Test-InstCombine_RipForwardingInitializesBeforeFirstMatchedRelocation  ok (15 us)
  Test-InstCombine_Absorbing_AndZero_BecomesClear  ok (9 us)
  Test-InstCombine_Absorbing_OrAllOnes_BecomesLoadImm  ok (9 us)
  Test-InstCombine_Reassociate_AddAdd  ok (17 us)
  Test-InstCombine_Reassociate_AddSub_PicksAdd  ok (10 us)
  Test-InstCombine_Reassociate_ShiftLeftChain  ok (10 us)
  Test-InstCombine_Reassociate_ShiftOverflow_NotFolded  ok (9 us)
  Test-InstCombine_RegReg_XorSelf_BecomesClear  ok (9 us)
  Test-InstCombine_RegReg_SubSelf_BecomesClear  ok (8 us)
  Test-InstCombine_RegReg_AndSelf_DeadErased  ok (8 us)
  Test-InstCombine_Reassociate_MulMulSigned  ok (11 us)
  Test-InstCombine_Reassociate_OrOr  ok (9 us)
  Test-InstCombine_MemFold_Imm_Consecutive  ok (16 us)
  Test-InstCombine_MemFold_Reg_Consecutive  ok (14 us)
  Test-InstCombine_MemFold_NonConsecutive  ok (12 us)
  Test-InstCombine_MemFold_VtReadAfterStore_NotFolded  ok (12 us)
  Test-InstCombine_MaskBeforeLeftShift_DroppedDirect  ok (13 us)
  Test-InstCombine_MaskBeforeLeftShift_DroppedThroughCopies  ok (22 us)
  Test-InstCombine_MaskBeforeLeftShift_KeptWhenMaskTooNarrow  ok (9 us)
  Test-InstCombine_MaskBeforeRightShift_Kept  ok (9 us)
  Test-InstCombine_ZeroExtendOfDwordLoad_BecomesCopy  ok (15 us)
  Test-InstCombine_ZeroExtendOfQwordLoad_Kept  ok (10 us)
  Test-InstCombine_MaskedAddOfZeroExtendedWords_NarrowsToDword  ok (17 us)
  Test-InstCombine_MaskedAddWithQwordReader_Kept  ok (14 us)
  Test-InstCombine_MaskedShift_Kept  ok (12 us)
  Test-InstCombine_MemoryFoldTriple_InsideLoop  ok (27 us)
  Test-InstCombine_MemoryFoldTriple_LeavesLoopFrameSlot  ok (23 us)
  Test-InstCombine_MemoryFoldTriple_FrameWithoutBackEdgesKeepsCfgGuards  ok (38 us)
  Test-InstCombine_ZeroExtendOfDwordPhi_BecomesCopy  ok (25 us)
  Test-InstCombine_MultiplyAdd_BecomesTwoAddresses  ok (787 us)
  Test-InstCombine_MultiplyAdd_PreservesObservedValuesAndFlags  ok (92 us)
  Test-InstCombine_AddressCopy_DefinesAccumulatorDirectly  ok (23 us)
  Test-InstCombine_FloatResultCopy_DefinesAccumulatorDirectly  ok (103 us)
  Test-InstCombine_SqrtResultCopy_PreservesPackedDestination  ok (28 us)
  Test-InstCombine_SqrtResultCopy_ReusesGlobalReadCheckByWidth  ok (138 us)
  Test-InstCombine_SqrtResultCopy_KeepsOtherUses  ok (37 us)
  Test-InstCombine_SharedAndInputs_PreservesValuesAndFlags  ok (394 us)
  Test-InstructionCombine_FoldsBooleanSelect  ok (46 us)
  Test-InstructionCombine_KeepsUnsafeBooleanSelect  ok (53 us)
  Test-InstCombine_RangeProvedCompare_ClampErased  ok (19 us)
  Test-InstCombine_RangeProvedCompare_WideMaskKept  ok (15 us)
  Test-InstCombine_RangeProvedCompare_NarrowWriteKept  ok (14 us)
  Test-InstCombine_CompareRereadsKeepOriginalAddressValues  ok (31 us)
  Test-InstCombine_LoadFoldWindowStartsAfterAnchor  ok (45 us)
  Test-InstCombine_InPlaceWindowIncludesAnchor  ok (50 us)
  Test-InstCombine_VectorPlans_KeepFreshRegistersAcrossRollback  ok (63 us)
  Test-MicroDominators_MatchReachabilityWithANodeRemoved  ok (17 us)
  Test-LICM_RetargetsDuplicateRelocationsAndKeepsUnhoistedOnes  ok (54 us)
  Test-LICM_FramePrivacyResolvesBackwardLayoutChainsBeforeEscapeChecks  ok (69 us)
  Test-LICM_HoistsInvariantLoad  ok (27 us)
  Test-LICM_HoistsSingleUseLaneBroadcast  ok (33 us)
  Test-LICM_KeepsVolatileLoadInLoop  ok (16 us)
  Test-LICM_HoistsFloatConversionAcrossCallWithLiveIntegerFlags  ok (73 us)
  Test-LICM_KeepsIntegerClearWhenFlagsAreLiveAtEitherSite  ok (33 us)
  Test-LICM_HoistsScalarLiteralLoadsButKeepsZeroLocal  ok (87 us)
  Test-MicroDomTree_MatchesPathsThroughDiamondAndLoop  ok (99 us)
  Test-NaturalLoop_CollectBody_CountsMembersOnceAcrossTailsAndRebuilds  ok (4 us)
  Test-LoopUnroll_MultipleLoops_RebuildsIncomingJumpRanges  ok (32 us)
  Test-LoopUnroll_OutsideReadsAndCarriedValuesKeepTheirNames  ok (43 us)
  Test-LoopUnroll_FreshRegisterFilesRespectRenamingEligibility  ok (49 us)
  Test-LoopUnroll_MultipleIncomingJumps_PreservesLoop  ok (9 us)
  Test-LoopUnroll_ExternalJumpToBody_PreservesLoop  ok (10 us)
  Test-LoopUnroll_RejectedCandidateKeepsRelocationsForFollowingLoop  ok (18 us)
  Test-MemToReg_PlainSlot_Promotes  ok (13 us)
  Test-MemToReg_MixedSlotsKeepDistinctFreshRegisters  ok (17 us)
  Test-MemToReg_RedefinedAddressRegister_BailsFunction  ok (17 us)
  Test-MemToReg_UnwrittenWideAccess_BlocksOverlapButNotAdjacentSlot  ok (11 us)
  Test-MemToReg_WrappingWideAccess_KeepsNarrowOverlap  ok (9 us)
  Test-MemToReg_WidestAccessRespectsEscapedVariableExtents  ok (30 us)
  Test-MicroPassManager_PostRa_RechecksSuffixAfterEachMutation  ok (18 us)
  Test-MicroPassManager_PostRa_RechecksSuffixWhenFirstSweepPolicyChanges  ok (5 us)
  Test-MicroBuilder_PruneRelocationsBeforeRecyclingSlots  ok (7 us)
  Test-MicroControlFlowGraph_KeepsEdgeOrderAcrossRebuilds  ok (15 us)
  Test-PostRADeadCodeElim_PreservesAbiLiveOut  ok (15 us)
  Test-PostRADeadCodeElim_UnusedReturnRegistersAreDead  ok (7 us)
  Test-PostRADeadCodeElim_LoopBackEdgeKeepsCarriedDefinition  ok (10 us)
  Test-PostRALoopHoist_InvariantReload_MovesToPreheader  ok (31 us)
  Test-PostRALoopHoist_SlotWrittenInBody_Blocks  ok (14 us)
  Test-PostRALoopHoist_OpaqueStoreInBody_Blocks  ok (15 us)
  Test-PostRALoopHoist_OpaqueStoreOverPrivateFrame_Hoists  ok (19 us)
  Test-PostRALoopHoist_SecondReload_BecomesCopy  ok (20 us)
  Test-PostRALoopHoist_DestinationLiveAtPreheader_Blocks  ok (13 us)
  Test-PostRALoopHoist_CarriedSlot_LeavesTheLoop  ok (24 us)
  Test-PostRALoopHoist_CarriedRegisterReusedElsewhere_Blocks  ok (45 us)
  Test-PostRALoopHoist_SecondDefinitionOfDestinationBlocks  ok (13 us)
  Test-PostRALoopRotate_IndependentHeadersRotate  ok (16 us)
  Test-PostRALoopRotate_SecondIncomingJumpBlocks  ok (8 us)
  Test-PostRALoopRotate_ConditionalBackEdgeBlocks  ok (7 us)
  Test-PostRAPeephole_Nop_Erased  ok (13 us)
  Test-PostRAPeephole_DoesNotForwardFromStoreClaimedByImmediateFold  ok (13 us)
  Test-PostRAPeephole_CopyForward_DoesNotCrossClaimedStoreReload  ok (9 us)
  Test-PostRAPeephole_ErasesStoreOverwrittenBeforeMemoryAccess  ok (10 us)
  Test-PostRAPeephole_DoesNotEraseOverwrittenNonFrameStore  ok (6 us)
  Test-PostRAPeephole_ErasesOwnStoreReloadOnConditionalFallthrough  ok (8 us)
  Test-PostRAPeephole_ForwardsStoredValueToReload  ok (7 us)
  Test-PostRAPeephole_CopyForward_StopsAtEncoderImplicitDef  ok (12 us)
  Test-MicroPassHelpers_PhysicalLivenessReuseReplacesInstructionEffectsAndExitRoots  ok (50 us)
  Test-MicroPassHelpers_CombinedFreshIndicesMatchSingleClassBounds  ok (6 us)
  Test-Legalize_LateMixedIssuesPreserveScratchNames  ok (44 us)
  Test-Legalize_ScratchExcludesFirstReadsInAbiOrder  ok (11 us)
  Test-Legalize_ScratchExclusionsStopBeforeBarrierUses  ok (25 us)
  Test-Legalize_DoesNotPreserveDeadShiftRegisterAcrossJump  ok (11 us)
  Test-Legalize_RewritesB8SignedMultiplyRegMemToRax  ok (9 us)
  Test-Legalize_ClearsPositiveFloatZero  ok (23 us)
  Test-Legalize_KeepsNonzeroFloatBitsAndAddresses  ok (35 us)
  Test-Legalize_KeepsMemoryDestinationAdd  ok (5 us)
  Test-Legalize_KeepsMemoryExchange  ok (5 us)
  Test-PostRAPeephole_DoesNotForwardB8SignedMultiplyImmediate  ok (22 us)
  Test-PostRAPeephole_FoldsIntegerReloadIntoBinary  ok (9 us)
  Test-PostRAPeephole_KeepsIntegerReloadReadAfterConsumer  ok (7 us)
  Test-PostRAPeephole_FoldsIntegerReloadIntoCompare  ok (8 us)
  Test-PostRAPeephole_KeepsByteMultiplyReload  ok (6 us)
  Test-PostRAPeephole_SelfCopy_B64_Erased  ok (5 us)
  Test-PostRAPeephole_SelfCopy_IntB32_Preserved  ok (5 us)
  Test-PostRAPeephole_FallthroughJumpSkipsTrivialGap  ok (7 us)
  Test-PostRAPeephole_DeadCompareBeforeRet_Erased  ok (5 us)
  Test-PostRAPeephole_DeadCompareAfterRedundantJump_Erased  ok (20 us)
  Test-PostRAPeephole_LiveCompareForBranch_Preserved  ok (6 us)
  Test-PostRAPeephole_LoadCondRegRegKeepsCopyBecauseDestinationIsUseDef  ok (9 us)
  Test-PostRAPeephole_FlagReuse_SubThenCompareZero_CompareErased  ok (7 us)
  Test-PostRAPeephole_FlagReuse_UnsafeCondition_ComparePreserved  ok (6 us)
  Test-PostRAPeephole_FlagReuse_NonFlagProducer_ComparePreserved  ok (6 us)
  Test-PostRAPeephole_ZeroToClear_LiveFlagsDead_Converted  ok (6 us)
  Test-PostRAPeephole_ZeroToClear_DeadReg_NotConverted  ok (5 us)
  Test-PostRAPeephole_ZeroToClear_FlagsLive_NotConverted  ok (6 us)
  Test-PostRAPeephole_SelfOperand_FoldsWhenDestinationHoldsTheSlot  ok (6 us)
  Test-PostRAPeephole_SelfOperand_KeepsMemoryOperandWhenWindowExhausted  ok (10 us)
  Test-PreRAPeephole_FloatBinary_DefinesIndependentResult  ok (55 us)
  Test-PreRAPeephole_FloatBinary_PreservesCopiedSecondOperand  ok (13 us)
  Test-PreRAPeephole_ForwardsLoadImmIntoStore  ok (7 us)
  Test-PreRAPeephole_ForwardsLoadImmIntoCmpMem  ok (11 us)
  Test-PreRAPeephole_ForwardsLoadImmIntoMemBinary  ok (6 us)
  Test-PreRAPeephole_ForwardsCopyIntoNextUseOnlySlots  ok (7 us)
  Test-PreRAPeephole_TransfersForbiddenPhysRegsAcrossCopyForward  ok (7 us)
  Test-PreRAPeephole_DoesNotRewriteExchangeUseDefConsumer  ok (7 us)
  Test-PreRAPeephole_ForwardsLoadImmIntoAmcStore  ok (7 us)
  Test-PreRAPeephole_ForwardsClearRegIntoImmediateCompare  ok (7 us)
  Test-PreRAPeephole_FoldsExtendOfImmediate  ok (6 us)
  Test-PreRAPeephole_FoldsPointerImmediateIntoAddress  ok (6 us)
  Test-PreRAPeephole_CombinesAdjacentRegImmAdd  ok (8 us)
  Test-PreRAPeephole_KeepsAdjacentRegImmAddWhenFlagsAreLive  ok (7 us)
  Test-PreRAPeephole_FoldsCopyAddIntoLoadAddress  ok (6 us)
  Test-PreRAPeephole_FoldsCopyAddIntoLoadAddressDespiteMismatchedForbiddenRegs  ok (6 us)
  Test-PreRAPeephole_KeepsCopyAddWhenFlagsAreLive  ok (6 us)
  Test-PreRAPeephole_FoldsAmcIndexImmediateIntoSimpleLoad  ok (6 us)
  Test-PreRAPeephole_FoldsAddressBaseIntoAmcStore  ok (7 us)
  Test-PreRAPeephole_FoldsAmcAddressIntoStore  ok (8 us)
  Test-MicroPrologEpilog_FirstDefinitionsPreserveSaveOrderAcrossRegisterClasses  ok (20 us)
  Test-MicroPrologEpilog_RestoresEveryReturnFromOriginalAnchors  ok (9 us)
  Test-MicroPrologEpilogSanitize_MergesAdjacentStackAdjustments  ok (14 us)
  Test-MicroPrologEpilogSanitize_DoesNotMergeOutsideEntryExitRegions  ok (8 us)
  Test-MicroPrologEpilogSanitize_ExpandsLargeWindowsStackAdjustIntoPageProbes  ok (7 us)
  Test-MicroPrologEpilogSanitize_KeepsOnlyLastFramePointerSetupInEntryProlog  ok (7 us)
  Test-MicroPrologEpilogSanitize_ReinsertsForcedFramePointerSetupWhenMissing  ok (6 us)
  Test-MicroPrologEpilogSanitize_DoesNotTouchFramePointerSetupAfterBodyStarts  ok (6 us)
  Test-MicroPrologEpilogSanitize_MergesMultipleReturnSuffixesAfterRejectedPairs  ok (18 us)
  Test-MicroReg_SameClassMatchesVirtualAndPhysicalRegisters  ok (7 us)
  Test-RegAlloc_UsesDedicatedLocalStackBaseRegister  ok (94 us)
  Test-RegAlloc_PersistentAcross  ok (222 us)
  Test-RegAlloc_NoCalls       ok (109 us)
  Test-RegAlloc_MixedIntFloat  ok (178 us)
  Test-RegAlloc_LotsOfVirtualRegs  ok (3 ms)
  Test-RegAlloc_PreservePersistentRegs_Enabled  ok (91 us)
  Test-RegAlloc_PreservePersistentRegs_Disabled  ok (55 us)
  Test-RegAlloc_PreservePersistentRegs_NoNeed  ok (43 us)
  Test-RegAlloc_LeafRemapPreservesFramePriorityAndDistinctReplacements  ok (29 us)
  Test-RegAlloc_LeafRemapUsesFirstInstructionReadBeforeWrite  ok (16 us)
  Test-RegAlloc_PrologRetainsEntryBoundaryAfterLongStackRelease  ok (49 us)
  Test-RegAlloc_BorrowRestoresKeepOrderAfterMiddleRequestExpires  ok (31 us)
  Test-RegAlloc_ReusedPassRebuildsConcreteClaimsForChangedLiveRanges  ok (57 us)
  Test-RegAlloc_ReusedPassBorrowsCurrentCfgAcrossDifferentControlFlow  ok (1 ms)
  Test-RegAlloc_Spill_IntPressureAcrossCall  ok (239 us)
  Test-RegAlloc_Spill_FloatAcrossCall_NoPersistent  ok (175 us)
  Test-RegAlloc_VirtualRegForbiddenPhysRegs  ok (63 us)
  Test-RegAlloc_Spill_BalancedControlFlow  ok (344 us)
  Test-RegAlloc_KnownComputedJumpKeepsIntervalAllocation  ok (185 us)
  Test-RegAlloc_LoadBaseAddressAcrossCall  ok (83 us)
  Test-RegAlloc_ConcreteLoadDestAcrossCall  ok (79 us)
  Test-RegAlloc_VirtualDefAvoidsLiveConcreteReg  ok (62 us)
  Test-RegAlloc_UsesPersistentFallbackWhenTransientPoolExhausted  ok (48 us)
  Test-RegAlloc_CoalescesLinearVirtualCopies  ok (43 us)
  Test-RegAlloc_TransfersDeadCopySourcesAcrossBarriers  ok (60 us)
  Test-RegAlloc_RematerializesImmediateReloads  ok (48 us)
  Test-MicroInstr_FloatToIntReplacesItsDestination  ok (16 us)
  Test-MicroInstr_SqrtReplacesItsDestination  ok (6 us)
  Test-MicroInstr_SqrtDropsOnlyOverwrittenInitialization  ok (36 us)
  Test-MicroInstr_FloatToIntKeepsOnlyLiveFlagInitialization  ok (19 us)
  Test-RegAlloc_LiveIntervalAccessSearchBoundaries  ok (1 us)
  Test-RegAlloc_LiveIntervalEmptyAndSingleAccess  ok (0 us)
  Test-RegAlloc_LiveIntervalRangeStartSearchBoundaries  ok (0 us)
  Test-MicroSanity_RejectsStackAddressReturnedAsPointer  ok (35 us)
  Test-MicroSanity_AllowsKnownNonStackPointer  ok (12 us)
  Test-MicroSanity_IgnoresStackAddressReturnedAsInteger  ok (11 us)
  Test-SinkToUse_MovesDefinitionToItsConsumer  ok (15 us)
  Test-SinkToUse_LoadCannotCrossBaseRedefinition  ok (6 us)
  Test-SinkToUse_LoadCannotCrossMemoryWrite  ok (6 us)
  Test-SinkToUse_ChainKeepsProducerOrderAcrossRounds  ok (18 us)
  Test-SinkToUse_OperandClusterKeepsStableOrder  ok (21 us)
  Test-SlpVectorize_UnpackableStores_DoesNotBuildSsa  ok (26 us)
  Test-SlpVectorize_KeepsSeedOrderAcrossRejectedMiddleGroup  ok (53 us)
  Test-SlpVectorize_PermutationsKeepTheFirstMaterializedTuple  ok (37 us)
  Test-SlpVectorize_PermutedLeafLoadsKeepCanonicalLaneOrder  ok (55 us)
  Test-SlpVectorize_StackAndOneParameterAreTheRootLimit  ok (47 us)
  Test-SlpVectorize_SurvivingStoresRespectPackedLoadInsertion  ok (60 us)
  Test-SlpVectorize_RejectedBlockKeepsFollowingBlockVectorizable  ok (102 us)
  Test-SlpVectorize_MultipleBlocks_PreservesSnapshotAndFreshRegisters  ok (39 us)
  Test-MicroSsa_PhiAtJoin     ok (18 us)
  Test-MicroSsa_Dominators_HandleEntryAndDescendantJoin  ok (11 us)
  Test-MicroSsa_ForkWithoutJoinKeepsSiblingAndRootScopes  ok (12 us)
  Test-MicroSsa_ReachingDef_BeforeWritesAndAtNonUses  ok (9 us)
  Test-MicroSsa_ReachingDef_DominatorSiblings  ok (31 us)
  Test-MicroSsa_ReachingDef_LoopAndUnreachableRoot  ok (8 us)
  Test-MicroSsa_PhiAtJoinWithSharedPredecessorDominator  ok (14 us)
  Test-MicroSsa_PhiInputsFollowManyPredecessors  ok (58 us)
  Test-MicroSsa_RebuildAddsFrontierAfterLinearBlocks  ok (16 us)
  Test-MicroSsa_RebuildForgetsErasedAndRecycledSlots  ok (11 us)
  Test-MicroSsa_PhiPropagationThroughNestedJoins  ok (12 us)
  Test-MicroSsa_RepeatedDefinitionsRestoreBlockEntryValues  ok (18 us)
  Test-MicroSsa_FinalBlockKeepsRepeatedDefinitionsAndBackedgeInputs  ok (66 us)
  Test-MicroSsa_RebuildWithOnlyPhysicalDefinitions  ok (12 us)
  Test-MicroSsa_DirectUseCountsAfterPhiRebuild  ok (11 us)
  Test-MicroSsa_IndirectTargetsKeepDistinctAdjacentBlocks  ok (11 us)
  Test-MicroSsa_ForwardOnlyRootsKeepComponentDominatorsSeparate  ok (10 us)
  Test-MicroStackAdjustNormalize_RemovesBodyAdjustsAndRebasesOffsets  ok (24 us)
  Test-MicroStackAdjustNormalize_HandlesBranchingDepths  ok (11 us)
  Test-MicroStorage_InsertedInstructionsUseExplicitDebugInsertionKinds  ok (0 us)
  Test-MicroStorage_InsertBeforePreservesExplicitNoStepWhenSourceIsInherited  ok (0 us)
  Test-MicroStackAdjustNormalize_SkipsCallsBelowMaxDepth  ok (8 us)
  Test-MicroStackAdjustNormalize_RebasesAdjacentCopiesWithRecycledRefs  ok (8 us)
  Test-MicroStackAdjustNormalize_HandlesMaximumDepthWithAndWithoutCalls  ok (12 us)
  Test-MicroStackAdjustNormalize_RestoresEveryReturnInOriginalOrder  ok (7 us)
  Test-StrengthReduction_MultiplyPowerOfTwo  ok (11 us)
  Test-StrengthReduction_MultiplyPowerOfTwoKeepsLiveFlags  ok (5 us)
  Test-StrengthReduction_MultiplyByZero  ok (4 us)
  Test-StrengthReduction_MultiplyByOne  ok (4 us)
  Test-StrengthReduction_MultiplyNonPowerOfTwoUnchanged  ok (4 us)
  Test-StrengthReduction_UnsignedDivideMagicNoFixup  ok (7 us)
  Test-StrengthReduction_UnsignedDivideMagicFixup  ok (7 us)
  Test-StrengthReduction_SignedDividePow2  ok (7 us)
  Test-StrengthReduction_SignedDivideMagic  ok (6 us)
  Test-StrengthReduction_UnsignedModuloMagic  ok (6 us)
  Test-StrengthReduction_SignedDivideNegativeConstantUnchanged  ok (4 us)
  Test-StrengthReduction_DivideByZeroUnchanged  ok (4 us)
  Test-StrengthReduction_NarrowDivideUnchanged  ok (4 us)
  Test-StrengthReduction_RemoveAddZeroDeadAcrossJoin  ok (13 us)
  Test-StrengthReduction_UnsignedMultiplyRequiresLocalFlagRedefinition  ok (35 us)
  Test-StrengthReduction_UnsignedPowerOfTwoKeepsBothFlagPolicies  ok (18 us)
  Test-StrengthReduction_AddSubZeroPreservesLiveResultsAndFlags  ok (47 us)
  Test-ValueNumbering_DedupIdenticalCompute  ok (22 us)
  Test-ValueNumbering_KeepsDifferentInputs  ok (14 us)
  Test-ValueNumbering_KeepsComputeWithLiveFlags  ok (13 us)
  Test-ValueNumbering_DedupLoadAddress  ok (13 us)
  Test-ValueNumbering_KeepsComputeWhenSourceClobbered  ok (11 us)
  Test-ValueNumbering_DedupRepeatedLoad  ok (14 us)
  Test-ValueNumbering_DedupRepeatedFieldLoad  ok (11 us)
  Test-ValueNumbering_KeepsLoadAcrossStore  ok (11 us)
  Test-ValueNumbering_KeepsLoadAcrossLabel  ok (15 us)
  Test-ValueNumbering_DedupLoadAcrossFallthroughBranch  ok (16 us)
  Test-ValueNumbering_DedupPlainLoadAfterExtendingLoad  ok (12 us)
  Test-ValueNumbering_ExtendsEarlierPlainLoad  ok (11 us)
  Test-ValueNumbering_KeepsFrameLoadsForMemToReg  ok (9 us)
  Test-ValueNumbering_PhysicalBasesStayOpaqueBeforeVirtualLoads  ok (19 us)
  Test-ValueNumbering_AddressWidthsStayDistinctBeforeAcceptedLoads  ok (13 us)
  Test-ValueNumbering_FrameClassificationIncludesLaterDefinitions  ok (24 us)
  Test-ValueNumbering_SharesScalarFloatLiteralBits  ok (55 us)
  Test-ValueNumbering_KeepsCheapOrDistinctLiterals  ok (37 us)
  Test-ValueNumbering_KeepsSiblingComputesAndReusesJoinDefinition  ok (18 us)
  Test-ValueNumbering_LazyRelocationsPreserveBothLookupsAndLastTarget  ok (26 us)
  Test-VecLoopPromote_LoadStorePair_HoistsAndSinks  ok (16 us)
  Test-VecLoopPromote_BackwardJumpWithoutCycleLeavesPackedAccesses  ok (8 us)
  Test-VecLoopPromote_StackAndOneParameterAreTheRootLimit  ok (24 us)
  Test-VecLoopPromote_OverlappingScalarStore_Blocks  ok (10 us)
  Test-VecLoopPromote_LoadOnlyChunk_HoistsWithoutStore  ok (11 us)
  Test-VecLoopPromote_StackPointerDefinitionInBody_Blocks  ok (9 us)
  Test-NativeArtifact_RuntimeDependencyOrderPreservesPriorityAndCycleFallback  ok (367 us)
  Test-NativeArtifact_DefaultsToLocalOutputTree  ok (74 us)
  Test-NativeArtifact_ImportedApiKeepsLocalOutputTree  ok (44 us)
  Test-NativeArtifact_ModuleNamespaceDefaultsFromModulePath  ok (23 us)
  Test-NativeArtifact_ModuleNamespaceOverrideWins  ok (1 us)
  Test-NativeArtifact_ExplicitArtifactKindOverridesBuildCfgMutation  ok (2 us)
  Test-NativeArtifact_RDataKeepsGrowingCyclicDependencies  ok (654 us)
  Test-NativeArtifact_CompilerRunExprInsideTestKeepsJitRunnable  ok (225 ms)
  Test-NativeArtifact_CompilerInstanceNativeRegistrationKeepsBucketsConsistent  ok (161 ms)
  Test-NativeArtifact_ExecutablePrunesUnreachableGeneratedFunctions  ok (261 ms)
  Test-NativeArtifact_ExecutableClosesAlternatingDependencies  ok (247 ms)
  Test-NativeArtifact_SilentSpecOpProbeDoesNotDropStructCopyTests  ok (244 ms)
  Test-NativeArtifact_TestFileFilterKeepsReusableArtifactAndSelectsAtRunTime  ok (167 ms)
  Test-NativeArtifact_TestTagFilterKeepsReusableArtifactAndSelectsAtRunTime  ok (157 ms)
  Test-NativeArtifact_TestProgressProtocolIsStrict  ok (2 us)
  Test-NativeArtifact_ConcurrentCompilerInputsKeepEveryDependency  ok (4 s 324 ms)
  Test-PeWriter_CompressesEmbeddedDebugTable  ok (3 ms)
  Test-PeWriter_FoldsIdenticalUnwindInfo  ok (34 us)
  Test-PeWriter_Win32ApplicationResourcesUseConfig  ok (38 us)
  Test-Sema_OverloadRankingUsesOrderedConversionCriteria  ok (8 us)
  Test-Sema_MatchCandidateCollectionPreservesUniqueDiscoveryOrder  ok (70 us)
  Test-Sema_GenericInstanceStoragePreservesIdentityAcrossGrowth  ok (905 us)
  Test-Sema_AggregateTypeInterningUsesOrderedContents  ok (900 us)
  Test-Sema_TypeManagerConcurrentInterningKeepsCanonicalStorage  ok (10 ms)
  Test-Sema_TypeManagerReleasesOwnedPayloads  ok (1 ms)
  Test-Sema_CastLegalityCoversScalarConversionKinds  ok (62 us)
  Test-Sema_GenericDeductionBindingHandlesConflictsAndDefaults  ok (32 us)
  Test-Sema_CompletedFreesSummariesKeepDirectForwardingTransitive  ok (9 us)
  Test-Sema_CompletedFreesSummariesResolveGuardedAliasRoutes  ok (25 us)
  Test-Sema_NarrowRootKillsPreserveSurvivorOrder  ok (4 us)
  Test-SemaPurity_GlobalVariableReadIsNotConstFolded  ok (99 ms)
  Test-SemaPurity_NamespaceQualifiedGlobalFieldReadIsNotConstFolded  ok (102 ms)
  Test-JobManager_DebugStateReportsSleepingJobs  ok (9 us)
  Test-JobManager_ProgressiveWorkersDrainQueuedJobs  ok (768 us)
  Test-JobManager_TargetedWakeBySymbol  ok (23 us)
  Test-AppendOnlyLookupTable_GrowsAcrossChunks  ok (9 us)
  Test-AppendOnlyLookupTable_ConcurrentReaderSeesPublishedEntries  ok (178 us)
  Test-PagedStore_CopyToPreserveOffsetsKeepsSparseLayout  ok (13 us)
  Test-DataSegment_RelocationIndexHandlesInterleavedMonotonicAdds  ok (8 us)
  Test-DataSegment_RelocationIndexRebuildsAfterOutOfOrderAdd  ok (7 us)
  Test-DataSegment_RelocationRangesPreserveIndexedAndTailEntries  ok (20 us)
  Test-DataSegment_FindAllocationUsesPublishedAllocations  ok (4 us)
  Test-DataSegment_LargeBlockPointersPreservePagedPrefixAndAlignedAllocations  ok (61 us)
  Test-PagedStore_ReserveSpanReturnsWritableContiguousStorage  ok (4 us)
  Test-PagedStore_EmptyCopySpanDoesNotAllocateStorage  ok (1 us)
  Test-PagedStore_ReserveRangeSupportsOversizedZeroedBlocks  ok (2 us)
  Test-DataSegment_StringPoolOwnsInputsAndPreservesViewsAcrossGrowth  ok (192 us)
  Test-DataSegment_StringPoolRelocationsRetainIndependentKeysAcrossRestore  ok (3 us)
  Test-Logger_TestTalliesNameSuccessfulWork  ok (8 us)
  Test-Logger_NestedStagesDetailedChoiceDoesNotLeak  ok (0 us)
  Test-Logger_ProgressCanBeDisabledFromCommandLine  ok (45 us)
  Test-Os_FatalHostExceptionClassificationExcludesCppExceptions  ok (2 us)
  Test-Os_FileLockOwnersNameTheProcessMappingAnImage  ok (115 ms)
  Test-FileSystem_AppendFileUsersNamesThisCompilerProcess  ok (108 ms)
  Test-FileSystem_AppendFileUsersLeavesAnUnheldFileAlone  ok (8 ms)
  Test-Utf8_MoveOperationsTransferStorage  ok (2 us)
  Test-Utf8_FixedDecimalFormatting  ok (2 us)
  Test-WarningPolicy_ReadsWarningIdentifiers  ok (20 us)
  Test-WarningPolicy_ParsesLists  ok (5 us)
  Test-WarningPolicy_ResolvesLayerPrecedence  ok (0 us)
  Tests                       768 tests (8 s 502 ms)
  Skipped                     28 filesystem tests (run with --dev-full)
  Slow-01                     NativeArtifact_ConcurrentCompilerInputsKeepEveryDependency (4 s 324 ms)
  Slow-02                     NativeArtifact_ExecutablePrunesUnreachableGeneratedFunctions (261 ms)
  Slow-03                     NativeArtifact_ExecutableClosesAlternatingDependencies (247 ms)
  Slow-04                     NativeArtifact_SilentSpecOpProbeDoesNotDropStructCopyTests (244 ms)
  Slow-05                     FFI_CallSwagStructByValueInteropDevMode (231 ms)
  Slow-06                     NativeArtifact_CompilerRunExprInsideTestKeepsJitRunnable (225 ms)
  Slow-07                     DebugInfo_CompilerTestFunctionsPreserveStackDebugMetadata (223 ms)
  Slow-08                     DebugInfo_RuntimeStorageLocalsStayOutOfCodeView (217 ms)
  Slow-09                     DebugInfo_CompilerPrivateGlobalsReachCodeViewDataSymbols (179 ms)
  Slow-10                     FFI_CallSwagStructByValueInteropRelease (178 ms)
  ✓  tested      768 passed • 8 s 524 ms
  ✓  clean       8 s 526 ms
