  ◆  swag        unittest • sources
  Test-ABI_AddressedNarrowIntegerHomeUsesNarrowLoad  ok (250 us)
  Test-ABI_SwagSimdArgsUseExtendedRegistersThenWideStackSlots  ok (3 us)
  Test-FFI_CallNativeNoArgBool  ok (384 us)
  Test-FFI_CallNativeU8       ok (122 us)
  Test-FFI_CallNativeI32      ok (40 us)
  Test-FFI_CallNativeF32      ok (35 us)
  Test-FFI_CallNativeF64      ok (28 us)
  Test-FFI_CallNativeF64StackArg  ok (118 us)
  Test-FFI_CallNativeMixedArgs  ok (39 us)
  Test-FFI_CallNativeStackArgs  ok (110 us)
  Test-FFI_CallNativePointerArg  ok (33 us)
  Test-ABI_SwagStructArgPassingMatchesNative  ok (0 us)
  Test-FFI_CallSwagStructByValueInteropDevMode  ok (216 ms)
  Test-FFI_CallSwagStructByValueInteropRelease  ok (183 ms)
  Test-FFI_CallNativeStructByValueRegister  ok (127 us)
  Test-FFI_CallNativeStructByValueStack  ok (60 us)
  Test-FFI_CallNativeStructByReferenceCopy  ok (43 us)
  Test-FFI_CallNativeStructReturnByValueRegister  ok (41 us)
  Test-FFI_CallNativeStructReturnByReference  ok (36 us)
  Test-ConstantManager_CopiesBorrowedStructPayloadOutsideDataSegment  ok (45 us)
  Test-ConstantManager_StoresNullableCStringFromBlockPointer  ok (6 us)
  Test-ConstantValue_MakesNullableCStringFromRuntimePointer  ok (1 us)
  Test-ConstantManager_CopiesBorrowedArrayPayloadOutsideDataSegment  ok (7 us)
  Test-ConstantManager_DeduplicatesBorrowedArrayPayloadsByValue  ok (1 us)
  Test-ConstantManager_CachesZeroPayloadConstantsByType  ok (24 us)
  Test-ConstantManager_CopiesBorrowedSlicePayloadOutsideDataSegment  ok (2 us)
  Test-ConstantManager_AcceptsEmptyBorrowedSlicePayloads  ok (5 us)
  Test-ConstantManager_DistinguishesPresentEmptySlicePayloads  ok (8 us)
  Test-ConstantManager_DeduplicatesMaterializedArrayPayloadConstants  ok (2 us)
  Test-ConstantManager_DoesNotDeduplicateMaterializedArrayPayloadsWithDifferentRelocations  ok (4 us)
  Test-ConstantManager_OwnsAggregateElementsAfterInputsAreDestroyed  ok (151 us)
  Test-ConstantManager_ReleasesOwnedAggregatePayloads  ok (6 ms)
  Test-ConstantManager_PreservesStringNormalizationOnRepeatedInputs  ok (102 us)
  Test-ConstantManager_PublishesCanonicalReferencesAcrossGrowth  ok (5 ms)
  Test-ConstantManager_EnrichesStorageReferencesWithoutMutatingInputs  ok (111 us)
  Test-ConstantManager_ConcurrentInterningKeepsCanonicalStorage  ok (3 ms)
  Test-Compiler_NewScriptCommandParsesDefaultPath  ok (43 us)
  Test-Compiler_CommandLineHelpStopsBeforeCompilation  ok (75 us)
  Test-Compiler_NewModuleCommandParsesWorkspace  ok (28 us)
  Test-Compiler_DocSearchPreservesLiteralCode  ok (13 us)
  Test-Compiler_DocCommandParsesOptions  ok (278 us)
  Test-Compiler_DocMarkdownRendersSupportedBlocks  ok (62 us)
  Test-Compiler_DocBlockCommentsPreserveCodeIndentation  ok (9 us)
  Test-Compiler_DocMarkdownRendersCompleteLists  ok (38 us)
  Test-Compiler_DocMarkdownRendersHeaderlessTableAndNestedInline  ok (10 us)
  Test-Compiler_LegacyStaticControlDirectivesAreNotKeywords  ok (1 us)
  Test-Compiler_AutoInlineCostPricesCallsAndRewardsOneModuleCallSite  ok (310 us)
  Test-Compiler_ExplicitInlineExpandsCrossFileBody  ok (140 ms)
  Test-Compiler_InMemorySourceRunsSemaWithoutDiskIO  ok (87 us)
  Test-Compiler_InMemorySourceKeepsFormatCommandGlobalIfDuringFormat  ok (46 us)
  Test-Compiler_InMemorySourceSkipsFalseGlobalIf  ok (26 us)
  Test-Compiler_InMemorySourceSkipsTestCommandGlobalIfOutsideTests  ok (25 us)
  Test-Compiler_InMemorySourceKeepsTestCommandGlobalIfDuringTests  ok (33 us)
  Test-Compiler_GenericUnionDeductionRemainsStableForHistoricalRandomSeed1002  ok (139 ms)
  Test-Compiler_GenericUnionDeductionRemainsStableForHistoricalRandomSeed1009  ok (153 ms)
  Test-Compiler_GenericUnionDeductionRemainsStableForHistoricalRandomSeed1032  ok (166 ms)
  Test-Compiler_GenericUnionDeductionRemainsStableForHistoricalRandomSeed1143  ok (131 ms)
  Test-Compiler_AstVisitPreservesSiblingsAcrossPauseSkipAndRestart  ok (80 us)
  Test-Compiler_AstVisitResolvesChildrenWithoutFollowingActiveAncestors  ok (36 us)
  Test-Compiler_SymbolLocationSortKeepsStableTokenOrderWithinOneFile  ok (58 us)
  Test-Compiler_SymbolLocationSortKeepsCompositeKeysAcrossFiles  ok (46 us)
  Test-Compiler_MessagePassSkipsWithoutListeners  ok (334 us)
  Test-Compiler_MessagePassQueuesOnlyOncePerListener  ok (274 us)
  Test-Compiler_MessageAliasPayloadUsesUnderlyingType  ok (2 us)
  Test-Compiler_DiagnosticWarningSeverityColorIsMagenta  ok (0 us)
  Test-Compiler_DiagnosticCatalogFollowsSwagMessageStyle  ok (229 us)
  Test-Compiler_AssertDiagnosticPreservesLiteralSuffixQuotes  ok (16 us)
  Test-Compiler_DiagnosticEscapesQuotedArgumentTicks  ok (9 us)
  Test-Compiler_DiagnosticArgumentCountDoesNotRepeatUnit  ok (56 us)
  Test-Compiler_DiagnosticRemovesUnexpandedWordPlaceholders  ok (8 us)
  Test-Compiler_NativeExitCodeDiagnosticShowsDecimalAndHex  ok (7 us)
  Test-Compiler_DiagnosticEscapesQuotedArgumentWithoutBreakingHelpSplit  ok (8 us)
  Test-NodePayload_ConcurrentUpdatesPreserveDisjointState  ok (4 ms)
  Test-Compiler_CommandLineTagsReachSema  ok (136 ms)
  Test-Compiler_InternalTagPrecedesUserOverride  ok (146 ms)
  Test-Compiler_TestCommandEnablesSourceDrivenModeWhenParsed  ok (57 us)
  Test-Compiler_DebugOptionEnablesDebugInformation  ok (34 us)
  Test-Compiler_ReleaseBuildDoesNotEnableDebugInformation  ok (27 us)
  Test-Compiler_TestCommandRegistersSwagTestCompilerTag  ok (131 ms)
  Test-Compiler_UnittestCommandKeepsSourceDrivenModeDisabledWhenParsed  ok (57 us)
  Test-Compiler_RunCommandParsesRunArgs  ok (34 us)
  Test-Compiler_TestCommandForcesSwagTestRunArg  ok (30 us)
  Test-Compiler_TestCommandDoesNotDuplicateSwagTestRunArg  ok (1 us)
  Test-Compiler_TestCommandKeepsExplicitSandboxRoot  ok (2 us)
  Test-Compiler_TestCommandGrantsTheModuleAsCorpus  ok (8 us)
  Test-Compiler_TestCommandGrantsTheWorkspaceWithoutAModule  ok (2 us)
  Test-Compiler_SmokeCommandGrantsNoCorpus  ok (2 us)
  Test-DebugInfo_EmitsWindowsSymbolAndTypeRecords  ok (45 us)
  Test-DebugInfo_PdbInfoEmitsWindowsBuildInfo  ok (16 us)
  Test-DebugInfo_EmitsWindowsVariableAndConstantRecords  ok (34 us)
  Test-DebugInfo_UsesPerVariableBaseRegistersForRegRelativeSymbols  ok (15 us)
  Test-DebugInfo_CollapsesConsecutiveSameLineEntries  ok (56 us)
  Test-DebugInfo_SkipsNoStepLineEntries  ok (32 us)
  Test-DebugInfo_FirstLineCoversEntry  ok (28 us)
  Test-DebugInfo_ResolvesNoStepBackendSourceInfo  ok (8 us)
  Test-DebugInfo_UsesOwnerSourceFileForGeneratedViews  ok (53 us)
  Test-DebugInfo_UsesDebugSourceCodeRefForGeneratedViewLines  ok (163 us)
  Test-DebugInfo_CompilerTestFunctionsPreserveStackDebugMetadata  ok (211 ms)
  Test-DebugInfo_RuntimeStorageLocalsStayOutOfCodeView  ok (218 ms)
  Test-DebugInfo_CompilerPrivateGlobalsReachCodeViewDataSymbols  ok (214 ms)
  Test-DebugInfo_EmitsWindowsSourceChecksums  ok (110 us)
  Test-EncodeX64_Flow         ok (568 us)
  Test-EncodeX64_Load         ok (1 ms)
  Test-EncodeX64_CmpAndCond   ok (451 us)
  Test-EncodeX64_VecPackedOps  ok (2 ms)
  Test-EncodeX64_LegalizeLargeCmpRegImmPreservesLhs  ok (67 us)
  Test-EncodeX64_UnaryOps     ok (117 us)
  Test-EncodeX64_BinaryRegRegOps  ok (1 ms)
  Test-EncodeX64_BinaryRegMemOps  ok (98 us)
  Test-EncodeX64_BinaryMemRegOps  ok (197 us)
  Test-EncodeX64_BinaryImmOps  ok (789 us)
  Test-EncodeX64_TernaryAndConvert  ok (210 us)
  Test-EncodeX64_UnwindFromMicro  ok (43 us)
  Test-EncodeX64_UnwindFramePointerSetupAfterStackShape  ok (33 us)
  Test-EncodeX64_UnwindStopsBeforeStackStoreBody  ok (32 us)
  Test-EncodeX64_UnwindUpdatesFramePointerWhenAssignedTwice  ok (31 us)
  Test-EncodeX64_UnwindLocalStackBaseIsNotAFrameRegister  ok (28 us)
  Test-EncodeX64_UnwindStopsAfterBodyStart  ok (24 us)
  Test-FormatAlign_ConsecutiveAssignments  ok (271 us)
  Test-FormatAlign_ConsecutiveAliases  ok (152 us)
  Test-FormatAlign_AliasesAcrossAttributesAndBlankLines  ok (305 us)
  Test-FormatAlign_AssignmentsBreakOnIndentation  ok (225 us)
  Test-FormatAlign_AssignmentsBreakOnBlankLine  ok (160 us)
  Test-FormatAlign_AssignmentsAcrossBlanks  ok (159 us)
  Test-FormatAlign_ConsecutiveDeclarations  ok (145 us)
  Test-FormatAlign_ControlDeclarationsBreakDeclarationGroups  ok (183 us)
  Test-FormatAlign_ConsecutiveConstants  ok (146 us)
  Test-FormatAlign_StructFields  ok (136 us)
  Test-FormatAlign_EnumValues  ok (164 us)
  Test-FormatAlign_NoneRemovesAlignment  ok (108 us)
  Test-FormatAlign_TrailingComments  ok (141 us)
  Test-FormatAlign_TrailingCommentsBreakOnIndentation  ok (168 us)
  Test-FormatAlign_TrailingCommentsNormalized  ok (132 us)
  Test-FormatAlign_FatArrowsConsecutive  ok (155 us)
  Test-FormatAlign_FatArrowsBreakOnPlainFunction  ok (166 us)
  Test-FormatAlign_SingletonTightensStalePadding  ok (134 us)
  Test-FormatAlign_StructFieldsWithTypeQualifiers  ok (179 us)
  Test-FormatAlign_StructFieldGridMixed  ok (184 us)
  Test-FormatAlign_StructFieldGridOffKeepsSingleColumn  ok (146 us)
  Test-FormatAlign_DeclarationGridInitializers  ok (162 us)
  Test-FormatAlign_ConstantGridTypes  ok (140 us)
  Test-FormatAlign_QualifiedConstantGridTypes  ok (147 us)
  Test-FormatAlign_QualifiedDeclarationPrefixes  ok (266 us)
  Test-FormatAlign_CaseBodiesConsecutive  ok (191 us)
  Test-FormatAlign_ArrayColumns  ok (150 us)
  Test-FormatAlign_ArrayColumnsSkipsRaggedRows  ok (121 us)
  Test-FormatAlign_HangingLineFollowsAlignedAnchor  ok (173 us)
  Test-FormatAlign_AfterOpenBracketUsesLiteralBrace  ok (163 us)
  Test-FormatAlign_AfterOpenBracketKeepsDataTableRows  ok (129 us)
  Test-FormatAlign_OperandsInsideBracketAnchorOnBracket  ok (145 us)
  Test-FormatAlign_OperandsOutsideBracketAnchorOnStatement  ok (156 us)
  Test-FormatAlign_OutlierGapLeavesLongLineAlone  ok (141 us)
  Test-FormatAlign_OutlierGapKeepsGradedTable  ok (130 us)
  Test-FormatAlign_OutlierGapDropsBothEnds  ok (136 us)
  Test-FormatAlign_AcrossBlanksReadsTheCappedBlankCount  ok (107 us)
  Test-FormatAlign_AccessModifierLineDoesNotBreakTheGroup  ok (130 us)
  Test-FormatAlign_WrappedArgumentsFollowTheAlignedHead  ok (203 us)
  Test-FormatAttributes_OwnLine  ok (125 us)
  Test-FormatAttributes_Inline  ok (257 us)
  Test-FormatAttributes_BreakAfterAttribute  ok (189 us)
  Test-FormatAttributes_Grouped  ok (195 us)
  Test-FormatAttributes_SortArguments  ok (162 us)
  Test-FormatAttributes_SortArgumentsWithDifferentPieceCounts  ok (148 us)
  Test-FormatAttributes_SpaceAfterAttributeComma  ok (129 us)
  Test-FormatBlanks_MaxConsecutiveEmptyLinesUnlimited  ok (161 us)
  Test-FormatBlanks_MaxConsecutiveEmptyLinesCollapses  ok (143 us)
  Test-FormatBlanks_MaxConsecutiveEmptyLinesOne  ok (131 us)
  Test-FormatBlanks_AfterOpeningBraceNever  ok (132 us)
  Test-FormatBlanks_AfterOpeningBracePreserve  ok (110 us)
  Test-FormatBlanks_AfterOpeningBraceAlways  ok (109 us)
  Test-FormatBlanks_BeforeClosingBraceNever  ok (161 us)
  Test-FormatBlanks_BeforeClosingBracePreserve  ok (130 us)
  Test-FormatBlanks_BeforeClosingBraceAlways  ok (109 us)
  Test-FormatBlanks_AroundAccessBlocksAlways  ok (171 us)
  Test-FormatBlanks_AroundAccessBlocksNever  ok (140 us)
  Test-FormatBlanks_AroundAccessBlocksPreserve  ok (146 us)
  Test-FormatBlanks_TrimTrailingNewlinesCollapsesToOne  ok (161 us)
  Test-FormatBlanks_TrimTrailingNewlinesDisabled  ok (137 us)
  Test-FormatBlanks_CombinedBlockEdges  ok (165 us)
  Test-FormatBlanks_BeforeFunctionAlways  ok (158 us)
  Test-FormatBlanks_BeforeFunctionKeepsDocCommentAttached  ok (152 us)
  Test-FormatBlanks_BeforeFunctionKeepsShortFormsStacked  ok (179 us)
  Test-FormatBlanks_BeforeTypeAlways  ok (124 us)
  Test-FormatBlanks_BeforeCommentBlockAlways  ok (146 us)
  Test-FormatBlanks_BeforeCommentBlockKeepsBlockStartAndRuns  ok (131 us)
  Test-FormatBlanks_BeforeCommentBlockKeepsInlineBodyStart  ok (155 us)
  Test-FormatBlanks_AfterGlobalBlockInsertsBlank  ok (122 us)
  Test-FormatBlanks_AfterGlobalThenUsingBlocks  ok (157 us)
  Test-FormatBlanks_BetweenCasesMultiLine  ok (330 us)
  Test-FormatBlanks_BetweenCasesNeverRemovesBlanks  ok (215 us)
  Test-FormatBlanks_AfterStandaloneClosingBraceAlways  ok (184 us)
  Test-FormatBlanks_AfterStandaloneClosingBraceNever  ok (173 us)
  Test-FormatBlanks_AfterStandaloneClosingBracePreserve  ok (171 us)
  Test-FormatBlanks_AfterStandaloneClosingBraceKeepsElseAttached  ok (197 us)
  Test-FormatBraces_AllmanMovesBraceToOwnLine  ok (153 us)
  Test-FormatStatements_OneStatementPerLine  ok (190 us)
  Test-FormatStatements_UsingFieldPrefixStaysTogether  ok (240 us)
  Test-FormatStatements_OneEnumValuePerLine  ok (167 us)
  Test-FormatBraces_ShortInlineDoBodiesSplit  ok (195 us)
  Test-FormatBraces_DestructuringPatternsStayInlineAndIndentAsStatements  ok (376 us)
  Test-FormatBraces_AttachJoinsBrace  ok (149 us)
  Test-FormatBraces_AllmanOnControlBlocks  ok (179 us)
  Test-FormatBraces_BreakBeforeElse  ok (195 us)
  Test-FormatBraces_JoinElseToBrace  ok (240 us)
  Test-FormatBraces_CompactEmptyBraces  ok (152 us)
  Test-FormatBraces_ShortFunctionsNeverSplits  ok (192 us)
  Test-FormatBraces_ShortFunctionsNeverKeepsEmpty  ok (145 us)
  Test-FormatBraces_SourceSelectsDefinitionLayout  ok (505 us)
  Test-FormatBraces_ShortBlocksInlineJoins  ok (227 us)
  Test-FormatBraces_ShortIfNeverSplits  ok (205 us)
  Test-FormatBraces_ShortLoopsJoin  ok (208 us)
  Test-FormatBraces_ShortEnumsSplit  ok (188 us)
  Test-FormatBraces_ShortCaseSplits  ok (262 us)
  Test-FormatBraces_ShortCaseJoins  ok (231 us)
  Test-FormatBraces_CaseUniformJoinsJumpTable  ok (263 us)
  Test-FormatBraces_CaseUniformExpandsMixedSwitch  ok (273 us)
  Test-FormatBraces_StaticIfChainAlignsAndBreaks  ok (289 us)
  Test-FormatBraces_StaticControl  ok (369 us)
  Test-FormatBraces_StaticIfSingleLineChainStaysInline  ok (258 us)
  Test-FormatBraces_MultiLineBlockContentLeavesBraceLines  ok (306 us)
  Test-FormatBraces_AllmanOnStaticIfBlocks  ok (213 us)
  Test-FormatBraces_ShortStructsKeepTupleTypes  ok (256 us)
  Test-FormatBraces_ShortStructsStillSplitDeclarations  ok (197 us)
  Test-FormatBraces_ShortFunctionsKeepClosureArguments  ok (379 us)
  Test-FormatBraces_ShortBlocksKeepInitializerLiterals  ok (378 us)
  Test-FormatBraces_ShortFunctionsInlineKeepsClosureBodies  ok (321 us)
  Test-FormatStatements_RemoveRedundantSemicolons  ok (276 us)
  Test-FormatStatements_RemoveConditionParentheses  ok (247 us)
  Test-FormatBraces_BreakBeforeWhere  ok (222 us)
  Test-FormatBraces_ShortClosuresNeverSplits  ok (270 us)
  Test-FormatBraces_UniformKeepsArmsWhoseCallIsWrapped  ok (416 us)
  Test-FormatBraces_UniformExpandsWhenAnArmCarriesABlock  ok (382 us)
  Test-FormatBraces_SemicolonPushedToEndOfLineByWrappingIsRemoved  ok (240 us)
  Test-FormatBraces_AnonymousStructTypeKeepsItsShape  ok (252 us)
  Test-FormatComments_SpaceAfterLineCommentPrefix  ok (1 ms)
  Test-FormatComments_NormalizeSectionSeparators  ok (152 us)
  Test-FormatComments_ReflowParagraph  ok (200 us)
  Test-FormatComments_ReflowJoinsShortLines  ok (161 us)
  Test-FormatComments_NormalizeMode  ok (143 us)
  Test-FormatComments_LastInBlockKeepsBlockIndent  ok (211 us)
  Test-FormatComments_LastInNestedBlockKeepsBlockIndent  ok (248 us)
  Test-FormatComments_LastInSwitchKeepsArmIndent  ok (270 us)
  Test-FormatComments_BeforeCaseLabelKeepsLabelIndent  ok (255 us)
  Test-FormatComments_InsideABracketSettleInOnePass  ok (336 us)
  Test-FormatFile_InlineBodyOwnsNestedBraceIndent  ok (323 us)
  Test-FormatFile_InlineIfBranchStopsBeforeElse  ok (554 us)
  Test-FormatFile_CatchHandlerAlignsAndIndents  ok (153 us)
  Test-FormatFile_InlineDestructuringIsNotABlock  ok (150 us)
  Test-FormatFile_InsertFinalNewline  ok (56 us)
  Test-FormatFile_TrimLeadingBlankLines  ok (49 us)
  Test-FormatFile_TrimLeadingBlankLinesDisabled  ok (47 us)
  Test-FormatFile_ReservedIdentifiersAreFormattable  ok (59 us)
  Test-FormatFile_IndentInsideParensEnforcesContinuation  ok (88 us)
  Test-FormatFile_AlignOperandsOnWrappedCondition  ok (85 us)
  Test-FormatFile_WhereClauseIndent  ok (84 us)
  Test-FormatFile_WhereBlockIndent  ok (84 us)
  Test-FormatFile_EndOfLineStyleLf  ok (58 us)
  Test-FormatFile_EndOfLineStyleCrLf  ok (76 us)
  Test-FormatFile_TrimTrailingWhitespace  ok (66 us)
  Test-FormatFile_BlankLineAfterUsingBlock  ok (50 us)
  Test-FormatFile_BlankLineBeforeFunctionDefinition  ok (72 us)
  Test-FormatFile_IndentStyleSpacesNormalizesTabs  ok (51 us)
  Test-FormatFile_IndentStyleTabs  ok (47 us)
  Test-FormatFile_ReindentFixesBadIndent  ok (70 us)
  Test-FormatFile_ElseBeforeNestedIfAligns  ok (88 us)
  Test-FormatFile_IndentNamespaceBodyOff  ok (145 us)
  Test-FormatFile_IndentCaseLabels  ok (218 us)
  Test-FormatLiteral_PreserveLeavesNumericLiteralsUntouched  ok (108 us)
  Test-FormatLiteral_PreserveCharacterTypeSuffix  ok (81 us)
  Test-FormatLiteral_HexDigitCaseUpperAndLower  ok (132 us)
  Test-FormatLiteral_HexPrefixCaseUpperAndLower  ok (115 us)
  Test-FormatLiteral_FloatExponentCaseUpperAndLower  ok (105 us)
  Test-FormatLiteral_NormalizeHexDigitSeparators  ok (49 us)
  Test-FormatLiteral_NormalizeBinaryDigitSeparators  ok (49 us)
  Test-FormatLiteral_NormalizeDecimalDigitSeparators  ok (51 us)
  Test-FormatLiteral_NormalizeFloatDigitSeparators  ok (49 us)
  Test-FormatLiteral_CombinedHexCaseAndNormalization  ok (50 us)
  Test-FormatOff_LineCommentDisablesNumberFormatting  ok (66 us)
  Test-FormatOff_NoOnComment_RestOfFileRaw  ok (66 us)
  Test-FormatOff_MultipleRegions  ok (81 us)
  Test-FormatOff_BlockComment  ok (72 us)
  Test-FormatOff_CustomMarkers  ok (69 us)
  Test-FormatOff_EolNotRewrittenInDisabledRegion  ok (72 us)
  Test-FormatSpacing_SpaceAfterComma  ok (123 us)
  Test-FormatSpacing_NormalizeHorizontalWhitespace  ok (81 us)
  Test-FormatSpacing_NamedArgumentColons  ok (83 us)
  Test-FormatSpacing_TrueOptionsKeepManualAlignment  ok (64 us)
  Test-FormatSpacing_NoSpaceAfterComma  ok (63 us)
  Test-FormatSpacing_SpaceAroundAssignment  ok (59 us)
  Test-FormatSpacing_NoSpaceAroundAssignment  ok (48 us)
  Test-FormatSpacing_SpaceAroundBinaryOperators  ok (62 us)
  Test-FormatSpacing_NoSpaceAroundBinaryOperators  ok (53 us)
  Test-FormatSpacing_SpaceAroundArrow  ok (112 us)
  Test-FormatSpacing_FatArrow  ok (115 us)
  Test-FormatSpacing_ColonInDeclarations  ok (69 us)
  Test-FormatSpacing_ColonInBaseClause  ok (55 us)
  Test-FormatSpacing_InsideParentheses  ok (141 us)
  Test-FormatSpacing_InEmptyParentheses  ok (108 us)
  Test-FormatSpacing_InsideBrackets  ok (153 us)
  Test-FormatSpacing_AfterCast  ok (132 us)
  Test-FormatSpacing_AfterKeyword  ok (137 us)
  Test-FormatSpacing_AfterUnaryOperator  ok (85 us)
  Test-FormatSpacing_PostfixDereference  ok (89 us)
  Test-FormatSpacing_BeforeParenthesesControl  ok (173 us)
  Test-FormatSpacing_InsideBracesOfLiterals  ok (106 us)
  Test-FormatSpacing_FailClosesAFunctionTypeNotAnOperand  ok (87 us)
  Test-FormatStyle_PreserveNormalizesNothing  ok (109 us)
  Test-FormatStyle_DefaultOptionsArePreserve  ok (339 us)
  Test-FormatStyle_SwagIsTheCanonicalLayout  ok (181 us)
  Test-FormatStyle_SwagIntrinsicCallsStayStable  ok (358 us)
  Test-FormatStyle_SwagKeepsAccessModifiersWithTheirDeclarations  ok (183 us)
  Test-FormatStyle_SwagKeepsStorageAndAccessModifierOrders  ok (6 ms)
  Test-FormatStyle_SwagSeparatesAccessBlocks  ok (304 us)
  Test-FormatStyle_SwagLeavesLineEndingsAndColumnsAlone  ok (148 us)
  Test-FormatStyle_DescribeRendersEveryOption  ok (218 us)
  Test-FormatUsing_SortAscending  ok (189 us)
  Test-FormatUsing_SortCaseInsensitive  ok (119 us)
  Test-FormatUsing_BlankLineSplitsRuns  ok (116 us)
  Test-FormatUsing_Merge      ok (113 us)
  Test-FormatUsing_SortAndMerge  ok (117 us)
  Test-FormatWrap_BreaksAfterComma  ok (200 us)
  Test-FormatWrap_ForceSingleLineLists  ok (184 us)
  Test-FormatWrap_FormatterSelectsListLineMode  ok (265 us)
  Test-FormatWrap_SourceSelectsSingleLineLists  ok (209 us)
  Test-FormatWrap_SourceSelectsNestedSingleLineLists  ok (220 us)
  Test-FormatWrap_HangingIndentLists  ok (174 us)
  Test-FormatWrap_HangingAlignLists  ok (184 us)
  Test-FormatWrap_VerticalLists  ok (162 us)
  Test-FormatWrap_BlockLists  ok (162 us)
  Test-FormatWrap_ForceSingleLineLogicalExpressions  ok (190 us)
  Test-FormatWrap_SourceSelectsSingleLineLogicalExpressions  ok (164 us)
  Test-FormatWrap_LogicalOperatorsAfter  ok (156 us)
  Test-FormatWrap_LogicalOperatorsBefore  ok (151 us)
  Test-FormatWrap_LogicalOperandsOnePerLine  ok (157 us)
  Test-FormatWrap_LogicalHangingIndent  ok (207 us)
  Test-FormatWrap_LogicalOperandsPack  ok (157 us)
  Test-FormatWrap_FormatterSelectsLogicalExpressionLineMode  ok (197 us)
  Test-FormatWrap_NestedLogicalExpressions  ok (182 us)
  Test-FormatWrap_NormalizesAdversarialLists  ok (529 us)
  Test-FormatWrap_NormalizesAdversarialLogicalExpression  ok (283 us)
  Test-FormatWrap_AlignsMultilineArgumentContents  ok (356 us)
  Test-FormatWrap_ClosureCapturesStayInsideArgument  ok (428 us)
  Test-FormatWrap_NoWrapWhenDisabled  ok (267 us)
  Test-FormatWrap_BreakBeforeBinaryOperators  ok (219 us)
  Test-FormatWrap_BinPackLists  ok (230 us)
  Test-FormatWrap_BinPackParametersOnePerLine  ok (177 us)
  Test-FormatWrap_BinPackArgumentsOnePerLine  ok (212 us)
  Test-FormatWrap_NoColumnLimitNeverMovesAStatementBreak  ok (395 us)
  Test-FormatWrap_ColumnLimitBreaksHighestInTheExpression  ok (287 us)
  Test-FormatWrap_ColumnLimitAlignsNewOperandLinesInOnePass  ok (305 us)
  Test-FormatWrap_ColumnLimitBreaksAtTheLoosestOperator  ok (297 us)
  Test-FormatWrap_ColumnLimitKeepsOneIndentPerStatement  ok (239 us)
  Test-FormatWrap_ContinuationOutsideBracketsTakesCanonicalIndent  ok (202 us)
  Test-FormatWrap_ContinuationInsideBracketsKeepsRelativeIndent  ok (215 us)
  Test-FormatWrap_WrappedCaseValuesAlignUnderTheFirstValue  ok (277 us)
  Test-FormatWrap_SourceSelectsLiteralLayout  ok (328 us)
  Test-FormatWrap_HugTrailingTableArgument  ok (293 us)
  Test-FormatWrap_HugTrailingClosureArgument  ok (283 us)
  Test-FormatWrap_HugTrailingBlockLiteralItem  ok (294 us)
  Test-FormatWrap_HugSkipsEarlierMultilineArgument  ok (257 us)
  Test-JIT_Return42           ok (115 us)
  Test-JIT_RegAllocAvoidsFutureConcreteClobber  ok (98 us)
  Test-JIT_128BitStackCopy    ok (306 us)
  Test-JIT_PointerSpillRoundTrip  ok (205 us)
  Test-JIT_B32LoadAndZeroExtendKeepsUpperBitsClear  ok (145 us)
  Test-JIT_PackedIntegerOps   ok (115 us)
  Test-JIT_VecCodecOps        ok (337 us)
  Test-JIT_VecFloatOps        ok (113 us)
  Test-JIT_SlpVectorizedLanes  ok (1 ms)
  Test-JIT_ConstantDivisionBaseline  ok (4 ms)
  Test-JIT_ConstantDivisionStrengthReduced  ok (12 ms)
  Test-JIT_PersistentRegPreservedAcrossCall  ok (72 us)
  Test-BranchSimplify_ErasesJumpToImmediateLabel  ok (32 us)
  Test-BranchSimplify_ThreadsJumpThroughEmptyBlock  ok (47 us)
  Test-BranchSimplify_FoldsKnownTrueBranch  ok (32 us)
  Test-BranchSimplify_FoldsKnownFalseBranch  ok (26 us)
  Test-BranchSimplify_FoldsKnownSignedLessBranch  ok (27 us)
  Test-BranchSimplify_FoldsKnownUnsignedBelowBranch  ok (21 us)
  Test-BranchSimplify_ErasesDeadTailAfterRet  ok (15 us)
  Test-BranchSimplify_ConvertsMinPatternToCmov  ok (17 us)
  Test-BranchSimplify_ConvertsConditionalConstantToCmov  ok (16 us)
  Test-BranchSimplify_KeepsMultiInstructionBranchBody  ok (17 us)
  Test-BranchSimplify_ThreadsShortCircuitExit  ok (28 us)
  Test-BranchSimplify_KeepsReferencedLabel  ok (15 us)
  Test-BranchSimplify_KeepsByteSelectBranch  ok (14 us)
  Test-BranchSimplify_ConvertsDiamondSelectToCmov  ok (22 us)
  Test-BranchSimplify_ConvertsDiamondConstantsToCmov  ok (19 us)
  Test-BranchSimplify_SinksCompareBelowFlagWritingArm  ok (85 us)
  Test-BranchSimplify_KeepsDiamondWithGuardedLoad  ok (20 us)
  Test-BranchSimplify_KeepsDiamondWithSharedArmLabel  ok (24 us)
  Test-BranchSimplify_KeepsDiamondWhenArmReadsResultFirst  ok (20 us)
  Test-BranchSimplify_KeepsDiamondWhenArmClobbersCompareInput  ok (21 us)
  Test-BranchSimplify_KeepsByteDiamond  ok (18 us)
  Test-BranchSimplify_ConvertsEarlyReturnToCmov  ok (18 us)
  Test-BranchSimplify_ConvertsEarlyReturnChainToCmovs  ok (40 us)
  Test-BranchSimplify_KeepsEarlyReturnWithGuardedLoad  ok (13 us)
  Test-BranchSimplify_SinksCompareBelowFlagWritingEarlyReturn  ok (20 us)
  Test-BranchSimplify_InvertsJumpPairAfterImmediateJumpErasure  ok (22 us)
  Test-BranchSimplify_TriangleScratchPreservesAcceptedPlanOrder  ok (52 us)
  Test-ConstantFolding_FoldBinaryRegImm  ok (11 us)
  Test-ConstantFolding_FoldCopyFromKnown  ok (8 us)
  Test-ConstantFolding_ChainedFold  ok (9 us)
  Test-ConstantFolding_FoldFromClearReg  ok (7 us)
  Test-ConstantFolding_FoldAcrossJoinSameConstant  ok (12 us)
  Test-ConstantFolding_BinaryRequiresKnownInputsAndDeadFlags  ok (62 us)
  Test-CopyElim_SelfCopy_Erased  ok (8 us)
  Test-CopyElim_ChainedCopies_CanonicalizesSource  ok (11 us)
  Test-CopyElim_RewritesPureUseAcrossJoin  ok (32 us)
  Test-CopyElim_DoesNotPropagatePastSourceRedefinition  ok (10 us)
  Test-CopyElim_TransfersForbiddenPhysRegsToCanonicalSource  ok (9 us)
  Test-CopyElim_DoesNotRewriteUseDefOperand  ok (20 us)
  Test-DeadCodeElimination_RemovesEntireDeadChain  ok (160 us)
  Test-DeadCodeElimination_JoinTracksSurvivingConsumers  ok (25 us)
  Test-DeadCodeElimination_PhiCyclesNeedAnInstructionConsumer  ok (31 us)
  Test-DeadCodeElimination_DeadFlagConsumerExposesArithmetic  ok (17 us)
  Test-InstCombine_Identity_AddZero_Erased  ok (11 us)
  Test-InstCombine_ConstantAddressLoad_FoldsToRip  ok (24 us)
  Test-InstCombine_RelocatedLoad_UsesExactTargetAndLiveMemory  ok (201 us)
  Test-InstCombine_Absorbing_AndZero_BecomesClear  ok (7 us)
  Test-InstCombine_Absorbing_OrAllOnes_BecomesLoadImm  ok (7 us)
  Test-InstCombine_Reassociate_AddAdd  ok (10 us)
  Test-InstCombine_Reassociate_AddSub_PicksAdd  ok (8 us)
  Test-InstCombine_Reassociate_ShiftLeftChain  ok (8 us)
  Test-InstCombine_Reassociate_ShiftOverflow_NotFolded  ok (27 us)
  Test-InstCombine_RegReg_XorSelf_BecomesClear  ok (8 us)
  Test-InstCombine_RegReg_SubSelf_BecomesClear  ok (7 us)
  Test-InstCombine_RegReg_AndSelf_DeadErased  ok (7 us)
  Test-InstCombine_Reassociate_MulMulSigned  ok (10 us)
  Test-InstCombine_Reassociate_OrOr  ok (8 us)
  Test-InstCombine_MemFold_Imm_Consecutive  ok (10 us)
  Test-InstCombine_MemFold_Reg_Consecutive  ok (11 us)
  Test-InstCombine_MemFold_NonConsecutive  ok (11 us)
  Test-InstCombine_MemFold_VtReadAfterStore_NotFolded  ok (10 us)
  Test-InstCombine_MaskBeforeLeftShift_DroppedDirect  ok (9 us)
  Test-InstCombine_MaskBeforeLeftShift_DroppedThroughCopies  ok (20 us)
  Test-InstCombine_MaskBeforeLeftShift_KeptWhenMaskTooNarrow  ok (9 us)
  Test-InstCombine_MaskBeforeRightShift_Kept  ok (8 us)
  Test-InstCombine_ZeroExtendOfDwordLoad_BecomesCopy  ok (10 us)
  Test-InstCombine_ZeroExtendOfQwordLoad_Kept  ok (57 us)
  Test-InstCombine_MaskedAddOfZeroExtendedWords_NarrowsToDword  ok (18 us)
  Test-InstCombine_MaskedAddWithQwordReader_Kept  ok (13 us)
  Test-InstCombine_MaskedShift_Kept  ok (11 us)
  Test-InstCombine_MemoryFoldTriple_InsideLoop  ok (21 us)
  Test-InstCombine_MemoryFoldTriple_LeavesLoopFrameSlot  ok (22 us)
  Test-InstCombine_ZeroExtendOfDwordPhi_BecomesCopy  ok (24 us)
  Test-InstCombine_MultiplyAdd_BecomesTwoAddresses  ok (1 ms)
  Test-InstCombine_MultiplyAdd_PreservesObservedValuesAndFlags  ok (111 us)
  Test-InstCombine_AddressCopy_DefinesAccumulatorDirectly  ok (25 us)
  Test-InstCombine_FloatResultCopy_DefinesAccumulatorDirectly  ok (100 us)
  Test-InstCombine_SqrtResultCopy_PreservesPackedDestination  ok (25 us)
  Test-InstCombine_SqrtResultCopy_KeepsOtherUses  ok (24 us)
  Test-InstCombine_SharedAndInputs_PreservesValuesAndFlags  ok (419 us)
  Test-InstructionCombine_FoldsBooleanSelect  ok (50 us)
  Test-InstructionCombine_KeepsUnsafeBooleanSelect  ok (56 us)
  Test-InstCombine_RangeProvedCompare_ClampErased  ok (32 us)
  Test-InstCombine_RangeProvedCompare_WideMaskKept  ok (16 us)
  Test-InstCombine_RangeProvedCompare_NarrowWriteKept  ok (16 us)
  Test-InstCombine_VectorPlans_KeepFreshRegistersAcrossRollback  ok (75 us)
  Test-MicroDominators_MatchReachabilityWithANodeRemoved  ok (15 us)
  Test-LICM_HoistsInvariantLoad  ok (43 us)
  Test-LICM_HoistsSingleUseLaneBroadcast  ok (39 us)
  Test-LICM_KeepsVolatileLoadInLoop  ok (18 us)
  Test-LICM_HoistsFloatConversionAcrossCallWithLiveIntegerFlags  ok (88 us)
  Test-LICM_KeepsIntegerClearWhenFlagsAreLiveAtEitherSite  ok (37 us)
  Test-LICM_HoistsScalarLiteralLoadsButKeepsZeroLocal  ok (98 us)
  Test-MicroDomTree_MatchesPathsThroughDiamondAndLoop  ok (51 us)
  Test-NaturalLoop_CollectBody_CountsMembersOnceAcrossTailsAndRebuilds  ok (91 us)
  Test-LoopUnroll_MultipleLoops_RebuildsIncomingJumpRanges  ok (34 us)
  Test-LoopUnroll_MultipleIncomingJumps_PreservesLoop  ok (11 us)
  Test-LoopUnroll_ExternalJumpToBody_PreservesLoop  ok (11 us)
  Test-MemToReg_PlainSlot_Promotes  ok (15 us)
  Test-MemToReg_RedefinedAddressRegister_BailsFunction  ok (23 us)
  Test-MemToReg_UnwrittenWideAccess_BlocksOverlapButNotAdjacentSlot  ok (15 us)
  Test-MemToReg_WrappingWideAccess_KeepsNarrowOverlap  ok (10 us)
  Test-MicroPassManager_PostRa_RechecksSuffixAfterEachMutation  ok (6 us)
  Test-MicroPassManager_PostRa_RechecksSuffixWhenFirstSweepPolicyChanges  ok (6 us)
  Test-PostRADeadCodeElim_PreservesAbiLiveOut  ok (13 us)
  Test-PostRADeadCodeElim_UnusedReturnRegistersAreDead  ok (9 us)
  Test-PostRADeadCodeElim_LoopBackEdgeKeepsCarriedDefinition  ok (11 us)
  Test-PostRALoopHoist_InvariantReload_MovesToPreheader  ok (30 us)
  Test-PostRALoopHoist_SlotWrittenInBody_Blocks  ok (16 us)
  Test-PostRALoopHoist_OpaqueStoreInBody_Blocks  ok (16 us)
  Test-PostRALoopHoist_OpaqueStoreOverPrivateFrame_Hoists  ok (22 us)
  Test-PostRALoopHoist_SecondReload_BecomesCopy  ok (22 us)
  Test-PostRALoopHoist_DestinationLiveAtPreheader_Blocks  ok (14 us)
  Test-PostRALoopHoist_CarriedSlot_LeavesTheLoop  ok (27 us)
  Test-PostRALoopHoist_CarriedRegisterReusedElsewhere_Blocks  ok (17 us)
  Test-PostRALoopHoist_SecondDefinitionOfDestinationBlocks  ok (14 us)
  Test-PostRALoopRotate_IndependentHeadersRotate  ok (13 us)
  Test-PostRALoopRotate_SecondIncomingJumpBlocks  ok (8 us)
  Test-PostRALoopRotate_ConditionalBackEdgeBlocks  ok (8 us)
  Test-PostRAPeephole_Nop_Erased  ok (8 us)
  Test-PostRAPeephole_DoesNotForwardFromStoreClaimedByImmediateFold  ok (11 us)
  Test-PostRAPeephole_CopyForward_DoesNotCrossClaimedStoreReload  ok (9 us)
  Test-PostRAPeephole_ErasesStoreOverwrittenBeforeMemoryAccess  ok (7 us)
  Test-PostRAPeephole_DoesNotEraseOverwrittenNonFrameStore  ok (7 us)
  Test-PostRAPeephole_ErasesOwnStoreReloadOnConditionalFallthrough  ok (9 us)
  Test-PostRAPeephole_ForwardsStoredValueToReload  ok (8 us)
  Test-PostRAPeephole_CopyForward_StopsAtEncoderImplicitDef  ok (13 us)
  Test-Legalize_ScratchExcludesFirstReadsInAbiOrder  ok (26 us)
  Test-Legalize_ScratchExclusionsStopBeforeBarrierUses  ok (27 us)
  Test-Legalize_DoesNotPreserveDeadShiftRegisterAcrossJump  ok (12 us)
  Test-Legalize_RewritesB8SignedMultiplyRegMemToRax  ok (10 us)
  Test-Legalize_ClearsPositiveFloatZero  ok (27 us)
  Test-Legalize_KeepsNonzeroFloatBitsAndAddresses  ok (39 us)
  Test-Legalize_KeepsMemoryDestinationAdd  ok (6 us)
  Test-Legalize_KeepsMemoryExchange  ok (6 us)
  Test-PostRAPeephole_DoesNotForwardB8SignedMultiplyImmediate  ok (6 us)
  Test-PostRAPeephole_FoldsIntegerReloadIntoBinary  ok (9 us)
  Test-PostRAPeephole_KeepsIntegerReloadReadAfterConsumer  ok (7 us)
  Test-PostRAPeephole_FoldsIntegerReloadIntoCompare  ok (9 us)
  Test-PostRAPeephole_KeepsByteMultiplyReload  ok (7 us)
  Test-PostRAPeephole_SelfCopy_B64_Erased  ok (6 us)
  Test-PostRAPeephole_SelfCopy_IntB32_Preserved  ok (5 us)
  Test-PostRAPeephole_FallthroughJumpSkipsTrivialGap  ok (8 us)
  Test-PostRAPeephole_DeadCompareBeforeRet_Erased  ok (6 us)
  Test-PostRAPeephole_DeadCompareAfterRedundantJump_Erased  ok (7 us)
  Test-PostRAPeephole_LiveCompareForBranch_Preserved  ok (6 us)
  Test-PostRAPeephole_LoadCondRegRegKeepsCopyBecauseDestinationIsUseDef  ok (9 us)
  Test-PostRAPeephole_FlagReuse_SubThenCompareZero_CompareErased  ok (7 us)
  Test-PostRAPeephole_FlagReuse_UnsafeCondition_ComparePreserved  ok (6 us)
  Test-PostRAPeephole_FlagReuse_NonFlagProducer_ComparePreserved  ok (7 us)
  Test-PostRAPeephole_ZeroToClear_LiveFlagsDead_Converted  ok (6 us)
  Test-PostRAPeephole_ZeroToClear_DeadReg_NotConverted  ok (6 us)
  Test-PostRAPeephole_ZeroToClear_FlagsLive_NotConverted  ok (6 us)
  Test-PostRAPeephole_SelfOperand_FoldsWhenDestinationHoldsTheSlot  ok (7 us)
  Test-PostRAPeephole_SelfOperand_KeepsMemoryOperandWhenWindowExhausted  ok (10 us)
  Test-PreRAPeephole_FloatBinary_DefinesIndependentResult  ok (59 us)
  Test-PreRAPeephole_FloatBinary_PreservesCopiedSecondOperand  ok (14 us)
  Test-PreRAPeephole_ForwardsLoadImmIntoStore  ok (8 us)
  Test-PreRAPeephole_ForwardsLoadImmIntoCmpMem  ok (7 us)
  Test-PreRAPeephole_ForwardsLoadImmIntoMemBinary  ok (7 us)
  Test-PreRAPeephole_ForwardsCopyIntoNextUseOnlySlots  ok (7 us)
  Test-PreRAPeephole_TransfersForbiddenPhysRegsAcrossCopyForward  ok (19 us)
  Test-PreRAPeephole_DoesNotRewriteExchangeUseDefConsumer  ok (9 us)
  Test-PreRAPeephole_ForwardsLoadImmIntoAmcStore  ok (9 us)
  Test-PreRAPeephole_ForwardsClearRegIntoImmediateCompare  ok (8 us)
  Test-PreRAPeephole_FoldsExtendOfImmediate  ok (7 us)
  Test-PreRAPeephole_FoldsPointerImmediateIntoAddress  ok (7 us)
  Test-PreRAPeephole_CombinesAdjacentRegImmAdd  ok (9 us)
  Test-PreRAPeephole_KeepsAdjacentRegImmAddWhenFlagsAreLive  ok (8 us)
  Test-PreRAPeephole_FoldsCopyAddIntoLoadAddress  ok (7 us)
  Test-PreRAPeephole_FoldsCopyAddIntoLoadAddressDespiteMismatchedForbiddenRegs  ok (7 us)
  Test-PreRAPeephole_KeepsCopyAddWhenFlagsAreLive  ok (7 us)
  Test-PreRAPeephole_FoldsAmcIndexImmediateIntoSimpleLoad  ok (7 us)
  Test-PreRAPeephole_FoldsAddressBaseIntoAmcStore  ok (8 us)
  Test-PreRAPeephole_FoldsAmcAddressIntoStore  ok (9 us)
  Test-MicroPrologEpilogSanitize_MergesAdjacentStackAdjustments  ok (14 us)
  Test-MicroPrologEpilogSanitize_DoesNotMergeOutsideEntryExitRegions  ok (9 us)
  Test-MicroPrologEpilogSanitize_ExpandsLargeWindowsStackAdjustIntoPageProbes  ok (8 us)
  Test-MicroPrologEpilogSanitize_KeepsOnlyLastFramePointerSetupInEntryProlog  ok (8 us)
  Test-MicroPrologEpilogSanitize_ReinsertsForcedFramePointerSetupWhenMissing  ok (7 us)
  Test-MicroPrologEpilogSanitize_DoesNotTouchFramePointerSetupAfterBodyStarts  ok (7 us)
  Test-MicroReg_SameClassMatchesVirtualAndPhysicalRegisters  ok (0 us)
  Test-RegAlloc_UsesDedicatedLocalStackBaseRegister  ok (99 us)
  Test-RegAlloc_PersistentAcross  ok (215 us)
  Test-RegAlloc_NoCalls       ok (112 us)
  Test-RegAlloc_MixedIntFloat  ok (178 us)
  Test-RegAlloc_LotsOfVirtualRegs  ok (3 ms)
  Test-RegAlloc_PreservePersistentRegs_Enabled  ok (93 us)
  Test-RegAlloc_PreservePersistentRegs_Disabled  ok (68 us)
  Test-RegAlloc_PreservePersistentRegs_NoNeed  ok (54 us)
  Test-RegAlloc_Spill_IntPressureAcrossCall  ok (286 us)
  Test-RegAlloc_Spill_FloatAcrossCall_NoPersistent  ok (241 us)
  Test-RegAlloc_VirtualRegForbiddenPhysRegs  ok (77 us)
  Test-RegAlloc_Spill_BalancedControlFlow  ok (473 us)
  Test-RegAlloc_KnownComputedJumpKeepsIntervalAllocation  ok (251 us)
  Test-RegAlloc_LoadBaseAddressAcrossCall  ok (114 us)
  Test-RegAlloc_ConcreteLoadDestAcrossCall  ok (110 us)
  Test-RegAlloc_VirtualDefAvoidsLiveConcreteReg  ok (84 us)
  Test-RegAlloc_UsesPersistentFallbackWhenTransientPoolExhausted  ok (64 us)
  Test-RegAlloc_CoalescesLinearVirtualCopies  ok (61 us)
  Test-RegAlloc_TransfersDeadCopySourcesAcrossBarriers  ok (87 us)
  Test-RegAlloc_RematerializesImmediateReloads  ok (68 us)
  Test-MicroInstr_FloatToIntReplacesItsDestination  ok (11 us)
  Test-MicroInstr_SqrtReplacesItsDestination  ok (7 us)
  Test-MicroInstr_SqrtDropsOnlyOverwrittenInitialization  ok (47 us)
  Test-MicroInstr_FloatToIntKeepsOnlyLiveFlagInitialization  ok (26 us)
  Test-RegAlloc_LiveIntervalAccessSearchBoundaries  ok (2 us)
  Test-RegAlloc_LiveIntervalEmptyAndSingleAccess  ok (0 us)
  Test-RegAlloc_LiveIntervalRangeStartSearchBoundaries  ok (0 us)
  Test-MicroSanity_RejectsStackAddressReturnedAsPointer  ok (32 us)
  Test-MicroSanity_AllowsKnownNonStackPointer  ok (17 us)
  Test-MicroSanity_IgnoresStackAddressReturnedAsInteger  ok (17 us)
  Test-SinkToUse_MovesDefinitionToItsConsumer  ok (22 us)
  Test-SinkToUse_LoadCannotCrossBaseRedefinition  ok (9 us)
  Test-SinkToUse_LoadCannotCrossMemoryWrite  ok (8 us)
  Test-SlpVectorize_UnpackableStores_DoesNotBuildSsa  ok (24 us)
  Test-SlpVectorize_MultipleBlocks_PreservesSnapshotAndFreshRegisters  ok (64 us)
  Test-MicroSsa_PhiAtJoin     ok (15 us)
  Test-MicroSsa_Dominators_HandleEntryAndDescendantJoin  ok (10 us)
  Test-MicroSsa_ReachingDef_BeforeWritesAndAtNonUses  ok (8 us)
  Test-MicroSsa_ReachingDef_DominatorSiblings  ok (12 us)
  Test-MicroSsa_ReachingDef_LoopAndUnreachableRoot  ok (11 us)
  Test-MicroSsa_PhiAtJoinWithSharedPredecessorDominator  ok (13 us)
  Test-MicroSsa_PhiInputsFollowManyPredecessors  ok (80 us)
  Test-MicroSsa_RebuildAddsFrontierAfterLinearBlocks  ok (22 us)
  Test-MicroStackAdjustNormalize_RemovesBodyAdjustsAndRebasesOffsets  ok (28 us)
  Test-MicroStackAdjustNormalize_HandlesBranchingDepths  ok (20 us)
  Test-MicroStorage_InsertedInstructionsUseExplicitDebugInsertionKinds  ok (0 us)
  Test-MicroStorage_InsertBeforePreservesExplicitNoStepWhenSourceIsInherited  ok (0 us)
  Test-MicroStackAdjustNormalize_SkipsCallsBelowMaxDepth  ok (13 us)
  Test-StrengthReduction_MultiplyPowerOfTwo  ok (9 us)
  Test-StrengthReduction_MultiplyPowerOfTwoKeepsLiveFlags  ok (7 us)
  Test-StrengthReduction_MultiplyByZero  ok (7 us)
  Test-StrengthReduction_MultiplyByOne  ok (6 us)
  Test-StrengthReduction_MultiplyNonPowerOfTwoUnchanged  ok (6 us)
  Test-StrengthReduction_UnsignedDivideMagicNoFixup  ok (10 us)
  Test-StrengthReduction_UnsignedDivideMagicFixup  ok (11 us)
  Test-StrengthReduction_SignedDividePow2  ok (9 us)
  Test-StrengthReduction_SignedDivideMagic  ok (9 us)
  Test-StrengthReduction_UnsignedModuloMagic  ok (10 us)
  Test-StrengthReduction_SignedDivideNegativeConstantUnchanged  ok (6 us)
  Test-StrengthReduction_DivideByZeroUnchanged  ok (6 us)
  Test-StrengthReduction_NarrowDivideUnchanged  ok (6 us)
  Test-StrengthReduction_RemoveAddZeroDeadAcrossJoin  ok (24 us)
  Test-StrengthReduction_UnsignedMultiplyRequiresLocalFlagRedefinition  ok (51 us)
  Test-StrengthReduction_AddSubZeroPreservesLiveResultsAndFlags  ok (67 us)
  Test-ValueNumbering_DedupIdenticalCompute  ok (27 us)
  Test-ValueNumbering_KeepsDifferentInputs  ok (17 us)
  Test-ValueNumbering_KeepsComputeWithLiveFlags  ok (20 us)
  Test-ValueNumbering_DedupLoadAddress  ok (15 us)
  Test-ValueNumbering_KeepsComputeWhenSourceClobbered  ok (15 us)
  Test-ValueNumbering_DedupRepeatedLoad  ok (18 us)
  Test-ValueNumbering_DedupRepeatedFieldLoad  ok (16 us)
  Test-ValueNumbering_KeepsLoadAcrossStore  ok (16 us)
  Test-ValueNumbering_KeepsLoadAcrossLabel  ok (23 us)
  Test-ValueNumbering_DedupLoadAcrossFallthroughBranch  ok (22 us)
  Test-ValueNumbering_DedupPlainLoadAfterExtendingLoad  ok (18 us)
  Test-ValueNumbering_ExtendsEarlierPlainLoad  ok (15 us)
  Test-ValueNumbering_KeepsFrameLoadsForMemToReg  ok (13 us)
  Test-ValueNumbering_SharesScalarFloatLiteralBits  ok (80 us)
  Test-ValueNumbering_KeepsCheapOrDistinctLiterals  ok (57 us)
  Test-ValueNumbering_KeepsSiblingComputesAndReusesJoinDefinition  ok (27 us)
  Test-VecLoopPromote_LoadStorePair_HoistsAndSinks  ok (22 us)
  Test-VecLoopPromote_OverlappingScalarStore_Blocks  ok (14 us)
  Test-VecLoopPromote_LoadOnlyChunk_HoistsWithoutStore  ok (15 us)
  Test-VecLoopPromote_StackPointerDefinitionInBody_Blocks  ok (13 us)
  Test-NativeArtifact_RuntimeDependencyOrderPreservesPriorityAndCycleFallback  ok (521 us)
  Test-NativeArtifact_DefaultsToLocalOutputTree  ok (107 us)
  Test-NativeArtifact_ImportedApiKeepsLocalOutputTree  ok (97 us)
  Test-NativeArtifact_ModuleNamespaceDefaultsFromModulePath  ok (34 us)
  Test-NativeArtifact_ModuleNamespaceOverrideWins  ok (2 us)
  Test-NativeArtifact_ExplicitArtifactKindOverridesBuildCfgMutation  ok (1 us)
  Test-NativeArtifact_RDataKeepsGrowingCyclicDependencies  ok (1 ms)
  Test-NativeArtifact_CompilerRunExprInsideTestKeepsJitRunnable  ok (224 ms)
  Test-NativeArtifact_CompilerInstanceNativeRegistrationKeepsBucketsConsistent  ok (131 ms)
  Test-NativeArtifact_ExecutablePrunesUnreachableGeneratedFunctions  ok (210 ms)
  Test-NativeArtifact_ExecutableClosesAlternatingDependencies  ok (270 ms)
  Test-NativeArtifact_SilentSpecOpProbeDoesNotDropStructCopyTests  ok (276 ms)
  Test-NativeArtifact_TestFileFilterKeepsReusableArtifactAndSelectsAtRunTime  ok (196 ms)
  Test-NativeArtifact_TestTagFilterKeepsReusableArtifactAndSelectsAtRunTime  ok (205 ms)
  Test-NativeArtifact_TestProgressProtocolIsStrict  ok (2 us)
  Test-NativeArtifact_ConcurrentCompilerInputsKeepEveryDependency  ok (19 s 786 ms)
  Test-PeWriter_CompressesEmbeddedDebugTable  ok (8 ms)
  Test-PeWriter_FoldsIdenticalUnwindInfo  ok (87 us)
  Test-PeWriter_Win32ApplicationResourcesUseConfig  ok (98 us)
  Test-Sema_OverloadRankingUsesOrderedConversionCriteria  ok (7 us)
  Test-Sema_MatchCandidateCollectionPreservesUniqueDiscoveryOrder  ok (192 us)
  Test-Sema_GenericInstanceStoragePreservesIdentityAcrossGrowth  ok (2 ms)
  Test-Sema_AggregateTypeInterningUsesOrderedContents  ok (1 ms)
  Test-Sema_TypeManagerConcurrentInterningKeepsCanonicalStorage  ok (25 ms)
  Test-Sema_TypeManagerReleasesOwnedPayloads  ok (3 ms)
  Test-Sema_CastLegalityCoversScalarConversionKinds  ok (95 us)
  Test-Sema_GenericDeductionBindingHandlesConflictsAndDefaults  ok (56 us)
  Test-Sema_CompletedFreesSummariesKeepDirectForwardingTransitive  ok (92 us)
  Test-Sema_CompletedFreesSummariesResolveGuardedAliasRoutes  ok (38 us)
  Test-SemaPurity_GlobalVariableReadIsNotConstFolded  ok (207 ms)
  Test-SemaPurity_NamespaceQualifiedGlobalFieldReadIsNotConstFolded  ok (225 ms)
  Test-JobManager_DebugStateReportsSleepingJobs  ok (14 us)
  Test-JobManager_ProgressiveWorkersDrainQueuedJobs  ok (1 ms)
  Test-JobManager_TargetedWakeBySymbol  ok (13 us)
  Test-AppendOnlyLookupTable_GrowsAcrossChunks  ok (8 us)
  Test-AppendOnlyLookupTable_ConcurrentReaderSeesPublishedEntries  ok (431 us)
  Test-PagedStore_CopyToPreserveOffsetsKeepsSparseLayout  ok (12 us)
  Test-DataSegment_RelocationIndexHandlesInterleavedMonotonicAdds  ok (46 us)
  Test-DataSegment_RelocationIndexRebuildsAfterOutOfOrderAdd  ok (11 us)
  Test-DataSegment_RelocationRangesPreserveIndexedAndTailEntries  ok (34 us)
  Test-DataSegment_FindAllocationUsesPublishedAllocations  ok (7 us)
  Test-DataSegment_LargeBlockPointersPreservePagedPrefixAndAlignedAllocations  ok (104 us)
  Test-PagedStore_ReserveSpanReturnsWritableContiguousStorage  ok (3 us)
  Test-PagedStore_EmptyCopySpanDoesNotAllocateStorage  ok (2 us)
  Test-PagedStore_ReserveRangeSupportsOversizedZeroedBlocks  ok (4 us)
  Test-DataSegment_StringPoolOwnsInputsAndPreservesViewsAcrossGrowth  ok (416 us)
  Test-DataSegment_StringPoolRelocationsRetainIndependentKeysAcrossRestore  ok (9 us)
  Test-Logger_TestTalliesNameSuccessfulWork  ok (7 us)
  Test-Logger_NestedStagesDetailedChoiceDoesNotLeak  ok (0 us)
  Test-Logger_ProgressCanBeDisabledFromCommandLine  ok (69 us)
  Test-Os_FatalHostExceptionClassificationExcludesCppExceptions  ok (0 us)
  Test-Os_FileLockOwnersNameTheProcessMappingAnImage  ok (189 ms)
  Test-FileSystem_AppendFileUsersNamesThisCompilerProcess  ok (142 ms)
  Test-FileSystem_AppendFileUsersLeavesAnUnheldFileAlone  ok (13 ms)
  Test-Utf8_MoveOperationsTransferStorage  ok (2 us)
  Test-Utf8_FixedDecimalFormatting  ok (2 us)
  Test-WarningPolicy_ReadsWarningIdentifiers  ok (10 us)
  Test-WarningPolicy_ParsesLists  ok (8 us)
  Test-WarningPolicy_ResolvesLayerPrecedence  ok (0 us)
  Tests                       697 tests (24 s 434 ms)
  Skipped                     28 filesystem tests (run with --dev-full)
  Slow-01                     NativeArtifact_ConcurrentCompilerInputsKeepEveryDependency (19 s 786 ms)
  Slow-02                     NativeArtifact_SilentSpecOpProbeDoesNotDropStructCopyTests (276 ms)
  Slow-03                     NativeArtifact_ExecutableClosesAlternatingDependencies (270 ms)
  Slow-04                     SemaPurity_NamespaceQualifiedGlobalFieldReadIsNotConstFolded (225 ms)
  Slow-05                     NativeArtifact_CompilerRunExprInsideTestKeepsJitRunnable (224 ms)
  Slow-06                     DebugInfo_RuntimeStorageLocalsStayOutOfCodeView (218 ms)
  Slow-07                     FFI_CallSwagStructByValueInteropDevMode (216 ms)
  Slow-08                     DebugInfo_CompilerPrivateGlobalsReachCodeViewDataSymbols (214 ms)
  Slow-09                     DebugInfo_CompilerTestFunctionsPreserveStackDebugMetadata (211 ms)
  Slow-10                     NativeArtifact_ExecutablePrunesUnreachableGeneratedFunctions (210 ms)
  ✓  tested      697 passed • 24 s 458 ms
  ✓  clean       24 s 464 ms
