
  pch.cpp
  Sha256.cpp
  Test.ABI.FFI.cpp
  Test.Compiler.ConstantManager.cpp
  Test.Compiler.CommandFormat.cpp
  Test.Compiler.CommandNew.cpp
  Test.Compiler.Doc.cpp
  Test.Compiler.GeneratedAst.cpp
  Test.Compiler.InMemorySource.cpp
  Test.Compiler.Messages.cpp
  Test.Compiler.NodePayload.cpp
  Test.Compiler.Tags.cpp
  Test.Debug.DebugInfo.cpp
  Test.Encoder.EncodeX64.cpp
  Test.Format.Align.cpp
  Test.Format.Attributes.cpp
  Test.Format.Blanks.cpp
  Test.Format.Braces.cpp
  Test.Format.Comments.cpp
  Test.Format.File.cpp
  Test.Format.Literal.cpp
  Test.Format.Off.cpp
  Test.Format.Spacing.cpp
  Test.Format.Style.cpp
  Test.Format.Using.cpp
  Test.Format.Wrap.cpp
  Test.JIT.Execution.cpp
  Test.Micro.BranchSimplify.cpp
  Test.Micro.ConstantFolding.cpp
  Test.Micro.CopyElimination.cpp
  Test.Micro.DeadCodeElimination.cpp
  Test.Micro.InductionVariable.cpp
  Test.Micro.InstructionCombine.cpp
  Test.Micro.LoopInvariantCodeMotion.cpp
  Test.Micro.LoopUnroll.cpp
  Test.Micro.MemToReg.cpp
  Test.Micro.PassManager.cpp
  Test.Micro.PostRADeadCodeElim.cpp
  Test.Micro.PostRALoopHoist.cpp
  Test.Micro.PostRALoopRotate.cpp
  Test.Micro.PostRAPeephole.cpp
  Test.Micro.PreRAPeephole.cpp
  Test.Micro.PrologEpilogSanitize.cpp
  Test.Micro.RegAlloc.cpp
  Test.Micro.Sanity.cpp
  Test.Micro.SinkToUse.cpp
  Test.Micro.SlpVectorize.cpp
  Test.Micro.Ssa.cpp
  Test.Micro.StackAdjustNormalize.cpp
  Test.Micro.StrengthReduction.cpp
  Test.Micro.ValueNumbering.cpp
  Test.Micro.VecLoopPromote.cpp
  Test.Native.NativeArtifact.cpp
  Test.Native.Linker.cpp
  Test.Native.PeWriter.cpp
  Test.Native.Pdb.cpp
  Test.Sema.DecisionProcedures.cpp
  Test.Sema.Purity.cpp
  Test.Support.JobManager.cpp
  Test.Support.AppendOnlyLookupTable.cpp
  Test.Support.PagedStore.cpp
  Test.Support.Logger.cpp
  Test.Support.Os.cpp
  Test.Support.Utf8.cpp
  Test.Support.WarningPolicy.cpp
  UnittestHelpers.cpp
  Job.cpp
  Unittest.cpp
  UnittestSource.cpp
  JIT.cpp
  JITExecManager.cpp
  JITMemoryManager.cpp
  JITMemory.cpp
  JITPatchJob.cpp
  DebugInfo.cpp
  DebugInfoCodeView.cpp
  DebugRecordCollector.cpp
  NativeArtifactBuilder.cpp
  NativeRDataCollector.cpp
  NativeValidate.cpp
  NativeBackendBuilder.cpp
  Linker.cpp
  PELinker.cpp
  Win32OsPatcher.cpp
  CoffReader.cpp
  Archive.cpp
  PEWriter.cpp
  PdbWriter.cpp
  NativeObjJob.cpp
  NativeObjFileWriter.cpp
  NativeObjFileWriterCoff.cpp
  CallConv.cpp
  Encoder.cpp
  ABICall.cpp
  ABITypeNormalize.cpp
  MicroPrinter.cpp
  MicroStorage.cpp
  MicroControlFlowGraph.cpp
  MicroBuilder.cpp
  MicroReg.cpp
  MicroInstr.cpp
  MachineCode.cpp
  Pass.BranchSimplify.cpp
  Pass.ConstantFolding.cpp
  Pass.CopyElimination.cpp
  Pass.DeadCodeElimination.cpp
  Pass.Emit.cpp
  Pass.InstructionCombine.cpp
  Pass.InstructionCombine.Common.cpp
  Pass.InstructionCombine.RegImm.cpp
  Pass.InstructionCombine.RegReg.cpp
  Pass.InstructionCombine.MemoryFold.cpp
  Pass.InstructionCombine.LoadFold.cpp
  Pass.InstructionCombine.VecLoadFold.cpp
  Pass.InstructionCombine.BuildVector.cpp
  Pass.InstructionCombine.AddressMode.cpp
  Pass.InstructionCombine.NarrowExtend.cpp
  Pass.InstructionCombine.ZeroExtend.cpp
  Pass.InstructionCombine.FloatOrderedCompare.cpp
  Pass.InstructionCombine.CommuteConst.cpp
  Pass.InstructionCombine.StoreToLoad.cpp
  Pass.InstructionCombine.ConstProp.cpp
  Pass.Legalize.cpp
  Pass.PostRAPeephole.cpp
  Pass.PostRAPeephole.ConstForward.cpp
  Pass.PostRAPeephole.CopyForward.cpp
  Pass.PostRAPeephole.FloatThreeOperand.cpp
  Pass.PostRAPeephole.Common.cpp
  Pass.PostRAPeephole.Flags.cpp
  Pass.PostRAPeephole.Trivial.cpp
  Pass.PostRADeadCodeElim.cpp
  Pass.PostRALoopHoist.cpp
  Pass.PostRALoopRotate.cpp
  Pass.PreRAPeephole.cpp
  Pass.PreRAPeephole.AddressForward.cpp
  Pass.PreRAPeephole.Common.cpp
  Pass.PreRAPeephole.ConstForward.cpp
  Pass.PreRAPeephole.CopyForward.cpp
  Pass.PreRAPeephole.RegImm.cpp
  Pass.PrologEpilog.cpp
  Pass.PrologEpilogSanitize.cpp
  Pass.RegisterAllocation.cpp
  Pass.RegisterAllocation.Interval.cpp
  Pass.MemToReg.cpp
  Pass.LoopInvariantCodeMotion.cpp
  Pass.LoopUnroll.cpp
  Pass.SinkToUse.cpp
  Pass.SlpVectorize.cpp
  Pass.VecLoopPromote.cpp
  Pass.StackAdjustNormalize.cpp
  Pass.InductionVariable.cpp
  Pass.StrengthReduction.cpp
  Pass.ValueNumbering.cpp
  Pass.Sanity.cpp
  Sanitizer.cpp
  Check.NullDeref.cpp
  Check.DivByZero.cpp
  Check.FloatDomain.cpp
  Check.IntOverflow.cpp
  Check.StackEscape.cpp
  Check.BoundCheck.cpp
  Check.UseAfterFree.cpp
  Check.UseAfterMove.cpp
  CodeGenMoveElision.cpp
  MicroInstrInfo.cpp
  MicroPassHelpers.cpp
  MicroSsaState.cpp
  MicroPassManager.cpp
  MicroVerify.cpp
  X64Encoder.cpp
  X64Unwind.cpp
  X64Unwind.Windows.cpp
  CodeGen.Block.cpp
  CodeGen.For.cpp
  CodeGen.Foreach.cpp
  CodeGen.If.cpp
  CodeGen.Loop.cpp
  CodeGen.Switch.cpp
  CodeGen.Binary.cpp
  CodeGen.Assign.cpp
  CodeGen.Cast.cpp
  CodeGen.Conditional.cpp
  CodeGen.Constant.cpp
  CodeGen.Intrinsic.Call.cpp
  CodeGen.Intrinsic.cpp
  CodeGen.Function.cpp
  CodeGen.Function.Post.cpp
  CodeGen.Identifier.cpp
  CodeGen.Index.cpp
  CodeGen.Logical.cpp
  CodeGen.Member.cpp
  CodeGen.Relational.cpp
  CodeGen.Compiler.cpp
  CodeGen.Unary.cpp
  CodeGenJob.cpp
  CodeGenCallHelpers.cpp
  CodeGenCallHelpers.Call.cpp
  CodeGenConstantHelpers.cpp
  CodeGenVectorHelpers.cpp
  CodeGenFunctionHelpers.cpp
  CodeGenInterfaceHelpers.cpp
  CodeGenMemoryHelpers.cpp
  CodeGenStructHelpers.cpp
  CodeGenSafety.cpp
  CodeGen.cpp
  Sema.Range.cpp
  SemaError.Specific.cpp
  SemaClone.cpp
  SemaInline.cpp
  SemaEscape.cpp
  SemaInitFlow.cpp
  SemaPurity.cpp
  ConstantIntrinsic.cpp
  DenseBits.cpp
  ByteArray.cpp
  DataSegment.cpp
  PagedStore.cpp
  Utf8.cpp
  Utf8Helper.cpp
  LangSpec.cpp
  DocApi.cpp
  DocApi.Collect.cpp
  DocApi.Render.cpp
  DocFile.cpp
  DocGenerator.cpp
  DocMarkdown.cpp
  DocPage.cpp
  DocSearch.cpp
  Lexer.cpp
  SourceCodeRange.cpp
  SourceView.cpp
  SyntaxColor.cpp
  Token.cpp
  AstSourceWriter.cpp
  FormatClassifier.cpp
  FormatModel.cpp
  FormatPasses.cpp
  Pass.Align.cpp
  Pass.Attributes.cpp
  Pass.Blanks.cpp
  Pass.Braces.cpp
  Pass.Comments.cpp
  Pass.Indent.cpp
  Pass.Spacing.cpp
  Pass.Using.cpp
  Pass.Wrap.cpp
  FormatJob.cpp
  FormatOptionsLoader.cpp
  FormatStyle.cpp
  Formatter.cpp
  main.cpp
  Command.New.cpp
  Command.Clean.cpp
  Command.Format.cpp
  Command.DryRun.cpp
  Command.Sema.cpp
  Command.Doc.cpp
  Command.ShowConfig.cpp
  Command.Syntax.cpp
  Command.Test.cpp
  Command.Build.cpp
  CommandLineParser.cpp
  CommandLineParser.Commands.cpp
  CommandLineParser.Help.cpp
  FileSystem.cpp
  Global.cpp
  CompilerMessageTypeInfoJob.cpp
  CompilerTagRegistry.cpp
  CompilerInstance.cpp
  CompilerInstance.Module.cpp
  CompilerInstance.Message.cpp
  ExternalModuleManager.cpp
  ModuleApi.Decl.cpp
  ModuleApi.Source.cpp
  ModuleApi.Symbol.cpp
  ModuleApiExport.cpp
  ModuleApiExport.Content.cpp
  ModuleApiExport.Generate.cpp
  ModuleApiExport.Roots.cpp
  ModuleApiExport.Validate.cpp
  Stats.cpp
  StructConfig.cpp
  TakeContext.cpp
  TaskState.cpp
  ApFloat.cpp
  ApInt.cpp
  ApsInt.cpp
  Fold.cpp
  Hash.cpp
  Helpers.cpp
  Allocator.cpp
  Arena.cpp
  Heap.cpp
  Os.Windows.cpp
  Ast.cpp
  AstPrinter.cpp
  AstNode.cpp
  AstVisit.cpp
  Parser.Aggregate.cpp
  Parser.Call.cpp
  Parser.Compiler.cpp
  Parser.Compound.cpp
  Parser.cpp
  Parser.Enum.cpp
  Parser.Expression.cpp
  Parser.Func.cpp
  Parser.Literal.cpp
  Parser.Stmt.cpp
  Parser.Type.cpp
  Parser.Var.cpp
  ParserJob.cpp
  Assert.cpp
  DiagnosticBuilder.cpp
  HardwareException.cpp
  LogColor.cpp
  Diagnostic.cpp
  DiagnosticElement.cpp
  Logger.cpp
  LogSymbol.cpp
  ScopedTimedLog.cpp
  WarningPolicy.cpp
  Sema.Attributes.cpp
  Sema.Block.cpp
  Sema.Cast.cpp
  Sema.Compiler.Body.cpp
  Sema.Compiler.Call.cpp
  Sema.Compiler.cpp
  Sema.Enum.cpp
  Sema.Identifier.cpp
  Sema.Binary.cpp
  Sema.Conditional.cpp
  Sema.Index.cpp
  Sema.Logical.cpp
  Sema.Assign.cpp
  Sema.Member.Auto.cpp
  Sema.Member.cpp
  Sema.Relational.cpp
  Sema.Switch.cpp
  Sema.Unary.cpp
  Sema.Function.cpp
  Sema.Function.Flow.cpp
  Sema.If.cpp
  Sema.Impl.cpp
  Sema.Interface.cpp
  Sema.Intrinsic.cpp
  Sema.Literal.cpp
  Sema.Struct.cpp
  Sema.Type.cpp
  Sema.Var.cpp
  Sema.Loop.cpp
  Cast.Array.cpp
  Cast.Cast.cpp
  Cast.Const.cpp
  Cast.Convert.cpp
  Cast.Runtime.cpp
  CastRequest.cpp
  CastFailure.cpp
  Cast.Struct.cpp
  Cast.cpp
  ConstantManager.cpp
  ConstantValue.cpp
  ConstantHelpers.cpp
  ConstantLower.cpp
  ConstantExtract.cpp
  Sema.cpp
  SemaFrame.cpp
  NodePayload.cpp
  SemaJob.cpp
  SemaNodeView.cpp
  SemaAccess.cpp
  SemaCheck.cpp
  SemaCycle.cpp
  SemaError.cpp
  SemaGeneric.Deduce.cpp
  SemaGeneric.Instance.cpp
  SemaGeneric.Instantiate.cpp
  SemaGeneric.Where.cpp
  SemaGeneric.Resolve.cpp
  SemaHelpers.cpp
  SemaHelpers.Runtime.cpp
  SemaHelpers.Symbol.cpp
  SemaHelpers.Type.cpp
  SemaJIT.cpp
  SemaSpecOp.Generated.cpp
  SemaSpecOp.Resolve.cpp
  SemaSpecOp.cpp
  Match.cpp
  Match.Func.cpp
  MatchContext.cpp
  IdentifierManager.cpp
  Symbol.Enum.cpp
  Symbol.Function.cpp
  Symbol.Function.Jit.cpp
  Symbol.Impl.cpp
  Symbol.Interface.cpp
  Symbol.Struct.cpp
  Symbol.Variable.cpp
  SymbolMap.cpp
  Symbol.cpp
  TypeGen.cpp
  TypeGen.Layout.cpp
  TypeGen.Payload.cpp
  TypeGen.Process.cpp
  TypeInfo.cpp
  TypeManager.cpp
  TypeRuntimeHash.cpp
  JobManager.cpp
  RaceCondition.cpp
  SourceFile.cpp
  Verify.cpp
  HostCpuGuard.cpp
  Mimalloc.cpp
  swc.vcxproj -> C:\Perso\swag-lang\swc-artifact-latency\.tmp\baseline-build\bin\swc.exe
