bin/swc.dm.exe run -w bin/unittests/workspace -m consumer_exe -bc devmode --rebuild --num-cores 6 --log-ascii



Status                    : ready
AverageCpuPercent         : 8
MaximumCpuPercent         : 65
AvailablePhysicalGiB      : 16,9
RequiredPhysicalGiB       : 8
CommitHeadroomGiB         : 11,8
RequiredCommitHeadroomGiB : 8




  >  swag        run * workspace [consumer_exe] * devmode
  *  module      win32 * 31 files * 197 ms
  *  module      xinput * 28 files * 177 ms
  *  module      core * 349 files * core.dll * 15 s 972 ms
  *  workspace   std [2 roots] * 3 modules * 17 s 191 ms
  *  module      api_export_provider * 31 files * 227 ms
  *  module      api_static_provider * 28 files * api_static_provider.lib * 333 ms
  *  module      runtime_context_base_static * 20 files * runtime_context_base_static.lib * 366 ms
  *  module      runtime_context_bridge_dll * 24 files * runtime_context_bridge_dll.dll * 526 ms
  *  module      runtime_context_direct_static * 20 files * runtime_context_direct_static.lib * 498 ms
  *  module      consumer_exe * 64 files * consumer_exe.exe * 1 s 733 ms
SWAG_WORKSPACE_MAIN_RAN
  *  workspace   workspace [consumer_exe] * 6 modules * 22 s 93 ms
  *  clean       22 s 93 ms

Exit code: 0
