
  DebugInfoCodeView.cpp
  PEWriter.cpp
  PdbWriter.cpp
  MicroPassHelpers.cpp
  MicroPassManager.cpp
  MicroSsaState.cpp
  Pass.BranchSimplify.cpp
  Pass.ConstantFolding.cpp
  Pass.CopyElimination.cpp
  Pass.DeadCodeElimination.cpp
  Pass.InductionVariable.cpp
  Pass.InstructionCombine.AddressMode.cpp
  Pass.InstructionCombine.BuildVector.cpp
  Pass.InstructionCombine.Common.cpp
  Pass.InstructionCombine.CommuteConst.cpp
  Pass.InstructionCombine.ConstProp.cpp
  Pass.InstructionCombine.FloatOrderedCompare.cpp
  Pass.InstructionCombine.LoadFold.cpp
  Pass.InstructionCombine.MemoryFold.cpp
  Pass.InstructionCombine.NarrowExtend.cpp
  Pass.InstructionCombine.RegImm.cpp
  Pass.InstructionCombine.RegReg.cpp
  Pass.InstructionCombine.StoreToLoad.cpp
  Pass.InstructionCombine.VecLoadFold.cpp
  Pass.InstructionCombine.ZeroExtend.cpp
  Pass.InstructionCombine.cpp
  Pass.Legalize.cpp
  Pass.LoopInvariantCodeMotion.cpp
  Pass.LoopUnroll.cpp
  Pass.MemToReg.cpp
  Pass.PostRADeadCodeElim.cpp
  Pass.PostRALoopHoist.cpp
  Pass.PostRAPeephole.Common.cpp
  Pass.PreRAPeephole.AddressForward.cpp
  Pass.PreRAPeephole.Common.cpp
  Pass.PreRAPeephole.ConstForward.cpp
  Pass.PreRAPeephole.CopyForward.cpp
  Pass.PreRAPeephole.RegImm.cpp
  Pass.PreRAPeephole.cpp
  Pass.PrologEpilog.cpp
  Pass.PrologEpilogSanitize.cpp
  Pass.SinkToUse.cpp
  Pass.SlpVectorize.cpp
  Pass.StrengthReduction.cpp
  Pass.ValueNumbering.cpp
  Pass.VecLoopPromote.cpp
  Check.UseAfterFree.cpp
  Sanitizer.cpp
  Sema.Compiler.cpp
  DocPage.cpp
  CommandLineParser.Help.cpp
  CompilerInstance.Module.cpp
  Test.Micro.DeadCodeElimination.cpp
  Test.Micro.LoopInvariantCodeMotion.cpp
  Test.Micro.MemToReg.cpp
  Test.Micro.PostRAPeephole.cpp
  Test.Micro.SlpVectorize.cpp
  Test.Micro.Ssa.cpp
  swc.vcxproj -> C:\Perso\swag-lang\swc-compile-perf\bin\swc.dm.exe
