
  DebugInfoCodeView.cpp
  PEWriter.cpp
  PdbWriter.cpp
  MachineCode.cpp
  MicroBuilder.cpp
  MicroPassHelpers.cpp
  MicroPassManager.cpp
  MicroSsaState.cpp
  MicroVerify.cpp
  Pass.BranchSimplify.cpp
  Pass.ConstantFolding.cpp
  Pass.CopyElimination.cpp
  Pass.DeadCodeElimination.cpp
  Pass.Emit.cpp
  Pass.InductionVariable.cpp
  Pass.InstructionCombine.cpp
  Pass.Legalize.cpp
  Pass.LoopInvariantCodeMotion.cpp
  Pass.LoopUnroll.cpp
  Pass.MemToReg.cpp
  Pass.PostRADeadCodeElim.cpp
  Pass.PostRALoopHoist.cpp
  Pass.PostRALoopRotate.cpp
  Pass.PostRAPeephole.cpp
  Pass.PreRAPeephole.cpp
  Pass.PrologEpilog.cpp
  Pass.PrologEpilogSanitize.cpp
  Pass.RegisterAllocation.Interval.cpp
  Pass.RegisterAllocation.cpp
  Pass.Sanity.cpp
  Pass.SinkToUse.cpp
  Pass.SlpVectorize.cpp
  Pass.StackAdjustNormalize.cpp
  Pass.StrengthReduction.cpp
  Pass.ValueNumbering.cpp
  Pass.VecLoopPromote.cpp
  Check.StackEscape.cpp
  Check.UseAfterFree.cpp
  Sanitizer.cpp
  Sema.Compiler.cpp
  DocPage.cpp
  CommandLineParser.Help.cpp
  CompilerInstance.Module.cpp
  Test.Encoder.EncodeX64.cpp
  Test.Micro.BranchSimplify.cpp
  Test.Micro.ConstantFolding.cpp
  Test.Micro.CopyElimination.cpp
  Test.Micro.DeadCodeElimination.cpp
  Test.Micro.InductionVariable.cpp
  Test.Micro.InstructionCombine.cpp
  Test.Micro.LoopInvariantCodeMotion.cpp
  Test.Micro.LoopUnroll.cpp
  Test.Micro.MemToReg.cpp
  Test.Micro.PassManager.cpp
  Test.Micro.PostRADeadCodeElim.cpp
  Test.Micro.PostRALoopHoist.cpp
  Test.Micro.PostRALoopRotate.cpp
  Test.Micro.PostRAPeephole.cpp
  Test.Micro.PreRAPeephole.cpp
  Test.Micro.PrologEpilogSanitize.cpp
  Test.Micro.RegAlloc.cpp
  Test.Micro.Sanity.cpp
  Test.Micro.SinkToUse.cpp
  Test.Micro.SlpVectorize.cpp
  Test.Micro.StackAdjustNormalize.cpp
  Test.Micro.StrengthReduction.cpp
  Test.Micro.ValueNumbering.cpp
  Test.Micro.VecLoopPromote.cpp
  UnittestHelpers.cpp
  swc.vcxproj -> C:\Perso\swag-lang\swc-compile-perf\bin\swc.dm.exe
