
  ABICall.cpp
  DebugInfoCodeView.cpp
  DebugRecordCollector.cpp
  JIT.cpp
  JITExecManager.cpp
  JITPatchJob.cpp
  PELinker.cpp
  PEWriter.cpp
  PdbWriter.cpp
  MachineCode.cpp
  MicroBuilder.cpp
  MicroControlFlowGraph.cpp
  MicroPassHelpers.cpp
  MicroPassManager.cpp
  MicroPrinter.cpp
  MicroSsaState.cpp
  MicroVerify.cpp
  Pass.BranchSimplify.cpp
  Pass.ConstantFolding.cpp
  Pass.CopyElimination.cpp
  Pass.DeadCodeElimination.cpp
  Pass.Emit.cpp
  Pass.InductionVariable.cpp
  Pass.InstructionCombine.AddressMode.cpp
  Pass.InstructionCombine.Common.cpp
  Pass.InstructionCombine.ConstProp.cpp
  Pass.InstructionCombine.StoreToLoad.cpp
  Pass.InstructionCombine.cpp
  Pass.Legalize.cpp
  Pass.LoopInvariantCodeMotion.cpp
  Pass.LoopUnroll.cpp
  Pass.MemToReg.cpp
  Pass.PostRADeadCodeElim.cpp
  Pass.PostRALoopHoist.cpp
  Pass.PostRALoopRotate.cpp
  Pass.PreRAPeephole.Common.cpp
  Pass.PreRAPeephole.CopyForward.cpp
  Pass.PreRAPeephole.cpp
  Pass.PrologEpilog.cpp
  Pass.RegisterAllocation.Interval.cpp
  Pass.RegisterAllocation.cpp
  Pass.Sanity.cpp
  Pass.SinkToUse.cpp
  Pass.SlpVectorize.cpp
  Pass.ValueNumbering.cpp
  Pass.VecLoopPromote.cpp
  NativeArtifactBuilder.cpp
  NativeBackendBuilder.cpp
  NativeRDataCollector.cpp
  NativeValidate.cpp
  Check.BoundCheck.cpp
  Check.DivByZero.cpp
  Check.FloatDomain.cpp
  Check.IntOverflow.cpp
  Check.NullDeref.cpp
  Check.StackEscape.cpp
  Check.UseAfterFree.cpp
  Check.UseAfterMove.cpp
  Sanitizer.cpp
  CodeGen.Assign.cpp
  CodeGen.Binary.cpp
  CodeGen.Block.cpp
  CodeGen.Cast.cpp
  CodeGen.Compiler.cpp
  CodeGen.Conditional.cpp
  CodeGen.Constant.cpp
  CodeGen.For.cpp
  CodeGen.Foreach.cpp
  CodeGen.Function.Post.cpp
  CodeGen.Function.cpp
  CodeGen.Identifier.cpp
  CodeGen.If.cpp
  CodeGen.Index.cpp
  CodeGen.Intrinsic.Call.cpp
  CodeGen.Intrinsic.cpp
  CodeGen.Logical.cpp
  CodeGen.Loop.cpp
  CodeGen.Member.cpp
  CodeGen.Relational.cpp
  CodeGen.Switch.cpp
  CodeGen.Unary.cpp
  CodeGen.cpp
  CodeGenCallHelpers.Call.cpp
  CodeGenCallHelpers.cpp
  CodeGenConstantHelpers.cpp
  CodeGenFunctionHelpers.cpp
  CodeGenInterfaceHelpers.cpp
  CodeGenJob.cpp
  CodeGenMemoryHelpers.cpp
  CodeGenMoveElision.cpp
  CodeGenSafety.cpp
  CodeGenStructHelpers.cpp
  CodeGenVectorHelpers.cpp
  ModuleApi.Decl.cpp
  ModuleApi.Symbol.cpp
  ModuleApiExport.Generate.cpp
  ModuleApiExport.Roots.cpp
  ModuleApiExport.Validate.cpp
  ModuleApiExport.cpp
  Sema.Assign.cpp
  Sema.Attributes.cpp
  Sema.Binary.cpp
  Sema.Block.cpp
  Sema.Cast.cpp
  Sema.Compiler.Body.cpp
  Sema.Compiler.Call.cpp
  Sema.Compiler.cpp
  Sema.Conditional.cpp
  Sema.Enum.cpp
  Sema.Function.Flow.cpp
  Sema.Function.cpp
  Sema.Identifier.cpp
  Sema.If.cpp
  Sema.Impl.cpp
  Sema.Index.cpp
  Sema.Interface.cpp
  Sema.Intrinsic.cpp
  Sema.Literal.cpp
  Sema.Logical.cpp
  Sema.Loop.cpp
  Sema.Member.Auto.cpp
  Sema.Member.cpp
  Sema.Range.cpp
  Sema.Relational.cpp
  Sema.Struct.cpp
  Sema.Switch.cpp
  Sema.Type.cpp
  Sema.Unary.cpp
  Sema.Var.cpp
  Cast.Cast.cpp
  Cast.Const.cpp
  Cast.Convert.cpp
  Cast.Runtime.cpp
  Cast.Struct.cpp
  Cast.cpp
  ConstantHelpers.cpp
  ConstantIntrinsic.cpp
  ConstantLower.cpp
  NodePayload.cpp
  Sema.cpp
  SemaFrame.cpp
  SemaNodeView.cpp
  SemaGeneric.Deduce.cpp
  SemaGeneric.Instance.cpp
  SemaGeneric.Instantiate.cpp
  SemaGeneric.Resolve.cpp
  SemaGeneric.Where.cpp
  SemaAccess.cpp
  SemaCheck.cpp
  SemaClone.cpp
  SemaCycle.cpp
  SemaError.cpp
  SemaEscape.cpp
  SemaHelpers.Runtime.cpp
  SemaHelpers.Symbol.cpp
  SemaHelpers.Type.cpp
  SemaHelpers.cpp
  SemaInitFlow.cpp
  SemaInline.cpp
  SemaJIT.cpp
  SemaPurity.cpp
  SemaSpecOp.Generated.cpp
  SemaSpecOp.Resolve.cpp
  SemaSpecOp.cpp
  Match.Func.cpp
  Match.cpp
  MatchContext.cpp
  Symbol.Function.Jit.cpp
  Symbol.Function.cpp
  Symbol.Impl.cpp
  Symbol.Interface.cpp
  Symbol.Struct.cpp
  Symbol.Variable.cpp
  Symbol.cpp
  TypeGen.Payload.cpp
  TypeGen.Process.cpp
  TypeGen.cpp
  TypeInfo.cpp
  TypeManager.cpp
  TypeRuntimeHash.cpp
  DocApi.Collect.cpp
  DocApi.Render.cpp
  DocPage.cpp
  Command.Build.cpp
  Command.Sema.cpp
  Command.Test.cpp
  CommandLineParser.Help.cpp
  CompilerInstance.Message.cpp
  CompilerInstance.Module.cpp
  CompilerInstance.cpp
  Assert.cpp
  HardwareException.cpp
  ScopedTimedLog.cpp
  Test.ABI.FFI.cpp
  Test.Compiler.Messages.cpp
  Test.Debug.DebugInfo.cpp
  Test.Encoder.EncodeX64.cpp
  Test.JIT.Execution.cpp
  Test.Micro.BranchSimplify.cpp
  Test.Micro.ConstantFolding.cpp
  Test.Micro.CopyElimination.cpp
  Test.Micro.DeadCodeElimination.cpp
  Test.Micro.InstructionCombine.cpp
  Test.Micro.LoopInvariantCodeMotion.cpp
  Test.Micro.LoopUnroll.cpp
  Test.Micro.MemToReg.cpp
  Test.Micro.PassManager.cpp
  Test.Micro.PostRADeadCodeElim.cpp
  Test.Micro.PostRALoopHoist.cpp
  Test.Micro.PostRALoopRotate.cpp
  Test.Micro.PostRAPeephole.cpp
  Test.Micro.PreRAPeephole.cpp
  Test.Micro.PrologEpilogSanitize.cpp
  Test.Micro.RegAlloc.cpp
  Test.Micro.Sanity.cpp
  Test.Micro.SinkToUse.cpp
  Test.Micro.SlpVectorize.cpp
  Test.Micro.Ssa.cpp
  Test.Micro.StackAdjustNormalize.cpp
  Test.Micro.StrengthReduction.cpp
  Test.Micro.ValueNumbering.cpp
  Test.Micro.VecLoopPromote.cpp
  Test.Native.NativeArtifact.cpp
  UnittestHelpers.cpp
  swc.vcxproj -> C:\Perso\swag-lang\swc-compile-perf\bin\swc.dm.exe
