
  Test.Micro.ConstantFolding.cpp
  Test.Micro.DeadCodeElimination.cpp
  Test.Micro.LoopInvariantCodeMotion.cpp
  Test.Micro.LoopUnroll.cpp
  Test.Micro.PassManager.cpp
  Test.Micro.PostRADeadCodeElim.cpp
  Test.Micro.PostRALoopHoist.cpp
  Test.Micro.PostRALoopRotate.cpp
  Test.Micro.SinkToUse.cpp
  Test.Micro.SlpVectorize.cpp
  Test.Micro.Ssa.cpp
  Test.Micro.VecLoopPromote.cpp
  DebugInfoCodeView.cpp
  PEWriter.cpp
  PdbWriter.cpp
  Pass.BranchSimplify.cpp
  Pass.ConstantFolding.cpp
  Pass.CopyElimination.cpp
  Pass.DeadCodeElimination.cpp
  Pass.InstructionCombine.cpp
  Pass.InstructionCombine.Common.cpp
  Pass.InstructionCombine.RegImm.cpp
  Pass.InstructionCombine.RegReg.cpp
  Pass.InstructionCombine.MemoryFold.cpp
  Pass.InstructionCombine.LoadFold.cpp
  Pass.InstructionCombine.VecLoadFold.cpp
  Pass.InstructionCombine.BuildVector.cpp
  Pass.InstructionCombine.AddressMode.cpp
  Pass.InstructionCombine.NarrowExtend.cpp
  Pass.InstructionCombine.ZeroExtend.cpp
  Pass.InstructionCombine.FloatOrderedCompare.cpp
  Pass.InstructionCombine.CommuteConst.cpp
  Pass.InstructionCombine.StoreToLoad.cpp
  Pass.InstructionCombine.ConstProp.cpp
  Pass.Legalize.cpp
  Pass.PostRAPeephole.Common.cpp
  Pass.PostRADeadCodeElim.cpp
  Pass.PostRALoopHoist.cpp
  Pass.PostRALoopRotate.cpp
  Pass.PreRAPeephole.cpp
  Pass.PreRAPeephole.AddressForward.cpp
  Pass.PreRAPeephole.Common.cpp
  Pass.PreRAPeephole.ConstForward.cpp
  Pass.PreRAPeephole.CopyForward.cpp
  Pass.PreRAPeephole.RegImm.cpp
  Pass.PrologEpilogSanitize.cpp
  Pass.MemToReg.cpp
  Pass.LoopInvariantCodeMotion.cpp
  Pass.LoopUnroll.cpp
  Pass.SinkToUse.cpp
  Pass.SlpVectorize.cpp
  Pass.VecLoopPromote.cpp
  Pass.InductionVariable.cpp
  Pass.StrengthReduction.cpp
  Pass.ValueNumbering.cpp
  Sanitizer.cpp
  Check.UseAfterFree.cpp
  MicroPassHelpers.cpp
  MicroSsaState.cpp
  MicroPassManager.cpp
  DocPage.cpp
  CommandLineParser.Help.cpp
  CompilerInstance.Module.cpp
  Sema.Compiler.cpp
  swc.vcxproj -> C:\Perso\swag-lang\swc-compile-perf\bin\swc.dm.exe
