A: C:\Users\chris\AppData\Local\swc-agent-builds\speed-20260925\bin\swc-baseline-1149.exe
B: C:\Perso\swag-lang\swc-speed\bin\swc.exe
7 round(s), 6 compiler worker(s)
  round 1 A core_rebuild  wall=   5372.9 ms  cpu=  23265.6 ms  commit= 636.1 MiB  ws= 568.9 MiB
  round 1 B core_rebuild  wall=   6114.3 ms  cpu=  26718.8 ms  commit= 624.1 MiB  ws= 559.0 MiB
  round 2 B core_rebuild  wall=   5091.2 ms  cpu=  22140.6 ms  commit= 645.2 MiB  ws= 576.4 MiB
  round 2 A core_rebuild  wall=   8261.8 ms  cpu=  33484.4 ms  commit= 568.3 MiB  ws= 501.4 MiB
  round 3 A core_rebuild  wall=   7228.8 ms  cpu=  29531.2 ms  commit= 628.4 MiB  ws= 564.1 MiB
  round 3 B core_rebuild  wall=   6253.4 ms  cpu=  27546.9 ms  commit= 638.0 MiB  ws= 565.5 MiB
  round 4 B core_rebuild  wall=   5174.2 ms  cpu=  21187.5 ms  commit= 671.4 MiB  ws= 604.1 MiB
  round 4 A core_rebuild  wall=   3864.4 ms  cpu=  17406.2 ms  commit= 634.1 MiB  ws= 568.9 MiB
  round 5 A core_rebuild  wall=   5351.2 ms  cpu=  23921.9 ms  commit= 637.3 MiB  ws= 572.6 MiB
  round 5 B core_rebuild  wall=   5124.7 ms  cpu=  21578.1 ms  commit= 634.0 MiB  ws= 566.6 MiB
  round 6 B core_rebuild  wall=   6955.8 ms  cpu=  29953.1 ms  commit= 596.6 MiB  ws= 531.5 MiB
  round 6 A core_rebuild  wall=   4750.9 ms  cpu=  20875.0 ms  commit= 637.3 MiB  ws= 570.1 MiB
  round 7 A core_rebuild  wall=   5504.2 ms  cpu=  24125.0 ms  commit= 621.4 MiB  ws= 553.6 MiB
Waiting for compiler headroom
  round 7 B core_rebuild  wall=   7626.0 ms  cpu=  31796.9 ms  commit= 640.5 MiB  ws= 568.6 MiB

workload              min ms  median ms     cpu ms commit MiB     ws MiB
core_rebuild  A       3864.4     5372.9    23921.9      637.3      572.6
core_rebuild  B       5091.2     6114.3    26718.8      671.4      604.1
core_rebuild  B/A                 1.138      1.148      1.015      1.003
