A: C:\Users\chris\AppData\Local\swc-agent-builds\speed-20260925\bin\swc-baseline-1145.exe
B: C:\Perso\swag-lang\swc-speed\bin\swc.exe
5 round(s), 6 compiler worker(s)
  round 1 A core_rebuild  wall=   1888.8 ms  cpu=   8437.5 ms  commit= 644.1 MiB  ws= 577.2 MiB
  round 1 A core_touch    wall=   1760.5 ms  cpu=   8093.8 ms  commit= 619.3 MiB  ws= 558.1 MiB
  round 1 B core_rebuild  wall=   3752.6 ms  cpu=  15609.4 ms  commit= 649.4 MiB  ws= 579.2 MiB
Waiting for compiler headroom
  round 1 B core_touch    wall=   2018.5 ms  cpu=   9562.5 ms  commit= 610.2 MiB  ws= 540.0 MiB
  round 2 B core_rebuild  wall=   2954.8 ms  cpu=  13343.8 ms  commit= 633.4 MiB  ws= 567.6 MiB
  round 2 B core_touch    wall=   3581.0 ms  cpu=  15093.8 ms  commit= 592.7 MiB  ws= 540.4 MiB
  round 2 A core_rebuild  wall=   4876.2 ms  cpu=  19687.5 ms  commit= 645.4 MiB  ws= 572.2 MiB
  round 2 A core_touch    wall=   2224.8 ms  cpu=  10609.4 ms  commit= 622.5 MiB  ws= 558.7 MiB
  round 3 A core_rebuild  wall=   2439.2 ms  cpu=  10812.5 ms  commit= 646.1 MiB  ws= 579.7 MiB
  round 3 A core_touch    wall=   2272.2 ms  cpu=  10218.8 ms  commit= 602.5 MiB  ws= 546.3 MiB
  round 3 B core_rebuild  wall=   2474.6 ms  cpu=  11640.6 ms  commit= 650.9 MiB  ws= 580.1 MiB
  round 3 B core_touch    wall=   2141.6 ms  cpu=  10343.8 ms  commit= 605.3 MiB  ws= 547.6 MiB
  round 4 B core_rebuild  wall=   2595.4 ms  cpu=  12062.5 ms  commit= 640.0 MiB  ws= 571.4 MiB
  round 4 B core_touch    wall=   2682.4 ms  cpu=  11890.6 ms  commit= 605.4 MiB  ws= 549.8 MiB
  round 4 A core_rebuild  wall=   4474.6 ms  cpu=  18218.8 ms  commit= 638.5 MiB  ws= 572.6 MiB
  round 4 A core_touch    wall=   3425.6 ms  cpu=  15453.1 ms  commit= 603.3 MiB  ws= 550.0 MiB
  round 5 A core_rebuild  wall=   3391.9 ms  cpu=  14875.0 ms  commit= 634.4 MiB  ws= 568.2 MiB
  round 5 A core_touch    wall=   2147.3 ms  cpu=   9921.9 ms  commit= 613.1 MiB  ws= 560.3 MiB
  round 5 B core_rebuild  wall=   2438.0 ms  cpu=  11484.4 ms  commit= 647.0 MiB  ws= 574.9 MiB
  round 5 B core_touch    wall=   2053.2 ms  cpu=   9890.6 ms  commit= 615.5 MiB  ws= 556.6 MiB

workload              min ms  median ms     cpu ms commit MiB     ws MiB
core_rebuild  A       1888.8     3391.9    14875.0      646.1      579.7
core_rebuild  B       2438.0     2595.4    12062.5      650.9      580.1
core_rebuild  B/A                 0.719      0.772      1.007      1.001
core_touch    A       1760.5     2224.8    10218.8      622.5      560.3
core_touch    B       2018.5     2141.6    10343.8      615.5      556.6
core_touch    B/A                 0.956      1.012      1.003      0.993
