A: C:\Users\chris\AppData\Local\swc-agent-builds\speed-20260925\bin\swc-baseline-1149.exe
B: C:\Perso\swag-lang\swc-speed\bin\swc.exe
5 round(s), 6 compiler worker(s)
  round 1 A core_rebuild  wall=   2698.0 ms  cpu=  11640.6 ms  commit= 648.6 MiB  ws= 579.1 MiB
  round 1 A core_noop     wall=     44.2 ms  cpu=     46.9 ms  commit=   7.6 MiB  ws=  10.3 MiB
  round 1 A core_touch    wall=   2273.7 ms  cpu=  10562.5 ms  commit= 603.9 MiB  ws= 543.3 MiB
  round 1 A hello_build   wall=    145.6 ms  cpu=    515.6 ms  commit=  61.3 MiB  ws=  56.6 MiB
  round 1 B core_rebuild  wall=   2970.1 ms  cpu=  12531.2 ms  commit= 641.2 MiB  ws= 573.6 MiB
  round 1 B core_noop     wall=     44.0 ms  cpu=     31.2 ms  commit=   7.6 MiB  ws=  10.3 MiB
  round 1 B core_touch    wall=   2204.5 ms  cpu=  10078.1 ms  commit= 593.7 MiB  ws= 544.0 MiB
  round 1 B hello_build   wall=    203.6 ms  cpu=    562.5 ms  commit=  62.6 MiB  ws=  57.3 MiB
  round 2 B core_rebuild  wall=   3575.4 ms  cpu=  15359.4 ms  commit= 635.7 MiB  ws= 555.4 MiB
  round 2 B core_noop     wall=     41.1 ms  cpu=     15.6 ms  commit=   7.5 MiB  ws=  10.3 MiB
  round 2 B core_touch    wall=   1797.1 ms  cpu=   8421.9 ms  commit= 612.1 MiB  ws= 547.8 MiB
  round 2 B hello_build   wall=    123.4 ms  cpu=    343.8 ms  commit=  61.1 MiB  ws=  57.1 MiB
  round 2 A core_rebuild  wall=   2160.2 ms  cpu=   9953.1 ms  commit= 645.1 MiB  ws= 576.3 MiB
  round 2 A core_noop     wall=     38.8 ms  cpu=     31.2 ms  commit=   7.5 MiB  ws=  10.3 MiB
  round 2 A core_touch    wall=   1863.8 ms  cpu=   8859.4 ms  commit= 594.8 MiB  ws= 537.3 MiB
  round 2 A hello_build   wall=    127.4 ms  cpu=    375.0 ms  commit=  61.8 MiB  ws=  57.2 MiB
  round 3 A core_rebuild  wall=   2364.8 ms  cpu=  10843.8 ms  commit= 656.7 MiB  ws= 587.4 MiB
  round 3 A core_noop     wall=     42.4 ms  cpu=     31.2 ms  commit=   7.6 MiB  ws=  10.3 MiB
  round 3 A core_touch    wall=   1984.6 ms  cpu=   9421.9 ms  commit= 606.9 MiB  ws= 543.8 MiB
  round 3 A hello_build   wall=    128.8 ms  cpu=    437.5 ms  commit=  61.3 MiB  ws=  56.4 MiB
  round 3 B core_rebuild  wall=   2303.7 ms  cpu=  10656.2 ms  commit= 635.9 MiB  ws= 572.4 MiB
  round 3 B core_noop     wall=     39.8 ms  cpu=     31.2 ms  commit=   7.6 MiB  ws=  10.3 MiB
  round 3 B core_touch    wall=   1921.0 ms  cpu=   9109.4 ms  commit= 589.1 MiB  ws= 533.7 MiB
  round 3 B hello_build   wall=    133.4 ms  cpu=    390.6 ms  commit=  62.0 MiB  ws=  56.2 MiB
  round 4 B core_rebuild  wall=   2415.0 ms  cpu=  11281.2 ms  commit= 634.2 MiB  ws= 569.4 MiB
  round 4 B core_noop     wall=     45.7 ms  cpu=     31.2 ms  commit=   7.5 MiB  ws=  10.3 MiB
  round 4 B core_touch    wall=   1998.0 ms  cpu=   9062.5 ms  commit= 597.5 MiB  ws= 542.0 MiB
  round 4 B hello_build   wall=    130.6 ms  cpu=    421.9 ms  commit=  61.3 MiB  ws=  56.8 MiB
  round 4 A core_rebuild  wall=   2247.5 ms  cpu=  10390.6 ms  commit= 649.0 MiB  ws= 582.6 MiB
  round 4 A core_noop     wall=     40.4 ms  cpu=     15.6 ms  commit=   7.6 MiB  ws=  10.3 MiB
  round 4 A core_touch    wall=   2205.9 ms  cpu=  10265.6 ms  commit= 601.8 MiB  ws= 548.7 MiB
  round 4 A hello_build   wall=    132.8 ms  cpu=    437.5 ms  commit=  61.2 MiB  ws=  56.8 MiB
  round 5 A core_rebuild  wall=   2352.5 ms  cpu=  11046.9 ms  commit= 636.2 MiB  ws= 570.2 MiB
  round 5 A core_noop     wall=     42.0 ms  cpu=     31.2 ms  commit=   7.6 MiB  ws=  10.3 MiB
  round 5 A core_touch    wall=   1837.6 ms  cpu=   8656.2 ms  commit= 604.8 MiB  ws= 547.3 MiB
  round 5 A hello_build   wall=    135.7 ms  cpu=    562.5 ms  commit=  59.9 MiB  ws=  55.5 MiB
  round 5 B core_rebuild  wall=   2302.6 ms  cpu=  11078.1 ms  commit= 656.2 MiB  ws= 585.9 MiB
  round 5 B core_noop     wall=     39.2 ms  cpu=     62.5 ms  commit=   7.6 MiB  ws=  10.3 MiB
  round 5 B core_touch    wall=   1956.5 ms  cpu=   9515.6 ms  commit= 605.2 MiB  ws= 554.3 MiB
  round 5 B hello_build   wall=    134.0 ms  cpu=    437.5 ms  commit=  61.6 MiB  ws=  56.7 MiB

workload              min ms  median ms     cpu ms commit MiB     ws MiB
core_rebuild  A       2160.2     2352.5    10843.8      656.7      587.4
core_rebuild  B       2302.6     2415.0    11281.2      656.2      585.9
core_rebuild  B/A                 1.075      1.077      0.985      0.977
core_noop     A         38.8       42.0       31.2        7.6       10.3
core_noop     B         39.2       41.1       31.2        7.6       10.3
core_noop     B/A                 0.997      1.000      1.002      1.001
core_touch    A       1837.6     1984.6     9421.9      606.9      548.7
core_touch    B       1797.1     1956.5     9109.4      612.1      554.3
core_touch    B/A                 0.968      0.954      0.993      1.001
hello_build   A        127.4      132.8      437.5       61.8       57.2
hello_build   B        123.4      133.4      421.9       62.6       57.3
hello_build   B/A                 0.988      0.917      1.012      1.000
