A: C:\Users\chris\AppData\Local\swc-agent-builds\speed-20260925\bin\swc-baseline-1145.exe
B: C:\Perso\swag-lang\swc-speed\bin\swc.exe
5 round(s), 6 compiler worker(s)
  round 1 A core_rebuild  wall=   3075.8 ms  cpu=  13031.2 ms  commit= 638.0 MiB  ws= 572.3 MiB
  round 1 A core_noop     wall=     48.0 ms  cpu=     31.2 ms  commit=   7.6 MiB  ws=  10.3 MiB
  round 1 A core_touch    wall=   2361.2 ms  cpu=  10781.2 ms  commit= 601.5 MiB  ws= 547.0 MiB
  round 1 A hello_build   wall=    170.5 ms  cpu=    531.2 ms  commit=  62.5 MiB  ws=  57.4 MiB
  round 1 B core_rebuild  wall=   2651.4 ms  cpu=  11812.5 ms  commit= 642.3 MiB  ws= 579.0 MiB
  round 1 B core_noop     wall=     62.0 ms  cpu=     46.9 ms  commit=   7.6 MiB  ws=  10.3 MiB
  round 1 B core_touch    wall=   3551.0 ms  cpu=  15734.4 ms  commit= 597.6 MiB  ws= 541.2 MiB
  round 1 B hello_build   wall=    165.0 ms  cpu=    515.6 ms  commit=  61.7 MiB  ws=  56.9 MiB
  round 2 B core_rebuild  wall=   2643.7 ms  cpu=  11703.1 ms  commit= 649.5 MiB  ws= 579.2 MiB
  round 2 B core_noop     wall=     48.9 ms  cpu=     15.6 ms  commit=   7.5 MiB  ws=  10.3 MiB
  round 2 B core_touch    wall=   2333.4 ms  cpu=  11343.8 ms  commit= 611.4 MiB  ws= 556.2 MiB
  round 2 B hello_build   wall=    163.1 ms  cpu=    515.6 ms  commit=  61.6 MiB  ws=  56.9 MiB
  round 2 A core_rebuild  wall=   2919.0 ms  cpu=  13421.9 ms  commit= 642.3 MiB  ws= 572.7 MiB
  round 2 A core_noop     wall=     57.8 ms  cpu=     46.9 ms  commit=   7.5 MiB  ws=  10.3 MiB
  round 2 A core_touch    wall=   2711.5 ms  cpu=  12125.0 ms  commit= 625.5 MiB  ws= 573.1 MiB
  round 2 A hello_build   wall=    149.5 ms  cpu=    593.8 ms  commit=  61.0 MiB  ws=  56.4 MiB
  round 3 A core_rebuild  wall=   2777.7 ms  cpu=  12718.8 ms  commit= 644.3 MiB  ws= 577.4 MiB
  round 3 A core_noop     wall=     64.8 ms  cpu=     46.9 ms  commit=   7.6 MiB  ws=  10.3 MiB
  round 3 A core_touch    wall=   2249.7 ms  cpu=  10406.2 ms  commit= 609.4 MiB  ws= 556.8 MiB
  round 3 A hello_build   wall=    170.3 ms  cpu=    500.0 ms  commit=  61.6 MiB  ws=  56.6 MiB
  round 3 B core_rebuild  wall=   2644.1 ms  cpu=  12359.4 ms  commit= 641.0 MiB  ws= 575.8 MiB
  round 3 B core_noop     wall=     47.2 ms  cpu=     31.2 ms  commit=   7.5 MiB  ws=  10.3 MiB
  round 3 B core_touch    wall=   2383.8 ms  cpu=  11156.2 ms  commit= 605.6 MiB  ws= 547.7 MiB
  round 3 B hello_build   wall=    150.9 ms  cpu=    484.4 ms  commit=  60.8 MiB  ws=  56.2 MiB
  round 4 B core_rebuild  wall=   2483.8 ms  cpu=  11234.4 ms  commit= 681.2 MiB  ws= 614.3 MiB
  round 4 B core_noop     wall=     48.2 ms  cpu=     31.2 ms  commit=   7.5 MiB  ws=  10.3 MiB
  round 4 B core_touch    wall=   2228.1 ms  cpu=  10656.2 ms  commit= 616.1 MiB  ws= 563.7 MiB
  round 4 B hello_build   wall=    145.9 ms  cpu=    343.8 ms  commit=  60.7 MiB  ws=  56.8 MiB
  round 4 A core_rebuild  wall=   2780.8 ms  cpu=  12625.0 ms  commit= 629.4 MiB  ws= 564.9 MiB
  round 4 A core_noop     wall=     86.8 ms  cpu=     78.1 ms  commit=   7.5 MiB  ws=  10.3 MiB
  round 4 A core_touch    wall=   2110.0 ms  cpu=   9937.5 ms  commit= 608.7 MiB  ws= 552.2 MiB
  round 4 A hello_build   wall=    144.2 ms  cpu=    359.4 ms  commit=  59.7 MiB  ws=  55.4 MiB
  round 5 A core_rebuild  wall=   2361.2 ms  cpu=  10625.0 ms  commit= 649.7 MiB  ws= 575.2 MiB
  round 5 A core_noop     wall=     50.3 ms  cpu=     31.2 ms  commit=   7.5 MiB  ws=  10.2 MiB
  round 5 A core_touch    wall=   2318.6 ms  cpu=  10921.9 ms  commit= 607.9 MiB  ws= 553.9 MiB
  round 5 A hello_build   wall=    166.5 ms  cpu=    531.2 ms  commit=  62.7 MiB  ws=  57.9 MiB
  round 5 B core_rebuild  wall=   2160.8 ms  cpu=   9609.4 ms  commit= 639.3 MiB  ws= 576.0 MiB
  round 5 B core_noop     wall=     39.2 ms  cpu=     31.2 ms  commit=   7.5 MiB  ws=  10.3 MiB
  round 5 B core_touch    wall=   1936.4 ms  cpu=   9421.9 ms  commit= 606.5 MiB  ws= 544.4 MiB
  round 5 B hello_build   wall=    125.3 ms  cpu=    453.1 ms  commit=  62.4 MiB  ws=  56.9 MiB

workload              min ms  median ms     cpu ms commit MiB     ws MiB
core_rebuild  A       2361.2     2780.8    12718.8      649.7      577.4
core_rebuild  B       2160.8     2643.7    11703.1      681.2      614.3
core_rebuild  B/A                 0.906      0.904      1.007      1.011
core_noop     A         48.0       57.8       46.9        7.6       10.3
core_noop     B         39.2       48.2       31.2        7.6       10.3
core_noop     B/A                 0.780      0.667      0.999      1.001
core_touch    A       2110.0     2318.6    10781.2      625.5      573.1
core_touch    B       1936.4     2333.4    11156.2      616.1      563.7
core_touch    B/A                 1.056      1.072      0.994      0.984
hello_build   A        144.2      166.5      531.2       62.7       57.9
hello_build   B        125.3      150.9      484.4       62.4       56.9
hello_build   B/A                 0.968      0.957      0.996      0.993
