swc.exe :
Au caractère Ligne:2 : 52
+ ... -20260925'; & bin/swc.exe --num-cores 6 tools/unittests.swgs native - ...
+                 ~~~~~~~~~~~~~~~~~~~~~~~~~~~~~~~~~~~~~~~~~~~~~~~~~~~~~~~~~
    + CategoryInfo          : NotSpecified: (:String) [], RemoteException
    + FullyQualifiedErrorId : NativeCommandError

  ◆  swag        run • tools • devmode
  ✓  module      win32 • 36 files • 175 ms
  ✓  module      xinput • 32 files • 121 ms
  ✓  module      core • 360 files • core.dll • 5 s 782 ms
  ✓  workspace   std [2 roots] • 3 modules • 7 s 65 ms
  ✓  checked     35 files • 193_067 tokens • 1 s 119 ms
  ✓  tuned       521 functions • 2 s 106 ms

  ◆  swag        test • bin/unittests/native • release
  ✓  checked     20 files • 42_854 tokens • 225 ms
  ✓  tuned       208 functions • 87 ms
  ✓  executed    1 passed • 92 ms
  ✓  forged      329 functions • native.test.exe • 46 ms
  ✓  ran         151 ms
  ✓  verified    8 us
  ✓  tested      1 passed • 524 ms
  ✓  clean       527 ms
