A: C:\Users\chris\AppData\Local\swc-agent-builds\speed-20260925\bin\swc-baseline-1145.exe
B: C:\Perso\swag-lang\swc-speed\bin\swc.exe
5 round(s), 6 compiler worker(s)
  round 1 A core_rebuild  wall=   2479.9 ms  cpu=  11609.4 ms  commit= 642.5 MiB  ws= 577.7 MiB
  round 1 A core_touch    wall=   2006.5 ms  cpu=   9718.8 ms  commit= 608.8 MiB  ws= 553.1 MiB
  round 1 B core_rebuild  wall=   2868.8 ms  cpu=  11984.4 ms  commit= 641.5 MiB  ws= 570.8 MiB
  round 1 B core_touch    wall=   2084.9 ms  cpu=  10031.2 ms  commit= 601.5 MiB  ws= 547.1 MiB
  round 2 B core_rebuild  wall=   2612.0 ms  cpu=  11625.0 ms  commit= 631.5 MiB  ws= 563.9 MiB
  round 2 B core_touch    wall=   2248.2 ms  cpu=  10187.5 ms  commit= 607.4 MiB  ws= 549.7 MiB
  round 2 A core_rebuild  wall=   2699.0 ms  cpu=  12046.9 ms  commit= 650.9 MiB  ws= 580.2 MiB
  round 2 A core_touch    wall=   3802.8 ms  cpu=  17046.9 ms  commit= 596.2 MiB  ws= 541.4 MiB
  round 3 A core_rebuild  wall=   4851.4 ms  cpu=  20953.1 ms  commit= 649.0 MiB  ws= 571.4 MiB
  round 3 A core_touch    wall=   2758.6 ms  cpu=  12453.1 ms  commit= 594.3 MiB  ws= 543.5 MiB
  round 3 B core_rebuild  wall=   2742.1 ms  cpu=  12546.9 ms  commit= 628.1 MiB  ws= 564.5 MiB
  round 3 B core_touch    wall=   3051.6 ms  cpu=  13812.5 ms  commit= 595.1 MiB  ws= 543.6 MiB
  round 4 B core_rebuild  wall=   2482.5 ms  cpu=  11140.6 ms  commit= 646.0 MiB  ws= 582.6 MiB
  round 4 B core_touch    wall=   2151.6 ms  cpu=  10046.9 ms  commit= 607.3 MiB  ws= 554.3 MiB
  round 4 A core_rebuild  wall=   2412.5 ms  cpu=  11187.5 ms  commit= 654.3 MiB  ws= 584.5 MiB
  round 4 A core_touch    wall=   2202.1 ms  cpu=  10218.8 ms  commit= 616.1 MiB  ws= 552.1 MiB
  round 5 A core_rebuild  wall=   2493.3 ms  cpu=  11000.0 ms  commit= 643.5 MiB  ws= 576.5 MiB
  round 5 A core_touch    wall=   2220.9 ms  cpu=  10265.6 ms  commit= 611.4 MiB  ws= 557.3 MiB
  round 5 B core_rebuild  wall=   2703.3 ms  cpu=  12140.6 ms  commit= 636.1 MiB  ws= 570.9 MiB
  round 5 B core_touch    wall=   4480.5 ms  cpu=  20718.8 ms  commit= 605.9 MiB  ws= 543.9 MiB

workload              min ms  median ms     cpu ms commit MiB     ws MiB
core_rebuild  A       2412.5     2493.3    11609.4      654.3      584.5
core_rebuild  B       2482.5     2703.3    11984.4      646.0      582.6
core_rebuild  B/A                 1.029      0.996      0.987      0.988
core_touch    A       2006.5     2220.9    10265.6      616.1      557.3
core_touch    B       2084.9     2248.2    10187.5      607.4      554.3
core_touch    B/A                 1.039      1.032      0.991      1.000
