py : Could not find platform independent libraries <prefix>
Au caractère Ligne:2 : 125
+ ... -20260925'; py -3 bench/compile.py --swc (Join-Path $root 'swc-baseli ...
+                 ~~~~~~~~~~~~~~~~~~~~~~~~~~~~~~~~~~~~~~~~~~~~~~~~~~~~~~~~~
    + CategoryInfo          : NotSpecified: (Could not find ...raries <prefix>:String) [], RemoteException
    + FullyQualifiedErrorId : NativeCommandError

A: C:\Users\chris\AppData\Local\swc-agent-builds\speed-20260925\bin\swc-baseline.exe
B: C:\Perso\swag-lang\swc-speed\bin\swc.exe
5 round(s), 6 compiler worker(s)
  round 1 A core_rebuild  wall=   2739.8 ms  cpu=  11765.6 ms  commit= 646.7 MiB  ws= 579.2 MiB
  round 1 B core_rebuild  wall=   2740.6 ms  cpu=  12546.9 ms  commit= 646.7 MiB  ws= 575.7 MiB
  round 2 B core_rebuild  wall=   2816.3 ms  cpu=  12390.6 ms  commit= 640.7 MiB  ws= 575.9 MiB
  round 2 A core_rebuild  wall=   3375.6 ms  cpu=  14093.8 ms  commit= 641.7 MiB  ws= 573.5 MiB
  round 3 A core_rebuild  wall=   2847.9 ms  cpu=  12421.9 ms  commit= 635.5 MiB  ws= 572.6 MiB
  round 3 B core_rebuild  wall=   5799.5 ms  cpu=  25968.8 ms  commit= 641.0 MiB  ws= 570.5 MiB
  round 4 B core_rebuild  wall=   4639.4 ms  cpu=  19171.9 ms  commit= 637.6 MiB  ws= 574.9 MiB
  round 4 A core_rebuild  wall=   4930.7 ms  cpu=  20234.4 ms  commit= 650.6 MiB  ws= 570.9 MiB
  round 5 A core_rebuild  wall=   4858.3 ms  cpu=  20000.0 ms  commit= 648.9 MiB  ws= 574.3 MiB
  round 5 B core_rebuild  wall=   4958.0 ms  cpu=  20875.0 ms  commit= 633.0 MiB  ws= 570.5 MiB

workload              min ms  median ms     cpu ms commit MiB     ws MiB
core_rebuild  A       2739.8     3375.6    14093.8      650.6      579.2
core_rebuild  B       2740.6     4639.4    19171.9      646.7      575.9
core_rebuild  B/A                 1.000      1.044      0.998      0.996
