A warm wall=22605.9 cpu=96671.9 ws=1566.0
B warm wall=24995.2 cpu=113328.1 ws=1530.3
round 1
A test wall=11591.8 cpu=53343.8 ws=1302.8
B test wall=17602.6 cpu=86156.2 ws=1283.2
round 2
B test wall=12688.6 cpu=60562.5 ws=1333.0
A test wall=14686.7 cpu=69703.1 ws=1263.3
round 3
A test wall=111515.4 cpu=485828.1 ws=1345.0
B test wall=16369.7 cpu=70859.4 ws=1415.6
round 4
B test wall=11709.1 cpu=55562.5 ws=1286.9
A test wall=20201.3 cpu=98703.1 ws=1296.5
round 5
A test wall=18392.6 cpu=86890.6 ws=1311.4
B test wall=13907.8 cpu=67968.8 ws=1354.5
wall_ms paired B/A=0.756 values=[1.5185325331898254, 0.86395640062397, 0.1467936402449436, 0.5796204936137507, 0.7561599883570873]
cpu_ms paired B/A=0.782 values=[1.6151142355008787, 0.8688634835238735, 0.14585276428778182, 0.5629254392908026, 0.7822334112569682]
peak_working_set_bytes paired B/A=1.033 values=[0.9849422516460979, 1.0551915423885516, 1.052557441135724, 0.9925913874502502, 1.0329033987667928]
