A: C:\Users\chris\AppData\Local\swc-agent-builds\speed-20260925\bin\swc-baseline.exe
B: C:\Perso\swag-lang\swc-speed\bin\swc.exe
5 round(s), 6 compiler worker(s)
  round 1 A core_rebuild  wall=   2946.0 ms  cpu=  13578.1 ms  commit= 650.5 MiB  ws= 573.7 MiB
  round 1 A hello_build   wall=    167.7 ms  cpu=    671.9 ms  commit=  60.8 MiB  ws=  56.0 MiB
  round 1 B core_rebuild  wall=   2894.3 ms  cpu=  13406.2 ms  commit= 643.2 MiB  ws= 574.1 MiB
  round 1 B hello_build   wall=    169.5 ms  cpu=    609.4 ms  commit=  59.8 MiB  ws=  55.8 MiB
  round 2 B core_rebuild  wall=   3304.7 ms  cpu=  14468.8 ms  commit= 638.9 MiB  ws= 569.4 MiB
  round 2 B hello_build   wall=    206.1 ms  cpu=    640.6 ms  commit=  61.3 MiB  ws=  57.2 MiB
  round 2 A core_rebuild  wall=   3181.2 ms  cpu=  14437.5 ms  commit= 647.8 MiB  ws= 575.0 MiB
  round 2 A hello_build   wall=    162.6 ms  cpu=    484.4 ms  commit=  60.5 MiB  ws=  56.1 MiB
  round 3 A core_rebuild  wall=   3175.3 ms  cpu=  14640.6 ms  commit= 646.3 MiB  ws= 565.8 MiB
  round 3 A hello_build   wall=    183.9 ms  cpu=    562.5 ms  commit=  60.4 MiB  ws=  55.1 MiB
  round 3 B core_rebuild  wall=   2941.6 ms  cpu=  12562.5 ms  commit= 638.5 MiB  ws= 571.0 MiB
  round 3 B hello_build   wall=    172.7 ms  cpu=    546.9 ms  commit=  61.8 MiB  ws=  56.7 MiB
  round 4 B core_rebuild  wall=   3079.5 ms  cpu=  13921.9 ms  commit= 648.0 MiB  ws= 582.3 MiB
  round 4 B hello_build   wall=    187.3 ms  cpu=    515.6 ms  commit=  60.5 MiB  ws=  55.8 MiB
  round 4 A core_rebuild  wall=   3304.3 ms  cpu=  13984.4 ms  commit= 645.3 MiB  ws= 572.3 MiB
  round 4 A hello_build   wall=    202.9 ms  cpu=    703.1 ms  commit=  61.9 MiB  ws=  57.2 MiB
  round 5 A core_rebuild  wall=   3158.7 ms  cpu=  13953.1 ms  commit= 642.4 MiB  ws= 566.9 MiB
  round 5 A hello_build   wall=    197.6 ms  cpu=    640.6 ms  commit=  60.7 MiB  ws=  56.2 MiB
  round 5 B core_rebuild  wall=   3607.6 ms  cpu=  14687.5 ms  commit= 639.8 MiB  ws= 571.0 MiB
  round 5 B hello_build   wall=    212.0 ms  cpu=    593.8 ms  commit=  61.9 MiB  ws=  56.7 MiB

workload              min ms  median ms     cpu ms commit MiB     ws MiB
core_rebuild  A       2946.0     3175.3    13984.4      650.5      575.0
core_rebuild  B       2894.3     3079.5    13921.9      648.0      582.3
core_rebuild  B/A                 0.982      0.996      0.989      1.007
hello_build   A        162.6      183.9      640.6       61.9       57.2
hello_build   B        169.5      187.3      593.8       61.9       57.2
hello_build   B/A                 1.011      0.927      1.013      1.010
