py : Could not find platform independent libraries <prefix>
Au caractère Ligne:2 : 1
+ py -3 bench/compile.py --swc bin/swc.exe --swc-cores 6 --admit --only ...
+ ~~~~~~~~~~~~~~~~~~~~~~~~~~~~~~~~~~~~~~~~~~~~~~~~~~~~~~~~~~~~~~~~~~~~~
    + CategoryInfo          : NotSpecified: (Could not find ...raries <prefix>:String) [], RemoteException
    + FullyQualifiedErrorId : NativeCommandError

A: C:\Perso\swag-lang\swc-speed\bin\swc.exe
5 round(s), 6 compiler worker(s)
  round 1 A core_rebuild  wall=   3161.0 ms  cpu=  14421.9 ms  commit= 637.1 MiB  ws= 571.3 MiB
  round 1 A core_noop     wall=     46.2 ms  cpu=     31.2 ms  commit=   7.5 MiB  ws=  10.3 MiB
  round 1 A core_touch    wall=   2227.1 ms  cpu=  10609.4 ms  commit= 631.9 MiB  ws= 571.5 MiB
  round 1 A hello_build   wall=    145.2 ms  cpu=    609.4 ms  commit=  60.1 MiB  ws=  54.9 MiB
  round 2 A core_rebuild  wall=   2815.7 ms  cpu=  12531.2 ms  commit= 645.6 MiB  ws= 580.4 MiB
  round 2 A core_noop     wall=     95.6 ms  cpu=     93.8 ms  commit=   7.6 MiB  ws=  10.3 MiB
  round 2 A core_touch    wall=   3642.4 ms  cpu=  15140.6 ms  commit= 602.7 MiB  ws= 548.1 MiB
  round 2 A hello_build   wall=    182.4 ms  cpu=    484.4 ms  commit=  62.4 MiB  ws=  57.4 MiB
  round 3 A core_rebuild  wall=   3997.8 ms  cpu=  16468.8 ms  commit= 648.5 MiB  ws= 582.1 MiB
  round 3 A core_noop     wall=     47.0 ms  cpu=     31.2 ms  commit=   7.5 MiB  ws=  10.3 MiB
  round 3 A core_touch    wall=   3108.7 ms  cpu=  13843.8 ms  commit= 598.2 MiB  ws= 540.0 MiB
  round 3 A hello_build   wall=    139.7 ms  cpu=    515.6 ms  commit=  62.4 MiB  ws=  57.2 MiB
  round 4 A core_rebuild  wall=   3681.3 ms  cpu=  15562.5 ms  commit= 635.7 MiB  ws= 570.1 MiB
  round 4 A core_noop     wall=     50.9 ms  cpu=     31.2 ms  commit=   7.5 MiB  ws=  10.3 MiB
  round 4 A core_touch    wall=   2305.1 ms  cpu=  10656.2 ms  commit= 603.2 MiB  ws= 552.3 MiB
  round 4 A hello_build   wall=    135.7 ms  cpu=    359.4 ms  commit=  62.2 MiB  ws=  57.5 MiB
  round 5 A core_rebuild  wall=   2550.4 ms  cpu=  11328.1 ms  commit= 655.0 MiB  ws= 578.5 MiB
  round 5 A core_noop     wall=     45.2 ms  cpu=     15.6 ms  commit=   7.5 MiB  ws=  10.3 MiB
  round 5 A core_touch    wall=   1943.4 ms  cpu=   9140.6 ms  commit= 599.6 MiB  ws= 545.1 MiB
  round 5 A hello_build   wall=    154.4 ms  cpu=    640.6 ms  commit=  61.0 MiB  ws=  56.4 MiB

workload              min ms  median ms     cpu ms commit MiB     ws MiB
core_rebuild  A       2550.4     3161.0    14421.9      655.0      582.1
core_noop     A         45.2       47.0       31.2        7.6       10.3
core_touch    A       1943.4     2305.1    10656.2      631.9      571.5
hello_build   A        135.7      145.2      515.6       62.4       57.5
